Component: ARM Compiler 5.06 update 7 (build 960) Tool: armlink [4d3601]

==============================================================================

Section Cross References

    main.o(i.App_main) refers to noretval__2printf.o(.text) for __2printf
    main.o(i.App_main) refers to tasks.o(i.vTaskDelay) for vTaskDelay
    main.o(i.main) refers to at32f435_437_clock.o(i.system_clock_config) for system_clock_config
    main.o(i.main) refers to at32f435_437_board.o(i.uart_print_init) for uart_print_init
    main.o(i.main) refers to port.o(i.vPortEnterCritical) for vPortEnterCritical
    main.o(i.main) refers to tasks.o(i.xTaskCreate) for xTaskCreate
    main.o(i.main) refers to port.o(i.vPortExitCritical) for vPortExitCritical
    main.o(i.main) refers to tasks.o(i.vTaskStartScheduler) for vTaskStartScheduler
    main.o(i.main) refers to main.o(.data) for .data
    main.o(i.main) refers to main.o(i.App_main) for App_main
    at32f435_437_clock.o(i.system_clock_config) refers to at32f435_437_crm.o(i.crm_reset) for crm_reset
    at32f435_437_clock.o(i.system_clock_config) refers to at32f435_437_crm.o(i.crm_periph_clock_enable) for crm_periph_clock_enable
    at32f435_437_clock.o(i.system_clock_config) refers to at32f435_437_crm.o(i.crm_clock_source_enable) for crm_clock_source_enable
    at32f435_437_clock.o(i.system_clock_config) refers to at32f435_437_crm.o(i.crm_hext_stable_wait) for crm_hext_stable_wait
    at32f435_437_clock.o(i.system_clock_config) refers to at32f435_437_crm.o(i.crm_pll_config) for crm_pll_config
    at32f435_437_clock.o(i.system_clock_config) refers to at32f435_437_crm.o(i.crm_flag_get) for crm_flag_get
    at32f435_437_clock.o(i.system_clock_config) refers to at32f435_437_crm.o(i.crm_ahb_div_set) for crm_ahb_div_set
    at32f435_437_clock.o(i.system_clock_config) refers to at32f435_437_crm.o(i.crm_apb2_div_set) for crm_apb2_div_set
    at32f435_437_clock.o(i.system_clock_config) refers to at32f435_437_crm.o(i.crm_apb1_div_set) for crm_apb1_div_set
    at32f435_437_clock.o(i.system_clock_config) refers to at32f435_437_crm.o(i.crm_auto_step_mode_enable) for crm_auto_step_mode_enable
    at32f435_437_clock.o(i.system_clock_config) refers to at32f435_437_crm.o(i.crm_sysclk_switch) for crm_sysclk_switch
    at32f435_437_clock.o(i.system_clock_config) refers to at32f435_437_crm.o(i.crm_sysclk_switch_status_get) for crm_sysclk_switch_status_get
    at32f435_437_clock.o(i.system_clock_config) refers to system_at32f435_437.o(i.system_core_clock_update) for system_core_clock_update
    at32f435_437_board.o(.rev16_text) refers (Special) to use_no_semi_2.o(.text) for __use_no_semihosting
    at32f435_437_board.o(.revsh_text) refers (Special) to use_no_semi_2.o(.text) for __use_no_semihosting
    at32f435_437_board.o(.rrx_text) refers (Special) to use_no_semi_2.o(.text) for __use_no_semihosting
    at32f435_437_board.o(i._sys_exit) refers (Special) to use_no_semi_2.o(.text) for __use_no_semihosting
    at32f435_437_board.o(i._ttywrch) refers (Special) to use_no_semi_2.o(.text) for __use_no_semihosting
    at32f435_437_board.o(i.at32_board_init) refers (Special) to use_no_semi_2.o(.text) for __use_no_semihosting
    at32f435_437_board.o(i.at32_board_init) refers to at32f435_437_board.o(i.delay_init) for delay_init
    at32f435_437_board.o(i.at32_board_init) refers to at32f435_437_board.o(i.at32_led_init) for at32_led_init
    at32f435_437_board.o(i.at32_board_init) refers to at32f435_437_board.o(i.at32_led_off) for at32_led_off
    at32f435_437_board.o(i.at32_board_init) refers to at32f435_437_board.o(i.at32_button_init) for at32_button_init
    at32f435_437_board.o(i.at32_button_init) refers (Special) to use_no_semi_2.o(.text) for __use_no_semihosting
    at32f435_437_board.o(i.at32_button_init) refers to at32f435_437_crm.o(i.crm_periph_clock_enable) for crm_periph_clock_enable
    at32f435_437_board.o(i.at32_button_init) refers to at32f435_437_gpio.o(i.gpio_default_para_init) for gpio_default_para_init
    at32f435_437_board.o(i.at32_button_init) refers to at32f435_437_gpio.o(i.gpio_init) for gpio_init
    at32f435_437_board.o(i.at32_button_press) refers (Special) to use_no_semi_2.o(.text) for __use_no_semihosting
    at32f435_437_board.o(i.at32_button_press) refers to at32f435_437_board.o(i.at32_button_state) for at32_button_state
    at32f435_437_board.o(i.at32_button_press) refers to at32f435_437_board.o(i.delay_ms) for delay_ms
    at32f435_437_board.o(i.at32_button_press) refers to at32f435_437_board.o(.data) for .data
    at32f435_437_board.o(i.at32_button_state) refers (Special) to use_no_semi_2.o(.text) for __use_no_semihosting
    at32f435_437_board.o(i.at32_button_state) refers to at32f435_437_gpio.o(i.gpio_input_data_bit_read) for gpio_input_data_bit_read
    at32f435_437_board.o(i.at32_led_init) refers (Special) to use_no_semi_2.o(.text) for __use_no_semihosting
[...]
    ..\freertos\source\queue.c               0x00000000   Number         0  queue.o ABSOLUTE
    ..\freertos\source\stream_buffer.c       0x00000000   Number         0  stream_buffer.o ABSOLUTE
    ..\freertos\source\tasks.c               0x00000000   Number         0  tasks.o ABSOLUTE
    ..\freertos\source\timers.c              0x00000000   Number         0  timers.o ABSOLUTE
    ..\libraries\cmsis\cm4\device_support\startup\mdk\startup_at32f435_437.s 0x00000000   Number         0  startup_at32f435_437.o ABSOLUTE
    ..\libraries\cmsis\cm4\device_support\system_at32f435_437.c 0x00000000   Number         0  system_at32f435_437.o ABSOLUTE
    ..\libraries\drivers\src\at32f435_437_acc.c 0x00000000   Number         0  at32f435_437_acc.o ABSOLUTE
    ..\libraries\drivers\src\at32f435_437_adc.c 0x00000000   Number         0  at32f435_437_adc.o ABSOLUTE
    ..\libraries\drivers\src\at32f435_437_can.c 0x00000000   Number         0  at32f435_437_can.o ABSOLUTE
    ..\libraries\drivers\src\at32f435_437_crc.c 0x00000000   Number         0  at32f435_437_crc.o ABSOLUTE
    ..\libraries\drivers\src\at32f435_437_crm.c 0x00000000   Number         0  at32f435_437_crm.o ABSOLUTE
    ..\libraries\drivers\src\at32f435_437_dac.c 0x00000000   Number         0  at32f435_437_dac.o ABSOLUTE
    ..\libraries\drivers\src\at32f435_437_debug.c 0x00000000   Number         0  at32f435_437_debug.o ABSOLUTE
    ..\libraries\drivers\src\at32f435_437_dma.c 0x00000000   Number         0  at32f435_437_dma.o ABSOLUTE
    ..\libraries\drivers\src\at32f435_437_dvp.c 0x00000000   Number         0  at32f435_437_dvp.o ABSOLUTE
    ..\libraries\drivers\src\at32f435_437_edma.c 0x00000000   Number         0  at32f435_437_edma.o ABSOLUTE
    ..\libraries\drivers\src\at32f435_437_emac.c 0x00000000   Number         0  at32f435_437_emac.o ABSOLUTE
    ..\libraries\drivers\src\at32f435_437_ertc.c 0x00000000   Number         0  at32f435_437_ertc.o ABSOLUTE
    ..\libraries\drivers\src\at32f435_437_exint.c 0x00000000   Number         0  at32f435_437_exint.o ABSOLUTE
    ..\libraries\drivers\src\at32f435_437_flash.c 0x00000000   Number         0  at32f435_437_flash.o ABSOLUTE
    ..\libraries\drivers\src\at32f435_437_gpio.c 0x00000000   Number         0  at32f435_437_gpio.o ABSOLUTE
    ..\libraries\drivers\src\at32f435_437_i2c.c 0x00000000   Number         0  at32f435_437_i2c.o ABSOLUTE
    ..\libraries\drivers\src\at32f435_437_misc.c 0x00000000   Number         0  at32f435_437_misc.o ABSOLUTE
    ..\libraries\drivers\src\at32f435_437_pwc.c 0x00000000   Number         0  at32f435_437_pwc.o ABSOLUTE
    ..\libraries\drivers\src\at32f435_437_qspi.c 0x00000000   Number         0  at32f435_437_qspi.o ABSOLUTE
    ..\libraries\drivers\src\at32f435_437_scfg.c 0x00000000   Number         0  at32f435_437_scfg.o ABSOLUTE
    ..\libraries\drivers\src\at32f435_437_sdio.c 0x00000000   Number         0  at32f435_437_sdio.o ABSOLUTE
    ..\libraries\drivers\src\at32f435_437_spi.c 0x00000000   Number         0  at32f435_437_spi.o ABSOLUTE
    ..\libraries\drivers\src\at32f435_437_tmr.c 0x00000000   Number         0  at32f435_437_tmr.o ABSOLUTE
    ..\libraries\drivers\src\at32f435_437_usart.c 0x00000000   Number         0  at32f435_437_usart.o ABSOLUTE
    ..\libraries\drivers\src\at32f435_437_usb.c 0x00000000   Number         0  at32f435_437_usb.o ABSOLUTE
    ..\libraries\drivers\src\at32f435_437_wdt.c 0x00000000   Number         0  at32f435_437_wdt.o ABSOLUTE
    ..\libraries\drivers\src\at32f435_437_wwdt.c 0x00000000   Number         0  at32f435_437_wwdt.o ABSOLUTE
    ..\libraries\drivers\src\at32f435_437_xmc.c 0x00000000   Number         0  at32f435_437_xmc.o ABSOLUTE
    ..\user\at32f435_437_board.c             0x00000000   Number         0  at32f435_437_board.o ABSOLUTE
    ..\user\at32f435_437_clock.c             0x00000000   Number         0  at32f435_437_clock.o ABSOLUTE
    ..\user\at32f435_437_int.c               0x00000000   Number         0  at32f435_437_int.o ABSOLUTE
    ..\user\freertos_tick.c                  0x00000000   Number         0  freertos_tick.o ABSOLUTE
    ..\user\main.c                           0x00000000   Number         0  main.o ABSOLUTE
    dc.s                                     0x00000000   Number         0  dc.o ABSOLUTE
    RESET                                    0x08000000   Section      524  startup_at32f435_437.o(RESET)
    !!!main                                  0x0800020c   Section        8  __main.o(!!!main)
    !!!scatter                               0x08000214   Section       52  __scatter.o(!!!scatter)
    !!handler_copy                           0x08000248   Section       26  __scatter_copy.o(!!handler_copy)
    !!handler_zi                             0x08000264   Section       28  __scatter_zi.o(!!handler_zi)
    .data                                    0x20000000   Section        4  main.o(.data)
    .data                                    0x20000004   Section        4  at32f435_437_board.o(.data)
    .data                                    0x20000008   Section        8  freertos_tick.o(.data)
    systemcoreclock                          0x20000008   Data           4  freertos_tick.o(.data)
    .data                                    0x20000010   Section        4  system_at32f435_437.o(.data)
    .data                                    0x20000014   Section       72  tasks.o(.data)
    uxDeletedTasksWaitingCleanUp             0x20000018   Data           4  tasks.o(.data)
    uxCurrentNumberOfTasks                   0x2000001c   Data           4  tasks.o(.data)
    xTickCount                               0x20000020   Data           4  tasks.o(.data)
    uxTopReadyPriority                       0x20000024   Data           4  tasks.o(.data)
    xSchedulerRunning                        0x20000028   Data           4  tasks.o(.data)
    xPendedTicks                             0x2000002c   Data           4  tasks.o(.data)
    xYieldPending                            0x20000030   Data           4  tasks.o(.data)
    xNumOfOverflows                          0x20000034   Data           4  tasks.o(.data)
    uxTaskNumber                             0x20000038   Data           4  tasks.o(.data)
    xNextTaskUnblockTime                     0x2000003c   Data           4  tasks.o(.data)
    xIdleTaskHandle                          0x20000040   Data           4  tasks.o(.data)
    uxSchedulerSuspended                     0x20000048   Data           4  tasks.o(.data)
    ulTaskSwitchedInTime                     0x2000004c   Data           4  tasks.o(.data)
    ulTotalRunTime                           0x20000050   Data           4  tasks.o(.data)
    pxDelayedTaskList                        0x20000054   Data           4  tasks.o(.data)
    pxOverflowDelayedTaskList                0x20000058   Data           4  tasks.o(.data)
    .data                                    0x2000005c   Section       20  timers.o(.data)
    xTimerQueue                              0x2000005c   Data           4  timers.o(.data)
    xTimerTaskHandle                         0x20000060   Data           4  timers.o(.data)
    xLastTime                                0x20000064   Data           4  timers.o(.data)
    pxCurrentTimerList                       0x20000068   Data           4  timers.o(.data)
    pxOverflowTimerList                      0x2000006c   Data           4  timers.o(.data)
    .data                                    0x20000070   Section       32  heap_4.o(.data)
    pxEnd                                    0x20000070   Data           4  heap_4.o(.data)
    xFreeBytesRemaining                      0x20000074   Data           4  heap_4.o(.data)
    xMinimumEverFreeBytesRemaining           0x20000078   Data           4  heap_4.o(.data)
    xNumberOfSuccessfulAllocations           0x2000007c   Data           4  heap_4.o(.data)
    xNumberOfSuccessfulFrees                 0x20000080   Data           4  heap_4.o(.data)
    xBlockAllocatedBit                       0x20000084   Data           4  heap_4.o(.data)
    xStart                                   0x20000088   Data           8  heap_4.o(.data)
    .data                                    0x20000090   Section       16  port.o(.data)
    ucMaxSysCallPriority                     0x20000090   Data           1  port.o(.data)
    systemcoreclock                          0x20000094   Data           4  port.o(.data)
    uxCriticalNesting                        0x20000098   Data           4  port.o(.data)
    ulMaxPRIGROUPValue                       0x2000009c   Data           4  port.o(.data)
    .bss                                     0x200000a0   Section      740  tasks.o(.bss)
    pxReadyTasksLists                        0x200000a0   Data         640  tasks.o(.bss)
    xDelayedTaskList1                        0x20000320   Data          20  tasks.o(.bss)
    xDelayedTaskList2                        0x20000334   Data          20  tasks.o(.bss)
    xPendingReadyList                        0x20000348   Data          20  tasks.o(.bss)
    xTasksWaitingTermination                 0x2000035c   Data          20  tasks.o(.bss)
    xSuspendedTaskList                       0x20000370   Data          20  tasks.o(.bss)
    .bss                                     0x20000384   Section       40  timers.o(.bss)
    xActiveTimerList1                        0x20000384   Data          20  timers.o(.bss)
    xActiveTimerList2                        0x20000398   Data          20  timers.o(.bss)
    .bss                                     0x200003ac   Section    30720  heap_4.o(.bss)
    ucHeap                                   0x200003ac   Data       30720  heap_4.o(.bss)
    .bss                                     0x20007bac   Section       96  libspace.o(.bss)
    HEAP                                     0x20007c10   Section      512  startup_at32f435_437.o(HEAP)
    Heap_Mem                                 0x20007c10   Data         512  startup_at32f435_437.o(HEAP)
    STACK                                    0x20007e10   Section     1024  startup_at32f435_437.o(STACK)
    Stack_Mem                                0x20007e10   Data        1024  startup_at32f435_437.o(STACK)
    __initial_sp                             0x20008210   Data           0  startup_at32f435_437.o(STACK)
    .ARM.Collect$$_printf_percent$$00000000  0x90000000   Section        0  _printf_percent.o(.ARM.Collect$$_printf_percent$$00000000)
    .ARM.Collect$$_printf_percent$$00000017  0x90000000   Section        4  _printf_percent_end.o(.ARM.Collect$$_printf_percent$$00000017)
    .ARM.Collect$$libinit$$00000000          0x90000004   Section        2  libinit.o(.ARM.Collect$$libinit$$00000000)
    .ARM.Collect$$libinit$$00000001          0x90000006   Section        4  libinit2.o(.ARM.Collect$$libinit$$00000001)
    .ARM.Collect$$libinit$$00000004          0x9000000a   Section        0  libinit2.o(.ARM.Collect$$libinit$$00000004)
    .ARM.Collect$$libinit$$0000000A          0x9000000a   Section        0  libinit2.o(.ARM.Collect$$libinit$$0000000A)
    .ARM.Collect$$libinit$$0000000C          0x9000000a   Section        0  libinit2.o(.ARM.Collect$$libinit$$0000000C)
    .ARM.Collect$$libinit$$0000000E          0x9000000a   Section        0  libinit2.o(.ARM.Collect$$libinit$$0000000E)
    .ARM.Collect$$libinit$$00000011          0x9000000a   Section        0  libinit2.o(.ARM.Collect$$libinit$$00000011)
    .ARM.Collect$$libinit$$00000013          0x9000000a   Section        0  libinit2.o(.ARM.Collect$$libinit$$00000013)
    .ARM.Collect$$libinit$$00000015          0x9000000a   Section        0  libinit2.o(.ARM.Collect$$libinit$$00000015)
    .ARM.Collect$$libinit$$00000017          0x9000000a   Section        0  libinit2.o(.ARM.Collect$$libinit$$00000017)
    .ARM.Collect$$libinit$$00000019          0x9000000a   Section        0  libinit2.o(.ARM.Collect$$libinit$$00000019)
    .ARM.Collect$$libinit$$0000001B          0x9000000a   Section        0  libinit2.o(.ARM.Collect$$libinit$$0000001B)
    .ARM.Collect$$libinit$$0000001D          0x9000000a   Section        0  libinit2.o(.ARM.Collect$$libinit$$0000001D)
    .ARM.Collect$$libinit$$0000001F          0x9000000a   Section        0  libinit2.o(.ARM.Collect$$libinit$$0000001F)
    .ARM.Collect$$libinit$$00000021          0x9000000a   Section        0  libinit2.o(.ARM.Collect$$libinit$$00000021)
    .ARM.Collect$$libinit$$00000023          0x9000000a   Section        0  libinit2.o(.ARM.Collect$$libinit$$00000023)
    .ARM.Collect$$libinit$$00000025          0x9000000a   Section        0  libinit2.o(.ARM.Collect$$libinit$$00000025)
    .ARM.Collect$$libinit$$0000002C          0x9000000a   Section        0  libinit2.o(.ARM.Collect$$libinit$$0000002C)
    .ARM.Collect$$libinit$$0000002E          0x9000000a   Section        0  libinit2.o(.ARM.Collect$$libinit$$0000002E)
    .ARM.Collect$$libinit$$00000030          0x9000000a   Section        0  libinit2.o(.ARM.Collect$$libinit$$00000030)
    .ARM.Collect$$libinit$$00000032          0x9000000a   Section        0  libinit2.o(.ARM.Collect$$libinit$$00000032)
    .ARM.Collect$$libinit$$00000033          0x9000000a   Section        2  libinit2.o(.ARM.Collect$$libinit$$00000033)
    .ARM.Collect$$libshutdown$$00000000      0x9000000c   Section        2  libshutdown.o(.ARM.Collect$$libshutdown$$00000000)
    .ARM.Collect$$libshutdown$$00000002      0x9000000e   Section        0  libshutdown2.o(.ARM.Collect$$libshutdown$$00000002)
    .ARM.Collect$$libshutdown$$00000004      0x9000000e   Section        0  libshutdown2.o(.ARM.Collect$$libshutdown$$00000004)
    .ARM.Collect$$libshutdown$$00000006      0x9000000e   Section        0  libshutdown2.o(.ARM.Collect$$libshutdown$$00000006)
    .ARM.Collect$$libshutdown$$00000009      0x9000000e   Section        0  libshutdown2.o(.ARM.Collect$$libshutdown$$00000009)
    .ARM.Collect$$libshutdown$$0000000C      0x9000000e   Section        0  libshutdown2.o(.ARM.Collect$$libshutdown$$0000000C)
    .ARM.Collect$$libshutdown$$0000000E      0x9000000e   Section        0  libshutdown2.o(.ARM.Collect$$libshutdown$$0000000E)
    .ARM.Collect$$libshutdown$$00000011      0x9000000e   Section        0  libshutdown2.o(.ARM.Collect$$libshutdown$$00000011)
    .ARM.Collect$$libshutdown$$00000012      0x9000000e   Section        2  libshutdown2.o(.ARM.Collect$$libshutdown$$00000012)
    .ARM.Collect$$rtentry$$00000000          0x90000010   Section        0  __rtentry.o(.ARM.Collect$$rtentry$$00000000)
    .ARM.Collect$$rtentry$$00000002          0x90000010   Section        0  __rtentry2.o(.ARM.Collect$$rtentry$$00000002)
    .ARM.Collect$$rtentry$$00000004          0x90000010   Section        6  __rtentry4.o(.ARM.Collect$$rtentry$$00000004)
    .ARM.Collect$$rtentry$$00000009          0x90000016   Section        0  __rtentry2.o(.ARM.Collect$$rtentry$$00000009)
    .ARM.Collect$$rtentry$$0000000A          0x90000016   Section        4  __rtentry2.o(.ARM.Collect$$rtentry$$0000000A)
    .ARM.Collect$$rtentry$$0000000C          0x9000001a   Section        0  __rtentry2.o(.ARM.Collect$$rtentry$$0000000C)
    .ARM.Collect$$rtentry$$0000000D          0x9000001a   Section        8  __rtentry2.o(.ARM.Collect$$rtentry$$0000000D)
    .ARM.Collect$$rtexit$$00000000           0x90000022   Section        2  rtexit.o(.ARM.Collect$$rtexit$$00000000)
    .ARM.Collect$$rtexit$$00000002           0x90000024   Section        0  rtexit2.o(.ARM.Collect$$rtexit$$00000002)
    .ARM.Collect$$rtexit$$00000003           0x90000024   Section        4  rtexit2.o(.ARM.Collect$$rtexit$$00000003)
    .ARM.Collect$$rtexit$$00000004           0x90000028   Section        6  rtexit2.o(.ARM.Collect$$rtexit$$00000004)
    .emb_text                                0x90000030   Section      190  port.o(.emb_text)
    $v0                                      0x90000030   Number         0  port.o(.emb_text)
    .text                                    0x900000f0   Section       64  startup_at32f435_437.o(.text)
    $v0                                      0x900000f0   Number         0  startup_at32f435_437.o(.text)
    .text                                    0x90000130   Section        2  use_no_semi_2.o(.text)
    .text                                    0x90000132   Section      238  lludivv7m.o(.text)
    .text                                    0x90000220   Section        0  noretval__2printf.o(.text)
    .text                                    0x90000238   Section        0  __printf.o(.text)
    .text                                    0x900002a0   Section      138  rt_memcpy_v6.o(.text)
    .text                                    0x9000032a   Section       16  aeabi_memset.o(.text)
    .text                                    0x9000033a   Section       78  rt_memclr_w.o(.text)
    .text                                    0x90000388   Section        0  heapauxi.o(.text)
    .text                                    0x9000038e   Section        2  use_no_semi.o(.text)
    .text                                    0x90000390   Section        0  _printf_char_common.o(.text)
    _printf_input_char                       0x90000391   Thumb Code    10  _printf_char_common.o(.text)
    .text                                    0x900003c0   Section        0  _printf_char_file.o(.text)
    .text                                    0x900003e4   Section      100  rt_memcpy_w.o(.text)
    .text                                    0x90000448   Section       68  rt_memclr.o(.text)
    .text                                    0x9000048c   Section        0  ferror.o(.text)
    .text                                    0x90000494   Section       74  sys_stackheap_outer.o(.text)
    .text                                    0x900004de   Section        0  exit.o(.text)
    .text                                    0x900004f0   Section        8  libspace.o(.text)
    i.App_main                               0x900004f8   Section        0  main.o(i.App_main)
    i.BusFault_Handler                       0x90000524   Section        0  at32f435_437_int.o(i.BusFault_Handler)
    i.DebugMon_Handler                       0x90000526   Section        0  at32f435_437_int.o(i.DebugMon_Handler)
    i.HardFault_Handler                      0x90000528   Section        0  at32f435_437_int.o(i.HardFault_Handler)
    i.MemManage_Handler                      0x9000052a   Section        0  at32f435_437_int.o(i.MemManage_Handler)
    i.NMI_Handler                            0x9000052c   Section        0  at32f435_437_int.o(i.NMI_Handler)
    i.SysTick_Handler                        0x90000530   Section        0  port.o(i.SysTick_Handler)
    i.SystemInit                             0x9000055c   Section        0  system_at32f435_437.o(i.SystemInit)
    i.TMR2_GLOBAL_IRQHandler                 0x900005c8   Section        0  freertos_tick.o(i.TMR2_GLOBAL_IRQHandler)
    i.UsageFault_Handler                     0x900005f4   Section        0  at32f435_437_int.o(i.UsageFault_Handler)
    i._sys_exit                              0x900005f6   Section        0  at32f435_437_board.o(i._sys_exit)
    i.crm_ahb_div_set                        0x900005f8   Section        0  at32f435_437_crm.o(i.crm_ahb_div_set)
    i.crm_apb1_div_set                       0x90000608   Section        0  at32f435_437_crm.o(i.crm_apb1_div_set)
    i.crm_apb2_div_set                       0x90000618   Section        0  at32f435_437_crm.o(i.crm_apb2_div_set)
    i.crm_auto_step_mode_enable              0x90000628   Section        0  at32f435_437_crm.o(i.crm_auto_step_mode_enable)
    i.crm_clock_source_enable                0x90000648   Section        0  at32f435_437_crm.o(i.crm_clock_source_enable)
    i.crm_clocks_freq_get                    0x90000698   Section        0  at32f435_437_crm.o(i.crm_clocks_freq_get)
    i.crm_flag_get                           0x90000740   Section        0  at32f435_437_crm.o(i.crm_flag_get)
    i.crm_hext_stable_wait                   0x90000764   Section        0  at32f435_437_crm.o(i.crm_hext_stable_wait)
    i.crm_periph_clock_enable                0x90000790   Section        0  at32f435_437_crm.o(i.crm_periph_clock_enable)
    i.crm_pll_config                         0x900007c0   Section        0  at32f435_437_crm.o(i.crm_pll_config)
    i.crm_reset                              0x900007fc   Section        0  at32f435_437_crm.o(i.crm_reset)
    i.crm_sysclk_switch                      0x90000854   Section        0  at32f435_437_crm.o(i.crm_sysclk_switch)
    i.crm_sysclk_switch_status_get           0x90000864   Section        0  at32f435_437_crm.o(i.crm_sysclk_switch_status_get)
    i.fputc                                  0x90000874   Section        0  at32f435_437_board.o(i.fputc)
    i.gpio_default_para_init                 0x90000898   Section        0  at32f435_437_gpio.o(i.gpio_default_para_init)
    i.gpio_init                              0x900008ac   Section        0  at32f435_437_gpio.o(i.gpio_init)
    i.gpio_pin_mux_config                    0x90000910   Section        0  at32f435_437_gpio.o(i.gpio_pin_mux_config)
    i.main                                   0x90000940   Section        0  main.o(i.main)
    i.prvAddCurrentTaskToDelayedList         0x90000988   Section        0  tasks.o(i.prvAddCurrentTaskToDelayedList)
    prvAddCurrentTaskToDelayedList           0x90000989   Thumb Code   104  tasks.o(i.prvAddCurrentTaskToDelayedList)
    i.prvAddNewTaskToReadyList               0x900009f8   Section        0  tasks.o(i.prvAddNewTaskToReadyList)
    prvAddNewTaskToReadyList                 0x900009f9   Thumb Code   126  tasks.o(i.prvAddNewTaskToReadyList)
    i.prvCheckForValidListAndQueue           0x90000a84   Section        0  timers.o(i.prvCheckForValidListAndQueue)
    prvCheckForValidListAndQueue             0x90000a85   Thumb Code    54  timers.o(i.prvCheckForValidListAndQueue)
    i.prvCheckTasksWaitingTermination        0x90000ac4   Section        0  tasks.o(i.prvCheckTasksWaitingTermination)
    prvCheckTasksWaitingTermination          0x90000ac5   Thumb Code    52  tasks.o(i.prvCheckTasksWaitingTermination)
    i.prvCopyDataFromQueue                   0x90000b00   Section        0  queue.o(i.prvCopyDataFromQueue)
    prvCopyDataFromQueue                     0x90000b01   Thumb Code    40  queue.o(i.prvCopyDataFromQueue)
    i.prvCopyDataToQueue                     0x90000b28   Section        0  queue.o(i.prvCopyDataToQueue)
    prvCopyDataToQueue                       0x90000b29   Thumb Code   110  queue.o(i.prvCopyDataToQueue)
    i.prvDeleteTCB                           0x90000b96   Section        0  tasks.o(i.prvDeleteTCB)
    prvDeleteTCB                             0x90000b97   Thumb Code    20  tasks.o(i.prvDeleteTCB)
    i.prvGetNextExpireTime                   0x90000bac   Section        0  timers.o(i.prvGetNextExpireTime)
    prvGetNextExpireTime                     0x90000bad   Thumb Code    30  timers.o(i.prvGetNextExpireTime)
    i.prvHeapInit                            0x90000bd0   Section        0  heap_4.o(i.prvHeapInit)
    prvHeapInit                              0x90000bd1   Thumb Code    68  heap_4.o(i.prvHeapInit)
    i.prvIdleTask                            0x90000c1c   Section        0  tasks.o(i.prvIdleTask)
    prvIdleTask                              0x90000c1d   Thumb Code    30  tasks.o(i.prvIdleTask)
    i.prvInitialiseNewQueue                  0x90000c44   Section        0  queue.o(i.prvInitialiseNewQueue)
    prvInitialiseNewQueue                    0x90000c45   Thumb Code    38  queue.o(i.prvInitialiseNewQueue)
    i.prvInitialiseNewTask                   0x90000c6a   Section        0  tasks.o(i.prvInitialiseNewTask)
    prvInitialiseNewTask                     0x90000c6b   Thumb Code   172  tasks.o(i.prvInitialiseNewTask)
    i.prvInitialiseTaskLists                 0x90000d18   Section        0  tasks.o(i.prvInitialiseTaskLists)
    prvInitialiseTaskLists                   0x90000d19   Thumb Code    74  tasks.o(i.prvInitialiseTaskLists)
    i.prvInsertBlockIntoFreeList             0x90000d70   Section        0  heap_4.o(i.prvInsertBlockIntoFreeList)
    prvInsertBlockIntoFreeList               0x90000d71   Thumb Code    78  heap_4.o(i.prvInsertBlockIntoFreeList)
    i.prvInsertTimerInActiveList             0x90000dc4   Section        0  timers.o(i.prvInsertTimerInActiveList)
    prvInsertTimerInActiveList               0x90000dc5   Thumb Code    60  timers.o(i.prvInsertTimerInActiveList)
    i.prvIsQueueEmpty                        0x90000e04   Section        0  queue.o(i.prvIsQueueEmpty)
    prvIsQueueEmpty                          0x90000e05   Thumb Code    26  queue.o(i.prvIsQueueEmpty)
    i.prvIsQueueFull                         0x90000e1e   Section        0  queue.o(i.prvIsQueueFull)
    prvIsQueueFull                           0x90000e1f   Thumb Code    30  queue.o(i.prvIsQueueFull)
    i.prvNotifyQueueSetContainer             0x90000e3c   Section        0  queue.o(i.prvNotifyQueueSetContainer)
    prvNotifyQueueSetContainer               0x90000e3d   Thumb Code   130  queue.o(i.prvNotifyQueueSetContainer)
    i.prvProcessExpiredTimer                 0x90000ec0   Section        0  timers.o(i.prvProcessExpiredTimer)
    prvProcessExpiredTimer                   0x90000ec1   Thumb Code    98  timers.o(i.prvProcessExpiredTimer)
    i.prvProcessReceivedCommands             0x90000f28   Section        0  timers.o(i.prvProcessReceivedCommands)
    prvProcessReceivedCommands               0x90000f29   Thumb Code   234  timers.o(i.prvProcessReceivedCommands)
    i.prvProcessTimerOrBlockTask             0x90001018   Section        0  timers.o(i.prvProcessTimerOrBlockTask)
    prvProcessTimerOrBlockTask               0x90001019   Thumb Code   100  timers.o(i.prvProcessTimerOrBlockTask)
    i.prvResetNextTaskUnblockTime            0x90001084   Section        0  tasks.o(i.prvResetNextTaskUnblockTime)
    prvResetNextTaskUnblockTime              0x90001085   Thumb Code    28  tasks.o(i.prvResetNextTaskUnblockTime)
    i.prvSampleTimeNow                       0x900010a4   Section        0  timers.o(i.prvSampleTimeNow)
    prvSampleTimeNow                         0x900010a5   Thumb Code    38  timers.o(i.prvSampleTimeNow)
    i.prvSwitchTimerLists                    0x900010d0   Section        0  timers.o(i.prvSwitchTimerLists)
    prvSwitchTimerLists                      0x900010d1   Thumb Code   106  timers.o(i.prvSwitchTimerLists)
    i.prvTaskExitError                       0x90001140   Section        0  port.o(i.prvTaskExitError)
    prvTaskExitError                         0x90001141   Thumb Code    40  port.o(i.prvTaskExitError)
    i.prvTimerTask                           0x9000116c   Section        0  timers.o(i.prvTimerTask)
    prvTimerTask                             0x9000116d   Thumb Code    20  timers.o(i.prvTimerTask)
    i.prvUnlockQueue                         0x90001180   Section        0  queue.o(i.prvUnlockQueue)
    prvUnlockQueue                           0x90001181   Thumb Code   124  queue.o(i.prvUnlockQueue)
    i.pvPortMalloc                           0x900011fc   Section        0  heap_4.o(i.pvPortMalloc)
    i.pxPortInitialiseStack                  0x900012e8   Section        0  port.o(i.pxPortInitialiseStack)
    i.system_clock_config                    0x9000130c   Section        0  at32f435_437_clock.o(i.system_clock_config)
    i.system_core_clock_update               0x900013a0   Section        0  system_at32f435_437.o(i.system_core_clock_update)
    i.tmr_flag_clear                         0x9000142c   Section        0  at32f435_437_tmr.o(i.tmr_flag_clear)
    i.tmr_flag_get                           0x90001432   Section        0  at32f435_437_tmr.o(i.tmr_flag_get)
    i.uart_print_init                        0x90001440   Section        0  at32f435_437_board.o(i.uart_print_init)
    i.usart_data_transmit                    0x900014b8   Section        0  at32f435_437_usart.o(i.usart_data_transmit)
    i.usart_enable                           0x900014c0   Section        0  at32f435_437_usart.o(i.usart_enable)
    i.usart_flag_get                         0x900014ca   Section        0  at32f435_437_usart.o(i.usart_flag_get)
    i.usart_init                             0x900014d8   Section        0  at32f435_437_usart.o(i.usart_init)
    i.usart_transmitter_enable               0x90001578   Section        0  at32f435_437_usart.o(i.usart_transmitter_enable)
    i.uxListRemove                           0x90001582   Section        0  list.o(i.uxListRemove)
    i.vListInitialise                        0x900015a8   Section        0  list.o(i.vListInitialise)
    i.vListInitialiseItem                    0x900015be   Section        0  list.o(i.vListInitialiseItem)
    i.vListInsert                            0x900015c4   Section        0  list.o(i.vListInsert)
    i.vListInsertEnd                         0x900015f4   Section        0  list.o(i.vListInsertEnd)
    i.vPortEnterCritical                     0x9000160c   Section        0  port.o(i.vPortEnterCritical)
    i.vPortExitCritical                      0x9000164c   Section        0  port.o(i.vPortExitCritical)
    i.vPortFree                              0x90001678   Section        0  heap_4.o(i.vPortFree)
    i.vPortSetupTimerInterrupt               0x900016dc   Section        0  port.o(i.vPortSetupTimerInterrupt)
    i.vPortValidateInterruptPriority         0x90001700   Section        0  port.o(i.vPortValidateInterruptPriority)
    i.vQueueWaitForMessageRestricted         0x90001754   Section        0  queue.o(i.vQueueWaitForMessageRestricted)
    i.vTaskDelay                             0x9000179c   Section        0  tasks.o(i.vTaskDelay)
    i.vTaskInternalSetTimeOutState           0x900017ec   Section        0  tasks.o(i.vTaskInternalSetTimeOutState)
    i.vTaskMissedYield                       0x900017fc   Section        0  tasks.o(i.vTaskMissedYield)
    i.vTaskPlaceOnEventList                  0x90001808   Section        0  tasks.o(i.vTaskPlaceOnEventList)
    i.vTaskPlaceOnEventListRestricted        0x9000183c   Section        0  tasks.o(i.vTaskPlaceOnEventListRestricted)
    i.vTaskStartScheduler                    0x90001878   Section        0  tasks.o(i.vTaskStartScheduler)
    i.vTaskSuspendAll                        0x900018f0   Section        0  tasks.o(i.vTaskSuspendAll)
    i.vTaskSwitchContext                     0x90001900   Section        0  tasks.o(i.vTaskSwitchContext)
    i.xPortStartScheduler                    0x90001984   Section        0  port.o(i.xPortStartScheduler)
    i.xQueueGenericCreate                    0x90001a78   Section        0  queue.o(i.xQueueGenericCreate)
    i.xQueueGenericReset                     0x90001ae8   Section        0  queue.o(i.xQueueGenericReset)
    i.xQueueGenericSend                      0x90001b74   Section        0  queue.o(i.xQueueGenericSend)
    i.xQueueGenericSendFromISR               0x90001d00   Section        0  queue.o(i.xQueueGenericSendFromISR)
    i.xQueueReceive                          0x90001df4   Section        0  queue.o(i.xQueueReceive)
    i.xTaskCheckForTimeOut                   0x90001f30   Section        0  tasks.o(i.xTaskCheckForTimeOut)
    i.xTaskCreate                            0x90001fb0   Section        0  tasks.o(i.xTaskCreate)
    i.xTaskGetSchedulerState                 0x90002010   Section        0  tasks.o(i.xTaskGetSchedulerState)
    i.xTaskGetTickCount                      0x9000202c   Section        0  tasks.o(i.xTaskGetTickCount)
    i.xTaskIncrementTick                     0x90002038   Section        0  tasks.o(i.xTaskIncrementTick)
    i.xTaskPriorityDisinherit                0x90002108   Section        0  tasks.o(i.xTaskPriorityDisinherit)
    i.xTaskRemoveFromEventList               0x90002198   Section        0  tasks.o(i.xTaskRemoveFromEventList)
    i.xTaskResumeAll                         0x90002214   Section        0  tasks.o(i.xTaskResumeAll)
    i.xTimerCreateTimerTask                  0x900022e4   Section        0  timers.o(i.xTimerCreateTimerTask)
    i.xTimerGenericCommand                   0x90002330   Section        0  timers.o(i.xTimerGenericCommand)
    x$fpl$fpinit                             0x90002398   Section       10  fpinit.o(x$fpl$fpinit)
    $v0                                      0x90002398   Number         0  fpinit.o(x$fpl$fpinit)
    .constdata                               0x900023a2   Section       38  at32f435_437_crm.o(.constdata)
    pll_fr_table                             0x900023a2   Data           6  at32f435_437_crm.o(.constdata)
    ahb_apb1_div_table                       0x900023a8   Data           8  at32f435_437_crm.o(.constdata)
    ahb_apb2_div_table                       0x900023b0   Data           8  at32f435_437_crm.o(.constdata)
    sclk_ahb_div_table                       0x900023b8   Data          16  at32f435_437_crm.o(.constdata)
    .constdata                               0x900023c8   Section       22  system_at32f435_437.o(.constdata)
    pll_fr_table                             0x900023c8   Data           6  system_at32f435_437.o(.constdata)
    sys_ahb_div_table                        0x900023ce   Data          16  system_at32f435_437.o(.constdata)

    Global Symbols

    Symbol Name                              Value     Ov Type        Size  Object(Section)

    BuildAttributes$$THM_ISAv4$E$P$D$K$B$S$7EM$VFPi3$EXTD16$VFPS$VFMA$PE$A:L22UL41UL21$X:L11$S22US41US21$IEEE1$IW$USESV6$~STKCKD$USESV7$~SHL$OSPACE$ROPI$EBA8$UX$STANDARDLIB$REQ8$PRES8$EABIv2 0x00000000   Number         0  anon$$obj.o ABSOLUTE
    __ARM_use_no_argv                        0x00000000   Number         0  main.o ABSOLUTE
    __ARM_exceptions_init                     - Undefined Weak Reference
    __alloca_initialize                       - Undefined Weak Reference
    __arm_fini_                               - Undefined Weak Reference
    __arm_preinit_                            - Undefined Weak Reference
    __cpp_initialize__aeabi_                  - Undefined Weak Reference
    __cxa_finalize                            - Undefined Weak Reference
    __rt_locale                               - Undefined Weak Reference
    __sigvec_lookup                           - Undefined Weak Reference
    _atexit_init                              - Undefined Weak Reference
    _call_atexit_fns                          - Undefined Weak Reference
    _clock_init                               - Undefined Weak Reference
    _fp_trap_init                             - Undefined Weak Reference
    _fp_trap_shutdown                         - Undefined Weak Reference
    _get_lc_collate                           - Undefined Weak Reference
    _get_lc_ctype                             - Undefined Weak Reference
    _get_lc_monetary                          - Undefined Weak Reference
    _get_lc_numeric                           - Undefined Weak Reference
    _get_lc_time                              - Undefined Weak Reference
    _getenv_init                              - Undefined Weak Reference
    _handle_redirection                       - Undefined Weak Reference
    _init_alloc                               - Undefined Weak Reference
    _init_user_alloc                          - Undefined Weak Reference
    _initio                                   - Undefined Weak Reference
    _mutex_acquire                            - Undefined Weak Reference
    _mutex_release                            - Undefined Weak Reference
    _printf_mbtowc                            - Undefined Weak Reference
    _printf_post_padding                      - Undefined Weak Reference
    _printf_pre_padding                       - Undefined Weak Reference
    _printf_truncate_signed                   - Undefined Weak Reference
    _printf_truncate_unsigned                 - Undefined Weak Reference
    _rand_init                                - Undefined Weak Reference
    _signal_finish                            - Undefined Weak Reference
    _signal_init                              - Undefined Weak Reference
    _terminate_alloc                          - Undefined Weak Reference
    _terminate_user_alloc                     - Undefined Weak Reference
    _terminateio                              - Undefined Weak Reference
    __Vectors_Size                           0x0000020c   Number         0  startup_at32f435_437.o ABSOLUTE
    __Vectors                                0x08000000   Data           4  startup_at32f435_437.o(RESET)
    __Vectors_End                            0x0800020c   Data           0  startup_at32f435_437.o(RESET)
    __main                                   0x0800020d   Thumb Code     8  __main.o(!!!main)
    __scatterload                            0x08000215   Thumb Code     0  __scatter.o(!!!scatter)
    __scatterload_rt2                        0x08000215   Thumb Code    44  __scatter.o(!!!scatter)
    __scatterload_rt2_thumb_only             0x08000215   Thumb Code     0  __scatter.o(!!!scatter)
    __scatterload_null                       0x08000223   Thumb Code     0  __scatter.o(!!!scatter)
    __scatterload_copy                       0x08000249   Thumb Code    26  __scatter_copy.o(!!handler_copy)
    __scatterload_zeroinit                   0x08000265   Thumb Code    28  __scatter_zi.o(!!handler_zi)
    Long Thumb to Thumb Veneer to __rt_entry 0x08000281   Thumb Code    10  anon$$obj.o(Veneer$$Code)
    Region$$Table$$Base                      0x0800028c   Number         0  anon$$obj.o(Region$$Table)
    Region$$Table$$Limit                     0x080002ac   Number         0  anon$$obj.o(Region$$Table)
    App_main_Handler                         0x20000000   Data           4  main.o(.data)
    __stdout                                 0x20000004   Data           4  at32f435_437_board.o(.data)
    debug_timerTick                          0x2000000c   Data           4  freertos_tick.o(.data)
    system_core_clock                        0x20000010   Data           4  system_at32f435_437.o(.data)
    pxCurrentTCB                             0x20000014   Data           4  tasks.o(.data)
    uxTopUsedPriority                        0x20000044   Data           4  tasks.o(.data)
    __libspace_start                         0x20007bac   Data          96  libspace.o(.bss)
    __temporary_stack_top$libspace           0x20007c0c   Data           0  libspace.o(.bss)
    _printf_percent                          0x90000001   Thumb Code     0  _printf_percent.o(.ARM.Collect$$_printf_percent$$00000000)
    _printf_percent_end                      0x90000001   Thumb Code     0  _printf_percent_end.o(.ARM.Collect$$_printf_percent$$00000017)
    __rt_lib_init                            0x90000005   Thumb Code     0  libinit.o(.ARM.Collect$$libinit$$00000000)
    __rt_lib_init_fp_1                       0x90000007   Thumb Code     0  libinit2.o(.ARM.Collect$$libinit$$00000001)
    __rt_lib_init_alloca_1                   0x9000000b   Thumb Code     0  libinit2.o(.ARM.Collect$$libinit$$0000002E)
    __rt_lib_init_argv_1                     0x9000000b   Thumb Code     0  libinit2.o(.ARM.Collect$$libinit$$0000002C)
    __rt_lib_init_atexit_1                   0x9000000b   Thumb Code     0  libinit2.o(.ARM.Collect$$libinit$$0000001B)
    __rt_lib_init_clock_1                    0x9000000b   Thumb Code     0  libinit2.o(.ARM.Collect$$libinit$$00000021)
    __rt_lib_init_cpp_1                      0x9000000b   Thumb Code     0  libinit2.o(.ARM.Collect$$libinit$$00000032)
    __rt_lib_init_exceptions_1               0x9000000b   Thumb Code     0  libinit2.o(.ARM.Collect$$libinit$$00000030)
    __rt_lib_init_fp_trap_1                  0x9000000b   Thumb Code     0  libinit2.o(.ARM.Collect$$libinit$$0000001F)
    __rt_lib_init_getenv_1                   0x9000000b   Thumb Code     0  libinit2.o(.ARM.Collect$$libinit$$00000023)
    __rt_lib_init_heap_1                     0x9000000b   Thumb Code     0  libinit2.o(.ARM.Collect$$libinit$$0000000A)
    __rt_lib_init_lc_collate_1               0x9000000b   Thumb Code     0  libinit2.o(.ARM.Collect$$libinit$$00000011)
    __rt_lib_init_lc_ctype_1                 0x9000000b   Thumb Code     0  libinit2.o(.ARM.Collect$$libinit$$00000013)
    __rt_lib_init_lc_monetary_1              0x9000000b   Thumb Code     0  libinit2.o(.ARM.Collect$$libinit$$00000015)
    __rt_lib_init_lc_numeric_1               0x9000000b   Thumb Code     0  libinit2.o(.ARM.Collect$$libinit$$00000017)
    __rt_lib_init_lc_time_1                  0x9000000b   Thumb Code     0  libinit2.o(.ARM.Collect$$libinit$$00000019)
    __rt_lib_init_preinit_1                  0x9000000b   Thumb Code     0  libinit2.o(.ARM.Collect$$libinit$$00000004)
    __rt_lib_init_rand_1                     0x9000000b   Thumb Code     0  libinit2.o(.ARM.Collect$$libinit$$0000000E)
    __rt_lib_init_return                     0x9000000b   Thumb Code     0  libinit2.o(.ARM.Collect$$libinit$$00000033)
    __rt_lib_init_signal_1                   0x9000000b   Thumb Code     0  libinit2.o(.ARM.Collect$$libinit$$0000001D)
    __rt_lib_init_stdio_1                    0x9000000b   Thumb Code     0  libinit2.o(.ARM.Collect$$libinit$$00000025)
    __rt_lib_init_user_alloc_1               0x9000000b   Thumb Code     0  libinit2.o(.ARM.Collect$$libinit$$0000000C)
    __rt_lib_shutdown                        0x9000000d   Thumb Code     0  libshutdown.o(.ARM.Collect$$libshutdown$$00000000)
    __rt_lib_shutdown_cpp_1                  0x9000000f   Thumb Code     0  libshutdown2.o(.ARM.Collect$$libshutdown$$00000004)
    __rt_lib_shutdown_fini_1                 0x9000000f   Thumb Code     0  libshutdown2.o(.ARM.Collect$$libshutdown$$00000002)
    __rt_lib_shutdown_fp_trap_1              0x9000000f   Thumb Code     0  libshutdown2.o(.ARM.Collect$$libshutdown$$00000009)
    __rt_lib_shutdown_heap_1                 0x9000000f   Thumb Code     0  libshutdown2.o(.ARM.Collect$$libshutdown$$00000011)
    __rt_lib_shutdown_return                 0x9000000f   Thumb Code     0  libshutdown2.o(.ARM.Collect$$libshutdown$$00000012)
    __rt_lib_shutdown_signal_1               0x9000000f   Thumb Code     0  libshutdown2.o(.ARM.Collect$$libshutdown$$0000000C)
    __rt_lib_shutdown_stdio_1                0x9000000f   Thumb Code     0  libshutdown2.o(.ARM.Collect$$libshutdown$$00000006)
    __rt_lib_shutdown_user_alloc_1           0x9000000f   Thumb Code     0  libshutdown2.o(.ARM.Collect$$libshutdown$$0000000E)
    __rt_entry                               0x90000011   Thumb Code     0  __rtentry.o(.ARM.Collect$$rtentry$$00000000)
    __rt_entry_presh_1                       0x90000011   Thumb Code     0  __rtentry2.o(.ARM.Collect$$rtentry$$00000002)
    __rt_entry_sh                            0x90000011   Thumb Code     0  __rtentry4.o(.ARM.Collect$$rtentry$$00000004)
    __rt_entry_li                            0x90000017   Thumb Code     0  __rtentry2.o(.ARM.Collect$$rtentry$$0000000A)
    __rt_entry_postsh_1                      0x90000017   Thumb Code     0  __rtentry2.o(.ARM.Collect$$rtentry$$00000009)
    __rt_entry_main                          0x9000001b   Thumb Code     0  __rtentry2.o(.ARM.Collect$$rtentry$$0000000D)
    __rt_entry_postli_1                      0x9000001b   Thumb Code     0  __rtentry2.o(.ARM.Collect$$rtentry$$0000000C)
    __rt_exit                                0x90000023   Thumb Code     0  rtexit.o(.ARM.Collect$$rtexit$$00000000)
    __rt_exit_ls                             0x90000025   Thumb Code     0  rtexit2.o(.ARM.Collect$$rtexit$$00000003)
    __rt_exit_prels_1                        0x90000025   Thumb Code     0  rtexit2.o(.ARM.Collect$$rtexit$$00000002)
    __rt_exit_exit                           0x90000029   Thumb Code     0  rtexit2.o(.ARM.Collect$$rtexit$$00000004)
    SVC_Handler                              0x90000031   Thumb Code    28  port.o(.emb_text)
    __asm___6_port_c_39a90d8d__prvStartFirstTask 0x90000051   Thumb Code    36  port.o(.emb_text)
    __asm___6_port_c_39a90d8d__prvEnableVFP  0x90000079   Thumb Code    16  port.o(.emb_text)
    PendSV_Handler                           0x9000008d   Thumb Code    88  port.o(.emb_text)
    vPortGetIPSR                             0x900000e9   Thumb Code     6  port.o(.emb_text)
    Reset_Handler                            0x900000f1   Thumb Code     8  startup_at32f435_437.o(.text)
    ACC_IRQHandler                           0x9000010b   Thumb Code     0  startup_at32f435_437.o(.text)
    ADC1_2_3_IRQHandler                      0x9000010b   Thumb Code     0  startup_at32f435_437.o(.text)
    CAN1_RX0_IRQHandler                      0x9000010b   Thumb Code     0  startup_at32f435_437.o(.text)
    CAN1_RX1_IRQHandler                      0x9000010b   Thumb Code     0  startup_at32f435_437.o(.text)
    CAN1_SE_IRQHandler                       0x9000010b   Thumb Code     0  startup_at32f435_437.o(.text)
    CAN1_TX_IRQHandler                       0x9000010b   Thumb Code     0  startup_at32f435_437.o(.text)
    CAN2_RX0_IRQHandler                      0x9000010b   Thumb Code     0  startup_at32f435_437.o(.text)
    CAN2_RX1_IRQHandler                      0x9000010b   Thumb Code     0  startup_at32f435_437.o(.text)
    CAN2_SE_IRQHandler                       0x9000010b   Thumb Code     0  startup_at32f435_437.o(.text)
    CAN2_TX_IRQHandler                       0x9000010b   Thumb Code     0  startup_at32f435_437.o(.text)
    CRM_IRQHandler                           0x9000010b   Thumb Code     0  startup_at32f435_437.o(.text)
    DMA1_Channel1_IRQHandler                 0x9000010b   Thumb Code     0  startup_at32f435_437.o(.text)
    DMA1_Channel2_IRQHandler                 0x9000010b   Thumb Code     0  startup_at32f435_437.o(.text)
    DMA1_Channel3_IRQHandler                 0x9000010b   Thumb Code     0  startup_at32f435_437.o(.text)
    DMA1_Channel4_IRQHandler                 0x9000010b   Thumb Code     0  startup_at32f435_437.o(.text)
    DMA1_Channel5_IRQHandler                 0x9000010b   Thumb Code     0  startup_at32f435_437.o(.text)
    DMA1_Channel6_IRQHandler                 0x9000010b   Thumb Code     0  startup_at32f435_437.o(.text)
    DMA1_Channel7_IRQHandler                 0x9000010b   Thumb Code     0  startup_at32f435_437.o(.text)
    DMA2_Channel1_IRQHandler                 0x9000010b   Thumb Code     0  startup_at32f435_437.o(.text)
    DMA2_Channel2_IRQHandler                 0x9000010b   Thumb Code     0  startup_at32f435_437.o(.text)
    DMA2_Channel3_IRQHandler                 0x9000010b   Thumb Code     0  startup_at32f435_437.o(.text)
    DMA2_Channel4_IRQHandler                 0x9000010b   Thumb Code     0  startup_at32f435_437.o(.text)
    DMA2_Channel5_IRQHandler                 0x9000010b   Thumb Code     0  startup_at32f435_437.o(.text)
    DMA2_Channel6_IRQHandler                 0x9000010b   Thumb Code     0  startup_at32f435_437.o(.text)
    DMA2_Channel7_IRQHandler                 0x9000010b   Thumb Code     0  startup_at32f435_437.o(.text)
    DMAMUX_IRQHandler                        0x9000010b   Thumb Code     0  startup_at32f435_437.o(.text)
    DVP_IRQHandler                           0x9000010b   Thumb Code     0  startup_at32f435_437.o(.text)
    EDMA_Stream1_IRQHandler                  0x9000010b   Thumb Code     0  startup_at32f435_437.o(.text)
    EDMA_Stream2_IRQHandler                  0x9000010b   Thumb Code     0  startup_at32f435_437.o(.text)
    EDMA_Stream3_IRQHandler                  0x9000010b   Thumb Code     0  startup_at32f435_437.o(.text)
    EDMA_Stream4_IRQHandler                  0x9000010b   Thumb Code     0  startup_at32f435_437.o(.text)
    EDMA_Stream5_IRQHandler                  0x9000010b   Thumb Code     0  startup_at32f435_437.o(.text)
    EDMA_Stream6_IRQHandler                  0x9000010b   Thumb Code     0  startup_at32f435_437.o(.text)
    EDMA_Stream7_IRQHandler                  0x9000010b   Thumb Code     0  startup_at32f435_437.o(.text)
    EDMA_Stream8_IRQHandler                  0x9000010b   Thumb Code     0  startup_at32f435_437.o(.text)
    EMAC_IRQHandler                          0x9000010b   Thumb Code     0  startup_at32f435_437.o(.text)
    EMAC_WKUP_IRQHandler                     0x9000010b   Thumb Code     0  startup_at32f435_437.o(.text)
    ERTCAlarm_IRQHandler                     0x9000010b   Thumb Code     0  startup_at32f435_437.o(.text)
    ERTC_WKUP_IRQHandler                     0x9000010b   Thumb Code     0  startup_at32f435_437.o(.text)
    EXINT0_IRQHandler                        0x9000010b   Thumb Code     0  startup_at32f435_437.o(.text)
    EXINT15_10_IRQHandler                    0x9000010b   Thumb Code     0  startup_at32f435_437.o(.text)
    EXINT1_IRQHandler                        0x9000010b   Thumb Code     0  startup_at32f435_437.o(.text)
    EXINT2_IRQHandler                        0x9000010b   Thumb Code     0  startup_at32f435_437.o(.text)
    EXINT3_IRQHandler                        0x9000010b   Thumb Code     0  startup_at32f435_437.o(.text)
    EXINT4_IRQHandler                        0x9000010b   Thumb Code     0  startup_at32f435_437.o(.text)
    EXINT9_5_IRQHandler                      0x9000010b   Thumb Code     0  startup_at32f435_437.o(.text)
    FLASH_IRQHandler                         0x9000010b   Thumb Code     0  startup_at32f435_437.o(.text)
    FPU_IRQHandler                           0x9000010b   Thumb Code     0  startup_at32f435_437.o(.text)
    I2C1_ERR_IRQHandler                      0x9000010b   Thumb Code     0  startup_at32f435_437.o(.text)
    I2C1_EVT_IRQHandler                      0x9000010b   Thumb Code     0  startup_at32f435_437.o(.text)
    I2C2_ERR_IRQHandler                      0x9000010b   Thumb Code     0  startup_at32f435_437.o(.text)
    I2C2_EVT_IRQHandler                      0x9000010b   Thumb Code     0  startup_at32f435_437.o(.text)
    I2C3_ERR_IRQHandler                      0x9000010b   Thumb Code     0  startup_at32f435_437.o(.text)
    I2C3_EVT_IRQHandler                      0x9000010b   Thumb Code     0  startup_at32f435_437.o(.text)
    OTGFS1_IRQHandler                        0x9000010b   Thumb Code     0  startup_at32f435_437.o(.text)
    OTGFS1_WKUP_IRQHandler                   0x9000010b   Thumb Code     0  startup_at32f435_437.o(.text)
    OTGFS2_IRQHandler                        0x9000010b   Thumb Code     0  startup_at32f435_437.o(.text)
    OTGFS2_WKUP_IRQHandler                   0x9000010b   Thumb Code     0  startup_at32f435_437.o(.text)
    PVM_IRQHandler                           0x9000010b   Thumb Code     0  startup_at32f435_437.o(.text)
    QSPI1_IRQHandler                         0x9000010b   Thumb Code     0  startup_at32f435_437.o(.text)
    QSPI2_IRQHandler                         0x9000010b   Thumb Code     0  startup_at32f435_437.o(.text)
    SDIO1_IRQHandler                         0x9000010b   Thumb Code     0  startup_at32f435_437.o(.text)
    SDIO2_IRQHandler                         0x9000010b   Thumb Code     0  startup_at32f435_437.o(.text)
    SPI1_IRQHandler                          0x9000010b   Thumb Code     0  startup_at32f435_437.o(.text)
    SPI2_I2S2EXT_IRQHandler                  0x9000010b   Thumb Code     0  startup_at32f435_437.o(.text)
    SPI3_I2S3EXT_IRQHandler                  0x9000010b   Thumb Code     0  startup_at32f435_437.o(.text)
    SPI4_IRQHandler                          0x9000010b   Thumb Code     0  startup_at32f435_437.o(.text)
    TAMP_STAMP_IRQHandler                    0x9000010b   Thumb Code     0  startup_at32f435_437.o(.text)
    TMR1_BRK_TMR9_IRQHandler                 0x9000010b   Thumb Code     0  startup_at32f435_437.o(.text)
    TMR1_CH_IRQHandler                       0x9000010b   Thumb Code     0  startup_at32f435_437.o(.text)
    TMR1_OVF_TMR10_IRQHandler                0x9000010b   Thumb Code     0  startup_at32f435_437.o(.text)
    TMR1_TRG_HALL_TMR11_IRQHandler           0x9000010b   Thumb Code     0  startup_at32f435_437.o(.text)
    TMR20_BRK_IRQHandler                     0x9000010b   Thumb Code     0  startup_at32f435_437.o(.text)
    TMR20_CH_IRQHandler                      0x9000010b   Thumb Code     0  startup_at32f435_437.o(.text)
    TMR20_OVF_IRQHandler                     0x9000010b   Thumb Code     0  startup_at32f435_437.o(.text)
    TMR20_TRG_HALL_IRQHandler                0x9000010b   Thumb Code     0  startup_at32f435_437.o(.text)
    TMR3_GLOBAL_IRQHandler                   0x9000010b   Thumb Code     0  startup_at32f435_437.o(.text)
    TMR4_GLOBAL_IRQHandler                   0x9000010b   Thumb Code     0  startup_at32f435_437.o(.text)
    TMR5_GLOBAL_IRQHandler                   0x9000010b   Thumb Code     0  startup_at32f435_437.o(.text)
    TMR6_DAC_GLOBAL_IRQHandler               0x9000010b   Thumb Code     0  startup_at32f435_437.o(.text)
    TMR7_GLOBAL_IRQHandler                   0x9000010b   Thumb Code     0  startup_at32f435_437.o(.text)
    TMR8_BRK_TMR12_IRQHandler                0x9000010b   Thumb Code     0  startup_at32f435_437.o(.text)
    TMR8_CH_IRQHandler                       0x9000010b   Thumb Code     0  startup_at32f435_437.o(.text)
    TMR8_OVF_TMR13_IRQHandler                0x9000010b   Thumb Code     0  startup_at32f435_437.o(.text)
    TMR8_TRG_HALL_TMR14_IRQHandler           0x9000010b   Thumb Code     0  startup_at32f435_437.o(.text)
    UART4_IRQHandler                         0x9000010b   Thumb Code     0  startup_at32f435_437.o(.text)
    UART5_IRQHandler                         0x9000010b   Thumb Code     0  startup_at32f435_437.o(.text)
    UART7_IRQHandler                         0x9000010b   Thumb Code     0  startup_at32f435_437.o(.text)
    UART8_IRQHandler                         0x9000010b   Thumb Code     0  startup_at32f435_437.o(.text)
    USART1_IRQHandler                        0x9000010b   Thumb Code     0  startup_at32f435_437.o(.text)
    USART2_IRQHandler                        0x9000010b   Thumb Code     0  startup_at32f435_437.o(.text)
    USART3_IRQHandler                        0x9000010b   Thumb Code     0  startup_at32f435_437.o(.text)
    USART6_IRQHandler                        0x9000010b   Thumb Code     0  startup_at32f435_437.o(.text)
    WWDT_IRQHandler                          0x9000010b   Thumb Code     0  startup_at32f435_437.o(.text)
    XMC_IRQHandler                           0x9000010b   Thumb Code     0  startup_at32f435_437.o(.text)
    __user_initial_stackheap                 0x9000010d   Thumb Code     0  startup_at32f435_437.o(.text)
    __use_no_semihosting                     0x90000131   Thumb Code     2  use_no_semi_2.o(.text)
    __aeabi_uldivmod                         0x90000133   Thumb Code     0  lludivv7m.o(.text)
    _ll_udiv                                 0x90000133   Thumb Code   238  lludivv7m.o(.text)
    __2printf                                0x90000221   Thumb Code    20  noretval__2printf.o(.text)
    __printf                                 0x90000239   Thumb Code   104  __printf.o(.text)
    __aeabi_memcpy                           0x900002a1   Thumb Code     0  rt_memcpy_v6.o(.text)
    __rt_memcpy                              0x900002a1   Thumb Code   138  rt_memcpy_v6.o(.text)
    _memcpy_lastbytes                        0x90000307   Thumb Code     0  rt_memcpy_v6.o(.text)
    __aeabi_memset                           0x9000032b   Thumb Code    16  aeabi_memset.o(.text)
    __aeabi_memclr4                          0x9000033b   Thumb Code     0  rt_memclr_w.o(.text)
    __aeabi_memclr8                          0x9000033b   Thumb Code     0  rt_memclr_w.o(.text)
    __rt_memclr_w                            0x9000033b   Thumb Code    78  rt_memclr_w.o(.text)
    _memset_w                                0x9000033f   Thumb Code     0  rt_memclr_w.o(.text)
    __use_two_region_memory                  0x90000389   Thumb Code     2  heapauxi.o(.text)
    __rt_heap_escrow$2region                 0x9000038b   Thumb Code     2  heapauxi.o(.text)
    __rt_heap_expand$2region                 0x9000038d   Thumb Code     2  heapauxi.o(.text)
    __I$use$semihosting                      0x9000038f   Thumb Code     0  use_no_semi.o(.text)
    __use_no_semihosting_swi                 0x9000038f   Thumb Code     2  use_no_semi.o(.text)
    _printf_char_common                      0x9000039b   Thumb Code    32  _printf_char_common.o(.text)
    _printf_char_file                        0x900003c1   Thumb Code    32  _printf_char_file.o(.text)
    __aeabi_memcpy4                          0x900003e5   Thumb Code     0  rt_memcpy_w.o(.text)
    __aeabi_memcpy8                          0x900003e5   Thumb Code     0  rt_memcpy_w.o(.text)
    __rt_memcpy_w                            0x900003e5   Thumb Code   100  rt_memcpy_w.o(.text)
    _memcpy_lastbytes_aligned                0x9000042d   Thumb Code     0  rt_memcpy_w.o(.text)
    __aeabi_memclr                           0x90000449   Thumb Code     0  rt_memclr.o(.text)
    __rt_memclr                              0x90000449   Thumb Code    68  rt_memclr.o(.text)
    _memset                                  0x9000044d   Thumb Code     0  rt_memclr.o(.text)
    ferror                                   0x9000048d   Thumb Code     8  ferror.o(.text)
    __user_setup_stackheap                   0x90000495   Thumb Code    74  sys_stackheap_outer.o(.text)
    exit                                     0x900004df   Thumb Code    18  exit.o(.text)
    __user_libspace                          0x900004f1   Thumb Code     8  libspace.o(.text)
    __user_perproc_libspace                  0x900004f1   Thumb Code     0  libspace.o(.text)
    __user_perthread_libspace                0x900004f1   Thumb Code     0  libspace.o(.text)
    App_main                                 0x900004f9   Thumb Code    18  main.o(i.App_main)
    BusFault_Handler                         0x90000525   Thumb Code     2  at32f435_437_int.o(i.BusFault_Handler)
    DebugMon_Handler                         0x90000527   Thumb Code     2  at32f435_437_int.o(i.DebugMon_Handler)
    HardFault_Handler                        0x90000529   Thumb Code     2  at32f435_437_int.o(i.HardFault_Handler)
    MemManage_Handler                        0x9000052b   Thumb Code     2  at32f435_437_int.o(i.MemManage_Handler)
    NMI_Handler                              0x9000052d   Thumb Code     2  at32f435_437_int.o(i.NMI_Handler)
    SysTick_Handler                          0x90000531   Thumb Code    38  port.o(i.SysTick_Handler)
    SystemInit                               0x9000055d   Thumb Code    92  system_at32f435_437.o(i.SystemInit)
    TMR2_GLOBAL_IRQHandler                   0x900005c9   Thumb Code    38  freertos_tick.o(i.TMR2_GLOBAL_IRQHandler)
    UsageFault_Handler                       0x900005f5   Thumb Code     2  at32f435_437_int.o(i.UsageFault_Handler)
    _sys_exit                                0x900005f7   Thumb Code     2  at32f435_437_board.o(i._sys_exit)
    crm_ahb_div_set                          0x900005f9   Thumb Code    12  at32f435_437_crm.o(i.crm_ahb_div_set)
    crm_apb1_div_set                         0x90000609   Thumb Code    12  at32f435_437_crm.o(i.crm_apb1_div_set)
    crm_apb2_div_set                         0x90000619   Thumb Code    12  at32f435_437_crm.o(i.crm_apb2_div_set)
    crm_auto_step_mode_enable                0x90000629   Thumb Code    26  at32f435_437_crm.o(i.crm_auto_step_mode_enable)
    crm_clock_source_enable                  0x90000649   Thumb Code    74  at32f435_437_crm.o(i.crm_clock_source_enable)
    crm_clocks_freq_get                      0x90000699   Thumb Code   152  at32f435_437_crm.o(i.crm_clocks_freq_get)
    crm_flag_get                             0x90000741   Thumb Code    30  at32f435_437_crm.o(i.crm_flag_get)
    crm_hext_stable_wait                     0x90000765   Thumb Code    44  at32f435_437_crm.o(i.crm_hext_stable_wait)
    crm_periph_clock_enable                  0x90000791   Thumb Code    44  at32f435_437_crm.o(i.crm_periph_clock_enable)
    crm_pll_config                           0x900007c1   Thumb Code    54  at32f435_437_crm.o(i.crm_pll_config)
    crm_reset                                0x900007fd   Thumb Code    74  at32f435_437_crm.o(i.crm_reset)
    crm_sysclk_switch                        0x90000855   Thumb Code    12  at32f435_437_crm.o(i.crm_sysclk_switch)
    crm_sysclk_switch_status_get             0x90000865   Thumb Code    10  at32f435_437_crm.o(i.crm_sysclk_switch_status_get)
    fputc                                    0x90000875   Thumb Code    30  at32f435_437_board.o(i.fputc)
    gpio_default_para_init                   0x90000899   Thumb Code    20  at32f435_437_gpio.o(i.gpio_default_para_init)
    gpio_init                                0x900008ad   Thumb Code   100  at32f435_437_gpio.o(i.gpio_init)
    gpio_pin_mux_config                      0x90000911   Thumb Code    48  at32f435_437_gpio.o(i.gpio_pin_mux_config)
    main                                     0x90000941   Thumb Code    50  main.o(i.main)
    pvPortMalloc                             0x900011fd   Thumb Code   232  heap_4.o(i.pvPortMalloc)
    pxPortInitialiseStack                    0x900012e9   Thumb Code    30  port.o(i.pxPortInitialiseStack)
    system_clock_config                      0x9000130d   Thumb Code   136  at32f435_437_clock.o(i.system_clock_config)
    system_core_clock_update                 0x900013a1   Thumb Code   118  system_at32f435_437.o(i.system_core_clock_update)
    tmr_flag_clear                           0x9000142d   Thumb Code     6  at32f435_437_tmr.o(i.tmr_flag_clear)
    tmr_flag_get                             0x90001433   Thumb Code    14  at32f435_437_tmr.o(i.tmr_flag_get)
    uart_print_init                          0x90001441   Thumb Code   106  at32f435_437_board.o(i.uart_print_init)
    usart_data_transmit                      0x900014b9   Thumb Code     8  at32f435_437_usart.o(i.usart_data_transmit)
    usart_enable                             0x900014c1   Thumb Code    10  at32f435_437_usart.o(i.usart_enable)
    usart_flag_get                           0x900014cb   Thumb Code    14  at32f435_437_usart.o(i.usart_flag_get)
    usart_init                               0x900014d9   Thumb Code   150  at32f435_437_usart.o(i.usart_init)
    usart_transmitter_enable                 0x90001579   Thumb Code    10  at32f435_437_usart.o(i.usart_transmitter_enable)
    uxListRemove                             0x90001583   Thumb Code    38  list.o(i.uxListRemove)
    vListInitialise                          0x900015a9   Thumb Code    22  list.o(i.vListInitialise)
    vListInitialiseItem                      0x900015bf   Thumb Code     6  list.o(i.vListInitialiseItem)
    vListInsert                              0x900015c5   Thumb Code    48  list.o(i.vListInsert)
    vListInsertEnd                           0x900015f5   Thumb Code    24  list.o(i.vListInsertEnd)
    vPortEnterCritical                       0x9000160d   Thumb Code    54  port.o(i.vPortEnterCritical)
    vPortExitCritical                        0x9000164d   Thumb Code    38  port.o(i.vPortExitCritical)
    vPortFree                                0x90001679   Thumb Code    94  heap_4.o(i.vPortFree)
    vPortSetupTimerInterrupt                 0x900016dd   Thumb Code    32  port.o(i.vPortSetupTimerInterrupt)
    vPortValidateInterruptPriority           0x90001701   Thumb Code    74  port.o(i.vPortValidateInterruptPriority)
    vQueueWaitForMessageRestricted           0x90001755   Thumb Code    70  queue.o(i.vQueueWaitForMessageRestricted)
    vTaskDelay                               0x9000179d   Thumb Code    70  tasks.o(i.vTaskDelay)
    vTaskInternalSetTimeOutState             0x900017ed   Thumb Code    12  tasks.o(i.vTaskInternalSetTimeOutState)
    vTaskMissedYield                         0x900017fd   Thumb Code     8  tasks.o(i.vTaskMissedYield)
    vTaskPlaceOnEventList                    0x90001809   Thumb Code    46  tasks.o(i.vTaskPlaceOnEventList)
    vTaskPlaceOnEventListRestricted          0x9000183d   Thumb Code    54  tasks.o(i.vTaskPlaceOnEventListRestricted)
    vTaskStartScheduler                      0x90001879   Thumb Code    98  tasks.o(i.vTaskStartScheduler)
    vTaskSuspendAll                          0x900018f1   Thumb Code    10  tasks.o(i.vTaskSuspendAll)
    vTaskSwitchContext                       0x90001901   Thumb Code   118  tasks.o(i.vTaskSwitchContext)
    xPortStartScheduler                      0x90001985   Thumb Code   222  port.o(i.xPortStartScheduler)
    xQueueGenericCreate                      0x90001a79   Thumb Code   112  queue.o(i.xQueueGenericCreate)
    xQueueGenericReset                       0x90001ae9   Thumb Code   134  queue.o(i.xQueueGenericReset)
    xQueueGenericSend                        0x90001b75   Thumb Code   390  queue.o(i.xQueueGenericSend)
    xQueueGenericSendFromISR                 0x90001d01   Thumb Code   242  queue.o(i.xQueueGenericSendFromISR)
    xQueueReceive                            0x90001df5   Thumb Code   310  queue.o(i.xQueueReceive)
    xTaskCheckForTimeOut                     0x90001f31   Thumb Code   122  tasks.o(i.xTaskCheckForTimeOut)
    xTaskCreate                              0x90001fb1   Thumb Code    96  tasks.o(i.xTaskCreate)
    xTaskGetSchedulerState                   0x90002011   Thumb Code    24  tasks.o(i.xTaskGetSchedulerState)
    xTaskGetTickCount                        0x9000202d   Thumb Code     6  tasks.o(i.xTaskGetTickCount)
    xTaskIncrementTick                       0x90002039   Thumb Code   198  tasks.o(i.xTaskIncrementTick)
    xTaskPriorityDisinherit                  0x90002109   Thumb Code   136  tasks.o(i.xTaskPriorityDisinherit)
    xTaskRemoveFromEventList                 0x90002199   Thumb Code   112  tasks.o(i.xTaskRemoveFromEventList)
    xTaskResumeAll                           0x90002215   Thumb Code   190  tasks.o(i.xTaskResumeAll)
    xTimerCreateTimerTask                    0x900022e5   Thumb Code    60  timers.o(i.xTimerCreateTimerTask)
    xTimerGenericCommand                     0x90002331   Thumb Code    98  timers.o(i.xTimerGenericCommand)
    _fp_init                                 0x90002399   Thumb Code    10  fpinit.o(x$fpl$fpinit)
    __fplib_config_fpu_vfp                   0x900023a1   Thumb Code     0  fpinit.o(x$fpl$fpinit)
    __fplib_config_pureend_doubles           0x900023a1   Thumb Code     0  fpinit.o(x$fpl$fpinit)



==============================================================================

Memory Map of the image

  Image Entry point : 0x0800020d

  Load Region LR_IROM1 (Base: 0x08000000, Size: 0x0000034c, Max: 0x00100000, ABSOLUTE)

    Execution Region ER_IROM1 (Exec base: 0x08000000, Load base: 0x08000000, Size: 0x000002ac, Max: 0x00100000, ABSOLUTE)

    Exec Addr    Load Addr    Size         Type   Attr      Idx    E Section Name        Object

    0x08000000   0x08000000   0x0000020c   Data   RO         5121    RESET               startup_at32f435_437.o
    0x0800020c   0x0800020c   0x00000008   Code   RO         6415  * !!!main             c_w.l(__main.o)
    0x08000214   0x08000214   0x00000034   Code   RO         6601    !!!scatter          c_w.l(__scatter.o)
    0x08000248   0x08000248   0x0000001a   Code   RO         6603    !!handler_copy      c_w.l(__scatter_copy.o)
    0x08000262   0x08000262   0x00000002   PAD
    0x08000264   0x08000264   0x0000001c   Code   RO         6605    !!handler_zi        c_w.l(__scatter_zi.o)
    0x08000280   0x08000280   0x0000000a   Ven    RO         6607    Veneer$$Code        anon$$obj.o
    0x0800028a   0x0800028a   0x00000002   PAD
    0x0800028c   0x0800028c   0x00000020   Data   RO         6599    Region$$Table       anon$$obj.o


    Execution Region RW_IRAM1 (Exec base: 0x20000000, Load base: 0x080002ac, Size: 0x00008210, Max: 0x00060000, ABSOLUTE)

    Exec Addr    Load Addr    Size         Type   Attr      Idx    E Section Name        Object

    0x20000000   0x080002ac   0x00000004   Data   RW            8    .data               main.o
    0x20000004   0x080002b0   0x00000004   Data   RW          324    .data               at32f435_437_board.o
    0x20000008   0x080002b4   0x00000008   Data   RW          431    .data               freertos_tick.o
    0x20000010   0x080002bc   0x00000004   Data   RW         5088    .data               system_at32f435_437.o
    0x20000014   0x080002c0   0x00000048   Data   RW         5190    .data               tasks.o
    0x2000005c   0x08000308   0x00000014   Data   RW         5562    .data               timers.o
    0x20000070   0x0800031c   0x00000020   Data   RW         6231    .data               heap_4.o
    0x20000090   0x0800033c   0x00000010   Data   RW         6287    .data               port.o
    0x200000a0        -       0x000002e4   Zero   RW         5189    .bss                tasks.o
    0x20000384        -       0x00000028   Zero   RW         5561    .bss                timers.o
    0x200003ac        -       0x00007800   Zero   RW         6230    .bss                heap_4.o
    0x20007bac        -       0x00000060   Zero   RW         6477    .bss                c_w.l(libspace.o)
    0x20007c0c   0x0800034c   0x00000004   PAD
    0x20007c10        -       0x00000200   Zero   RW         5120    HEAP                startup_at32f435_437.o
    0x20007e10        -       0x00000400   Zero   RW         5119    STACK               startup_at32f435_437.o



  Load Region LR_IROM2 (Base: 0x90000000, Size: 0x000023e0, Max: 0x00400000, ABSOLUTE)

    Execution Region ER_IROM2 (Exec base: 0x90000000, Load base: 0x90000000, Size: 0x000023e0, Max: 0x00400000, ABSOLUTE)

    Exec Addr    Load Addr    Size         Type   Attr      Idx    E Section Name        Object

    0x90000000   0x90000000   0x00000000   Code   RO         6400    .ARM.Collect$$_printf_percent$$00000000  c_w.l(_printf_percent.o)
    0x90000000   0x90000000   0x00000004   Code   RO         6434    .ARM.Collect$$_printf_percent$$00000017  c_w.l(_printf_percent_end.o)
    0x90000004   0x90000004   0x00000002   Code   RO         6475    .ARM.Collect$$libinit$$00000000  c_w.l(libinit.o)
    0x90000006   0x90000006   0x00000004   Code   RO         6487    .ARM.Collect$$libinit$$00000001  c_w.l(libinit2.o)
    0x9000000a   0x9000000a   0x00000000   Code   RO         6490    .ARM.Collect$$libinit$$00000004  c_w.l(libinit2.o)
    0x9000000a   0x9000000a   0x00000000   Code   RO         6493    .ARM.Collect$$libinit$$0000000A  c_w.l(libinit2.o)
    0x9000000a   0x9000000a   0x00000000   Code   RO         6495    .ARM.Collect$$libinit$$0000000C  c_w.l(libinit2.o)
    0x9000000a   0x9000000a   0x00000000   Code   RO         6497    .ARM.Collect$$libinit$$0000000E  c_w.l(libinit2.o)
    0x9000000a   0x9000000a   0x00000000   Code   RO         6500    .ARM.Collect$$libinit$$00000011  c_w.l(libinit2.o)
    0x9000000a   0x9000000a   0x00000000   Code   RO         6502    .ARM.Collect$$libinit$$00000013  c_w.l(libinit2.o)
    0x9000000a   0x9000000a   0x00000000   Code   RO         6504    .ARM.Collect$$libinit$$00000015  c_w.l(libinit2.o)
    0x9000000a   0x9000000a   0x00000000   Code   RO         6506    .ARM.Collect$$libinit$$00000017  c_w.l(libinit2.o)
    0x9000000a   0x9000000a   0x00000000   Code   RO         6508    .ARM.Collect$$libinit$$00000019  c_w.l(libinit2.o)
    0x9000000a   0x9000000a   0x00000000   Code   RO         6510    .ARM.Collect$$libinit$$0000001B  c_w.l(libinit2.o)
    0x9000000a   0x9000000a   0x00000000   Code   RO         6512    .ARM.Collect$$libinit$$0000001D  c_w.l(libinit2.o)
    0x9000000a   0x9000000a   0x00000000   Code   RO         6514    .ARM.Collect$$libinit$$0000001F  c_w.l(libinit2.o)
    0x9000000a   0x9000000a   0x00000000   Code   RO         6516    .ARM.Collect$$libinit$$00000021  c_w.l(libinit2.o)
    0x9000000a   0x9000000a   0x00000000   Code   RO         6518    .ARM.Collect$$libinit$$00000023  c_w.l(libinit2.o)
    0x9000000a   0x9000000a   0x00000000   Code   RO         6520    .ARM.Collect$$libinit$$00000025  c_w.l(libinit2.o)
    0x9000000a   0x9000000a   0x00000000   Code   RO         6524    .ARM.Collect$$libinit$$0000002C  c_w.l(libinit2.o)
    0x9000000a   0x9000000a   0x00000000   Code   RO         6526    .ARM.Collect$$libinit$$0000002E  c_w.l(libinit2.o)
    0x9000000a   0x9000000a   0x00000000   Code   RO         6528    .ARM.Collect$$libinit$$00000030  c_w.l(libinit2.o)
    0x9000000a   0x9000000a   0x00000000   Code   RO         6530    .ARM.Collect$$libinit$$00000032  c_w.l(libinit2.o)
    0x9000000a   0x9000000a   0x00000002   Code   RO         6531    .ARM.Collect$$libinit$$00000033  c_w.l(libinit2.o)
    0x9000000c   0x9000000c   0x00000002   Code   RO         6555    .ARM.Collect$$libshutdown$$00000000  c_w.l(libshutdown.o)
    0x9000000e   0x9000000e   0x00000000   Code   RO         6581    .ARM.Collect$$libshutdown$$00000002  c_w.l(libshutdown2.o)
    0x9000000e   0x9000000e   0x00000000   Code   RO         6583    .ARM.Collect$$libshutdown$$00000004  c_w.l(libshutdown2.o)
    0x9000000e   0x9000000e   0x00000000   Code   RO         6585    .ARM.Collect$$libshutdown$$00000006  c_w.l(libshutdown2.o)
    0x9000000e   0x9000000e   0x00000000   Code   RO         6588    .ARM.Collect$$libshutdown$$00000009  c_w.l(libshutdown2.o)
    0x9000000e   0x9000000e   0x00000000   Code   RO         6591    .ARM.Collect$$libshutdown$$0000000C  c_w.l(libshutdown2.o)
    0x9000000e   0x9000000e   0x00000000   Code   RO         6593    .ARM.Collect$$libshutdown$$0000000E  c_w.l(libshutdown2.o)
    0x9000000e   0x9000000e   0x00000000   Code   RO         6596    .ARM.Collect$$libshutdown$$00000011  c_w.l(libshutdown2.o)
    0x9000000e   0x9000000e   0x00000002   Code   RO         6597    .ARM.Collect$$libshutdown$$00000012  c_w.l(libshutdown2.o)
    0x90000010   0x90000010   0x00000000   Code   RO         6419    .ARM.Collect$$rtentry$$00000000  c_w.l(__rtentry.o)
    0x90000010   0x90000010   0x00000000   Code   RO         6440    .ARM.Collect$$rtentry$$00000002  c_w.l(__rtentry2.o)
    0x90000010   0x90000010   0x00000006   Code   RO         6452    .ARM.Collect$$rtentry$$00000004  c_w.l(__rtentry4.o)
    0x90000016   0x90000016   0x00000000   Code   RO         6442    .ARM.Collect$$rtentry$$00000009  c_w.l(__rtentry2.o)
    0x90000016   0x90000016   0x00000004   Code   RO         6443    .ARM.Collect$$rtentry$$0000000A  c_w.l(__rtentry2.o)
    0x9000001a   0x9000001a   0x00000000   Code   RO         6445    .ARM.Collect$$rtentry$$0000000C  c_w.l(__rtentry2.o)
    0x9000001a   0x9000001a   0x00000008   Code   RO         6446    .ARM.Collect$$rtentry$$0000000D  c_w.l(__rtentry2.o)
    0x90000022   0x90000022   0x00000002   Code   RO         6479    .ARM.Collect$$rtexit$$00000000  c_w.l(rtexit.o)
    0x90000024   0x90000024   0x00000000   Code   RO         6533    .ARM.Collect$$rtexit$$00000002  c_w.l(rtexit2.o)
    0x90000024   0x90000024   0x00000004   Code   RO         6534    .ARM.Collect$$rtexit$$00000003  c_w.l(rtexit2.o)
    0x90000028   0x90000028   0x00000006   Code   RO         6535    .ARM.Collect$$rtexit$$00000004  c_w.l(rtexit2.o)
    0x9000002e   0x9000002e   0x00000002   PAD
    0x90000030   0x90000030   0x000000be   Code   RO         6277    .emb_text           port.o
    0x900000ee   0x900000ee   0x00000002   PAD
    0x900000f0   0x900000f0   0x00000040   Code   RO         5122    .text               startup_at32f435_437.o
    0x90000130   0x90000130   0x00000002   Code   RO         6360    .text               c_w.l(use_no_semi_2.o)
    0x90000132   0x90000132   0x000000ee   Code   RO         6362    .text               c_w.l(lludivv7m.o)
    0x90000220   0x90000220   0x00000018   Code   RO         6368    .text               c_w.l(noretval__2printf.o)
    0x90000238   0x90000238   0x00000068   Code   RO         6372    .text               c_w.l(__printf.o)
    0x900002a0   0x900002a0   0x0000008a   Code   RO         6405    .text               c_w.l(rt_memcpy_v6.o)
    0x9000032a   0x9000032a   0x00000010   Code   RO         6409    .text               c_w.l(aeabi_memset.o)
    0x9000033a   0x9000033a   0x0000004e   Code   RO         6411    .text               c_w.l(rt_memclr_w.o)
    0x90000388   0x90000388   0x00000006   Code   RO         6413    .text               c_w.l(heapauxi.o)
    0x9000038e   0x9000038e   0x00000002   Code   RO         6417    .text               c_w.l(use_no_semi.o)
    0x90000390   0x90000390   0x00000030   Code   RO         6426    .text               c_w.l(_printf_char_common.o)
    0x900003c0   0x900003c0   0x00000024   Code   RO         6432    .text               c_w.l(_printf_char_file.o)
    0x900003e4   0x900003e4   0x00000064   Code   RO         6435    .text               c_w.l(rt_memcpy_w.o)
    0x90000448   0x90000448   0x00000044   Code   RO         6437    .text               c_w.l(rt_memclr.o)
    0x9000048c   0x9000048c   0x00000008   Code   RO         6458    .text               c_w.l(ferror.o)
    0x90000494   0x90000494   0x0000004a   Code   RO         6462    .text               c_w.l(sys_stackheap_outer.o)
    0x900004de   0x900004de   0x00000012   Code   RO         6464    .text               c_w.l(exit.o)
    0x900004f0   0x900004f0   0x00000008   Code   RO         6476    .text               c_w.l(libspace.o)
    0x900004f8   0x900004f8   0x0000002c   Code   RO            4    i.App_main          main.o
    0x90000524   0x90000524   0x00000002   Code   RO          250    i.BusFault_Handler  at32f435_437_int.o
    0x90000526   0x90000526   0x00000002   Code   RO          251    i.DebugMon_Handler  at32f435_437_int.o
    0x90000528   0x90000528   0x00000002   Code   RO          252    i.HardFault_Handler  at32f435_437_int.o
    0x9000052a   0x9000052a   0x00000002   Code   RO          253    i.MemManage_Handler  at32f435_437_int.o
    0x9000052c   0x9000052c   0x00000002   Code   RO          254    i.NMI_Handler       at32f435_437_int.o
    0x9000052e   0x9000052e   0x00000002   PAD
    0x90000530   0x90000530   0x0000002c   Code   RO         6278    i.SysTick_Handler   port.o
    0x9000055c   0x9000055c   0x0000006c   Code   RO         5085    i.SystemInit        system_at32f435_437.o
    0x900005c8   0x900005c8   0x0000002c   Code   RO          430    i.TMR2_GLOBAL_IRQHandler  freertos_tick.o
    0x900005f4   0x900005f4   0x00000002   Code   RO          255    i.UsageFault_Handler  at32f435_437_int.o
    0x900005f6   0x900005f6   0x00000002   Code   RO          307    i._sys_exit         at32f435_437_board.o
    0x900005f8   0x900005f8   0x00000010   Code   RO         4468    i.crm_ahb_div_set   at32f435_437_crm.o
    0x90000608   0x90000608   0x00000010   Code   RO         4469    i.crm_apb1_div_set  at32f435_437_crm.o
    0x90000618   0x90000618   0x00000010   Code   RO         4470    i.crm_apb2_div_set  at32f435_437_crm.o
    0x90000628   0x90000628   0x00000020   Code   RO         4471    i.crm_auto_step_mode_enable  at32f435_437_crm.o
    0x90000648   0x90000648   0x00000050   Code   RO         4478    i.crm_clock_source_enable  at32f435_437_crm.o
    0x90000698   0x90000698   0x000000a8   Code   RO         4479    i.crm_clocks_freq_get  at32f435_437_crm.o
    0x90000740   0x90000740   0x00000024   Code   RO         4484    i.crm_flag_get      at32f435_437_crm.o
    0x90000764   0x90000764   0x0000002c   Code   RO         4486    i.crm_hext_stable_wait  at32f435_437_crm.o
    0x90000790   0x90000790   0x00000030   Code   RO         4493    i.crm_periph_clock_enable  at32f435_437_crm.o
    0x900007c0   0x900007c0   0x0000003c   Code   RO         4496    i.crm_pll_config    at32f435_437_crm.o
    0x900007fc   0x900007fc   0x00000058   Code   RO         4498    i.crm_reset         at32f435_437_crm.o
    0x90000854   0x90000854   0x00000010   Code   RO         4499    i.crm_sysclk_switch  at32f435_437_crm.o
    0x90000864   0x90000864   0x00000010   Code   RO         4500    i.crm_sysclk_switch_status_get  at32f435_437_crm.o
    0x90000874   0x90000874   0x00000024   Code   RO          321    i.fputc             at32f435_437_board.o
    0x90000898   0x90000898   0x00000014   Code   RO         4700    i.gpio_default_para_init  at32f435_437_gpio.o
    0x900008ac   0x900008ac   0x00000064   Code   RO         4701    i.gpio_init         at32f435_437_gpio.o
    0x90000910   0x90000910   0x00000030   Code   RO         4706    i.gpio_pin_mux_config  at32f435_437_gpio.o
    0x90000940   0x90000940   0x00000048   Code   RO            5    i.main              main.o
    0x90000988   0x90000988   0x00000070   Code   RO         5128    i.prvAddCurrentTaskToDelayedList  tasks.o
    0x900009f8   0x900009f8   0x0000008c   Code   RO         5129    i.prvAddNewTaskToReadyList  tasks.o
    0x90000a84   0x90000a84   0x00000040   Code   RO         5538    i.prvCheckForValidListAndQueue  timers.o
    0x90000ac4   0x90000ac4   0x0000003c   Code   RO         5130    i.prvCheckTasksWaitingTermination  tasks.o
    0x90000b00   0x90000b00   0x00000028   Code   RO         5695    i.prvCopyDataFromQueue  queue.o
    0x90000b28   0x90000b28   0x0000006e   Code   RO         5696    i.prvCopyDataToQueue  queue.o
    0x90000b96   0x90000b96   0x00000014   Code   RO         5131    i.prvDeleteTCB      tasks.o
    0x90000baa   0x90000baa   0x00000002   PAD
    0x90000bac   0x90000bac   0x00000024   Code   RO         5539    i.prvGetNextExpireTime  timers.o
    0x90000bd0   0x90000bd0   0x0000004c   Code   RO         6222    i.prvHeapInit       heap_4.o
    0x90000c1c   0x90000c1c   0x00000028   Code   RO         5132    i.prvIdleTask       tasks.o
    0x90000c44   0x90000c44   0x00000026   Code   RO         5699    i.prvInitialiseNewQueue  queue.o
    0x90000c6a   0x90000c6a   0x000000ac   Code   RO         5133    i.prvInitialiseNewTask  tasks.o
    0x90000d16   0x90000d16   0x00000002   PAD
    0x90000d18   0x90000d18   0x00000058   Code   RO         5134    i.prvInitialiseTaskLists  tasks.o
    0x90000d70   0x90000d70   0x00000054   Code   RO         6223    i.prvInsertBlockIntoFreeList  heap_4.o
    0x90000dc4   0x90000dc4   0x00000040   Code   RO         5541    i.prvInsertTimerInActiveList  timers.o
    0x90000e04   0x90000e04   0x0000001a   Code   RO         5700    i.prvIsQueueEmpty   queue.o
    0x90000e1e   0x90000e1e   0x0000001e   Code   RO         5701    i.prvIsQueueFull    queue.o
    0x90000e3c   0x90000e3c   0x00000082   Code   RO         5702    i.prvNotifyQueueSetContainer  queue.o
    0x90000ebe   0x90000ebe   0x00000002   PAD
    0x90000ec0   0x90000ec0   0x00000068   Code   RO         5542    i.prvProcessExpiredTimer  timers.o
    0x90000f28   0x90000f28   0x000000f0   Code   RO         5543    i.prvProcessReceivedCommands  timers.o
    0x90001018   0x90001018   0x0000006c   Code   RO         5544    i.prvProcessTimerOrBlockTask  timers.o
    0x90001084   0x90001084   0x00000020   Code   RO         5136    i.prvResetNextTaskUnblockTime  tasks.o
    0x900010a4   0x900010a4   0x0000002c   Code   RO         5545    i.prvSampleTimeNow  timers.o
    0x900010d0   0x900010d0   0x00000070   Code   RO         5546    i.prvSwitchTimerLists  timers.o
    0x90001140   0x90001140   0x0000002c   Code   RO         6279    i.prvTaskExitError  port.o
    0x9000116c   0x9000116c   0x00000014   Code   RO         5547    i.prvTimerTask      timers.o
    0x90001180   0x90001180   0x0000007c   Code   RO         5703    i.prvUnlockQueue    queue.o
    0x900011fc   0x900011fc   0x000000ec   Code   RO         6224    i.pvPortMalloc      heap_4.o
    0x900012e8   0x900012e8   0x00000024   Code   RO         6280    i.pxPortInitialiseStack  port.o
    0x9000130c   0x9000130c   0x00000094   Code   RO          226    i.system_clock_config  at32f435_437_clock.o
    0x900013a0   0x900013a0   0x0000008c   Code   RO         5086    i.system_core_clock_update  system_at32f435_437.o
    0x9000142c   0x9000142c   0x00000006   Code   RO         3526    i.tmr_flag_clear    at32f435_437_tmr.o
    0x90001432   0x90001432   0x0000000e   Code   RO         3527    i.tmr_flag_get      at32f435_437_tmr.o
    0x90001440   0x90001440   0x00000078   Code   RO          322    i.uart_print_init   at32f435_437_board.o
    0x900014b8   0x900014b8   0x00000008   Code   RO         4868    i.usart_data_transmit  at32f435_437_usart.o
    0x900014c0   0x900014c0   0x0000000a   Code   RO         4872    i.usart_enable      at32f435_437_usart.o
    0x900014ca   0x900014ca   0x0000000e   Code   RO         4874    i.usart_flag_get    at32f435_437_usart.o
    0x900014d8   0x900014d8   0x000000a0   Code   RO         4877    i.usart_init        at32f435_437_usart.o
    0x90001578   0x90001578   0x0000000a   Code   RO         4894    i.usart_transmitter_enable  at32f435_437_usart.o
    0x90001582   0x90001582   0x00000026   Code   RO         6024    i.uxListRemove      list.o
    0x900015a8   0x900015a8   0x00000016   Code   RO         6025    i.vListInitialise   list.o
    0x900015be   0x900015be   0x00000006   Code   RO         6026    i.vListInitialiseItem  list.o
    0x900015c4   0x900015c4   0x00000030   Code   RO         6027    i.vListInsert       list.o
    0x900015f4   0x900015f4   0x00000018   Code   RO         6028    i.vListInsertEnd    list.o
    0x9000160c   0x9000160c   0x00000040   Code   RO         6282    i.vPortEnterCritical  port.o
    0x9000164c   0x9000164c   0x0000002c   Code   RO         6283    i.vPortExitCritical  port.o
    0x90001678   0x90001678   0x00000064   Code   RO         6225    i.vPortFree         heap_4.o
    0x900016dc   0x900016dc   0x00000024   Code   RO         6284    i.vPortSetupTimerInterrupt  port.o
    0x90001700   0x90001700   0x00000054   Code   RO         6285    i.vPortValidateInterruptPriority  port.o
    0x90001754   0x90001754   0x00000046   Code   RO         5711    i.vQueueWaitForMessageRestricted  queue.o
    0x9000179a   0x9000179a   0x00000002   PAD
    0x9000179c   0x9000179c   0x00000050   Code   RO         5149    i.vTaskDelay        tasks.o
    0x900017ec   0x900017ec   0x00000010   Code   RO         5155    i.vTaskInternalSetTimeOutState  tasks.o
    0x900017fc   0x900017fc   0x0000000c   Code   RO         5157    i.vTaskMissedYield  tasks.o
    0x90001808   0x90001808   0x00000034   Code   RO         5158    i.vTaskPlaceOnEventList  tasks.o
    0x9000183c   0x9000183c   0x0000003c   Code   RO         5159    i.vTaskPlaceOnEventListRestricted  tasks.o
    0x90001878   0x90001878   0x00000078   Code   RO         5167    i.vTaskStartScheduler  tasks.o
    0x900018f0   0x900018f0   0x00000010   Code   RO         5169    i.vTaskSuspendAll   tasks.o
    0x90001900   0x90001900   0x00000084   Code   RO         5170    i.vTaskSwitchContext  tasks.o
    0x90001984   0x90001984   0x000000f4   Code   RO         6286    i.xPortStartScheduler  port.o
    0x90001a78   0x90001a78   0x00000070   Code   RO         5716    i.xQueueGenericCreate  queue.o
    0x90001ae8   0x90001ae8   0x0000008c   Code   RO         5717    i.xQueueGenericReset  queue.o
    0x90001b74   0x90001b74   0x0000018c   Code   RO         5718    i.xQueueGenericSend  queue.o
    0x90001d00   0x90001d00   0x000000f2   Code   RO         5719    i.xQueueGenericSendFromISR  queue.o
    0x90001df2   0x90001df2   0x00000002   PAD
    0x90001df4   0x90001df4   0x0000013c   Code   RO         5726    i.xQueueReceive     queue.o
    0x90001f30   0x90001f30   0x00000080   Code   RO         5172    i.xTaskCheckForTimeOut  tasks.o
    0x90001fb0   0x90001fb0   0x00000060   Code   RO         5173    i.xTaskCreate       tasks.o
    0x90002010   0x90002010   0x0000001c   Code   RO         5180    i.xTaskGetSchedulerState  tasks.o
    0x9000202c   0x9000202c   0x0000000c   Code   RO         5181    i.xTaskGetTickCount  tasks.o
    0x90002038   0x90002038   0x000000d0   Code   RO         5183    i.xTaskIncrementTick  tasks.o
    0x90002108   0x90002108   0x00000090   Code   RO         5184    i.xTaskPriorityDisinherit  tasks.o
    0x90002198   0x90002198   0x0000007c   Code   RO         5186    i.xTaskRemoveFromEventList  tasks.o
    0x90002214   0x90002214   0x000000d0   Code   RO         5187    i.xTaskResumeAll    tasks.o
    0x900022e4   0x900022e4   0x0000004c   Code   RO         5555    i.xTimerCreateTimerTask  timers.o
    0x90002330   0x90002330   0x00000068   Code   RO         5556    i.xTimerGenericCommand  timers.o
    0x90002398   0x90002398   0x0000000a   Code   RO         6545    x$fpl$fpinit        fz_wm.l(fpinit.o)
    0x900023a2   0x900023a2   0x00000026   Data   RO         4503    .constdata          at32f435_437_crm.o
    0x900023c8   0x900023c8   0x00000016   Data   RO         5087    .constdata          system_at32f435_437.o


==============================================================================

Image component sizes


      Code (inc. data)   RO Data    RW Data    ZI Data      Debug   Object Name

       158         20          0          4          0       3972   at32f435_437_board.o
       148         12          0          0          0        638   at32f435_437_clock.o
       636         86         38          0          0       9300   at32f435_437_crm.o
       168          0          0          0          0       2559   at32f435_437_gpio.o
        12          0          0          0          0       3037   at32f435_437_int.o
        20          0          0          0          0       1700   at32f435_437_tmr.o
       202         10          0          0          0       3922   at32f435_437_usart.o
        44          6          0          8          0       1195   freertos_tick.o
       496         24          0         32      30720       4963   heap_4.o
       138          0          0          0          0       3606   list.o
       116         48          0          4          0      71532   main.o
       786         84          0         16          0      11953   port.o
      1774         18          0          0          0      23727   queue.o
        64         26        524          0       1536        956   startup_at32f435_437.o
       248         38         22          4          0       2464   system_at32f435_437.o
      2100        194          0         72        740      36808   tasks.o
       972         84          0         20         40      24411   timers.o

    ----------------------------------------------------------------------
      8108        650        618        160      33036     206743   Object Totals
        10          0         32          0          0          0   (incl. Generated)
        16          0          2          0          0          0   (incl. Padding)

    ----------------------------------------------------------------------

      Code (inc. data)   RO Data    RW Data    ZI Data      Debug   Library Member Name

         8          0          0          0          0         68   __main.o
       104          0          0          0          0         84   __printf.o
         0          0          0          0          0          0   __rtentry.o
        12          0          0          0          0          0   __rtentry2.o
         6          0          0          0          0          0   __rtentry4.o
        52          8          0          0          0          0   __scatter.o
        26          0          0          0          0          0   __scatter_copy.o
        28          0          0          0          0          0   __scatter_zi.o
        48          6          0          0          0         96   _printf_char_common.o
        36          4          0          0          0         80   _printf_char_file.o
         0          0          0          0          0          0   _printf_percent.o
         4          0          0          0          0          0   _printf_percent_end.o
        16          0          0          0          0         68   aeabi_memset.o
        18          0          0          0          0         80   exit.o
         8          0          0          0          0         68   ferror.o
         6          0          0          0          0        152   heapauxi.o
         2          0          0          0          0          0   libinit.o
         6          0          0          0          0          0   libinit2.o
         2          0          0          0          0          0   libshutdown.o
         2          0          0          0          0          0   libshutdown2.o
         8          4          0          0         96         68   libspace.o
       238          0          0          0          0        100   lludivv7m.o
        24          4          0          0          0         84   noretval__2printf.o
        68          0          0          0          0         68   rt_memclr.o
        78          0          0          0          0         80   rt_memclr_w.o
       138          0          0          0          0         68   rt_memcpy_v6.o
       100          0          0          0          0         80   rt_memcpy_w.o
         2          0          0          0          0          0   rtexit.o
        10          0          0          0          0          0   rtexit2.o
        74          0          0          0          0         80   sys_stackheap_outer.o
         2          0          0          0          0         68   use_no_semi.o
         2          0          0          0          0         68   use_no_semi_2.o
        10          0          0          0          0        116   fpinit.o

    ----------------------------------------------------------------------
      1142         26          0          0        100       1576   Library Totals
         4          0          0          0          4          0   (incl. Padding)

    ----------------------------------------------------------------------

      Code (inc. data)   RO Data    RW Data    ZI Data      Debug   Library Name

      1128         26          0          0         96       1460   c_w.l
        10          0          0          0          0        116   fz_wm.l

    ----------------------------------------------------------------------
      1142         26          0          0        100       1576   Library Totals

    ----------------------------------------------------------------------

==============================================================================


      Code (inc. data)   RO Data    RW Data    ZI Data      Debug   

      9250        676        618        160      33136     197791   Grand Totals
      9250        676        618        160      33136     197791   ELF Image Totals
      9250        676        618        160          0          0   ROM Totals

==============================================================================

    Total RO  Size (Code + RO Data)                 9868 (   9.64kB)
    Total RW  Size (RW Data + ZI Data)             33296 (  32.52kB)
    Total ROM Size (Code + RO Data + RW Data)      10028 (   9.79kB)

==============================================================================

