<html>
<body>
<pre>
<h1>µVision Build Log</h1>
<h2>Tool Versions:</h2>
IDE-Version: ¦ÌVision V5.38.0.0
Copyright (C) 2022 ARM Ltd and ARM Germany GmbH. All rights reserved.
License Information: tian tian, tian, LIC=EXJT4-F9THW-564Q2-90M8K-EMB3R-369X3
 
Tool Versions:
Toolchain:       MDK-ARM Plus  Version: 5.37.0.0
Toolchain Path:  D:\A_Sofoware\Stu_Soft\Keil\ARM\ARM_COM5\Bin
C Compiler:      Armcc.exe V5.06 update 7 (build 960)
Assembler:       Armasm.exe V5.06 update 7 (build 960)
Linker/Locator:  ArmLink.exe V5.06 update 7 (build 960)
Library Manager: ArmAr.exe V5.06 update 7 (build 960)
Hex Converter:   FromElf.exe V5.06 update 7 (build 960)
CPU DLL:         SARMCM3.DLL V5.37.0.0
Dialog DLL:      DCM.DLL V1.17.5.0
Target DLL:      CMSIS_AGDI.dll V1.33.12.0
Dialog DLL:      TCM.DLL V1.56.1.0
 
<h2>Project:</h2>
D:\C_Github\AT32F435_Demo\HEXT\freertos_Demo\AT32F435_freertos_lvgl_hspi_dma\project\Project.uvprojx
Project File Date:  04/15/2023

<h2>Output:</h2>
*** Using Compiler 'V5.06 update 7 (build 960)', folder: 'D:\A_Sofoware\Stu_Soft\Keil\ARM\ARM_COM5\Bin'
Build target 'Project'
compiling bsp_spi_lcd.c...
compiling at32f435_437_acc.c...
compiling at32f435_437_clock.c...
compiling at32f435_437_int.c...
compiling at32f435_437_board.c...
compiling at32f435_437_adc.c...
compiling lv_tick_custom.c...
compiling main.c...
compiling at32f435_437_can.c...
compiling at32f435_437_crc.c...
compiling at32f435_437_debug.c...
compiling at32f435_437_dac.c...
compiling at32f435_437_dma.c...
compiling at32f435_437_dvp.c...
compiling at32f435_437_edma.c...
compiling at32f435_437_emac.c...
compiling at32f435_437_exint.c...
compiling at32f435_437_i2c.c...
compiling at32f435_437_ertc.c...
compiling at32f435_437_pwc.c...
compiling at32f435_437_qspi.c...
compiling at32f435_437_flash.c...
compiling at32f435_437_scfg.c...
compiling at32f435_437_sdio.c...
compiling at32f435_437_spi.c...
compiling at32f435_437_wwdt.c...
compiling at32f435_437_wdt.c...
compiling at32f435_437_tmr.c...
compiling at32f435_437_usb.c...
compiling at32f435_437_xmc.c...
compiling croutine.c...
compiling event_groups.c...
compiling at32f435_437_crm.c...
compiling list.c...
compiling at32f435_437_gpio.c...
compiling at32f435_437_misc.c...
compiling stream_buffer.c...
compiling queue.c...
compiling system_at32f435_437.c...
compiling heap_4.c...
compiling timers.c...
compiling at32f435_437_usart.c...
compiling tasks.c...
compiling lv_event.c...
compiling lv_port_indev_template.c...
compiling lv_disp.c...
compiling lv_group.c...
compiling port.c...
compiling lv_indev.c...
compiling lv_indev_scroll.c...
compiling lv_obj_class.c...
compiling lv_obj_draw.c...
compiling lv_obj_pos.c...
compiling lv_obj.c...
compiling lv_obj_scroll.c...
compiling lv_port_disp_template.c...
compiling lv_obj_style.c...
compiling lv_obj_style_gen.c...
compiling lv_obj_tree.c...
compiling lv_draw.c...
compiling lv_refr.c...
compiling lv_draw_arc.c...
compiling lv_theme.c...
compiling lv_draw_img.c...
compiling lv_draw_label.c...
compiling lv_draw_layer.c...
compiling lv_draw_line.c...
compiling lv_draw_rect.c...
compiling lv_draw_transform.c...
compiling lv_draw_triangle.c...
compiling lv_img_buf.c...
compiling lv_draw_mask.c...
compiling lv_img_cache.c...
compiling lv_img_decoder.c...
compiling lv_extra.c...
compiling lv_animimg.c...
compiling lv_calendar_header_dropdown.c...
compiling lv_calendar.c...
compiling lv_calendar_header_arrow.c...
compiling lv_colorwheel.c...
compiling lv_imgbtn.c...
compiling lv_keyboard.c...
compiling lv_list.c...
compiling lv_led.c...
compiling lv_chart.c...
compiling lv_menu.c...
compiling lv_meter.c...
compiling lv_msgbox.c...
compiling lv_spinner.c...
compiling lv_spinbox.c...
compiling lv_span.c...
compiling lv_tileview.c...
compiling lv_tabview.c...
compiling lv_win.c...
compiling lv_flex.c...
compiling lv_grid.c...
compiling lv_ffmpeg.c...
compiling lv_bmp.c...
compiling lv_fs_fatfs.c...
compiling lv_freetype.c...
compiling lv_fs_posix.c...
compiling lv_fs_stdio.c...
compiling gifdec.c...
compiling lv_fs_win32.c...
compiling lv_gif.c...
compiling lv_png.c...
compiling lodepng.c...
compiling lv_qrcode.c...
compiling tjpgd.c...
compiling qrcodegen.c...
compiling lv_font.c...
compiling lv_rlottie.c...
compiling lv_sjpg.c...
compiling lv_font_dejavu_16_persian_hebrew.c...
compiling lv_font_fmt_txt.c...
compiling lv_font_montserrat_12.c...
compiling lv_font_montserrat_10.c...
compiling lv_font_montserrat_8.c...
compiling lv_font_montserrat_12_subpx.c...
compiling lv_font_montserrat_14.c...
compiling lv_font_loader.c...
compiling lv_font_montserrat_18.c...
compiling lv_font_montserrat_16.c...
compiling lv_font_montserrat_20.c...
compiling lv_font_montserrat_22.c...
compiling lv_font_montserrat_26.c...
compiling lv_font_montserrat_24.c...
compiling lv_font_montserrat_28.c...
compiling lv_font_montserrat_28_compressed.c...
compiling lv_font_montserrat_30.c...
compiling lv_font_montserrat_32.c...
compiling lv_font_montserrat_36.c...
compiling lv_font_montserrat_40.c...
compiling lv_font_montserrat_38.c...
compiling lv_font_montserrat_42.c...
compiling lv_font_montserrat_44.c...
compiling lv_font_montserrat_46.c...
compiling lv_font_montserrat_34.c...
compiling lv_hal_disp.c...
compiling lv_font_montserrat_48.c...
compiling lv_hal_indev.c...
compiling lv_font_unscii_8.c...
compiling lv_font_simsun_16_cjk.c...
compiling lv_font_unscii_16.c...
compiling lv_hal_tick.c...
compiling lv_anim_timeline.c...
compiling lv_async.c...
compiling lv_anim.c...
compiling lv_bidi.c...
compiling lv_color.c...
compiling lv_area.c...
compiling lv_fs.c...
compiling lv_gc.c...
compiling lv_ll.c...
compiling lv_log.c...
compiling lv_math.c...
compiling lv_lru.c...
compiling lv_mem.c...
compiling lv_printf.c...
compiling lv_templ.c...
compiling lv_style.c...
compiling lv_style_gen.c...
compiling lv_timer.c...
compiling lv_utils.c...
compiling lv_txt.c...
compiling lv_tlsf.c...
compiling lv_txt_ap.c...
compiling lv_btn.c...
compiling lv_bar.c...
compiling lv_arc.c...
compiling lv_checkbox.c...
compiling lv_canvas.c...
compiling lv_btnmatrix.c...
compiling lv_objx_templ.c...
compiling lv_img.c...
compiling lv_dropdown.c...
compiling lv_line.c...
compiling lv_label.c...
compiling lv_switch.c...
compiling lv_roller.c...
compiling lv_draw_sw.c...
compiling lv_slider.c...
compiling lv_draw_sw_arc.c...
compiling lv_table.c...
compiling lv_textarea.c...
compiling lv_draw_sw_dither.c...
compiling lv_draw_sw_gradient.c...
compiling lv_draw_sw_blend.c...
compiling lv_draw_sw_img.c...
compiling lv_draw_sw_layer.c...
compiling lv_draw_sw_polygon.c...
compiling lv_draw_sw_letter.c...
compiling lv_draw_sw_line.c...
compiling lv_draw_sw_rect.c...
compiling lv_font_bechmark_montserrat_12_compr_az.c.c...
compiling lv_draw_sw_transform.c...
compiling img_benchmark_cogwheel_alpha16.c...
compiling lv_demo_benchmark.c...
compiling lv_theme_default.c...
compiling img_benchmark_cogwheel_argb.c...
compiling img_benchmark_cogwheel_chroma_keyed.c...
compiling img_benchmark_cogwheel_indexed16.c...
compiling lv_font_bechmark_montserrat_16_compr_az.c.c...
compiling lv_font_bechmark_montserrat_28_compr_az.c.c...
compiling img_benchmark_cogwheel_rgb565a8.c...
compiling img_benchmark_cogwheel_rgb.c...
compiling ui.c...
compiling ui_helpers.c...
compiling ui_img_camera_png.c...
compiling ui_img_image_png.c...
compiling ui_img_key_png.c...
compiling ui_img_set_png.c...
compiling ui_img_sd_png.c...
compiling ui_img_weather_png.c...
linking...
Program Size: Code=197702 RO-data=187038 RW-data=768 ZI-data=105272  
FromELF: creating hex file...
".\objects\AT32_Demo.axf" - 0 Error(s), 0 Warning(s).

<h2>Software Packages used:</h2>

Package Vendor: ArteryTek
                
                ArteryTek.AT32F435_437_DFP.2.1.3
                ArteryTek AT32F4 Series Device Support,Drivers

<h2>Collection of Component include folders:</h2>
  D:/A_Sofoware/Stu_Soft/Keil/pack/ArteryTek/AT32F435_437_DFP/2.1.3/Device/Include

<h2>Collection of Component Files used:</h2>
Build Time Elapsed:  00:00:40
</pre>
</body>
</html>
