<html>
<body>
<pre>
<h1>礦ision Build Log</h1>
<h2>Tool Versions:</h2>
IDE-Version: μVision V5.38.0.0
Copyright (C) 2022 ARM Ltd and ARM Germany GmbH. All rights reserved.
License Information: tian tian, tian, LIC=EXJT4-F9THW-564Q2-90M8K-EMB3R-369X3
 
Tool Versions:
Toolchain:       MDK-ARM Plus  Version: 5.37.0.0
Toolchain Path:  D:\A_Sofoware\Stu_Soft\Keil\ARM\ARM_COM5\Bin
C Compiler:      Armcc.exe V5.06 update 7 (build 960)
Assembler:       Armasm.exe V5.06 update 7 (build 960)
Linker/Locator:  ArmLink.exe V5.06 update 7 (build 960)
Library Manager: ArmAr.exe V5.06 update 7 (build 960)
Hex Converter:   FromElf.exe V5.06 update 7 (build 960)
CPU DLL:         SARMCM3.DLL V5.37.0.0
Dialog DLL:      DCM.DLL V1.17.5.0
Target DLL:      UL2CM3.DLL V1.164.7.0
Dialog DLL:      TCM.DLL V1.56.1.0
 
<h2>Project:</h2>
D:\C_Github\AT32F435_Demo\HEXT\freertos_Demo\AT32F435_freertos_qspi_flash_Demo\at32f435_437_qspi_algorithm_w25q32_demo\mdk_v5\qspi_algorithm.uvprojx
Project File Date:  04/02/2023

<h2>Output:</h2>
*** Using Compiler 'V5.06 update 7 (build 960)', folder: 'D:\A_Sofoware\Stu_Soft\Keil\ARM\ARM_COM5\Bin'
Rebuild target 'qspi_algorithm'
compiling FlashDev.c...
compiling at32f435_437_qspi.c...
compiling at32f435_437_pwc.c...
compiling system_at32f435_437.c...
compiling at32f435_437_gpio.c...
compiling at32f435_437_flash.c...
compiling FlashPrg.c...
compiling at32f435_437_crm.c...
linking...
Program Size: Code=6452 RO-data=4328 RW-data=8 ZI-data=0  
FromELF: creating hex file...
After Build - User command #1: cmd.exe /C copy .\objects\qspi_algorithm_w25q32.axf .\qspi_algorithm_w25q32.FLM
已复制         1 个文件。
".\objects\qspi_algorithm_w25q32.axf" - 0 Error(s), 0 Warning(s).

<h2>Software Packages used:</h2>

Package Vendor: ArteryTek
                
                ArteryTek.AT32F435_437_DFP.2.1.3
                ArteryTek AT32F4 Series Device Support,Drivers

<h2>Collection of Component include folders:</h2>
  D:/A_Sofoware/Stu_Soft/Keil/pack/ArteryTek/AT32F435_437_DFP/2.1.3/Device/Include

<h2>Collection of Component Files used:</h2>
Build Time Elapsed:  00:00:02
</pre>
</body>
</html>
