<!doctype html public "-//w3c//dtd html 4.0 transitional//en">
<html><head>
<title>Static Call Graph - [.\objects\qspi_algorithm.axf]</title></head>
<body><HR>
<H1>Static Call Graph for image .\objects\qspi_algorithm.axf</H1><HR>
<BR><P>#&#060CALLGRAPH&#062# ARM Linker, 5060960: Last Updated: Sun Apr 02 09:43:23 2023
<BR><P>
<H3>Maximum Stack Usage =          0 bytes</H3><H3>
Call chain for Maximum Stack Depth:</H3>

<P>
<H3>
Global Symbols
</H3>
<P><STRONG><a name="[12]"></a>__asm___10_FlashPrg_c_52eedaf1____REV16</STRONG> (Thumb, 4 bytes, Stack size 0 bytes, flashprg.o(.rev16_text), UNUSED)

<P><STRONG><a name="[13]"></a>__asm___10_FlashPrg_c_52eedaf1____REVSH</STRONG> (Thumb, 4 bytes, Stack size 0 bytes, flashprg.o(.revsh_text), UNUSED)

<P><STRONG><a name="[14]"></a>__asm___10_FlashPrg_c_52eedaf1____RRX</STRONG> (Thumb, 6 bytes, Stack size 0 bytes, flashprg.o(.rrx_text), UNUSED)

<P><STRONG><a name="[0]"></a>EraseChip</STRONG> (Thumb, 28 bytes, Stack size 4 bytes, flashprg.o(i.EraseChip), UNUSED)
<BR><BR>[Calls]<UL><LI><a href="#[5]">&gt;&gt;</a>&nbsp;&nbsp;&nbsp;custom_xip_enable_config
<LI><a href="#[1]">&gt;&gt;</a>&nbsp;&nbsp;&nbsp;custom_qspi_xip_enable
<LI><a href="#[2]">&gt;&gt;</a>&nbsp;&nbsp;&nbsp;custom_qspi_write_enable
<LI><a href="#[3]">&gt;&gt;</a>&nbsp;&nbsp;&nbsp;custom_qspi_chip_erase
<LI><a href="#[4]">&gt;&gt;</a>&nbsp;&nbsp;&nbsp;custom_qspi_busy_check
</UL>

<P><STRONG><a name="[6]"></a>EraseSector</STRONG> (Thumb, 34 bytes, Stack size 4 bytes, flashprg.o(i.EraseSector), UNUSED)
<BR><BR>[Calls]<UL><LI><a href="#[5]">&gt;&gt;</a>&nbsp;&nbsp;&nbsp;custom_xip_enable_config
<LI><a href="#[1]">&gt;&gt;</a>&nbsp;&nbsp;&nbsp;custom_qspi_xip_enable
<LI><a href="#[2]">&gt;&gt;</a>&nbsp;&nbsp;&nbsp;custom_qspi_write_enable
<LI><a href="#[7]">&gt;&gt;</a>&nbsp;&nbsp;&nbsp;custom_qspi_sector_erase
<LI><a href="#[4]">&gt;&gt;</a>&nbsp;&nbsp;&nbsp;custom_qspi_busy_check
</UL>

<P><STRONG><a name="[8]"></a>Init</STRONG> (Thumb, 22 bytes, Stack size 4 bytes, flashprg.o(i.Init), UNUSED)
<BR><BR>[Calls]<UL><LI><a href="#[a]">&gt;&gt;</a>&nbsp;&nbsp;&nbsp;qspi_gpio_init
<LI><a href="#[b]">&gt;&gt;</a>&nbsp;&nbsp;&nbsp;qspi_cmd_init
<LI><a href="#[9]">&gt;&gt;</a>&nbsp;&nbsp;&nbsp;init_clk
<LI><a href="#[5]">&gt;&gt;</a>&nbsp;&nbsp;&nbsp;custom_xip_enable_config
</UL>

<P><STRONG><a name="[c]"></a>ProgramPage</STRONG> (Thumb, 84 bytes, Stack size 12 bytes, flashprg.o(i.ProgramPage), UNUSED)
<BR><BR>[Calls]<UL><LI><a href="#[5]">&gt;&gt;</a>&nbsp;&nbsp;&nbsp;custom_xip_enable_config
<LI><a href="#[1]">&gt;&gt;</a>&nbsp;&nbsp;&nbsp;custom_qspi_xip_enable
<LI><a href="#[2]">&gt;&gt;</a>&nbsp;&nbsp;&nbsp;custom_qspi_write_enable
<LI><a href="#[4]">&gt;&gt;</a>&nbsp;&nbsp;&nbsp;custom_qspi_busy_check
</UL>

<P><STRONG><a name="[d]"></a>UnInit</STRONG> (Thumb, 14 bytes, Stack size 4 bytes, flashprg.o(i.UnInit), UNUSED)
<BR><BR>[Calls]<UL><LI><a href="#[e]">&gt;&gt;</a>&nbsp;&nbsp;&nbsp;uninit_clk
<LI><a href="#[5]">&gt;&gt;</a>&nbsp;&nbsp;&nbsp;custom_xip_enable_config
</UL>

<P><STRONG><a name="[4]"></a>custom_qspi_busy_check</STRONG> (Thumb, 32 bytes, Stack size 0 bytes, flashprg.o(i.custom_qspi_busy_check), UNUSED)
<BR><BR>[Called By]<UL><LI><a href="#[c]">&gt;&gt;</a>&nbsp;&nbsp;&nbsp;ProgramPage
<LI><a href="#[6]">&gt;&gt;</a>&nbsp;&nbsp;&nbsp;EraseSector
<LI><a href="#[0]">&gt;&gt;</a>&nbsp;&nbsp;&nbsp;EraseChip
</UL>

<P><STRONG><a name="[3]"></a>custom_qspi_chip_erase</STRONG> (Thumb, 32 bytes, Stack size 0 bytes, flashprg.o(i.custom_qspi_chip_erase), UNUSED)
<BR><BR>[Called By]<UL><LI><a href="#[0]">&gt;&gt;</a>&nbsp;&nbsp;&nbsp;EraseChip
</UL>

<P><STRONG><a name="[11]"></a>custom_qspi_rst</STRONG> (Thumb, 32 bytes, Stack size 0 bytes, flashprg.o(i.custom_qspi_rst), UNUSED)
<BR><BR>[Called By]<UL><LI><a href="#[b]">&gt;&gt;</a>&nbsp;&nbsp;&nbsp;qspi_cmd_init
</UL>

<P><STRONG><a name="[10]"></a>custom_qspi_rsten</STRONG> (Thumb, 32 bytes, Stack size 0 bytes, flashprg.o(i.custom_qspi_rsten), UNUSED)
<BR><BR>[Called By]<UL><LI><a href="#[b]">&gt;&gt;</a>&nbsp;&nbsp;&nbsp;qspi_cmd_init
</UL>

<P><STRONG><a name="[f]"></a>custom_qspi_rstqpi</STRONG> (Thumb, 32 bytes, Stack size 0 bytes, flashprg.o(i.custom_qspi_rstqpi), UNUSED)
<BR><BR>[Called By]<UL><LI><a href="#[b]">&gt;&gt;</a>&nbsp;&nbsp;&nbsp;qspi_cmd_init
</UL>

<P><STRONG><a name="[7]"></a>custom_qspi_sector_erase</STRONG> (Thumb, 32 bytes, Stack size 0 bytes, flashprg.o(i.custom_qspi_sector_erase), UNUSED)
<BR><BR>[Called By]<UL><LI><a href="#[6]">&gt;&gt;</a>&nbsp;&nbsp;&nbsp;EraseSector
</UL>

<P><STRONG><a name="[2]"></a>custom_qspi_write_enable</STRONG> (Thumb, 32 bytes, Stack size 0 bytes, flashprg.o(i.custom_qspi_write_enable), UNUSED)
<BR><BR>[Called By]<UL><LI><a href="#[c]">&gt;&gt;</a>&nbsp;&nbsp;&nbsp;ProgramPage
<LI><a href="#[6]">&gt;&gt;</a>&nbsp;&nbsp;&nbsp;EraseSector
<LI><a href="#[0]">&gt;&gt;</a>&nbsp;&nbsp;&nbsp;EraseChip
</UL>

<P><STRONG><a name="[1]"></a>custom_qspi_xip_enable</STRONG> (Thumb, 76 bytes, Stack size 0 bytes, flashprg.o(i.custom_qspi_xip_enable), UNUSED)
<BR><BR>[Called By]<UL><LI><a href="#[b]">&gt;&gt;</a>&nbsp;&nbsp;&nbsp;qspi_cmd_init
<LI><a href="#[5]">&gt;&gt;</a>&nbsp;&nbsp;&nbsp;custom_xip_enable_config
<LI><a href="#[c]">&gt;&gt;</a>&nbsp;&nbsp;&nbsp;ProgramPage
<LI><a href="#[6]">&gt;&gt;</a>&nbsp;&nbsp;&nbsp;EraseSector
<LI><a href="#[0]">&gt;&gt;</a>&nbsp;&nbsp;&nbsp;EraseChip
</UL>

<P><STRONG><a name="[5]"></a>custom_xip_enable_config</STRONG> (Thumb, 94 bytes, Stack size 0 bytes, flashprg.o(i.custom_xip_enable_config), UNUSED)
<BR><BR>[Calls]<UL><LI><a href="#[1]">&gt;&gt;</a>&nbsp;&nbsp;&nbsp;custom_qspi_xip_enable
</UL>
<BR>[Called By]<UL><LI><a href="#[d]">&gt;&gt;</a>&nbsp;&nbsp;&nbsp;UnInit
<LI><a href="#[c]">&gt;&gt;</a>&nbsp;&nbsp;&nbsp;ProgramPage
<LI><a href="#[8]">&gt;&gt;</a>&nbsp;&nbsp;&nbsp;Init
<LI><a href="#[6]">&gt;&gt;</a>&nbsp;&nbsp;&nbsp;EraseSector
<LI><a href="#[0]">&gt;&gt;</a>&nbsp;&nbsp;&nbsp;EraseChip
</UL>

<P><STRONG><a name="[9]"></a>init_clk</STRONG> (Thumb, 48 bytes, Stack size 0 bytes, flashprg.o(i.init_clk), UNUSED)
<BR><BR>[Called By]<UL><LI><a href="#[8]">&gt;&gt;</a>&nbsp;&nbsp;&nbsp;Init
</UL>

<P><STRONG><a name="[b]"></a>qspi_cmd_init</STRONG> (Thumb, 66 bytes, Stack size 8 bytes, flashprg.o(i.qspi_cmd_init), UNUSED)
<BR><BR>[Calls]<UL><LI><a href="#[1]">&gt;&gt;</a>&nbsp;&nbsp;&nbsp;custom_qspi_xip_enable
<LI><a href="#[f]">&gt;&gt;</a>&nbsp;&nbsp;&nbsp;custom_qspi_rstqpi
<LI><a href="#[10]">&gt;&gt;</a>&nbsp;&nbsp;&nbsp;custom_qspi_rsten
<LI><a href="#[11]">&gt;&gt;</a>&nbsp;&nbsp;&nbsp;custom_qspi_rst
</UL>
<BR>[Called By]<UL><LI><a href="#[8]">&gt;&gt;</a>&nbsp;&nbsp;&nbsp;Init
</UL>

<P><STRONG><a name="[a]"></a>qspi_gpio_init</STRONG> (Thumb, 82 bytes, Stack size 0 bytes, flashprg.o(i.qspi_gpio_init), UNUSED)
<BR><BR>[Called By]<UL><LI><a href="#[8]">&gt;&gt;</a>&nbsp;&nbsp;&nbsp;Init
</UL>

<P><STRONG><a name="[e]"></a>uninit_clk</STRONG> (Thumb, 32 bytes, Stack size 0 bytes, flashprg.o(i.uninit_clk), UNUSED)
<BR><BR>[Called By]<UL><LI><a href="#[d]">&gt;&gt;</a>&nbsp;&nbsp;&nbsp;UnInit
</UL>
<P>
<H3>
Local Symbols
</H3><P>
<H3>
Undefined Global Symbols
</H3><HR></body></html>
