<!doctype html public "-//w3c//dtd html 4.0 transitional//en">
<html><head>
<title>Static Call Graph - [.\objects\qspi_algorithm_w25q32.axf]</title></head>
<body><HR>
<H1>Static Call Graph for image .\objects\qspi_algorithm_w25q32.axf</H1><HR>
<BR><P>#&#060CALLGRAPH&#062# ARM Linker, 5060960: Last Updated: Tue Apr 04 17:29:55 2023
<BR><P>
<H3>Maximum Stack Usage =          0 bytes</H3><H3>
Call chain for Maximum Stack Depth:</H3>

<P>
<H3>
Global Symbols
</H3>
<P><STRONG><a name="[47]"></a>__asm___10_FlashPrg_c_52eedaf1____REV16</STRONG> (Thumb, 4 bytes, Stack size 0 bytes, flashprg.o(.rev16_text), UNUSED)

<P><STRONG><a name="[48]"></a>__asm___18_at32f435_437_crm_c_ec94e075____REV16</STRONG> (Thumb, 4 bytes, Stack size 0 bytes, at32f435_437_crm.o(.rev16_text), UNUSED)

<P><STRONG><a name="[49]"></a>__asm___20_at32f435_437_flash_c_a93d10d2____REV16</STRONG> (Thumb, 4 bytes, Stack size 0 bytes, at32f435_437_flash.o(.rev16_text), UNUSED)

<P><STRONG><a name="[4a]"></a>__asm___19_at32f435_437_gpio_c_f92fc144____REV16</STRONG> (Thumb, 4 bytes, Stack size 0 bytes, at32f435_437_gpio.o(.rev16_text), UNUSED)

<P><STRONG><a name="[4b]"></a>__asm___18_at32f435_437_pwc_c_6106ebf8____REV16</STRONG> (Thumb, 4 bytes, Stack size 0 bytes, at32f435_437_pwc.o(.rev16_text), UNUSED)

<P><STRONG><a name="[4c]"></a>__asm___19_at32f435_437_qspi_c_72046f36____REV16</STRONG> (Thumb, 4 bytes, Stack size 0 bytes, at32f435_437_qspi.o(.rev16_text), UNUSED)

<P><STRONG><a name="[4d]"></a>__asm___21_system_at32f435_437_c_5d298f4b____REV16</STRONG> (Thumb, 4 bytes, Stack size 0 bytes, system_at32f435_437.o(.rev16_text), UNUSED)

<P><STRONG><a name="[4e]"></a>__asm___10_FlashPrg_c_52eedaf1____REVSH</STRONG> (Thumb, 4 bytes, Stack size 0 bytes, flashprg.o(.revsh_text), UNUSED)

<P><STRONG><a name="[4f]"></a>__asm___18_at32f435_437_crm_c_ec94e075____REVSH</STRONG> (Thumb, 4 bytes, Stack size 0 bytes, at32f435_437_crm.o(.revsh_text), UNUSED)

<P><STRONG><a name="[50]"></a>__asm___20_at32f435_437_flash_c_a93d10d2____REVSH</STRONG> (Thumb, 4 bytes, Stack size 0 bytes, at32f435_437_flash.o(.revsh_text), UNUSED)

<P><STRONG><a name="[51]"></a>__asm___19_at32f435_437_gpio_c_f92fc144____REVSH</STRONG> (Thumb, 4 bytes, Stack size 0 bytes, at32f435_437_gpio.o(.revsh_text), UNUSED)

<P><STRONG><a name="[52]"></a>__asm___18_at32f435_437_pwc_c_6106ebf8____REVSH</STRONG> (Thumb, 4 bytes, Stack size 0 bytes, at32f435_437_pwc.o(.revsh_text), UNUSED)

<P><STRONG><a name="[53]"></a>__asm___19_at32f435_437_qspi_c_72046f36____REVSH</STRONG> (Thumb, 4 bytes, Stack size 0 bytes, at32f435_437_qspi.o(.revsh_text), UNUSED)

<P><STRONG><a name="[54]"></a>__asm___21_system_at32f435_437_c_5d298f4b____REVSH</STRONG> (Thumb, 4 bytes, Stack size 0 bytes, system_at32f435_437.o(.revsh_text), UNUSED)

<P><STRONG><a name="[55]"></a>__asm___10_FlashPrg_c_52eedaf1____RRX</STRONG> (Thumb, 6 bytes, Stack size 0 bytes, flashprg.o(.rrx_text), UNUSED)

<P><STRONG><a name="[56]"></a>__asm___18_at32f435_437_crm_c_ec94e075____RRX</STRONG> (Thumb, 6 bytes, Stack size 0 bytes, at32f435_437_crm.o(.rrx_text), UNUSED)

<P><STRONG><a name="[57]"></a>__asm___20_at32f435_437_flash_c_a93d10d2____RRX</STRONG> (Thumb, 6 bytes, Stack size 0 bytes, at32f435_437_flash.o(.rrx_text), UNUSED)

<P><STRONG><a name="[58]"></a>__asm___19_at32f435_437_gpio_c_f92fc144____RRX</STRONG> (Thumb, 6 bytes, Stack size 0 bytes, at32f435_437_gpio.o(.rrx_text), UNUSED)

<P><STRONG><a name="[59]"></a>__asm___18_at32f435_437_pwc_c_6106ebf8____RRX</STRONG> (Thumb, 6 bytes, Stack size 0 bytes, at32f435_437_pwc.o(.rrx_text), UNUSED)

<P><STRONG><a name="[5a]"></a>__asm___19_at32f435_437_qspi_c_72046f36____RRX</STRONG> (Thumb, 6 bytes, Stack size 0 bytes, at32f435_437_qspi.o(.rrx_text), UNUSED)

<P><STRONG><a name="[5b]"></a>__asm___21_system_at32f435_437_c_5d298f4b____RRX</STRONG> (Thumb, 6 bytes, Stack size 0 bytes, system_at32f435_437.o(.rrx_text), UNUSED)

<P><STRONG><a name="[12]"></a>__aeabi_uldivmod</STRONG> (Thumb, 0 bytes, Stack size 48 bytes, lludivv7m.o(.text), UNUSED)
<BR><BR>[Called By]<UL><LI><a href="#[10]">&gt;&gt;</a>&nbsp;&nbsp;&nbsp;crm_clocks_freq_get
<LI><a href="#[3b]">&gt;&gt;</a>&nbsp;&nbsp;&nbsp;system_core_clock_update
</UL>

<P><STRONG><a name="[5c]"></a>_ll_udiv</STRONG> (Thumb, 238 bytes, Stack size 48 bytes, lludivv7m.o(.text), UNUSED)

<P><STRONG><a name="[1]"></a>EraseChip</STRONG> (Thumb, 28 bytes, Stack size 4 bytes, flashprg.o(i.EraseChip), UNUSED)
<BR><BR>[Calls]<UL><LI><a href="#[6]">&gt;&gt;</a>&nbsp;&nbsp;&nbsp;custom_xip_enable_config
<LI><a href="#[2]">&gt;&gt;</a>&nbsp;&nbsp;&nbsp;custom_qspi_xip_enable
<LI><a href="#[3]">&gt;&gt;</a>&nbsp;&nbsp;&nbsp;custom_qspi_write_enable
<LI><a href="#[4]">&gt;&gt;</a>&nbsp;&nbsp;&nbsp;custom_qspi_chip_erase
<LI><a href="#[5]">&gt;&gt;</a>&nbsp;&nbsp;&nbsp;custom_qspi_busy_check
</UL>

<P><STRONG><a name="[7]"></a>EraseSector</STRONG> (Thumb, 34 bytes, Stack size 4 bytes, flashprg.o(i.EraseSector), UNUSED)
<BR><BR>[Calls]<UL><LI><a href="#[6]">&gt;&gt;</a>&nbsp;&nbsp;&nbsp;custom_xip_enable_config
<LI><a href="#[2]">&gt;&gt;</a>&nbsp;&nbsp;&nbsp;custom_qspi_xip_enable
<LI><a href="#[3]">&gt;&gt;</a>&nbsp;&nbsp;&nbsp;custom_qspi_write_enable
<LI><a href="#[8]">&gt;&gt;</a>&nbsp;&nbsp;&nbsp;custom_qspi_sector_erase
<LI><a href="#[5]">&gt;&gt;</a>&nbsp;&nbsp;&nbsp;custom_qspi_busy_check
</UL>

<P><STRONG><a name="[9]"></a>Init</STRONG> (Thumb, 22 bytes, Stack size 8 bytes, flashprg.o(i.Init), UNUSED)
<BR><BR>[Calls]<UL><LI><a href="#[b]">&gt;&gt;</a>&nbsp;&nbsp;&nbsp;qspi_gpio_init
<LI><a href="#[c]">&gt;&gt;</a>&nbsp;&nbsp;&nbsp;qspi_cmd_init
<LI><a href="#[a]">&gt;&gt;</a>&nbsp;&nbsp;&nbsp;init_clk
<LI><a href="#[6]">&gt;&gt;</a>&nbsp;&nbsp;&nbsp;custom_xip_enable_config
</UL>

<P><STRONG><a name="[d]"></a>ProgramPage</STRONG> (Thumb, 84 bytes, Stack size 12 bytes, flashprg.o(i.ProgramPage), UNUSED)
<BR><BR>[Calls]<UL><LI><a href="#[6]">&gt;&gt;</a>&nbsp;&nbsp;&nbsp;custom_xip_enable_config
<LI><a href="#[2]">&gt;&gt;</a>&nbsp;&nbsp;&nbsp;custom_qspi_xip_enable
<LI><a href="#[3]">&gt;&gt;</a>&nbsp;&nbsp;&nbsp;custom_qspi_write_enable
<LI><a href="#[5]">&gt;&gt;</a>&nbsp;&nbsp;&nbsp;custom_qspi_busy_check
</UL>

<P><STRONG><a name="[5d]"></a>SystemInit</STRONG> (Thumb, 92 bytes, Stack size 0 bytes, system_at32f435_437.o(i.SystemInit), UNUSED)

<P><STRONG><a name="[e]"></a>UnInit</STRONG> (Thumb, 14 bytes, Stack size 4 bytes, flashprg.o(i.UnInit), UNUSED)
<BR><BR>[Calls]<UL><LI><a href="#[f]">&gt;&gt;</a>&nbsp;&nbsp;&nbsp;uninit_clk
<LI><a href="#[6]">&gt;&gt;</a>&nbsp;&nbsp;&nbsp;custom_xip_enable_config
</UL>

<P><STRONG><a name="[36]"></a>crm_ahb_div_set</STRONG> (Thumb, 12 bytes, Stack size 0 bytes, at32f435_437_crm.o(i.crm_ahb_div_set), UNUSED)
<BR><BR>[Called By]<UL><LI><a href="#[a]">&gt;&gt;</a>&nbsp;&nbsp;&nbsp;init_clk
</UL>

<P><STRONG><a name="[38]"></a>crm_apb1_div_set</STRONG> (Thumb, 12 bytes, Stack size 0 bytes, at32f435_437_crm.o(i.crm_apb1_div_set), UNUSED)
<BR><BR>[Called By]<UL><LI><a href="#[a]">&gt;&gt;</a>&nbsp;&nbsp;&nbsp;init_clk
</UL>

<P><STRONG><a name="[37]"></a>crm_apb2_div_set</STRONG> (Thumb, 12 bytes, Stack size 0 bytes, at32f435_437_crm.o(i.crm_apb2_div_set), UNUSED)
<BR><BR>[Called By]<UL><LI><a href="#[a]">&gt;&gt;</a>&nbsp;&nbsp;&nbsp;init_clk
</UL>

<P><STRONG><a name="[39]"></a>crm_auto_step_mode_enable</STRONG> (Thumb, 22 bytes, Stack size 0 bytes, at32f435_437_crm.o(i.crm_auto_step_mode_enable), UNUSED)
<BR><BR>[Called By]<UL><LI><a href="#[a]">&gt;&gt;</a>&nbsp;&nbsp;&nbsp;init_clk
</UL>

<P><STRONG><a name="[5e]"></a>crm_battery_powered_domain_reset</STRONG> (Thumb, 12 bytes, Stack size 0 bytes, at32f435_437_crm.o(i.crm_battery_powered_domain_reset), UNUSED)

<P><STRONG><a name="[5f]"></a>crm_clkout_div_set</STRONG> (Thumb, 44 bytes, Stack size 8 bytes, at32f435_437_crm.o(i.crm_clkout_div_set), UNUSED)

<P><STRONG><a name="[60]"></a>crm_clkout_to_tmr10_enable</STRONG> (Thumb, 12 bytes, Stack size 0 bytes, at32f435_437_crm.o(i.crm_clkout_to_tmr10_enable), UNUSED)

<P><STRONG><a name="[61]"></a>crm_clock_failure_detection_enable</STRONG> (Thumb, 12 bytes, Stack size 0 bytes, at32f435_437_crm.o(i.crm_clock_failure_detection_enable), UNUSED)

<P><STRONG><a name="[62]"></a>crm_clock_out1_set</STRONG> (Thumb, 12 bytes, Stack size 0 bytes, at32f435_437_crm.o(i.crm_clock_out1_set), UNUSED)

<P><STRONG><a name="[63]"></a>crm_clock_out2_set</STRONG> (Thumb, 38 bytes, Stack size 0 bytes, at32f435_437_crm.o(i.crm_clock_out2_set), UNUSED)

<P><STRONG><a name="[34]"></a>crm_clock_source_enable</STRONG> (Thumb, 54 bytes, Stack size 0 bytes, at32f435_437_crm.o(i.crm_clock_source_enable), UNUSED)
<BR><BR>[Called By]<UL><LI><a href="#[a]">&gt;&gt;</a>&nbsp;&nbsp;&nbsp;init_clk
</UL>

<P><STRONG><a name="[10]"></a>crm_clocks_freq_get</STRONG> (Thumb, 152 bytes, Stack size 16 bytes, at32f435_437_crm.o(i.crm_clocks_freq_get), UNUSED)
<BR><BR>[Calls]<UL><LI><a href="#[11]">&gt;&gt;</a>&nbsp;&nbsp;&nbsp;crm_sysclk_switch_status_get
<LI><a href="#[12]">&gt;&gt;</a>&nbsp;&nbsp;&nbsp;__aeabi_uldivmod
</UL>

<P><STRONG><a name="[64]"></a>crm_emac_output_pulse_set</STRONG> (Thumb, 12 bytes, Stack size 0 bytes, at32f435_437_crm.o(i.crm_emac_output_pulse_set), UNUSED)

<P><STRONG><a name="[65]"></a>crm_ertc_clock_enable</STRONG> (Thumb, 12 bytes, Stack size 0 bytes, at32f435_437_crm.o(i.crm_ertc_clock_enable), UNUSED)

<P><STRONG><a name="[66]"></a>crm_ertc_clock_select</STRONG> (Thumb, 26 bytes, Stack size 0 bytes, at32f435_437_crm.o(i.crm_ertc_clock_select), UNUSED)

<P><STRONG><a name="[67]"></a>crm_flag_clear</STRONG> (Thumb, 108 bytes, Stack size 0 bytes, at32f435_437_crm.o(i.crm_flag_clear), UNUSED)

<P><STRONG><a name="[14]"></a>crm_flag_get</STRONG> (Thumb, 30 bytes, Stack size 0 bytes, at32f435_437_crm.o(i.crm_flag_get), UNUSED)
<BR><BR>[Called By]<UL><LI><a href="#[13]">&gt;&gt;</a>&nbsp;&nbsp;&nbsp;crm_hext_stable_wait
<LI><a href="#[a]">&gt;&gt;</a>&nbsp;&nbsp;&nbsp;init_clk
</UL>

<P><STRONG><a name="[68]"></a>crm_hext_bypass</STRONG> (Thumb, 12 bytes, Stack size 0 bytes, at32f435_437_crm.o(i.crm_hext_bypass), UNUSED)

<P><STRONG><a name="[13]"></a>crm_hext_stable_wait</STRONG> (Thumb, 40 bytes, Stack size 12 bytes, at32f435_437_crm.o(i.crm_hext_stable_wait), UNUSED)
<BR><BR>[Calls]<UL><LI><a href="#[14]">&gt;&gt;</a>&nbsp;&nbsp;&nbsp;crm_flag_get
</UL>
<BR>[Called By]<UL><LI><a href="#[a]">&gt;&gt;</a>&nbsp;&nbsp;&nbsp;init_clk
</UL>

<P><STRONG><a name="[69]"></a>crm_hick_clock_calibration_set</STRONG> (Thumb, 34 bytes, Stack size 0 bytes, at32f435_437_crm.o(i.crm_hick_clock_calibration_set), UNUSED)

<P><STRONG><a name="[6a]"></a>crm_hick_clock_trimming_set</STRONG> (Thumb, 12 bytes, Stack size 0 bytes, at32f435_437_crm.o(i.crm_hick_clock_trimming_set), UNUSED)

<P><STRONG><a name="[16]"></a>crm_hick_divider_select</STRONG> (Thumb, 12 bytes, Stack size 0 bytes, at32f435_437_crm.o(i.crm_hick_divider_select), UNUSED)
<BR><BR>[Called By]<UL><LI><a href="#[15]">&gt;&gt;</a>&nbsp;&nbsp;&nbsp;crm_hick_sclk_frequency_select
</UL>

<P><STRONG><a name="[15]"></a>crm_hick_sclk_frequency_select</STRONG> (Thumb, 22 bytes, Stack size 4 bytes, at32f435_437_crm.o(i.crm_hick_sclk_frequency_select), UNUSED)
<BR><BR>[Calls]<UL><LI><a href="#[16]">&gt;&gt;</a>&nbsp;&nbsp;&nbsp;crm_hick_divider_select
</UL>
<BR>[Called By]<UL><LI><a href="#[17]">&gt;&gt;</a>&nbsp;&nbsp;&nbsp;crm_usb_clock_source_select
</UL>

<P><STRONG><a name="[6b]"></a>crm_interrupt_enable</STRONG> (Thumb, 18 bytes, Stack size 0 bytes, at32f435_437_crm.o(i.crm_interrupt_enable), UNUSED)

<P><STRONG><a name="[6c]"></a>crm_lext_bypass</STRONG> (Thumb, 12 bytes, Stack size 0 bytes, at32f435_437_crm.o(i.crm_lext_bypass), UNUSED)

<P><STRONG><a name="[33]"></a>crm_periph_clock_enable</STRONG> (Thumb, 36 bytes, Stack size 8 bytes, at32f435_437_crm.o(i.crm_periph_clock_enable), UNUSED)
<BR><BR>[Called By]<UL><LI><a href="#[b]">&gt;&gt;</a>&nbsp;&nbsp;&nbsp;qspi_gpio_init
<LI><a href="#[a]">&gt;&gt;</a>&nbsp;&nbsp;&nbsp;init_clk
</UL>

<P><STRONG><a name="[6d]"></a>crm_periph_lowpower_mode_enable</STRONG> (Thumb, 36 bytes, Stack size 8 bytes, at32f435_437_crm.o(i.crm_periph_lowpower_mode_enable), UNUSED)

<P><STRONG><a name="[31]"></a>crm_periph_reset</STRONG> (Thumb, 36 bytes, Stack size 8 bytes, at32f435_437_crm.o(i.crm_periph_reset), UNUSED)
<BR><BR>[Called By]<UL><LI><a href="#[3c]">&gt;&gt;</a>&nbsp;&nbsp;&nbsp;pwc_reset
<LI><a href="#[30]">&gt;&gt;</a>&nbsp;&nbsp;&nbsp;gpio_reset
</UL>

<P><STRONG><a name="[35]"></a>crm_pll_config</STRONG> (Thumb, 52 bytes, Stack size 12 bytes, at32f435_437_crm.o(i.crm_pll_config), UNUSED)
<BR><BR>[Called By]<UL><LI><a href="#[a]">&gt;&gt;</a>&nbsp;&nbsp;&nbsp;init_clk
</UL>

<P><STRONG><a name="[6e]"></a>crm_pll_parameter_calculate</STRONG> (Thumb, 166 bytes, Stack size 32 bytes, at32f435_437_crm.o(i.crm_pll_parameter_calculate), UNUSED)

<P><STRONG><a name="[32]"></a>crm_reset</STRONG> (Thumb, 74 bytes, Stack size 0 bytes, at32f435_437_crm.o(i.crm_reset), UNUSED)
<BR><BR>[Called By]<UL><LI><a href="#[a]">&gt;&gt;</a>&nbsp;&nbsp;&nbsp;init_clk
</UL>

<P><STRONG><a name="[3a]"></a>crm_sysclk_switch</STRONG> (Thumb, 12 bytes, Stack size 0 bytes, at32f435_437_crm.o(i.crm_sysclk_switch), UNUSED)
<BR><BR>[Called By]<UL><LI><a href="#[a]">&gt;&gt;</a>&nbsp;&nbsp;&nbsp;init_clk
</UL>

<P><STRONG><a name="[11]"></a>crm_sysclk_switch_status_get</STRONG> (Thumb, 10 bytes, Stack size 0 bytes, at32f435_437_crm.o(i.crm_sysclk_switch_status_get), UNUSED)
<BR><BR>[Called By]<UL><LI><a href="#[10]">&gt;&gt;</a>&nbsp;&nbsp;&nbsp;crm_clocks_freq_get
<LI><a href="#[3b]">&gt;&gt;</a>&nbsp;&nbsp;&nbsp;system_core_clock_update
<LI><a href="#[a]">&gt;&gt;</a>&nbsp;&nbsp;&nbsp;init_clk
</UL>

<P><STRONG><a name="[6f]"></a>crm_usb_clock_div_set</STRONG> (Thumb, 12 bytes, Stack size 0 bytes, at32f435_437_crm.o(i.crm_usb_clock_div_set), UNUSED)

<P><STRONG><a name="[17]"></a>crm_usb_clock_source_select</STRONG> (Thumb, 24 bytes, Stack size 8 bytes, at32f435_437_crm.o(i.crm_usb_clock_source_select), UNUSED)
<BR><BR>[Calls]<UL><LI><a href="#[15]">&gt;&gt;</a>&nbsp;&nbsp;&nbsp;crm_hick_sclk_frequency_select
</UL>

<P><STRONG><a name="[5]"></a>custom_qspi_busy_check</STRONG> (Thumb, 32 bytes, Stack size 0 bytes, flashprg.o(i.custom_qspi_busy_check), UNUSED)
<BR><BR>[Called By]<UL><LI><a href="#[d]">&gt;&gt;</a>&nbsp;&nbsp;&nbsp;ProgramPage
<LI><a href="#[7]">&gt;&gt;</a>&nbsp;&nbsp;&nbsp;EraseSector
<LI><a href="#[1]">&gt;&gt;</a>&nbsp;&nbsp;&nbsp;EraseChip
</UL>

<P><STRONG><a name="[4]"></a>custom_qspi_chip_erase</STRONG> (Thumb, 32 bytes, Stack size 0 bytes, flashprg.o(i.custom_qspi_chip_erase), UNUSED)
<BR><BR>[Called By]<UL><LI><a href="#[1]">&gt;&gt;</a>&nbsp;&nbsp;&nbsp;EraseChip
</UL>

<P><STRONG><a name="[3f]"></a>custom_qspi_rst</STRONG> (Thumb, 32 bytes, Stack size 0 bytes, flashprg.o(i.custom_qspi_rst), UNUSED)
<BR><BR>[Called By]<UL><LI><a href="#[c]">&gt;&gt;</a>&nbsp;&nbsp;&nbsp;qspi_cmd_init
</UL>

<P><STRONG><a name="[3e]"></a>custom_qspi_rsten</STRONG> (Thumb, 32 bytes, Stack size 0 bytes, flashprg.o(i.custom_qspi_rsten), UNUSED)
<BR><BR>[Called By]<UL><LI><a href="#[c]">&gt;&gt;</a>&nbsp;&nbsp;&nbsp;qspi_cmd_init
</UL>

<P><STRONG><a name="[3d]"></a>custom_qspi_rstqpi</STRONG> (Thumb, 32 bytes, Stack size 0 bytes, flashprg.o(i.custom_qspi_rstqpi), UNUSED)
<BR><BR>[Called By]<UL><LI><a href="#[c]">&gt;&gt;</a>&nbsp;&nbsp;&nbsp;qspi_cmd_init
</UL>

<P><STRONG><a name="[8]"></a>custom_qspi_sector_erase</STRONG> (Thumb, 32 bytes, Stack size 0 bytes, flashprg.o(i.custom_qspi_sector_erase), UNUSED)
<BR><BR>[Called By]<UL><LI><a href="#[7]">&gt;&gt;</a>&nbsp;&nbsp;&nbsp;EraseSector
</UL>

<P><STRONG><a name="[3]"></a>custom_qspi_write_enable</STRONG> (Thumb, 32 bytes, Stack size 0 bytes, flashprg.o(i.custom_qspi_write_enable), UNUSED)
<BR><BR>[Called By]<UL><LI><a href="#[d]">&gt;&gt;</a>&nbsp;&nbsp;&nbsp;ProgramPage
<LI><a href="#[7]">&gt;&gt;</a>&nbsp;&nbsp;&nbsp;EraseSector
<LI><a href="#[1]">&gt;&gt;</a>&nbsp;&nbsp;&nbsp;EraseChip
</UL>

<P><STRONG><a name="[2]"></a>custom_qspi_xip_enable</STRONG> (Thumb, 76 bytes, Stack size 0 bytes, flashprg.o(i.custom_qspi_xip_enable), UNUSED)
<BR><BR>[Called By]<UL><LI><a href="#[c]">&gt;&gt;</a>&nbsp;&nbsp;&nbsp;qspi_cmd_init
<LI><a href="#[6]">&gt;&gt;</a>&nbsp;&nbsp;&nbsp;custom_xip_enable_config
<LI><a href="#[d]">&gt;&gt;</a>&nbsp;&nbsp;&nbsp;ProgramPage
<LI><a href="#[7]">&gt;&gt;</a>&nbsp;&nbsp;&nbsp;EraseSector
<LI><a href="#[1]">&gt;&gt;</a>&nbsp;&nbsp;&nbsp;EraseChip
</UL>

<P><STRONG><a name="[6]"></a>custom_xip_enable_config</STRONG> (Thumb, 94 bytes, Stack size 0 bytes, flashprg.o(i.custom_xip_enable_config), UNUSED)
<BR><BR>[Calls]<UL><LI><a href="#[2]">&gt;&gt;</a>&nbsp;&nbsp;&nbsp;custom_qspi_xip_enable
</UL>
<BR>[Called By]<UL><LI><a href="#[e]">&gt;&gt;</a>&nbsp;&nbsp;&nbsp;UnInit
<LI><a href="#[d]">&gt;&gt;</a>&nbsp;&nbsp;&nbsp;ProgramPage
<LI><a href="#[9]">&gt;&gt;</a>&nbsp;&nbsp;&nbsp;Init
<LI><a href="#[7]">&gt;&gt;</a>&nbsp;&nbsp;&nbsp;EraseSector
<LI><a href="#[1]">&gt;&gt;</a>&nbsp;&nbsp;&nbsp;EraseChip
</UL>

<P><STRONG><a name="[18]"></a>flash_bank1_erase</STRONG> (Thumb, 36 bytes, Stack size 8 bytes, at32f435_437_flash.o(i.flash_bank1_erase), UNUSED)
<BR><BR>[Calls]<UL><LI><a href="#[19]">&gt;&gt;</a>&nbsp;&nbsp;&nbsp;flash_bank1_operation_wait_for
</UL>

<P><STRONG><a name="[70]"></a>flash_bank1_lock</STRONG> (Thumb, 12 bytes, Stack size 0 bytes, at32f435_437_flash.o(i.flash_bank1_lock), UNUSED)

<P><STRONG><a name="[1a]"></a>flash_bank1_operation_status_get</STRONG> (Thumb, 34 bytes, Stack size 0 bytes, at32f435_437_flash.o(i.flash_bank1_operation_status_get), UNUSED)
<BR><BR>[Called By]<UL><LI><a href="#[19]">&gt;&gt;</a>&nbsp;&nbsp;&nbsp;flash_bank1_operation_wait_for
</UL>

<P><STRONG><a name="[19]"></a>flash_bank1_operation_wait_for</STRONG> (Thumb, 32 bytes, Stack size 4 bytes, at32f435_437_flash.o(i.flash_bank1_operation_wait_for), UNUSED)
<BR><BR>[Calls]<UL><LI><a href="#[1a]">&gt;&gt;</a>&nbsp;&nbsp;&nbsp;flash_bank1_operation_status_get
</UL>
<BR>[Called By]<UL><LI><a href="#[2f]">&gt;&gt;</a>&nbsp;&nbsp;&nbsp;flash_word_program
<LI><a href="#[28]">&gt;&gt;</a>&nbsp;&nbsp;&nbsp;flash_sector_erase
<LI><a href="#[26]">&gt;&gt;</a>&nbsp;&nbsp;&nbsp;flash_internal_all_erase
<LI><a href="#[25]">&gt;&gt;</a>&nbsp;&nbsp;&nbsp;flash_halfword_program
<LI><a href="#[1f]">&gt;&gt;</a>&nbsp;&nbsp;&nbsp;flash_byte_program
<LI><a href="#[1e]">&gt;&gt;</a>&nbsp;&nbsp;&nbsp;flash_block_erase
<LI><a href="#[18]">&gt;&gt;</a>&nbsp;&nbsp;&nbsp;flash_bank1_erase
</UL>

<P><STRONG><a name="[71]"></a>flash_bank1_unlock</STRONG> (Thumb, 12 bytes, Stack size 0 bytes, at32f435_437_flash.o(i.flash_bank1_unlock), UNUSED)

<P><STRONG><a name="[1b]"></a>flash_bank2_erase</STRONG> (Thumb, 36 bytes, Stack size 8 bytes, at32f435_437_flash.o(i.flash_bank2_erase), UNUSED)
<BR><BR>[Calls]<UL><LI><a href="#[1c]">&gt;&gt;</a>&nbsp;&nbsp;&nbsp;flash_bank2_operation_wait_for
</UL>

<P><STRONG><a name="[72]"></a>flash_bank2_lock</STRONG> (Thumb, 12 bytes, Stack size 0 bytes, at32f435_437_flash.o(i.flash_bank2_lock), UNUSED)

<P><STRONG><a name="[1d]"></a>flash_bank2_operation_status_get</STRONG> (Thumb, 34 bytes, Stack size 0 bytes, at32f435_437_flash.o(i.flash_bank2_operation_status_get), UNUSED)
<BR><BR>[Called By]<UL><LI><a href="#[1c]">&gt;&gt;</a>&nbsp;&nbsp;&nbsp;flash_bank2_operation_wait_for
</UL>

<P><STRONG><a name="[1c]"></a>flash_bank2_operation_wait_for</STRONG> (Thumb, 32 bytes, Stack size 4 bytes, at32f435_437_flash.o(i.flash_bank2_operation_wait_for), UNUSED)
<BR><BR>[Calls]<UL><LI><a href="#[1d]">&gt;&gt;</a>&nbsp;&nbsp;&nbsp;flash_bank2_operation_status_get
</UL>
<BR>[Called By]<UL><LI><a href="#[2f]">&gt;&gt;</a>&nbsp;&nbsp;&nbsp;flash_word_program
<LI><a href="#[28]">&gt;&gt;</a>&nbsp;&nbsp;&nbsp;flash_sector_erase
<LI><a href="#[26]">&gt;&gt;</a>&nbsp;&nbsp;&nbsp;flash_internal_all_erase
<LI><a href="#[25]">&gt;&gt;</a>&nbsp;&nbsp;&nbsp;flash_halfword_program
<LI><a href="#[1f]">&gt;&gt;</a>&nbsp;&nbsp;&nbsp;flash_byte_program
<LI><a href="#[1e]">&gt;&gt;</a>&nbsp;&nbsp;&nbsp;flash_block_erase
<LI><a href="#[1b]">&gt;&gt;</a>&nbsp;&nbsp;&nbsp;flash_bank2_erase
</UL>

<P><STRONG><a name="[73]"></a>flash_bank2_unlock</STRONG> (Thumb, 12 bytes, Stack size 0 bytes, at32f435_437_flash.o(i.flash_bank2_unlock), UNUSED)

<P><STRONG><a name="[1e]"></a>flash_block_erase</STRONG> (Thumb, 100 bytes, Stack size 8 bytes, at32f435_437_flash.o(i.flash_block_erase), UNUSED)
<BR><BR>[Calls]<UL><LI><a href="#[1c]">&gt;&gt;</a>&nbsp;&nbsp;&nbsp;flash_bank2_operation_wait_for
<LI><a href="#[19]">&gt;&gt;</a>&nbsp;&nbsp;&nbsp;flash_bank1_operation_wait_for
</UL>

<P><STRONG><a name="[1f]"></a>flash_byte_program</STRONG> (Thumb, 82 bytes, Stack size 12 bytes, at32f435_437_flash.o(i.flash_byte_program), UNUSED)
<BR><BR>[Calls]<UL><LI><a href="#[1c]">&gt;&gt;</a>&nbsp;&nbsp;&nbsp;flash_bank2_operation_wait_for
<LI><a href="#[19]">&gt;&gt;</a>&nbsp;&nbsp;&nbsp;flash_bank1_operation_wait_for
</UL>

<P><STRONG><a name="[74]"></a>flash_continue_read_enable</STRONG> (Thumb, 12 bytes, Stack size 0 bytes, at32f435_437_flash.o(i.flash_continue_read_enable), UNUSED)

<P><STRONG><a name="[20]"></a>flash_crc_calibrate</STRONG> (Thumb, 44 bytes, Stack size 4 bytes, at32f435_437_flash.o(i.flash_crc_calibrate), UNUSED)
<BR><BR>[Calls]<UL><LI><a href="#[21]">&gt;&gt;</a>&nbsp;&nbsp;&nbsp;flash_operation_wait_for
</UL>

<P><STRONG><a name="[22]"></a>flash_eopb0_config</STRONG> (Thumb, 52 bytes, Stack size 8 bytes, at32f435_437_flash.o(i.flash_eopb0_config), UNUSED)
<BR><BR>[Calls]<UL><LI><a href="#[21]">&gt;&gt;</a>&nbsp;&nbsp;&nbsp;flash_operation_wait_for
</UL>

<P><STRONG><a name="[23]"></a>flash_epp_set</STRONG> (Thumb, 192 bytes, Stack size 32 bytes, at32f435_437_flash.o(i.flash_epp_set), UNUSED)
<BR><BR>[Calls]<UL><LI><a href="#[21]">&gt;&gt;</a>&nbsp;&nbsp;&nbsp;flash_operation_wait_for
</UL>

<P><STRONG><a name="[75]"></a>flash_epp_status_get</STRONG> (Thumb, 16 bytes, Stack size 0 bytes, at32f435_437_flash.o(i.flash_epp_status_get), UNUSED)

<P><STRONG><a name="[24]"></a>flash_fap_enable</STRONG> (Thumb, 104 bytes, Stack size 20 bytes, at32f435_437_flash.o(i.flash_fap_enable), UNUSED)
<BR><BR>[Calls]<UL><LI><a href="#[21]">&gt;&gt;</a>&nbsp;&nbsp;&nbsp;flash_operation_wait_for
</UL>

<P><STRONG><a name="[2d]"></a>flash_fap_status_get</STRONG> (Thumb, 10 bytes, Stack size 0 bytes, at32f435_437_flash.o(i.flash_fap_status_get), UNUSED)
<BR><BR>[Called By]<UL><LI><a href="#[2c]">&gt;&gt;</a>&nbsp;&nbsp;&nbsp;flash_user_system_data_erase
</UL>

<P><STRONG><a name="[76]"></a>flash_flag_clear</STRONG> (Thumb, 28 bytes, Stack size 0 bytes, at32f435_437_flash.o(i.flash_flag_clear), UNUSED)

<P><STRONG><a name="[77]"></a>flash_flag_get</STRONG> (Thumb, 52 bytes, Stack size 0 bytes, at32f435_437_flash.o(i.flash_flag_get), UNUSED)

<P><STRONG><a name="[25]"></a>flash_halfword_program</STRONG> (Thumb, 82 bytes, Stack size 12 bytes, at32f435_437_flash.o(i.flash_halfword_program), UNUSED)
<BR><BR>[Calls]<UL><LI><a href="#[1c]">&gt;&gt;</a>&nbsp;&nbsp;&nbsp;flash_bank2_operation_wait_for
<LI><a href="#[19]">&gt;&gt;</a>&nbsp;&nbsp;&nbsp;flash_bank1_operation_wait_for
</UL>

<P><STRONG><a name="[26]"></a>flash_internal_all_erase</STRONG> (Thumb, 76 bytes, Stack size 12 bytes, at32f435_437_flash.o(i.flash_internal_all_erase), UNUSED)
<BR><BR>[Calls]<UL><LI><a href="#[1c]">&gt;&gt;</a>&nbsp;&nbsp;&nbsp;flash_bank2_operation_wait_for
<LI><a href="#[19]">&gt;&gt;</a>&nbsp;&nbsp;&nbsp;flash_bank1_operation_wait_for
</UL>

<P><STRONG><a name="[78]"></a>flash_interrupt_enable</STRONG> (Thumb, 54 bytes, Stack size 0 bytes, at32f435_437_flash.o(i.flash_interrupt_enable), UNUSED)

<P><STRONG><a name="[79]"></a>flash_lock</STRONG> (Thumb, 24 bytes, Stack size 0 bytes, at32f435_437_flash.o(i.flash_lock), UNUSED)

<P><STRONG><a name="[7a]"></a>flash_nzw_boost_enable</STRONG> (Thumb, 12 bytes, Stack size 0 bytes, at32f435_437_flash.o(i.flash_nzw_boost_enable), UNUSED)

<P><STRONG><a name="[27]"></a>flash_operation_status_get</STRONG> (Thumb, 34 bytes, Stack size 0 bytes, at32f435_437_flash.o(i.flash_operation_status_get), UNUSED)
<BR><BR>[Called By]<UL><LI><a href="#[21]">&gt;&gt;</a>&nbsp;&nbsp;&nbsp;flash_operation_wait_for
</UL>

<P><STRONG><a name="[21]"></a>flash_operation_wait_for</STRONG> (Thumb, 32 bytes, Stack size 4 bytes, at32f435_437_flash.o(i.flash_operation_wait_for), UNUSED)
<BR><BR>[Calls]<UL><LI><a href="#[27]">&gt;&gt;</a>&nbsp;&nbsp;&nbsp;flash_operation_status_get
</UL>
<BR>[Called By]<UL><LI><a href="#[2e]">&gt;&gt;</a>&nbsp;&nbsp;&nbsp;flash_user_system_data_program
<LI><a href="#[2c]">&gt;&gt;</a>&nbsp;&nbsp;&nbsp;flash_user_system_data_erase
<LI><a href="#[2b]">&gt;&gt;</a>&nbsp;&nbsp;&nbsp;flash_ssb_set
<LI><a href="#[2a]">&gt;&gt;</a>&nbsp;&nbsp;&nbsp;flash_slib_enable
<LI><a href="#[29]">&gt;&gt;</a>&nbsp;&nbsp;&nbsp;flash_slib_disable
<LI><a href="#[24]">&gt;&gt;</a>&nbsp;&nbsp;&nbsp;flash_fap_enable
<LI><a href="#[23]">&gt;&gt;</a>&nbsp;&nbsp;&nbsp;flash_epp_set
<LI><a href="#[22]">&gt;&gt;</a>&nbsp;&nbsp;&nbsp;flash_eopb0_config
<LI><a href="#[20]">&gt;&gt;</a>&nbsp;&nbsp;&nbsp;flash_crc_calibrate
</UL>

<P><STRONG><a name="[28]"></a>flash_sector_erase</STRONG> (Thumb, 100 bytes, Stack size 8 bytes, at32f435_437_flash.o(i.flash_sector_erase), UNUSED)
<BR><BR>[Calls]<UL><LI><a href="#[1c]">&gt;&gt;</a>&nbsp;&nbsp;&nbsp;flash_bank2_operation_wait_for
<LI><a href="#[19]">&gt;&gt;</a>&nbsp;&nbsp;&nbsp;flash_bank1_operation_wait_for
</UL>

<P><STRONG><a name="[29]"></a>flash_slib_disable</STRONG> (Thumb, 34 bytes, Stack size 4 bytes, at32f435_437_flash.o(i.flash_slib_disable), UNUSED)
<BR><BR>[Calls]<UL><LI><a href="#[21]">&gt;&gt;</a>&nbsp;&nbsp;&nbsp;flash_operation_wait_for
</UL>

<P><STRONG><a name="[2a]"></a>flash_slib_enable</STRONG> (Thumb, 108 bytes, Stack size 20 bytes, at32f435_437_flash.o(i.flash_slib_enable), UNUSED)
<BR><BR>[Calls]<UL><LI><a href="#[21]">&gt;&gt;</a>&nbsp;&nbsp;&nbsp;flash_operation_wait_for
</UL>

<P><STRONG><a name="[7b]"></a>flash_slib_end_sector_get</STRONG> (Thumb, 8 bytes, Stack size 0 bytes, at32f435_437_flash.o(i.flash_slib_end_sector_get), UNUSED)

<P><STRONG><a name="[7c]"></a>flash_slib_inststart_sector_get</STRONG> (Thumb, 8 bytes, Stack size 0 bytes, at32f435_437_flash.o(i.flash_slib_inststart_sector_get), UNUSED)

<P><STRONG><a name="[7d]"></a>flash_slib_remaining_count_get</STRONG> (Thumb, 10 bytes, Stack size 0 bytes, at32f435_437_flash.o(i.flash_slib_remaining_count_get), UNUSED)

<P><STRONG><a name="[7e]"></a>flash_slib_start_sector_get</STRONG> (Thumb, 8 bytes, Stack size 0 bytes, at32f435_437_flash.o(i.flash_slib_start_sector_get), UNUSED)

<P><STRONG><a name="[7f]"></a>flash_slib_state_get</STRONG> (Thumb, 16 bytes, Stack size 0 bytes, at32f435_437_flash.o(i.flash_slib_state_get), UNUSED)

<P><STRONG><a name="[2b]"></a>flash_ssb_set</STRONG> (Thumb, 52 bytes, Stack size 8 bytes, at32f435_437_flash.o(i.flash_ssb_set), UNUSED)
<BR><BR>[Calls]<UL><LI><a href="#[21]">&gt;&gt;</a>&nbsp;&nbsp;&nbsp;flash_operation_wait_for
</UL>

<P><STRONG><a name="[80]"></a>flash_ssb_status_get</STRONG> (Thumb, 10 bytes, Stack size 0 bytes, at32f435_437_flash.o(i.flash_ssb_status_get), UNUSED)

<P><STRONG><a name="[81]"></a>flash_unlock</STRONG> (Thumb, 20 bytes, Stack size 0 bytes, at32f435_437_flash.o(i.flash_unlock), UNUSED)

<P><STRONG><a name="[2c]"></a>flash_user_system_data_erase</STRONG> (Thumb, 102 bytes, Stack size 12 bytes, at32f435_437_flash.o(i.flash_user_system_data_erase), UNUSED)
<BR><BR>[Calls]<UL><LI><a href="#[21]">&gt;&gt;</a>&nbsp;&nbsp;&nbsp;flash_operation_wait_for
<LI><a href="#[2d]">&gt;&gt;</a>&nbsp;&nbsp;&nbsp;flash_fap_status_get
</UL>

<P><STRONG><a name="[2e]"></a>flash_user_system_data_program</STRONG> (Thumb, 64 bytes, Stack size 8 bytes, at32f435_437_flash.o(i.flash_user_system_data_program), UNUSED)
<BR><BR>[Calls]<UL><LI><a href="#[21]">&gt;&gt;</a>&nbsp;&nbsp;&nbsp;flash_operation_wait_for
</UL>

<P><STRONG><a name="[2f]"></a>flash_word_program</STRONG> (Thumb, 82 bytes, Stack size 12 bytes, at32f435_437_flash.o(i.flash_word_program), UNUSED)
<BR><BR>[Calls]<UL><LI><a href="#[1c]">&gt;&gt;</a>&nbsp;&nbsp;&nbsp;flash_bank2_operation_wait_for
<LI><a href="#[19]">&gt;&gt;</a>&nbsp;&nbsp;&nbsp;flash_bank1_operation_wait_for
</UL>

<P><STRONG><a name="[82]"></a>gpio_bits_reset</STRONG> (Thumb, 4 bytes, Stack size 0 bytes, at32f435_437_gpio.o(i.gpio_bits_reset), UNUSED)

<P><STRONG><a name="[83]"></a>gpio_bits_set</STRONG> (Thumb, 4 bytes, Stack size 0 bytes, at32f435_437_gpio.o(i.gpio_bits_set), UNUSED)

<P><STRONG><a name="[84]"></a>gpio_bits_write</STRONG> (Thumb, 10 bytes, Stack size 0 bytes, at32f435_437_gpio.o(i.gpio_bits_write), UNUSED)

<P><STRONG><a name="[40]"></a>gpio_default_para_init</STRONG> (Thumb, 20 bytes, Stack size 0 bytes, at32f435_437_gpio.o(i.gpio_default_para_init), UNUSED)
<BR><BR>[Called By]<UL><LI><a href="#[b]">&gt;&gt;</a>&nbsp;&nbsp;&nbsp;qspi_gpio_init
</UL>

<P><STRONG><a name="[41]"></a>gpio_init</STRONG> (Thumb, 100 bytes, Stack size 20 bytes, at32f435_437_gpio.o(i.gpio_init), UNUSED)
<BR><BR>[Called By]<UL><LI><a href="#[b]">&gt;&gt;</a>&nbsp;&nbsp;&nbsp;qspi_gpio_init
</UL>

<P><STRONG><a name="[85]"></a>gpio_input_data_bit_read</STRONG> (Thumb, 14 bytes, Stack size 0 bytes, at32f435_437_gpio.o(i.gpio_input_data_bit_read), UNUSED)

<P><STRONG><a name="[86]"></a>gpio_input_data_read</STRONG> (Thumb, 6 bytes, Stack size 0 bytes, at32f435_437_gpio.o(i.gpio_input_data_read), UNUSED)

<P><STRONG><a name="[87]"></a>gpio_output_data_bit_read</STRONG> (Thumb, 14 bytes, Stack size 0 bytes, at32f435_437_gpio.o(i.gpio_output_data_bit_read), UNUSED)

<P><STRONG><a name="[88]"></a>gpio_output_data_read</STRONG> (Thumb, 6 bytes, Stack size 0 bytes, at32f435_437_gpio.o(i.gpio_output_data_read), UNUSED)

<P><STRONG><a name="[42]"></a>gpio_pin_mux_config</STRONG> (Thumb, 48 bytes, Stack size 8 bytes, at32f435_437_gpio.o(i.gpio_pin_mux_config), UNUSED)
<BR><BR>[Called By]<UL><LI><a href="#[b]">&gt;&gt;</a>&nbsp;&nbsp;&nbsp;qspi_gpio_init
</UL>

<P><STRONG><a name="[89]"></a>gpio_pin_wp_config</STRONG> (Thumb, 16 bytes, Stack size 0 bytes, at32f435_437_gpio.o(i.gpio_pin_wp_config), UNUSED)

<P><STRONG><a name="[8a]"></a>gpio_pins_huge_driven_config</STRONG> (Thumb, 16 bytes, Stack size 0 bytes, at32f435_437_gpio.o(i.gpio_pins_huge_driven_config), UNUSED)

<P><STRONG><a name="[8b]"></a>gpio_port_write</STRONG> (Thumb, 4 bytes, Stack size 0 bytes, at32f435_437_gpio.o(i.gpio_port_write), UNUSED)

<P><STRONG><a name="[30]"></a>gpio_reset</STRONG> (Thumb, 128 bytes, Stack size 8 bytes, at32f435_437_gpio.o(i.gpio_reset), UNUSED)
<BR><BR>[Calls]<UL><LI><a href="#[31]">&gt;&gt;</a>&nbsp;&nbsp;&nbsp;crm_periph_reset
</UL>

<P><STRONG><a name="[a]"></a>init_clk</STRONG> (Thumb, 136 bytes, Stack size 8 bytes, flashprg.o(i.init_clk), UNUSED)
<BR><BR>[Calls]<UL><LI><a href="#[3b]">&gt;&gt;</a>&nbsp;&nbsp;&nbsp;system_core_clock_update
<LI><a href="#[11]">&gt;&gt;</a>&nbsp;&nbsp;&nbsp;crm_sysclk_switch_status_get
<LI><a href="#[3a]">&gt;&gt;</a>&nbsp;&nbsp;&nbsp;crm_sysclk_switch
<LI><a href="#[32]">&gt;&gt;</a>&nbsp;&nbsp;&nbsp;crm_reset
<LI><a href="#[35]">&gt;&gt;</a>&nbsp;&nbsp;&nbsp;crm_pll_config
<LI><a href="#[33]">&gt;&gt;</a>&nbsp;&nbsp;&nbsp;crm_periph_clock_enable
<LI><a href="#[13]">&gt;&gt;</a>&nbsp;&nbsp;&nbsp;crm_hext_stable_wait
<LI><a href="#[14]">&gt;&gt;</a>&nbsp;&nbsp;&nbsp;crm_flag_get
<LI><a href="#[34]">&gt;&gt;</a>&nbsp;&nbsp;&nbsp;crm_clock_source_enable
<LI><a href="#[39]">&gt;&gt;</a>&nbsp;&nbsp;&nbsp;crm_auto_step_mode_enable
<LI><a href="#[37]">&gt;&gt;</a>&nbsp;&nbsp;&nbsp;crm_apb2_div_set
<LI><a href="#[38]">&gt;&gt;</a>&nbsp;&nbsp;&nbsp;crm_apb1_div_set
<LI><a href="#[36]">&gt;&gt;</a>&nbsp;&nbsp;&nbsp;crm_ahb_div_set
</UL>
<BR>[Called By]<UL><LI><a href="#[9]">&gt;&gt;</a>&nbsp;&nbsp;&nbsp;Init
</UL>

<P><STRONG><a name="[8c]"></a>pwc_battery_powered_domain_access</STRONG> (Thumb, 12 bytes, Stack size 0 bytes, at32f435_437_pwc.o(i.pwc_battery_powered_domain_access), UNUSED)

<P><STRONG><a name="[8d]"></a>pwc_deep_sleep_mode_enter</STRONG> (Thumb, 38 bytes, Stack size 0 bytes, at32f435_437_pwc.o(i.pwc_deep_sleep_mode_enter), UNUSED)

<P><STRONG><a name="[8e]"></a>pwc_flag_clear</STRONG> (Thumb, 28 bytes, Stack size 0 bytes, at32f435_437_pwc.o(i.pwc_flag_clear), UNUSED)

<P><STRONG><a name="[8f]"></a>pwc_flag_get</STRONG> (Thumb, 16 bytes, Stack size 0 bytes, at32f435_437_pwc.o(i.pwc_flag_get), UNUSED)

<P><STRONG><a name="[90]"></a>pwc_power_voltage_monitor_enable</STRONG> (Thumb, 12 bytes, Stack size 0 bytes, at32f435_437_pwc.o(i.pwc_power_voltage_monitor_enable), UNUSED)

<P><STRONG><a name="[91]"></a>pwc_pvm_level_select</STRONG> (Thumb, 12 bytes, Stack size 0 bytes, at32f435_437_pwc.o(i.pwc_pvm_level_select), UNUSED)

<P><STRONG><a name="[3c]"></a>pwc_reset</STRONG> (Thumb, 24 bytes, Stack size 8 bytes, at32f435_437_pwc.o(i.pwc_reset), UNUSED)
<BR><BR>[Calls]<UL><LI><a href="#[31]">&gt;&gt;</a>&nbsp;&nbsp;&nbsp;crm_periph_reset
</UL>

<P><STRONG><a name="[92]"></a>pwc_sleep_mode_enter</STRONG> (Thumb, 30 bytes, Stack size 0 bytes, at32f435_437_pwc.o(i.pwc_sleep_mode_enter), UNUSED)

<P><STRONG><a name="[93]"></a>pwc_standby_mode_enter</STRONG> (Thumb, 32 bytes, Stack size 0 bytes, at32f435_437_pwc.o(i.pwc_standby_mode_enter), UNUSED)

<P><STRONG><a name="[94]"></a>pwc_voltage_regulate_set</STRONG> (Thumb, 12 bytes, Stack size 0 bytes, at32f435_437_pwc.o(i.pwc_voltage_regulate_set), UNUSED)

<P><STRONG><a name="[95]"></a>pwc_wakeup_pin_enable</STRONG> (Thumb, 18 bytes, Stack size 0 bytes, at32f435_437_pwc.o(i.pwc_wakeup_pin_enable), UNUSED)

<P><STRONG><a name="[46]"></a>qspi_busy_config</STRONG> (Thumb, 10 bytes, Stack size 0 bytes, at32f435_437_qspi.o(i.qspi_busy_config), UNUSED)
<BR><BR>[Called By]<UL><LI><a href="#[b]">&gt;&gt;</a>&nbsp;&nbsp;&nbsp;qspi_gpio_init
</UL>

<P><STRONG><a name="[96]"></a>qspi_byte_read</STRONG> (Thumb, 6 bytes, Stack size 0 bytes, at32f435_437_qspi.o(i.qspi_byte_read), UNUSED)

<P><STRONG><a name="[97]"></a>qspi_byte_write</STRONG> (Thumb, 6 bytes, Stack size 0 bytes, at32f435_437_qspi.o(i.qspi_byte_write), UNUSED)

<P><STRONG><a name="[44]"></a>qspi_clk_division_set</STRONG> (Thumb, 10 bytes, Stack size 0 bytes, at32f435_437_qspi.o(i.qspi_clk_division_set), UNUSED)
<BR><BR>[Called By]<UL><LI><a href="#[b]">&gt;&gt;</a>&nbsp;&nbsp;&nbsp;qspi_gpio_init
</UL>

<P><STRONG><a name="[c]"></a>qspi_cmd_init</STRONG> (Thumb, 66 bytes, Stack size 8 bytes, flashprg.o(i.qspi_cmd_init), UNUSED)
<BR><BR>[Calls]<UL><LI><a href="#[2]">&gt;&gt;</a>&nbsp;&nbsp;&nbsp;custom_qspi_xip_enable
<LI><a href="#[3d]">&gt;&gt;</a>&nbsp;&nbsp;&nbsp;custom_qspi_rstqpi
<LI><a href="#[3e]">&gt;&gt;</a>&nbsp;&nbsp;&nbsp;custom_qspi_rsten
<LI><a href="#[3f]">&gt;&gt;</a>&nbsp;&nbsp;&nbsp;custom_qspi_rst
</UL>
<BR>[Called By]<UL><LI><a href="#[9]">&gt;&gt;</a>&nbsp;&nbsp;&nbsp;Init
</UL>

<P><STRONG><a name="[98]"></a>qspi_cmd_operation_kick</STRONG> (Thumb, 68 bytes, Stack size 0 bytes, at32f435_437_qspi.o(i.qspi_cmd_operation_kick), UNUSED)

<P><STRONG><a name="[99]"></a>qspi_dma_enable</STRONG> (Thumb, 10 bytes, Stack size 0 bytes, at32f435_437_qspi.o(i.qspi_dma_enable), UNUSED)

<P><STRONG><a name="[9a]"></a>qspi_dma_rx_threshold_set</STRONG> (Thumb, 10 bytes, Stack size 0 bytes, at32f435_437_qspi.o(i.qspi_dma_rx_threshold_set), UNUSED)

<P><STRONG><a name="[9b]"></a>qspi_dma_tx_threshold_set</STRONG> (Thumb, 10 bytes, Stack size 0 bytes, at32f435_437_qspi.o(i.qspi_dma_tx_threshold_set), UNUSED)

<P><STRONG><a name="[9c]"></a>qspi_encryption_enable</STRONG> (Thumb, 10 bytes, Stack size 0 bytes, at32f435_437_qspi.o(i.qspi_encryption_enable), UNUSED)

<P><STRONG><a name="[9d]"></a>qspi_flag_clear</STRONG> (Thumb, 6 bytes, Stack size 0 bytes, at32f435_437_qspi.o(i.qspi_flag_clear), UNUSED)

<P><STRONG><a name="[9e]"></a>qspi_flag_get</STRONG> (Thumb, 36 bytes, Stack size 0 bytes, at32f435_437_qspi.o(i.qspi_flag_get), UNUSED)

<P><STRONG><a name="[b]"></a>qspi_gpio_init</STRONG> (Thumb, 264 bytes, Stack size 24 bytes, flashprg.o(i.qspi_gpio_init), UNUSED)
<BR><BR>[Calls]<UL><LI><a href="#[43]">&gt;&gt;</a>&nbsp;&nbsp;&nbsp;qspi_xip_enable
<LI><a href="#[45]">&gt;&gt;</a>&nbsp;&nbsp;&nbsp;qspi_sck_mode_set
<LI><a href="#[44]">&gt;&gt;</a>&nbsp;&nbsp;&nbsp;qspi_clk_division_set
<LI><a href="#[46]">&gt;&gt;</a>&nbsp;&nbsp;&nbsp;qspi_busy_config
<LI><a href="#[42]">&gt;&gt;</a>&nbsp;&nbsp;&nbsp;gpio_pin_mux_config
<LI><a href="#[41]">&gt;&gt;</a>&nbsp;&nbsp;&nbsp;gpio_init
<LI><a href="#[40]">&gt;&gt;</a>&nbsp;&nbsp;&nbsp;gpio_default_para_init
<LI><a href="#[33]">&gt;&gt;</a>&nbsp;&nbsp;&nbsp;crm_periph_clock_enable
</UL>
<BR>[Called By]<UL><LI><a href="#[9]">&gt;&gt;</a>&nbsp;&nbsp;&nbsp;Init
</UL>

<P><STRONG><a name="[9f]"></a>qspi_half_word_read</STRONG> (Thumb, 6 bytes, Stack size 0 bytes, at32f435_437_qspi.o(i.qspi_half_word_read), UNUSED)

<P><STRONG><a name="[a0]"></a>qspi_half_word_write</STRONG> (Thumb, 6 bytes, Stack size 0 bytes, at32f435_437_qspi.o(i.qspi_half_word_write), UNUSED)

<P><STRONG><a name="[a1]"></a>qspi_interrupt_enable</STRONG> (Thumb, 10 bytes, Stack size 0 bytes, at32f435_437_qspi.o(i.qspi_interrupt_enable), UNUSED)

<P><STRONG><a name="[45]"></a>qspi_sck_mode_set</STRONG> (Thumb, 10 bytes, Stack size 0 bytes, at32f435_437_qspi.o(i.qspi_sck_mode_set), UNUSED)
<BR><BR>[Called By]<UL><LI><a href="#[b]">&gt;&gt;</a>&nbsp;&nbsp;&nbsp;qspi_gpio_init
</UL>

<P><STRONG><a name="[a2]"></a>qspi_word_read</STRONG> (Thumb, 6 bytes, Stack size 0 bytes, at32f435_437_qspi.o(i.qspi_word_read), UNUSED)

<P><STRONG><a name="[a3]"></a>qspi_word_write</STRONG> (Thumb, 6 bytes, Stack size 0 bytes, at32f435_437_qspi.o(i.qspi_word_write), UNUSED)

<P><STRONG><a name="[a4]"></a>qspi_xip_cache_bypass_set</STRONG> (Thumb, 10 bytes, Stack size 0 bytes, at32f435_437_qspi.o(i.qspi_xip_cache_bypass_set), UNUSED)

<P><STRONG><a name="[43]"></a>qspi_xip_enable</STRONG> (Thumb, 56 bytes, Stack size 0 bytes, at32f435_437_qspi.o(i.qspi_xip_enable), UNUSED)
<BR><BR>[Called By]<UL><LI><a href="#[b]">&gt;&gt;</a>&nbsp;&nbsp;&nbsp;qspi_gpio_init
</UL>

<P><STRONG><a name="[a5]"></a>qspi_xip_init</STRONG> (Thumb, 80 bytes, Stack size 0 bytes, at32f435_437_qspi.o(i.qspi_xip_init), UNUSED)

<P><STRONG><a name="[3b]"></a>system_core_clock_update</STRONG> (Thumb, 118 bytes, Stack size 16 bytes, system_at32f435_437.o(i.system_core_clock_update), UNUSED)
<BR><BR>[Calls]<UL><LI><a href="#[11]">&gt;&gt;</a>&nbsp;&nbsp;&nbsp;crm_sysclk_switch_status_get
<LI><a href="#[12]">&gt;&gt;</a>&nbsp;&nbsp;&nbsp;__aeabi_uldivmod
</UL>
<BR>[Called By]<UL><LI><a href="#[a]">&gt;&gt;</a>&nbsp;&nbsp;&nbsp;init_clk
</UL>

<P><STRONG><a name="[f]"></a>uninit_clk</STRONG> (Thumb, 32 bytes, Stack size 0 bytes, flashprg.o(i.uninit_clk), UNUSED)
<BR><BR>[Called By]<UL><LI><a href="#[e]">&gt;&gt;</a>&nbsp;&nbsp;&nbsp;UnInit
</UL>
<P>
<H3>
Local Symbols
</H3><P>
<H3>
Undefined Global Symbols
</H3><HR></body></html>
