Component: ARM Compiler 5.06 update 7 (build 960) Tool: armlink [4d3601]

==============================================================================

Section Cross References

    main.o(i.App_main) refers to bsp_spi_lcd.o(i.LCD_Fill) for LCD_Fill
    main.o(i.App_main) refers to tasks.o(i.vTaskDelay) for vTaskDelay
    main.o(i.main) refers to _printf_percent.o(.ARM.Collect$$_printf_percent$$00000000) for _printf_percent
    main.o(i.main) refers to _printf_d.o(.ARM.Collect$$_printf_percent$$00000009) for _printf_d
    main.o(i.main) refers to _printf_dec.o(.text) for _printf_int_dec
    main.o(i.main) refers to at32f435_437_clock.o(i.system_clock_config) for system_clock_config
    main.o(i.main) refers to at32f435_437_board.o(i.delay_init) for delay_init
    main.o(i.main) refers to at32f435_437_board.o(i.uart_print_init) for uart_print_init
    main.o(i.main) refers to bsp_spi_lcd.o(i.LCD_Init) for LCD_Init
    main.o(i.main) refers to at32f435_437_crm.o(i.crm_clocks_freq_get) for crm_clocks_freq_get
    main.o(i.main) refers to noretval__2printf.o(.text) for __2printf
    main.o(i.main) refers to port.o(i.vPortEnterCritical) for vPortEnterCritical
    main.o(i.main) refers to tasks.o(i.xTaskCreate) for xTaskCreate
    main.o(i.main) refers to port.o(i.vPortExitCritical) for vPortExitCritical
    main.o(i.main) refers to tasks.o(i.vTaskStartScheduler) for vTaskStartScheduler
    main.o(i.main) refers to main.o(.data) for App_main_Handler
    main.o(i.main) refers to main.o(i.App_main) for App_main
    at32f435_437_clock.o(i.system_clock_config) refers to at32f435_437_crm.o(i.crm_reset) for crm_reset
    at32f435_437_clock.o(i.system_clock_config) refers to at32f435_437_crm.o(i.crm_periph_clock_enable) for crm_periph_clock_enable
    at32f435_437_clock.o(i.system_clock_config) refers to at32f435_437_crm.o(i.crm_clock_source_enable) for crm_clock_source_enable
    at32f435_437_clock.o(i.system_clock_config) refers to at32f435_437_crm.o(i.crm_hext_stable_wait) for crm_hext_stable_wait
    at32f435_437_clock.o(i.system_clock_config) refers to at32f435_437_crm.o(i.crm_pll_config) for crm_pll_config
    at32f435_437_clock.o(i.system_clock_config) refers to at32f435_437_crm.o(i.crm_flag_get) for crm_flag_get
    at32f435_437_clock.o(i.system_clock_config) refers to at32f435_437_crm.o(i.crm_ahb_div_set) for crm_ahb_div_set
    at32f435_437_clock.o(i.system_clock_config) refers to at32f435_437_crm.o(i.crm_apb2_div_set) for crm_apb2_div_set
    at32f435_437_clock.o(i.system_clock_config) refers to at32f435_437_crm.o(i.crm_apb1_div_set) for crm_apb1_div_set
    at32f435_437_clock.o(i.system_clock_config) refers to at32f435_437_crm.o(i.crm_auto_step_mode_enable) for crm_auto_step_mode_enable
    at32f435_437_clock.o(i.system_clock_config) refers to at32f435_437_crm.o(i.crm_sysclk_switch) for crm_sysclk_switch
    at32f435_437_clock.o(i.system_clock_config) refers to at32f435_437_crm.o(i.crm_sysclk_switch_status_get) for crm_sysclk_switch_status_get
    at32f435_437_clock.o(i.system_clock_config) refers to system_at32f435_437.o(i.system_core_clock_update) for system_core_clock_update
    at32f435_437_board.o(.rev16_text) refers (Special) to use_no_semi_2.o(.text) for __use_no_semihosting
    at32f435_437_board.o(.revsh_text) refers (Special) to use_no_semi_2.o(.text) for __use_no_semihosting
    at32f435_437_board.o(.rrx_text) refers (Special) to use_no_semi_2.o(.text) for __use_no_semihosting
    at32f435_437_board.o(i._sys_exit) refers (Special) to use_no_semi_2.o(.text) for __use_no_semihosting
    at32f435_437_board.o(i._ttywrch) refers (Special) to use_no_semi_2.o(.text) for __use_no_semihosting
    at32f435_437_board.o(i.at32_board_init) refers (Special) to use_no_semi_2.o(.text) for __use_no_semihosting
    at32f435_437_board.o(i.at32_board_init) refers to at32f435_437_board.o(i.delay_init) for delay_init
    at32f435_437_board.o(i.at32_board_init) refers to at32f435_437_board.o(i.at32_led_init) for at32_led_init
    at32f435_437_board.o(i.at32_board_init) refers to at32f435_437_board.o(i.at32_led_off) for at32_led_off
    at32f435_437_board.o(i.at32_board_init) refers to at32f435_437_board.o(i.at32_button_init) for at32_button_init
    at32f435_437_board.o(i.at32_button_init) refers (Special) to use_no_semi_2.o(.text) for __use_no_semihosting
    at32f435_437_board.o(i.at32_button_init) refers to at32f435_437_crm.o(i.crm_periph_clock_enable) for crm_periph_clock_enable
    at32f435_437_board.o(i.at32_button_init) refers to at32f435_437_gpio.o(i.gpio_default_para_init) for gpio_default_para_init
    at32f435_437_board.o(i.at32_button_init) refers to at32f435_437_gpio.o(i.gpio_init) for gpio_init
    at32f435_437_board.o(i.at32_button_press) refers (Special) to use_no_semi_2.o(.text) for __use_no_semihosting
    at32f435_437_board.o(i.at32_button_press) refers to at32f435_437_board.o(i.at32_button_state) for at32_button_state
[...]
    .ARM.Collect$$libinit$$0000002E          0x08000290   Section        0  libinit2.o(.ARM.Collect$$libinit$$0000002E)
    .ARM.Collect$$libinit$$00000030          0x08000290   Section        0  libinit2.o(.ARM.Collect$$libinit$$00000030)
    .ARM.Collect$$libinit$$00000032          0x08000290   Section        0  libinit2.o(.ARM.Collect$$libinit$$00000032)
    .ARM.Collect$$libinit$$00000033          0x08000290   Section        2  libinit2.o(.ARM.Collect$$libinit$$00000033)
    .ARM.Collect$$libshutdown$$00000000      0x08000292   Section        2  libshutdown.o(.ARM.Collect$$libshutdown$$00000000)
    .ARM.Collect$$libshutdown$$00000002      0x08000294   Section        0  libshutdown2.o(.ARM.Collect$$libshutdown$$00000002)
    .ARM.Collect$$libshutdown$$00000004      0x08000294   Section        0  libshutdown2.o(.ARM.Collect$$libshutdown$$00000004)
    .ARM.Collect$$libshutdown$$00000006      0x08000294   Section        0  libshutdown2.o(.ARM.Collect$$libshutdown$$00000006)
    .ARM.Collect$$libshutdown$$00000009      0x08000294   Section        0  libshutdown2.o(.ARM.Collect$$libshutdown$$00000009)
    .ARM.Collect$$libshutdown$$0000000C      0x08000294   Section        0  libshutdown2.o(.ARM.Collect$$libshutdown$$0000000C)
    .ARM.Collect$$libshutdown$$0000000E      0x08000294   Section        0  libshutdown2.o(.ARM.Collect$$libshutdown$$0000000E)
    .ARM.Collect$$libshutdown$$00000011      0x08000294   Section        0  libshutdown2.o(.ARM.Collect$$libshutdown$$00000011)
    .ARM.Collect$$libshutdown$$00000012      0x08000294   Section        2  libshutdown2.o(.ARM.Collect$$libshutdown$$00000012)
    .ARM.Collect$$rtentry$$00000000          0x08000296   Section        0  __rtentry.o(.ARM.Collect$$rtentry$$00000000)
    .ARM.Collect$$rtentry$$00000002          0x08000296   Section        0  __rtentry2.o(.ARM.Collect$$rtentry$$00000002)
    .ARM.Collect$$rtentry$$00000004          0x08000296   Section        6  __rtentry4.o(.ARM.Collect$$rtentry$$00000004)
    .ARM.Collect$$rtentry$$00000009          0x0800029c   Section        0  __rtentry2.o(.ARM.Collect$$rtentry$$00000009)
    .ARM.Collect$$rtentry$$0000000A          0x0800029c   Section        4  __rtentry2.o(.ARM.Collect$$rtentry$$0000000A)
    .ARM.Collect$$rtentry$$0000000C          0x080002a0   Section        0  __rtentry2.o(.ARM.Collect$$rtentry$$0000000C)
    .ARM.Collect$$rtentry$$0000000D          0x080002a0   Section        8  __rtentry2.o(.ARM.Collect$$rtentry$$0000000D)
    .ARM.Collect$$rtexit$$00000000           0x080002a8   Section        2  rtexit.o(.ARM.Collect$$rtexit$$00000000)
    .ARM.Collect$$rtexit$$00000002           0x080002aa   Section        0  rtexit2.o(.ARM.Collect$$rtexit$$00000002)
    .ARM.Collect$$rtexit$$00000003           0x080002aa   Section        4  rtexit2.o(.ARM.Collect$$rtexit$$00000003)
    .ARM.Collect$$rtexit$$00000004           0x080002ae   Section        6  rtexit2.o(.ARM.Collect$$rtexit$$00000004)
    .emb_text                                0x080002b4   Section      190  port.o(.emb_text)
    $v0                                      0x080002b4   Number         0  port.o(.emb_text)
    .text                                    0x08000374   Section       64  startup_at32f435_437.o(.text)
    $v0                                      0x08000374   Number         0  startup_at32f435_437.o(.text)
    .text                                    0x080003b4   Section        2  use_no_semi_2.o(.text)
    .text                                    0x080003b6   Section      238  lludivv7m.o(.text)
    .text                                    0x080004a4   Section        0  noretval__2printf.o(.text)
    .text                                    0x080004bc   Section        0  __printf.o(.text)
    .text                                    0x08000524   Section        0  _printf_dec.o(.text)
    .text                                    0x0800059c   Section      138  rt_memcpy_v6.o(.text)
    .text                                    0x08000626   Section       16  aeabi_memset.o(.text)
    .text                                    0x08000636   Section       78  rt_memclr_w.o(.text)
    .text                                    0x08000684   Section        0  heapauxi.o(.text)
    .text                                    0x0800068a   Section        2  use_no_semi.o(.text)
    .text                                    0x0800068c   Section        0  _printf_intcommon.o(.text)
    .text                                    0x08000740   Section        0  _printf_char_common.o(.text)
    _printf_input_char                       0x08000741   Thumb Code    10  _printf_char_common.o(.text)
    .text                                    0x08000770   Section        0  _printf_char_file.o(.text)
    .text                                    0x08000794   Section      100  rt_memcpy_w.o(.text)
    .text                                    0x080007f8   Section       68  rt_memclr.o(.text)
    .text                                    0x0800083c   Section        0  ferror.o(.text)
    .text                                    0x08000844   Section       74  sys_stackheap_outer.o(.text)
    .text                                    0x0800088e   Section        0  exit.o(.text)
    .text                                    0x080008a0   Section        8  libspace.o(.text)
    i.App_main                               0x080008a8   Section        0  main.o(i.App_main)
    i.BusFault_Handler                       0x080008c6   Section        0  at32f435_437_int.o(i.BusFault_Handler)
    i.DebugMon_Handler                       0x080008ca   Section        0  at32f435_437_int.o(i.DebugMon_Handler)
    i.HardFault_Handler                      0x080008cc   Section        0  at32f435_437_int.o(i.HardFault_Handler)
    i.LCD_Address_Set                        0x080008d0   Section        0  bsp_spi_lcd.o(i.LCD_Address_Set)
    i.LCD_Fill                               0x0800090a   Section        0  bsp_spi_lcd.o(i.LCD_Fill)
    i.LCD_GPIO_Init                          0x08000954   Section        0  bsp_spi_lcd.o(i.LCD_GPIO_Init)
    i.LCD_Init                               0x08000a28   Section        0  bsp_spi_lcd.o(i.LCD_Init)
    i.LCD_WR_DATA                            0x08000bd8   Section        0  bsp_spi_lcd.o(i.LCD_WR_DATA)
    i.LCD_WR_DATA8                           0x08000bea   Section        0  bsp_spi_lcd.o(i.LCD_WR_DATA8)
    i.LCD_WR_REG                             0x08000bf8   Section        0  bsp_spi_lcd.o(i.LCD_WR_REG)
    i.LCD_Writ_Bus                           0x08000c18   Section        0  bsp_spi_lcd.o(i.LCD_Writ_Bus)
    i.MemManage_Handler                      0x08000c54   Section        0  at32f435_437_int.o(i.MemManage_Handler)
    i.NMI_Handler                            0x08000c58   Section        0  at32f435_437_int.o(i.NMI_Handler)
    i.SysTick_Handler                        0x08000c5c   Section        0  port.o(i.SysTick_Handler)
    i.SystemInit                             0x08000c90   Section        0  system_at32f435_437.o(i.SystemInit)
    i.UsageFault_Handler                     0x08000d20   Section        0  at32f435_437_int.o(i.UsageFault_Handler)
    i._sys_exit                              0x08000d24   Section        0  at32f435_437_board.o(i._sys_exit)
    i.crm_ahb_div_set                        0x08000d28   Section        0  at32f435_437_crm.o(i.crm_ahb_div_set)
    i.crm_apb1_div_set                       0x08000d3c   Section        0  at32f435_437_crm.o(i.crm_apb1_div_set)
    i.crm_apb2_div_set                       0x08000d50   Section        0  at32f435_437_crm.o(i.crm_apb2_div_set)
    i.crm_auto_step_mode_enable              0x08000d64   Section        0  at32f435_437_crm.o(i.crm_auto_step_mode_enable)
    i.crm_clock_source_enable                0x08000d8c   Section        0  at32f435_437_crm.o(i.crm_clock_source_enable)
    i.crm_clocks_freq_get                    0x08000df4   Section        0  at32f435_437_crm.o(i.crm_clocks_freq_get)
    i.crm_flag_get                           0x08000f04   Section        0  at32f435_437_crm.o(i.crm_flag_get)
    i.crm_hext_stable_wait                   0x08000f34   Section        0  at32f435_437_crm.o(i.crm_hext_stable_wait)
    i.crm_periph_clock_enable                0x08000f64   Section        0  at32f435_437_crm.o(i.crm_periph_clock_enable)
    i.crm_pll_config                         0x08000fb0   Section        0  at32f435_437_crm.o(i.crm_pll_config)
    i.crm_reset                              0x08000ff8   Section        0  at32f435_437_crm.o(i.crm_reset)
    i.crm_sysclk_switch                      0x08001070   Section        0  at32f435_437_crm.o(i.crm_sysclk_switch)
    i.crm_sysclk_switch_status_get           0x08001084   Section        0  at32f435_437_crm.o(i.crm_sysclk_switch_status_get)
    i.delay_init                             0x08001094   Section        0  at32f435_437_board.o(i.delay_init)
    i.delay_ms                               0x080010cc   Section        0  at32f435_437_board.o(i.delay_ms)
    i.fputc                                  0x08001140   Section        0  at32f435_437_board.o(i.fputc)
    i.gpio_bits_reset                        0x08001164   Section        0  at32f435_437_gpio.o(i.gpio_bits_reset)
    i.gpio_bits_set                          0x08001168   Section        0  at32f435_437_gpio.o(i.gpio_bits_set)
    i.gpio_default_para_init                 0x0800116c   Section        0  at32f435_437_gpio.o(i.gpio_default_para_init)
    i.gpio_init                              0x08001180   Section        0  at32f435_437_gpio.o(i.gpio_init)
    i.gpio_pin_mux_config                    0x080011fa   Section        0  at32f435_437_gpio.o(i.gpio_pin_mux_config)
    i.main                                   0x0800123c   Section        0  main.o(i.main)
    i.prvAddCurrentTaskToDelayedList         0x08001338   Section        0  tasks.o(i.prvAddCurrentTaskToDelayedList)
    prvAddCurrentTaskToDelayedList           0x08001339   Thumb Code   124  tasks.o(i.prvAddCurrentTaskToDelayedList)
    i.prvAddNewTaskToReadyList               0x080013d0   Section        0  tasks.o(i.prvAddNewTaskToReadyList)
    prvAddNewTaskToReadyList                 0x080013d1   Thumb Code   156  tasks.o(i.prvAddNewTaskToReadyList)
    i.prvCheckForValidListAndQueue           0x08001488   Section        0  timers.o(i.prvCheckForValidListAndQueue)
    prvCheckForValidListAndQueue             0x08001489   Thumb Code    56  timers.o(i.prvCheckForValidListAndQueue)
    i.prvCheckTasksWaitingTermination        0x080014d4   Section        0  tasks.o(i.prvCheckTasksWaitingTermination)
    prvCheckTasksWaitingTermination          0x080014d5   Thumb Code    60  tasks.o(i.prvCheckTasksWaitingTermination)
    i.prvCopyDataFromQueue                   0x0800151c   Section        0  queue.o(i.prvCopyDataFromQueue)
    prvCopyDataFromQueue                     0x0800151d   Thumb Code    42  queue.o(i.prvCopyDataFromQueue)
    i.prvCopyDataToQueue                     0x08001546   Section        0  queue.o(i.prvCopyDataToQueue)
    prvCopyDataToQueue                       0x08001547   Thumb Code   126  queue.o(i.prvCopyDataToQueue)
    i.prvDeleteTCB                           0x080015c4   Section        0  tasks.o(i.prvDeleteTCB)
    prvDeleteTCB                             0x080015c5   Thumb Code    18  tasks.o(i.prvDeleteTCB)
    i.prvGetNextExpireTime                   0x080015d8   Section        0  timers.o(i.prvGetNextExpireTime)
    prvGetNextExpireTime                     0x080015d9   Thumb Code    36  timers.o(i.prvGetNextExpireTime)
    i.prvHeapInit                            0x08001600   Section        0  heap_4.o(i.prvHeapInit)
    prvHeapInit                              0x08001601   Thumb Code    98  heap_4.o(i.prvHeapInit)
    i.prvIdleTask                            0x0800167c   Section        0  tasks.o(i.prvIdleTask)
    prvIdleTask                              0x0800167d   Thumb Code    32  tasks.o(i.prvIdleTask)
    i.prvInitialiseNewQueue                  0x080016a4   Section        0  queue.o(i.prvInitialiseNewQueue)
    prvInitialiseNewQueue                    0x080016a5   Thumb Code    46  queue.o(i.prvInitialiseNewQueue)
    i.prvInitialiseNewTask                   0x080016d2   Section        0  tasks.o(i.prvInitialiseNewTask)
    prvInitialiseNewTask                     0x080016d3   Thumb Code   192  tasks.o(i.prvInitialiseNewTask)
    i.prvInitialiseTaskLists                 0x08001794   Section        0  tasks.o(i.prvInitialiseTaskLists)
    prvInitialiseTaskLists                   0x08001795   Thumb Code    70  tasks.o(i.prvInitialiseTaskLists)
    i.prvInsertBlockIntoFreeList             0x080017fc   Section        0  heap_4.o(i.prvInsertBlockIntoFreeList)
    prvInsertBlockIntoFreeList               0x080017fd   Thumb Code    96  heap_4.o(i.prvInsertBlockIntoFreeList)
    i.prvInsertTimerInActiveList             0x08001864   Section        0  timers.o(i.prvInsertTimerInActiveList)
    prvInsertTimerInActiveList               0x08001865   Thumb Code    80  timers.o(i.prvInsertTimerInActiveList)
    i.prvIsQueueEmpty                        0x080018bc   Section        0  queue.o(i.prvIsQueueEmpty)
    prvIsQueueEmpty                          0x080018bd   Thumb Code    26  queue.o(i.prvIsQueueEmpty)
    i.prvIsQueueFull                         0x080018d6   Section        0  queue.o(i.prvIsQueueFull)
    prvIsQueueFull                           0x080018d7   Thumb Code    30  queue.o(i.prvIsQueueFull)
    i.prvNotifyQueueSetContainer             0x080018f4   Section        0  queue.o(i.prvNotifyQueueSetContainer)
    prvNotifyQueueSetContainer               0x080018f5   Thumb Code   172  queue.o(i.prvNotifyQueueSetContainer)
    i.prvProcessExpiredTimer                 0x080019a0   Section        0  timers.o(i.prvProcessExpiredTimer)
    prvProcessExpiredTimer                   0x080019a1   Thumb Code   110  timers.o(i.prvProcessExpiredTimer)
    i.prvProcessReceivedCommands             0x08001a14   Section        0  timers.o(i.prvProcessReceivedCommands)
    prvProcessReceivedCommands               0x08001a15   Thumb Code   308  timers.o(i.prvProcessReceivedCommands)
    i.prvProcessTimerOrBlockTask             0x08001b4c   Section        0  timers.o(i.prvProcessTimerOrBlockTask)
    prvProcessTimerOrBlockTask               0x08001b4d   Thumb Code   102  timers.o(i.prvProcessTimerOrBlockTask)
    i.prvResetNextTaskUnblockTime            0x08001bc0   Section        0  tasks.o(i.prvResetNextTaskUnblockTime)
    prvResetNextTaskUnblockTime              0x08001bc1   Thumb Code    40  tasks.o(i.prvResetNextTaskUnblockTime)
    i.prvSampleTimeNow                       0x08001bf0   Section        0  timers.o(i.prvSampleTimeNow)
    prvSampleTimeNow                         0x08001bf1   Thumb Code    40  timers.o(i.prvSampleTimeNow)
    i.prvSwitchTimerLists                    0x08001c1c   Section        0  timers.o(i.prvSwitchTimerLists)
    prvSwitchTimerLists                      0x08001c1d   Thumb Code   154  timers.o(i.prvSwitchTimerLists)
    i.prvTaskExitError                       0x08001cc0   Section        0  port.o(i.prvTaskExitError)
    prvTaskExitError                         0x08001cc1   Thumb Code    60  port.o(i.prvTaskExitError)
    i.prvTimerTask                           0x08001d00   Section        0  timers.o(i.prvTimerTask)
    prvTimerTask                             0x08001d01   Thumb Code    26  timers.o(i.prvTimerTask)
    i.prvUnlockQueue                         0x08001d1a   Section        0  queue.o(i.prvUnlockQueue)
    prvUnlockQueue                           0x08001d1b   Thumb Code   144  queue.o(i.prvUnlockQueue)
    i.pvPortMalloc                           0x08001dac   Section        0  heap_4.o(i.pvPortMalloc)
    i.pxPortInitialiseStack                  0x08001f18   Section        0  port.o(i.pxPortInitialiseStack)
    i.spi_default_para_init                  0x08001f44   Section        0  at32f435_437_spi.o(i.spi_default_para_init)
    i.spi_enable                             0x08001f5a   Section        0  at32f435_437_spi.o(i.spi_enable)
    i.spi_frame_bit_num_set                  0x08001f64   Section        0  at32f435_437_spi.o(i.spi_frame_bit_num_set)
    i.spi_i2s_data_transmit                  0x08001f6e   Section        0  at32f435_437_spi.o(i.spi_i2s_data_transmit)
    i.spi_i2s_flag_get                       0x08001f72   Section        0  at32f435_437_spi.o(i.spi_i2s_flag_get)
    i.spi_init                               0x08001f82   Section        0  at32f435_437_spi.o(i.spi_init)
    i.system_clock_config                    0x080020dc   Section        0  at32f435_437_clock.o(i.system_clock_config)
    i.system_core_clock_update               0x08002178   Section        0  system_at32f435_437.o(i.system_core_clock_update)
    i.systick_clock_source_config            0x08002268   Section        0  at32f435_437_misc.o(i.systick_clock_source_config)
    i.uart_print_init                        0x08002290   Section        0  at32f435_437_board.o(i.uart_print_init)
    i.usart_data_transmit                    0x08002304   Section        0  at32f435_437_usart.o(i.usart_data_transmit)
    i.usart_enable                           0x0800230c   Section        0  at32f435_437_usart.o(i.usart_enable)
    i.usart_flag_get                         0x08002316   Section        0  at32f435_437_usart.o(i.usart_flag_get)
    i.usart_init                             0x08002328   Section        0  at32f435_437_usart.o(i.usart_init)
    i.usart_transmitter_enable               0x080023d4   Section        0  at32f435_437_usart.o(i.usart_transmitter_enable)
    i.uxListRemove                           0x080023de   Section        0  list.o(i.uxListRemove)
    i.vListInitialise                        0x08002406   Section        0  list.o(i.vListInitialise)
    i.vListInitialiseItem                    0x08002420   Section        0  list.o(i.vListInitialiseItem)
    i.vListInsert                            0x08002426   Section        0  list.o(i.vListInsert)
    i.vListInsertEnd                         0x0800245a   Section        0  list.o(i.vListInsertEnd)
    i.vPortEnterCritical                     0x08002474   Section        0  port.o(i.vPortEnterCritical)
    i.vPortExitCritical                      0x080024c8   Section        0  port.o(i.vPortExitCritical)
    i.vPortFree                              0x08002504   Section        0  heap_4.o(i.vPortFree)
    i.vPortSetupTimerInterrupt               0x080025a8   Section        0  port.o(i.vPortSetupTimerInterrupt)
    i.vPortValidateInterruptPriority         0x080025d0   Section        0  port.o(i.vPortValidateInterruptPriority)
    i.vQueueWaitForMessageRestricted         0x08002648   Section        0  queue.o(i.vQueueWaitForMessageRestricted)
    i.vTaskDelay                             0x08002694   Section        0  tasks.o(i.vTaskDelay)
    i.vTaskInternalSetTimeOutState           0x080026f0   Section        0  tasks.o(i.vTaskInternalSetTimeOutState)
    i.vTaskMissedYield                       0x08002708   Section        0  tasks.o(i.vTaskMissedYield)
    i.vTaskPlaceOnEventList                  0x08002714   Section        0  tasks.o(i.vTaskPlaceOnEventList)
    i.vTaskPlaceOnEventListRestricted        0x0800274c   Section        0  tasks.o(i.vTaskPlaceOnEventListRestricted)
    i.vTaskStartScheduler                    0x0800278c   Section        0  tasks.o(i.vTaskStartScheduler)
    i.vTaskSuspendAll                        0x08002830   Section        0  tasks.o(i.vTaskSuspendAll)
    i.vTaskSwitchContext                     0x08002840   Section        0  tasks.o(i.vTaskSwitchContext)
    i.xPortStartScheduler                    0x0800290c   Section        0  port.o(i.xPortStartScheduler)
    i.xQueueGenericCreate                    0x08002a74   Section        0  queue.o(i.xQueueGenericCreate)
    i.xQueueGenericReset                     0x08002b18   Section        0  queue.o(i.xQueueGenericReset)
    i.xQueueGenericSend                      0x08002bb0   Section        0  queue.o(i.xQueueGenericSend)
    i.xQueueGenericSendFromISR               0x08002d88   Section        0  queue.o(i.xQueueGenericSendFromISR)
    i.xQueueReceive                          0x08002ec0   Section        0  queue.o(i.xQueueReceive)
    i.xTaskCheckForTimeOut                   0x08003028   Section        0  tasks.o(i.xTaskCheckForTimeOut)
    i.xTaskCreate                            0x080030b8   Section        0  tasks.o(i.xTaskCreate)
    i.xTaskGetSchedulerState                 0x08003118   Section        0  tasks.o(i.xTaskGetSchedulerState)
    i.xTaskGetTickCount                      0x08003138   Section        0  tasks.o(i.xTaskGetTickCount)
    i.xTaskIncrementTick                     0x08003144   Section        0  tasks.o(i.xTaskIncrementTick)
    i.xTaskPriorityDisinherit                0x0800328c   Section        0  tasks.o(i.xTaskPriorityDisinherit)
    i.xTaskRemoveFromEventList               0x08003348   Section        0  tasks.o(i.xTaskRemoveFromEventList)
    i.xTaskResumeAll                         0x080033e0   Section        0  tasks.o(i.xTaskResumeAll)
    i.xTimerCreateTimerTask                  0x080034e4   Section        0  timers.o(i.xTimerCreateTimerTask)
    i.xTimerGenericCommand                   0x08003538   Section        0  timers.o(i.xTimerGenericCommand)
    x$fpl$fpinit                             0x080035bc   Section       10  fpinit.o(x$fpl$fpinit)
    $v0                                      0x080035bc   Number         0  fpinit.o(x$fpl$fpinit)
    .constdata                               0x080035c6   Section       38  at32f435_437_crm.o(.constdata)
    sclk_ahb_div_table                       0x080035c6   Data          16  at32f435_437_crm.o(.constdata)
    ahb_apb1_div_table                       0x080035d6   Data           8  at32f435_437_crm.o(.constdata)
    ahb_apb2_div_table                       0x080035de   Data           8  at32f435_437_crm.o(.constdata)
    pll_fr_table                             0x080035e6   Data           6  at32f435_437_crm.o(.constdata)
    .constdata                               0x080035ec   Section       22  system_at32f435_437.o(.constdata)
    sys_ahb_div_table                        0x080035ec   Data          16  system_at32f435_437.o(.constdata)
    pll_fr_table                             0x080035fc   Data           6  system_at32f435_437.o(.constdata)
    .data                                    0x20000000   Section       12  main.o(.data)
    systemcoreclock                          0x20000000   Data           4  main.o(.data)
    .data                                    0x2000000c   Section       45  at32f435_437_board.o(.data)
    fac_us                                   0x2000002c   Data           4  at32f435_437_board.o(.data)
    fac_ms                                   0x20000030   Data           4  at32f435_437_board.o(.data)
    pressed                                  0x20000038   Data           1  at32f435_437_board.o(.data)
    .data                                    0x2000003c   Section        4  system_at32f435_437.o(.data)
    .data                                    0x20000040   Section       36  heap_4.o(.data)
    systemcoreclock                          0x20000040   Data           4  heap_4.o(.data)
    xStart                                   0x20000044   Data           8  heap_4.o(.data)
    pxEnd                                    0x2000004c   Data           4  heap_4.o(.data)
    xFreeBytesRemaining                      0x20000050   Data           4  heap_4.o(.data)
    xMinimumEverFreeBytesRemaining           0x20000054   Data           4  heap_4.o(.data)
    xNumberOfSuccessfulAllocations           0x20000058   Data           4  heap_4.o(.data)
    xNumberOfSuccessfulFrees                 0x2000005c   Data           4  heap_4.o(.data)
    xBlockAllocatedBit                       0x20000060   Data           4  heap_4.o(.data)
    .data                                    0x20000064   Section       16  port.o(.data)
    systemcoreclock                          0x20000064   Data           4  port.o(.data)
    uxCriticalNesting                        0x20000068   Data           4  port.o(.data)
    ucMaxSysCallPriority                     0x2000006c   Data           1  port.o(.data)
    ulMaxPRIGROUPValue                       0x20000070   Data           4  port.o(.data)
    .data                                    0x20000074   Section       76  tasks.o(.data)
    systemcoreclock                          0x20000074   Data           4  tasks.o(.data)
    pxDelayedTaskList                        0x2000007c   Data           4  tasks.o(.data)
    pxOverflowDelayedTaskList                0x20000080   Data           4  tasks.o(.data)
    uxDeletedTasksWaitingCleanUp             0x20000084   Data           4  tasks.o(.data)
    uxCurrentNumberOfTasks                   0x20000088   Data           4  tasks.o(.data)
    xTickCount                               0x2000008c   Data           4  tasks.o(.data)
    uxTopReadyPriority                       0x20000090   Data           4  tasks.o(.data)
    xSchedulerRunning                        0x20000094   Data           4  tasks.o(.data)
    xPendedTicks                             0x20000098   Data           4  tasks.o(.data)
    xYieldPending                            0x2000009c   Data           4  tasks.o(.data)
    xNumOfOverflows                          0x200000a0   Data           4  tasks.o(.data)
    uxTaskNumber                             0x200000a4   Data           4  tasks.o(.data)
    xNextTaskUnblockTime                     0x200000a8   Data           4  tasks.o(.data)
    xIdleTaskHandle                          0x200000ac   Data           4  tasks.o(.data)
    uxSchedulerSuspended                     0x200000b4   Data           4  tasks.o(.data)
    ulTaskSwitchedInTime                     0x200000b8   Data           4  tasks.o(.data)
    ulTotalRunTime                           0x200000bc   Data           4  tasks.o(.data)
    .data                                    0x200000c0   Section       24  timers.o(.data)
    systemcoreclock                          0x200000c0   Data           4  timers.o(.data)
    pxCurrentTimerList                       0x200000c4   Data           4  timers.o(.data)
    pxOverflowTimerList                      0x200000c8   Data           4  timers.o(.data)
    xTimerQueue                              0x200000cc   Data           4  timers.o(.data)
    xTimerTaskHandle                         0x200000d0   Data           4  timers.o(.data)
    xLastTime                                0x200000d4   Data           4  timers.o(.data)
    .bss                                     0x200000d8   Section    30720  heap_4.o(.bss)
    ucHeap                                   0x200000d8   Data       30720  heap_4.o(.bss)
    .bss                                     0x200078d8   Section      740  tasks.o(.bss)
    pxReadyTasksLists                        0x200078d8   Data         640  tasks.o(.bss)
    xDelayedTaskList1                        0x20007b58   Data          20  tasks.o(.bss)
    xDelayedTaskList2                        0x20007b6c   Data          20  tasks.o(.bss)
    xPendingReadyList                        0x20007b80   Data          20  tasks.o(.bss)
    xTasksWaitingTermination                 0x20007b94   Data          20  tasks.o(.bss)
    xSuspendedTaskList                       0x20007ba8   Data          20  tasks.o(.bss)
    .bss                                     0x20007bbc   Section       40  timers.o(.bss)
    xActiveTimerList1                        0x20007bbc   Data          20  timers.o(.bss)
    xActiveTimerList2                        0x20007bd0   Data          20  timers.o(.bss)
    .bss                                     0x20007be4   Section       96  libspace.o(.bss)
    HEAP                                     0x20007c48   Section      512  startup_at32f435_437.o(HEAP)
    Heap_Mem                                 0x20007c48   Data         512  startup_at32f435_437.o(HEAP)
    STACK                                    0x20007e48   Section     1024  startup_at32f435_437.o(STACK)
    Stack_Mem                                0x20007e48   Data        1024  startup_at32f435_437.o(STACK)
    __initial_sp                             0x20008248   Data           0  startup_at32f435_437.o(STACK)

    Global Symbols

    Symbol Name                              Value     Ov Type        Size  Object(Section)

    BuildAttributes$$THM_ISAv4$E$P$D$K$B$S$7EM$VFPi3$EXTD16$VFPS$VFMA$PE$A:L22UL41UL21$X:L11$S22US41US21$IEEE1$IW$USESV6$~STKCKD$USESV7$~SHL$OSPACE$ROPI$EBA8$UX$STANDARDLIB$REQ8$PRES8$EABIv2 0x00000000   Number         0  anon$$obj.o ABSOLUTE
    __ARM_use_no_argv                        0x00000000   Number         0  main.o ABSOLUTE
    __ARM_exceptions_init                     - Undefined Weak Reference
    __alloca_initialize                       - Undefined Weak Reference
    __arm_fini_                               - Undefined Weak Reference
    __arm_preinit_                            - Undefined Weak Reference
    __cpp_initialize__aeabi_                  - Undefined Weak Reference
    __cxa_finalize                            - Undefined Weak Reference
    __rt_locale                               - Undefined Weak Reference
    __sigvec_lookup                           - Undefined Weak Reference
    _atexit_init                              - Undefined Weak Reference
    _call_atexit_fns                          - Undefined Weak Reference
    _clock_init                               - Undefined Weak Reference
    _fp_trap_init                             - Undefined Weak Reference
    _fp_trap_shutdown                         - Undefined Weak Reference
    _get_lc_collate                           - Undefined Weak Reference
    _get_lc_ctype                             - Undefined Weak Reference
    _get_lc_monetary                          - Undefined Weak Reference
    _get_lc_numeric                           - Undefined Weak Reference
    _get_lc_time                              - Undefined Weak Reference
    _getenv_init                              - Undefined Weak Reference
    _handle_redirection                       - Undefined Weak Reference
    _init_alloc                               - Undefined Weak Reference
    _init_user_alloc                          - Undefined Weak Reference
    _initio                                   - Undefined Weak Reference
    _mutex_acquire                            - Undefined Weak Reference
    _mutex_release                            - Undefined Weak Reference
    _printf_mbtowc                            - Undefined Weak Reference
    _printf_post_padding                      - Undefined Weak Reference
    _printf_pre_padding                       - Undefined Weak Reference
    _printf_truncate_signed                   - Undefined Weak Reference
    _printf_truncate_unsigned                 - Undefined Weak Reference
    _rand_init                                - Undefined Weak Reference
    _signal_finish                            - Undefined Weak Reference
    _signal_init                              - Undefined Weak Reference
    _terminate_alloc                          - Undefined Weak Reference
    _terminate_user_alloc                     - Undefined Weak Reference
    _terminateio                              - Undefined Weak Reference
    __Vectors_Size                           0x0000020c   Number         0  startup_at32f435_437.o ABSOLUTE
    __Vectors                                0x08000000   Data           4  startup_at32f435_437.o(RESET)
    __Vectors_End                            0x0800020c   Data           0  startup_at32f435_437.o(RESET)
    __main                                   0x0800020d   Thumb Code     8  __main.o(!!!main)
    __scatterload                            0x08000215   Thumb Code     0  __scatter.o(!!!scatter)
    __scatterload_rt2                        0x08000215   Thumb Code    44  __scatter.o(!!!scatter)
    __scatterload_rt2_thumb_only             0x08000215   Thumb Code     0  __scatter.o(!!!scatter)
    __scatterload_null                       0x08000223   Thumb Code     0  __scatter.o(!!!scatter)
    __scatterload_copy                       0x08000249   Thumb Code    26  __scatter_copy.o(!!handler_copy)
    __scatterload_zeroinit                   0x08000265   Thumb Code    28  __scatter_zi.o(!!handler_zi)
    _printf_d                                0x08000281   Thumb Code     0  _printf_d.o(.ARM.Collect$$_printf_percent$$00000009)
    _printf_percent                          0x08000281   Thumb Code     0  _printf_percent.o(.ARM.Collect$$_printf_percent$$00000000)
    _printf_percent_end                      0x08000287   Thumb Code     0  _printf_percent_end.o(.ARM.Collect$$_printf_percent$$00000017)
    __rt_lib_init                            0x0800028b   Thumb Code     0  libinit.o(.ARM.Collect$$libinit$$00000000)
    __rt_lib_init_fp_1                       0x0800028d   Thumb Code     0  libinit2.o(.ARM.Collect$$libinit$$00000001)
    __rt_lib_init_alloca_1                   0x08000291   Thumb Code     0  libinit2.o(.ARM.Collect$$libinit$$0000002E)
    __rt_lib_init_argv_1                     0x08000291   Thumb Code     0  libinit2.o(.ARM.Collect$$libinit$$0000002C)
    __rt_lib_init_atexit_1                   0x08000291   Thumb Code     0  libinit2.o(.ARM.Collect$$libinit$$0000001B)
    __rt_lib_init_clock_1                    0x08000291   Thumb Code     0  libinit2.o(.ARM.Collect$$libinit$$00000021)
    __rt_lib_init_cpp_1                      0x08000291   Thumb Code     0  libinit2.o(.ARM.Collect$$libinit$$00000032)
    __rt_lib_init_exceptions_1               0x08000291   Thumb Code     0  libinit2.o(.ARM.Collect$$libinit$$00000030)
    __rt_lib_init_fp_trap_1                  0x08000291   Thumb Code     0  libinit2.o(.ARM.Collect$$libinit$$0000001F)
    __rt_lib_init_getenv_1                   0x08000291   Thumb Code     0  libinit2.o(.ARM.Collect$$libinit$$00000023)
    __rt_lib_init_heap_1                     0x08000291   Thumb Code     0  libinit2.o(.ARM.Collect$$libinit$$0000000A)
    __rt_lib_init_lc_collate_1               0x08000291   Thumb Code     0  libinit2.o(.ARM.Collect$$libinit$$00000011)
    __rt_lib_init_lc_ctype_1                 0x08000291   Thumb Code     0  libinit2.o(.ARM.Collect$$libinit$$00000013)
    __rt_lib_init_lc_monetary_1              0x08000291   Thumb Code     0  libinit2.o(.ARM.Collect$$libinit$$00000015)
    __rt_lib_init_lc_numeric_1               0x08000291   Thumb Code     0  libinit2.o(.ARM.Collect$$libinit$$00000017)
    __rt_lib_init_lc_time_1                  0x08000291   Thumb Code     0  libinit2.o(.ARM.Collect$$libinit$$00000019)
    __rt_lib_init_preinit_1                  0x08000291   Thumb Code     0  libinit2.o(.ARM.Collect$$libinit$$00000004)
    __rt_lib_init_rand_1                     0x08000291   Thumb Code     0  libinit2.o(.ARM.Collect$$libinit$$0000000E)
    __rt_lib_init_return                     0x08000291   Thumb Code     0  libinit2.o(.ARM.Collect$$libinit$$00000033)
    __rt_lib_init_signal_1                   0x08000291   Thumb Code     0  libinit2.o(.ARM.Collect$$libinit$$0000001D)
    __rt_lib_init_stdio_1                    0x08000291   Thumb Code     0  libinit2.o(.ARM.Collect$$libinit$$00000025)
    __rt_lib_init_user_alloc_1               0x08000291   Thumb Code     0  libinit2.o(.ARM.Collect$$libinit$$0000000C)
    __rt_lib_shutdown                        0x08000293   Thumb Code     0  libshutdown.o(.ARM.Collect$$libshutdown$$00000000)
    __rt_lib_shutdown_cpp_1                  0x08000295   Thumb Code     0  libshutdown2.o(.ARM.Collect$$libshutdown$$00000004)
    __rt_lib_shutdown_fini_1                 0x08000295   Thumb Code     0  libshutdown2.o(.ARM.Collect$$libshutdown$$00000002)
    __rt_lib_shutdown_fp_trap_1              0x08000295   Thumb Code     0  libshutdown2.o(.ARM.Collect$$libshutdown$$00000009)
    __rt_lib_shutdown_heap_1                 0x08000295   Thumb Code     0  libshutdown2.o(.ARM.Collect$$libshutdown$$00000011)
    __rt_lib_shutdown_return                 0x08000295   Thumb Code     0  libshutdown2.o(.ARM.Collect$$libshutdown$$00000012)
    __rt_lib_shutdown_signal_1               0x08000295   Thumb Code     0  libshutdown2.o(.ARM.Collect$$libshutdown$$0000000C)
    __rt_lib_shutdown_stdio_1                0x08000295   Thumb Code     0  libshutdown2.o(.ARM.Collect$$libshutdown$$00000006)
    __rt_lib_shutdown_user_alloc_1           0x08000295   Thumb Code     0  libshutdown2.o(.ARM.Collect$$libshutdown$$0000000E)
    __rt_entry                               0x08000297   Thumb Code     0  __rtentry.o(.ARM.Collect$$rtentry$$00000000)
    __rt_entry_presh_1                       0x08000297   Thumb Code     0  __rtentry2.o(.ARM.Collect$$rtentry$$00000002)
    __rt_entry_sh                            0x08000297   Thumb Code     0  __rtentry4.o(.ARM.Collect$$rtentry$$00000004)
    __rt_entry_li                            0x0800029d   Thumb Code     0  __rtentry2.o(.ARM.Collect$$rtentry$$0000000A)
    __rt_entry_postsh_1                      0x0800029d   Thumb Code     0  __rtentry2.o(.ARM.Collect$$rtentry$$00000009)
    __rt_entry_main                          0x080002a1   Thumb Code     0  __rtentry2.o(.ARM.Collect$$rtentry$$0000000D)
    __rt_entry_postli_1                      0x080002a1   Thumb Code     0  __rtentry2.o(.ARM.Collect$$rtentry$$0000000C)
    __rt_exit                                0x080002a9   Thumb Code     0  rtexit.o(.ARM.Collect$$rtexit$$00000000)
    __rt_exit_ls                             0x080002ab   Thumb Code     0  rtexit2.o(.ARM.Collect$$rtexit$$00000003)
    __rt_exit_prels_1                        0x080002ab   Thumb Code     0  rtexit2.o(.ARM.Collect$$rtexit$$00000002)
    __rt_exit_exit                           0x080002af   Thumb Code     0  rtexit2.o(.ARM.Collect$$rtexit$$00000004)
    SVC_Handler                              0x080002b5   Thumb Code    28  port.o(.emb_text)
    __asm___6_port_c_39a90d8d__prvStartFirstTask 0x080002d5   Thumb Code    36  port.o(.emb_text)
    __asm___6_port_c_39a90d8d__prvEnableVFP  0x080002fd   Thumb Code    16  port.o(.emb_text)
    PendSV_Handler                           0x08000311   Thumb Code    88  port.o(.emb_text)
    vPortGetIPSR                             0x0800036d   Thumb Code     6  port.o(.emb_text)
    Reset_Handler                            0x08000375   Thumb Code     8  startup_at32f435_437.o(.text)
    ACC_IRQHandler                           0x0800038f   Thumb Code     0  startup_at32f435_437.o(.text)
    ADC1_2_3_IRQHandler                      0x0800038f   Thumb Code     0  startup_at32f435_437.o(.text)
    CAN1_RX0_IRQHandler                      0x0800038f   Thumb Code     0  startup_at32f435_437.o(.text)
    CAN1_RX1_IRQHandler                      0x0800038f   Thumb Code     0  startup_at32f435_437.o(.text)
    CAN1_SE_IRQHandler                       0x0800038f   Thumb Code     0  startup_at32f435_437.o(.text)
    CAN1_TX_IRQHandler                       0x0800038f   Thumb Code     0  startup_at32f435_437.o(.text)
    CAN2_RX0_IRQHandler                      0x0800038f   Thumb Code     0  startup_at32f435_437.o(.text)
    CAN2_RX1_IRQHandler                      0x0800038f   Thumb Code     0  startup_at32f435_437.o(.text)
    CAN2_SE_IRQHandler                       0x0800038f   Thumb Code     0  startup_at32f435_437.o(.text)
    CAN2_TX_IRQHandler                       0x0800038f   Thumb Code     0  startup_at32f435_437.o(.text)
    CRM_IRQHandler                           0x0800038f   Thumb Code     0  startup_at32f435_437.o(.text)
    DMA1_Channel1_IRQHandler                 0x0800038f   Thumb Code     0  startup_at32f435_437.o(.text)
    DMA1_Channel2_IRQHandler                 0x0800038f   Thumb Code     0  startup_at32f435_437.o(.text)
    DMA1_Channel3_IRQHandler                 0x0800038f   Thumb Code     0  startup_at32f435_437.o(.text)
    DMA1_Channel4_IRQHandler                 0x0800038f   Thumb Code     0  startup_at32f435_437.o(.text)
    DMA1_Channel5_IRQHandler                 0x0800038f   Thumb Code     0  startup_at32f435_437.o(.text)
    DMA1_Channel6_IRQHandler                 0x0800038f   Thumb Code     0  startup_at32f435_437.o(.text)
    DMA1_Channel7_IRQHandler                 0x0800038f   Thumb Code     0  startup_at32f435_437.o(.text)
    DMA2_Channel1_IRQHandler                 0x0800038f   Thumb Code     0  startup_at32f435_437.o(.text)
    DMA2_Channel2_IRQHandler                 0x0800038f   Thumb Code     0  startup_at32f435_437.o(.text)
    DMA2_Channel3_IRQHandler                 0x0800038f   Thumb Code     0  startup_at32f435_437.o(.text)
    DMA2_Channel4_IRQHandler                 0x0800038f   Thumb Code     0  startup_at32f435_437.o(.text)
    DMA2_Channel5_IRQHandler                 0x0800038f   Thumb Code     0  startup_at32f435_437.o(.text)
    DMA2_Channel6_IRQHandler                 0x0800038f   Thumb Code     0  startup_at32f435_437.o(.text)
    DMA2_Channel7_IRQHandler                 0x0800038f   Thumb Code     0  startup_at32f435_437.o(.text)
    DMAMUX_IRQHandler                        0x0800038f   Thumb Code     0  startup_at32f435_437.o(.text)
    DVP_IRQHandler                           0x0800038f   Thumb Code     0  startup_at32f435_437.o(.text)
    EDMA_Stream1_IRQHandler                  0x0800038f   Thumb Code     0  startup_at32f435_437.o(.text)
    EDMA_Stream2_IRQHandler                  0x0800038f   Thumb Code     0  startup_at32f435_437.o(.text)
    EDMA_Stream3_IRQHandler                  0x0800038f   Thumb Code     0  startup_at32f435_437.o(.text)
    EDMA_Stream4_IRQHandler                  0x0800038f   Thumb Code     0  startup_at32f435_437.o(.text)
    EDMA_Stream5_IRQHandler                  0x0800038f   Thumb Code     0  startup_at32f435_437.o(.text)
    EDMA_Stream6_IRQHandler                  0x0800038f   Thumb Code     0  startup_at32f435_437.o(.text)
    EDMA_Stream7_IRQHandler                  0x0800038f   Thumb Code     0  startup_at32f435_437.o(.text)
    EDMA_Stream8_IRQHandler                  0x0800038f   Thumb Code     0  startup_at32f435_437.o(.text)
    EMAC_IRQHandler                          0x0800038f   Thumb Code     0  startup_at32f435_437.o(.text)
    EMAC_WKUP_IRQHandler                     0x0800038f   Thumb Code     0  startup_at32f435_437.o(.text)
    ERTCAlarm_IRQHandler                     0x0800038f   Thumb Code     0  startup_at32f435_437.o(.text)
    ERTC_WKUP_IRQHandler                     0x0800038f   Thumb Code     0  startup_at32f435_437.o(.text)
    EXINT0_IRQHandler                        0x0800038f   Thumb Code     0  startup_at32f435_437.o(.text)
    EXINT15_10_IRQHandler                    0x0800038f   Thumb Code     0  startup_at32f435_437.o(.text)
    EXINT1_IRQHandler                        0x0800038f   Thumb Code     0  startup_at32f435_437.o(.text)
    EXINT2_IRQHandler                        0x0800038f   Thumb Code     0  startup_at32f435_437.o(.text)
    EXINT3_IRQHandler                        0x0800038f   Thumb Code     0  startup_at32f435_437.o(.text)
    EXINT4_IRQHandler                        0x0800038f   Thumb Code     0  startup_at32f435_437.o(.text)
    EXINT9_5_IRQHandler                      0x0800038f   Thumb Code     0  startup_at32f435_437.o(.text)
    FLASH_IRQHandler                         0x0800038f   Thumb Code     0  startup_at32f435_437.o(.text)
    FPU_IRQHandler                           0x0800038f   Thumb Code     0  startup_at32f435_437.o(.text)
    I2C1_ERR_IRQHandler                      0x0800038f   Thumb Code     0  startup_at32f435_437.o(.text)
    I2C1_EVT_IRQHandler                      0x0800038f   Thumb Code     0  startup_at32f435_437.o(.text)
    I2C2_ERR_IRQHandler                      0x0800038f   Thumb Code     0  startup_at32f435_437.o(.text)
    I2C2_EVT_IRQHandler                      0x0800038f   Thumb Code     0  startup_at32f435_437.o(.text)
    I2C3_ERR_IRQHandler                      0x0800038f   Thumb Code     0  startup_at32f435_437.o(.text)
    I2C3_EVT_IRQHandler                      0x0800038f   Thumb Code     0  startup_at32f435_437.o(.text)
    OTGFS1_IRQHandler                        0x0800038f   Thumb Code     0  startup_at32f435_437.o(.text)
    OTGFS1_WKUP_IRQHandler                   0x0800038f   Thumb Code     0  startup_at32f435_437.o(.text)
    OTGFS2_IRQHandler                        0x0800038f   Thumb Code     0  startup_at32f435_437.o(.text)
    OTGFS2_WKUP_IRQHandler                   0x0800038f   Thumb Code     0  startup_at32f435_437.o(.text)
    PVM_IRQHandler                           0x0800038f   Thumb Code     0  startup_at32f435_437.o(.text)
    QSPI1_IRQHandler                         0x0800038f   Thumb Code     0  startup_at32f435_437.o(.text)
    QSPI2_IRQHandler                         0x0800038f   Thumb Code     0  startup_at32f435_437.o(.text)
    SDIO1_IRQHandler                         0x0800038f   Thumb Code     0  startup_at32f435_437.o(.text)
    SDIO2_IRQHandler                         0x0800038f   Thumb Code     0  startup_at32f435_437.o(.text)
    SPI1_IRQHandler                          0x0800038f   Thumb Code     0  startup_at32f435_437.o(.text)
    SPI2_I2S2EXT_IRQHandler                  0x0800038f   Thumb Code     0  startup_at32f435_437.o(.text)
    SPI3_I2S3EXT_IRQHandler                  0x0800038f   Thumb Code     0  startup_at32f435_437.o(.text)
    SPI4_IRQHandler                          0x0800038f   Thumb Code     0  startup_at32f435_437.o(.text)
    TAMP_STAMP_IRQHandler                    0x0800038f   Thumb Code     0  startup_at32f435_437.o(.text)
    TMR1_BRK_TMR9_IRQHandler                 0x0800038f   Thumb Code     0  startup_at32f435_437.o(.text)
    TMR1_CH_IRQHandler                       0x0800038f   Thumb Code     0  startup_at32f435_437.o(.text)
    TMR1_OVF_TMR10_IRQHandler                0x0800038f   Thumb Code     0  startup_at32f435_437.o(.text)
    TMR1_TRG_HALL_TMR11_IRQHandler           0x0800038f   Thumb Code     0  startup_at32f435_437.o(.text)
    TMR20_BRK_IRQHandler                     0x0800038f   Thumb Code     0  startup_at32f435_437.o(.text)
    TMR20_CH_IRQHandler                      0x0800038f   Thumb Code     0  startup_at32f435_437.o(.text)
    TMR20_OVF_IRQHandler                     0x0800038f   Thumb Code     0  startup_at32f435_437.o(.text)
    TMR20_TRG_HALL_IRQHandler                0x0800038f   Thumb Code     0  startup_at32f435_437.o(.text)
    TMR2_GLOBAL_IRQHandler                   0x0800038f   Thumb Code     0  startup_at32f435_437.o(.text)
    TMR3_GLOBAL_IRQHandler                   0x0800038f   Thumb Code     0  startup_at32f435_437.o(.text)
    TMR4_GLOBAL_IRQHandler                   0x0800038f   Thumb Code     0  startup_at32f435_437.o(.text)
    TMR5_GLOBAL_IRQHandler                   0x0800038f   Thumb Code     0  startup_at32f435_437.o(.text)
    TMR6_DAC_GLOBAL_IRQHandler               0x0800038f   Thumb Code     0  startup_at32f435_437.o(.text)
    TMR7_GLOBAL_IRQHandler                   0x0800038f   Thumb Code     0  startup_at32f435_437.o(.text)
    TMR8_BRK_TMR12_IRQHandler                0x0800038f   Thumb Code     0  startup_at32f435_437.o(.text)
    TMR8_CH_IRQHandler                       0x0800038f   Thumb Code     0  startup_at32f435_437.o(.text)
    TMR8_OVF_TMR13_IRQHandler                0x0800038f   Thumb Code     0  startup_at32f435_437.o(.text)
    TMR8_TRG_HALL_TMR14_IRQHandler           0x0800038f   Thumb Code     0  startup_at32f435_437.o(.text)
    UART4_IRQHandler                         0x0800038f   Thumb Code     0  startup_at32f435_437.o(.text)
    UART5_IRQHandler                         0x0800038f   Thumb Code     0  startup_at32f435_437.o(.text)
    UART7_IRQHandler                         0x0800038f   Thumb Code     0  startup_at32f435_437.o(.text)
    UART8_IRQHandler                         0x0800038f   Thumb Code     0  startup_at32f435_437.o(.text)
    USART1_IRQHandler                        0x0800038f   Thumb Code     0  startup_at32f435_437.o(.text)
    USART2_IRQHandler                        0x0800038f   Thumb Code     0  startup_at32f435_437.o(.text)
    USART3_IRQHandler                        0x0800038f   Thumb Code     0  startup_at32f435_437.o(.text)
    USART6_IRQHandler                        0x0800038f   Thumb Code     0  startup_at32f435_437.o(.text)
    WWDT_IRQHandler                          0x0800038f   Thumb Code     0  startup_at32f435_437.o(.text)
    XMC_IRQHandler                           0x0800038f   Thumb Code     0  startup_at32f435_437.o(.text)
    __user_initial_stackheap                 0x08000391   Thumb Code     0  startup_at32f435_437.o(.text)
    __use_no_semihosting                     0x080003b5   Thumb Code     2  use_no_semi_2.o(.text)
    __aeabi_uldivmod                         0x080003b7   Thumb Code     0  lludivv7m.o(.text)
    _ll_udiv                                 0x080003b7   Thumb Code   238  lludivv7m.o(.text)
    __2printf                                0x080004a5   Thumb Code    20  noretval__2printf.o(.text)
    __printf                                 0x080004bd   Thumb Code   104  __printf.o(.text)
    _printf_int_dec                          0x08000525   Thumb Code   104  _printf_dec.o(.text)
    __aeabi_memcpy                           0x0800059d   Thumb Code     0  rt_memcpy_v6.o(.text)
    __rt_memcpy                              0x0800059d   Thumb Code   138  rt_memcpy_v6.o(.text)
    _memcpy_lastbytes                        0x08000603   Thumb Code     0  rt_memcpy_v6.o(.text)
    __aeabi_memset                           0x08000627   Thumb Code    16  aeabi_memset.o(.text)
    __aeabi_memclr4                          0x08000637   Thumb Code     0  rt_memclr_w.o(.text)
    __aeabi_memclr8                          0x08000637   Thumb Code     0  rt_memclr_w.o(.text)
    __rt_memclr_w                            0x08000637   Thumb Code    78  rt_memclr_w.o(.text)
    _memset_w                                0x0800063b   Thumb Code     0  rt_memclr_w.o(.text)
    __use_two_region_memory                  0x08000685   Thumb Code     2  heapauxi.o(.text)
    __rt_heap_escrow$2region                 0x08000687   Thumb Code     2  heapauxi.o(.text)
    __rt_heap_expand$2region                 0x08000689   Thumb Code     2  heapauxi.o(.text)
    __I$use$semihosting                      0x0800068b   Thumb Code     0  use_no_semi.o(.text)
    __use_no_semihosting_swi                 0x0800068b   Thumb Code     2  use_no_semi.o(.text)
    _printf_int_common                       0x0800068d   Thumb Code   178  _printf_intcommon.o(.text)
    _printf_char_common                      0x0800074b   Thumb Code    32  _printf_char_common.o(.text)
    _printf_char_file                        0x08000771   Thumb Code    32  _printf_char_file.o(.text)
    __aeabi_memcpy4                          0x08000795   Thumb Code     0  rt_memcpy_w.o(.text)
    __aeabi_memcpy8                          0x08000795   Thumb Code     0  rt_memcpy_w.o(.text)
    __rt_memcpy_w                            0x08000795   Thumb Code   100  rt_memcpy_w.o(.text)
    _memcpy_lastbytes_aligned                0x080007dd   Thumb Code     0  rt_memcpy_w.o(.text)
    __aeabi_memclr                           0x080007f9   Thumb Code     0  rt_memclr.o(.text)
    __rt_memclr                              0x080007f9   Thumb Code    68  rt_memclr.o(.text)
    _memset                                  0x080007fd   Thumb Code     0  rt_memclr.o(.text)
    ferror                                   0x0800083d   Thumb Code     8  ferror.o(.text)
    __user_setup_stackheap                   0x08000845   Thumb Code    74  sys_stackheap_outer.o(.text)
    exit                                     0x0800088f   Thumb Code    18  exit.o(.text)
    __user_libspace                          0x080008a1   Thumb Code     8  libspace.o(.text)
    __user_perproc_libspace                  0x080008a1   Thumb Code     0  libspace.o(.text)
    __user_perthread_libspace                0x080008a1   Thumb Code     0  libspace.o(.text)
    App_main                                 0x080008a9   Thumb Code    30  main.o(i.App_main)
    BusFault_Handler                         0x080008c7   Thumb Code     4  at32f435_437_int.o(i.BusFault_Handler)
    DebugMon_Handler                         0x080008cb   Thumb Code     2  at32f435_437_int.o(i.DebugMon_Handler)
    HardFault_Handler                        0x080008cd   Thumb Code     4  at32f435_437_int.o(i.HardFault_Handler)
    LCD_Address_Set                          0x080008d1   Thumb Code    58  bsp_spi_lcd.o(i.LCD_Address_Set)
    LCD_Fill                                 0x0800090b   Thumb Code    74  bsp_spi_lcd.o(i.LCD_Fill)
    LCD_GPIO_Init                            0x08000955   Thumb Code   190  bsp_spi_lcd.o(i.LCD_GPIO_Init)
    LCD_Init                                 0x08000a29   Thumb Code   422  bsp_spi_lcd.o(i.LCD_Init)
    LCD_WR_DATA                              0x08000bd9   Thumb Code    18  bsp_spi_lcd.o(i.LCD_WR_DATA)
    LCD_WR_DATA8                             0x08000beb   Thumb Code    12  bsp_spi_lcd.o(i.LCD_WR_DATA8)
    LCD_WR_REG                               0x08000bf9   Thumb Code    28  bsp_spi_lcd.o(i.LCD_WR_REG)
    LCD_Writ_Bus                             0x08000c19   Thumb Code    52  bsp_spi_lcd.o(i.LCD_Writ_Bus)
    MemManage_Handler                        0x08000c55   Thumb Code     4  at32f435_437_int.o(i.MemManage_Handler)
    NMI_Handler                              0x08000c59   Thumb Code     2  at32f435_437_int.o(i.NMI_Handler)
    SysTick_Handler                          0x08000c5d   Thumb Code    46  port.o(i.SysTick_Handler)
    SystemInit                               0x08000c91   Thumb Code   128  system_at32f435_437.o(i.SystemInit)
    UsageFault_Handler                       0x08000d21   Thumb Code     4  at32f435_437_int.o(i.UsageFault_Handler)
    _sys_exit                                0x08000d25   Thumb Code     4  at32f435_437_board.o(i._sys_exit)
    crm_ahb_div_set                          0x08000d29   Thumb Code    14  at32f435_437_crm.o(i.crm_ahb_div_set)
    crm_apb1_div_set                         0x08000d3d   Thumb Code    14  at32f435_437_crm.o(i.crm_apb1_div_set)
    crm_apb2_div_set                         0x08000d51   Thumb Code    14  at32f435_437_crm.o(i.crm_apb2_div_set)
    crm_auto_step_mode_enable                0x08000d65   Thumb Code    34  at32f435_437_crm.o(i.crm_auto_step_mode_enable)
    crm_clock_source_enable                  0x08000d8d   Thumb Code    98  at32f435_437_crm.o(i.crm_clock_source_enable)
    crm_clocks_freq_get                      0x08000df5   Thumb Code   242  at32f435_437_crm.o(i.crm_clocks_freq_get)
    crm_flag_get                             0x08000f05   Thumb Code    44  at32f435_437_crm.o(i.crm_flag_get)
    crm_hext_stable_wait                     0x08000f35   Thumb Code    46  at32f435_437_crm.o(i.crm_hext_stable_wait)
    crm_periph_clock_enable                  0x08000f65   Thumb Code    70  at32f435_437_crm.o(i.crm_periph_clock_enable)
    crm_pll_config                           0x08000fb1   Thumb Code    68  at32f435_437_crm.o(i.crm_pll_config)
    crm_reset                                0x08000ff9   Thumb Code   106  at32f435_437_crm.o(i.crm_reset)
    crm_sysclk_switch                        0x08001071   Thumb Code    14  at32f435_437_crm.o(i.crm_sysclk_switch)
    crm_sysclk_switch_status_get             0x08001085   Thumb Code    10  at32f435_437_crm.o(i.crm_sysclk_switch_status_get)
    delay_init                               0x08001095   Thumb Code    38  at32f435_437_board.o(i.delay_init)
    delay_ms                                 0x080010cd   Thumb Code   110  at32f435_437_board.o(i.delay_ms)
    fputc                                    0x08001141   Thumb Code    32  at32f435_437_board.o(i.fputc)
    gpio_bits_reset                          0x08001165   Thumb Code     4  at32f435_437_gpio.o(i.gpio_bits_reset)
    gpio_bits_set                            0x08001169   Thumb Code     4  at32f435_437_gpio.o(i.gpio_bits_set)
    gpio_default_para_init                   0x0800116d   Thumb Code    20  at32f435_437_gpio.o(i.gpio_default_para_init)
    gpio_init                                0x08001181   Thumb Code   122  at32f435_437_gpio.o(i.gpio_init)
    gpio_pin_mux_config                      0x080011fb   Thumb Code    66  at32f435_437_gpio.o(i.gpio_pin_mux_config)
    main                                     0x0800123d   Thumb Code   106  main.o(i.main)
    pvPortMalloc                             0x08001dad   Thumb Code   338  heap_4.o(i.pvPortMalloc)
    pxPortInitialiseStack                    0x08001f19   Thumb Code    38  port.o(i.pxPortInitialiseStack)
    spi_default_para_init                    0x08001f45   Thumb Code    22  at32f435_437_spi.o(i.spi_default_para_init)
    spi_enable                               0x08001f5b   Thumb Code    10  at32f435_437_spi.o(i.spi_enable)
    spi_frame_bit_num_set                    0x08001f65   Thumb Code    10  at32f435_437_spi.o(i.spi_frame_bit_num_set)
    spi_i2s_data_transmit                    0x08001f6f   Thumb Code     4  at32f435_437_spi.o(i.spi_i2s_data_transmit)
    spi_i2s_flag_get                         0x08001f73   Thumb Code    16  at32f435_437_spi.o(i.spi_i2s_flag_get)
    spi_init                                 0x08001f83   Thumb Code   344  at32f435_437_spi.o(i.spi_init)
    system_clock_config                      0x080020dd   Thumb Code   144  at32f435_437_clock.o(i.system_clock_config)
    system_core_clock_update                 0x08002179   Thumb Code   214  system_at32f435_437.o(i.system_core_clock_update)
    systick_clock_source_config              0x08002269   Thumb Code    40  at32f435_437_misc.o(i.systick_clock_source_config)
    uart_print_init                          0x08002291   Thumb Code   104  at32f435_437_board.o(i.uart_print_init)
    usart_data_transmit                      0x08002305   Thumb Code     8  at32f435_437_usart.o(i.usart_data_transmit)
    usart_enable                             0x0800230d   Thumb Code    10  at32f435_437_usart.o(i.usart_enable)
    usart_flag_get                           0x08002317   Thumb Code    16  at32f435_437_usart.o(i.usart_flag_get)
    usart_init                               0x08002329   Thumb Code   162  at32f435_437_usart.o(i.usart_init)
    usart_transmitter_enable                 0x080023d5   Thumb Code    10  at32f435_437_usart.o(i.usart_transmitter_enable)
    uxListRemove                             0x080023df   Thumb Code    40  list.o(i.uxListRemove)
    vListInitialise                          0x08002407   Thumb Code    26  list.o(i.vListInitialise)
    vListInitialiseItem                      0x08002421   Thumb Code     6  list.o(i.vListInitialiseItem)
    vListInsert                              0x08002427   Thumb Code    52  list.o(i.vListInsert)
    vListInsertEnd                           0x0800245b   Thumb Code    24  list.o(i.vListInsertEnd)
    vPortEnterCritical                       0x08002475   Thumb Code    76  port.o(i.vPortEnterCritical)
    vPortExitCritical                        0x080024c9   Thumb Code    56  port.o(i.vPortExitCritical)
    vPortFree                                0x08002505   Thumb Code   150  heap_4.o(i.vPortFree)
    vPortSetupTimerInterrupt                 0x080025a9   Thumb Code    36  port.o(i.vPortSetupTimerInterrupt)
    vPortValidateInterruptPriority           0x080025d1   Thumb Code   106  port.o(i.vPortValidateInterruptPriority)
    vQueueWaitForMessageRestricted           0x08002649   Thumb Code    74  queue.o(i.vQueueWaitForMessageRestricted)
    vTaskDelay                               0x08002695   Thumb Code    82  tasks.o(i.vTaskDelay)
    vTaskInternalSetTimeOutState             0x080026f1   Thumb Code    14  tasks.o(i.vTaskInternalSetTimeOutState)
    vTaskMissedYield                         0x08002709   Thumb Code     8  tasks.o(i.vTaskMissedYield)
    vTaskPlaceOnEventList                    0x08002715   Thumb Code    52  tasks.o(i.vTaskPlaceOnEventList)
    vTaskPlaceOnEventListRestricted          0x0800274d   Thumb Code    60  tasks.o(i.vTaskPlaceOnEventListRestricted)
    vTaskStartScheduler                      0x0800278d   Thumb Code   126  tasks.o(i.vTaskStartScheduler)
    vTaskSuspendAll                          0x08002831   Thumb Code    12  tasks.o(i.vTaskSuspendAll)
    vTaskSwitchContext                       0x08002841   Thumb Code   170  tasks.o(i.vTaskSwitchContext)
    xPortStartScheduler                      0x0800290d   Thumb Code   330  port.o(i.xPortStartScheduler)
    xQueueGenericCreate                      0x08002a75   Thumb Code   162  queue.o(i.xQueueGenericCreate)
    xQueueGenericReset                       0x08002b19   Thumb Code   146  queue.o(i.xQueueGenericReset)
    xQueueGenericSend                        0x08002bb1   Thumb Code   466  queue.o(i.xQueueGenericSend)
    xQueueGenericSendFromISR                 0x08002d89   Thumb Code   310  queue.o(i.xQueueGenericSendFromISR)
    xQueueReceive                            0x08002ec1   Thumb Code   356  queue.o(i.xQueueReceive)
    xTaskCheckForTimeOut                     0x08003029   Thumb Code   136  tasks.o(i.xTaskCheckForTimeOut)
    xTaskCreate                              0x080030b9   Thumb Code    96  tasks.o(i.xTaskCreate)
    xTaskGetSchedulerState                   0x08003119   Thumb Code    24  tasks.o(i.xTaskGetSchedulerState)
    xTaskGetTickCount                        0x08003139   Thumb Code     6  tasks.o(i.xTaskGetTickCount)
    xTaskIncrementTick                       0x08003145   Thumb Code   282  tasks.o(i.xTaskIncrementTick)
    xTaskPriorityDisinherit                  0x0800328d   Thumb Code   174  tasks.o(i.xTaskPriorityDisinherit)
    xTaskRemoveFromEventList                 0x08003349   Thumb Code   128  tasks.o(i.xTaskRemoveFromEventList)
    xTaskResumeAll                           0x080033e1   Thumb Code   224  tasks.o(i.xTaskResumeAll)
    xTimerCreateTimerTask                    0x080034e5   Thumb Code    64  timers.o(i.xTimerCreateTimerTask)
    xTimerGenericCommand                     0x08003539   Thumb Code   126  timers.o(i.xTimerGenericCommand)
    _fp_init                                 0x080035bd   Thumb Code    10  fpinit.o(x$fpl$fpinit)
    __fplib_config_fpu_vfp                   0x080035c5   Thumb Code     0  fpinit.o(x$fpl$fpinit)
    __fplib_config_pureend_doubles           0x080035c5   Thumb Code     0  fpinit.o(x$fpl$fpinit)
    Region$$Table$$Base                      0x08003604   Number         0  anon$$obj.o(Region$$Table)
    Region$$Table$$Limit                     0x08003624   Number         0  anon$$obj.o(Region$$Table)
    debug_timerTick                          0x20000004   Data           4  main.o(.data)
    App_main_Handler                         0x20000008   Data           4  main.o(.data)
    led_gpio_port                            0x2000000c   Data          12  at32f435_437_board.o(.data)
    led_gpio_pin                             0x20000018   Data           6  at32f435_437_board.o(.data)
    led_gpio_crm_clk                         0x20000020   Data          12  at32f435_437_board.o(.data)
    __stdout                                 0x20000034   Data           4  at32f435_437_board.o(.data)
    system_core_clock                        0x2000003c   Data           4  system_at32f435_437.o(.data)
    pxCurrentTCB                             0x20000078   Data           4  tasks.o(.data)
    uxTopUsedPriority                        0x200000b0   Data           4  tasks.o(.data)
    __libspace_start                         0x20007be4   Data          96  libspace.o(.bss)
    __temporary_stack_top$libspace           0x20007c44   Data           0  libspace.o(.bss)



==============================================================================

Memory Map of the image

  Image Entry point : 0x0800020d

  Load Region LR_IROM1 (Base: 0x08000000, Size: 0x000036fc, Max: 0x00100000, ABSOLUTE)

    Execution Region ER_IROM1 (Exec base: 0x08000000, Load base: 0x08000000, Size: 0x00003624, Max: 0x00100000, ABSOLUTE)

    Exec Addr    Load Addr    Size         Type   Attr      Idx    E Section Name        Object

    0x08000000   0x08000000   0x0000020c   Data   RO         5029    RESET               startup_at32f435_437.o
    0x0800020c   0x0800020c   0x00000008   Code   RO         6885  * !!!main             c_w.l(__main.o)
    0x08000214   0x08000214   0x00000034   Code   RO         7071    !!!scatter          c_w.l(__scatter.o)
    0x08000248   0x08000248   0x0000001a   Code   RO         7073    !!handler_copy      c_w.l(__scatter_copy.o)
    0x08000262   0x08000262   0x00000002   PAD
    0x08000264   0x08000264   0x0000001c   Code   RO         7075    !!handler_zi        c_w.l(__scatter_zi.o)
    0x08000280   0x08000280   0x00000000   Code   RO         6870    .ARM.Collect$$_printf_percent$$00000000  c_w.l(_printf_percent.o)
    0x08000280   0x08000280   0x00000006   Code   RO         6868    .ARM.Collect$$_printf_percent$$00000009  c_w.l(_printf_d.o)
    0x08000286   0x08000286   0x00000004   Code   RO         6904    .ARM.Collect$$_printf_percent$$00000017  c_w.l(_printf_percent_end.o)
    0x0800028a   0x0800028a   0x00000002   Code   RO         6945    .ARM.Collect$$libinit$$00000000  c_w.l(libinit.o)
    0x0800028c   0x0800028c   0x00000004   Code   RO         6957    .ARM.Collect$$libinit$$00000001  c_w.l(libinit2.o)
    0x08000290   0x08000290   0x00000000   Code   RO         6960    .ARM.Collect$$libinit$$00000004  c_w.l(libinit2.o)
    0x08000290   0x08000290   0x00000000   Code   RO         6963    .ARM.Collect$$libinit$$0000000A  c_w.l(libinit2.o)
    0x08000290   0x08000290   0x00000000   Code   RO         6965    .ARM.Collect$$libinit$$0000000C  c_w.l(libinit2.o)
    0x08000290   0x08000290   0x00000000   Code   RO         6967    .ARM.Collect$$libinit$$0000000E  c_w.l(libinit2.o)
    0x08000290   0x08000290   0x00000000   Code   RO         6970    .ARM.Collect$$libinit$$00000011  c_w.l(libinit2.o)
    0x08000290   0x08000290   0x00000000   Code   RO         6972    .ARM.Collect$$libinit$$00000013  c_w.l(libinit2.o)
    0x08000290   0x08000290   0x00000000   Code   RO         6974    .ARM.Collect$$libinit$$00000015  c_w.l(libinit2.o)
    0x08000290   0x08000290   0x00000000   Code   RO         6976    .ARM.Collect$$libinit$$00000017  c_w.l(libinit2.o)
    0x08000290   0x08000290   0x00000000   Code   RO         6978    .ARM.Collect$$libinit$$00000019  c_w.l(libinit2.o)
    0x08000290   0x08000290   0x00000000   Code   RO         6980    .ARM.Collect$$libinit$$0000001B  c_w.l(libinit2.o)
    0x08000290   0x08000290   0x00000000   Code   RO         6982    .ARM.Collect$$libinit$$0000001D  c_w.l(libinit2.o)
    0x08000290   0x08000290   0x00000000   Code   RO         6984    .ARM.Collect$$libinit$$0000001F  c_w.l(libinit2.o)
    0x08000290   0x08000290   0x00000000   Code   RO         6986    .ARM.Collect$$libinit$$00000021  c_w.l(libinit2.o)
    0x08000290   0x08000290   0x00000000   Code   RO         6988    .ARM.Collect$$libinit$$00000023  c_w.l(libinit2.o)
    0x08000290   0x08000290   0x00000000   Code   RO         6990    .ARM.Collect$$libinit$$00000025  c_w.l(libinit2.o)
    0x08000290   0x08000290   0x00000000   Code   RO         6994    .ARM.Collect$$libinit$$0000002C  c_w.l(libinit2.o)
    0x08000290   0x08000290   0x00000000   Code   RO         6996    .ARM.Collect$$libinit$$0000002E  c_w.l(libinit2.o)
    0x08000290   0x08000290   0x00000000   Code   RO         6998    .ARM.Collect$$libinit$$00000030  c_w.l(libinit2.o)
    0x08000290   0x08000290   0x00000000   Code   RO         7000    .ARM.Collect$$libinit$$00000032  c_w.l(libinit2.o)
    0x08000290   0x08000290   0x00000002   Code   RO         7001    .ARM.Collect$$libinit$$00000033  c_w.l(libinit2.o)
    0x08000292   0x08000292   0x00000002   Code   RO         7025    .ARM.Collect$$libshutdown$$00000000  c_w.l(libshutdown.o)
    0x08000294   0x08000294   0x00000000   Code   RO         7051    .ARM.Collect$$libshutdown$$00000002  c_w.l(libshutdown2.o)
    0x08000294   0x08000294   0x00000000   Code   RO         7053    .ARM.Collect$$libshutdown$$00000004  c_w.l(libshutdown2.o)
    0x08000294   0x08000294   0x00000000   Code   RO         7055    .ARM.Collect$$libshutdown$$00000006  c_w.l(libshutdown2.o)
    0x08000294   0x08000294   0x00000000   Code   RO         7058    .ARM.Collect$$libshutdown$$00000009  c_w.l(libshutdown2.o)
    0x08000294   0x08000294   0x00000000   Code   RO         7061    .ARM.Collect$$libshutdown$$0000000C  c_w.l(libshutdown2.o)
    0x08000294   0x08000294   0x00000000   Code   RO         7063    .ARM.Collect$$libshutdown$$0000000E  c_w.l(libshutdown2.o)
    0x08000294   0x08000294   0x00000000   Code   RO         7066    .ARM.Collect$$libshutdown$$00000011  c_w.l(libshutdown2.o)
    0x08000294   0x08000294   0x00000002   Code   RO         7067    .ARM.Collect$$libshutdown$$00000012  c_w.l(libshutdown2.o)
    0x08000296   0x08000296   0x00000000   Code   RO         6889    .ARM.Collect$$rtentry$$00000000  c_w.l(__rtentry.o)
    0x08000296   0x08000296   0x00000000   Code   RO         6910    .ARM.Collect$$rtentry$$00000002  c_w.l(__rtentry2.o)
    0x08000296   0x08000296   0x00000006   Code   RO         6922    .ARM.Collect$$rtentry$$00000004  c_w.l(__rtentry4.o)
    0x0800029c   0x0800029c   0x00000000   Code   RO         6912    .ARM.Collect$$rtentry$$00000009  c_w.l(__rtentry2.o)
    0x0800029c   0x0800029c   0x00000004   Code   RO         6913    .ARM.Collect$$rtentry$$0000000A  c_w.l(__rtentry2.o)
    0x080002a0   0x080002a0   0x00000000   Code   RO         6915    .ARM.Collect$$rtentry$$0000000C  c_w.l(__rtentry2.o)
    0x080002a0   0x080002a0   0x00000008   Code   RO         6916    .ARM.Collect$$rtentry$$0000000D  c_w.l(__rtentry2.o)
    0x080002a8   0x080002a8   0x00000002   Code   RO         6949    .ARM.Collect$$rtexit$$00000000  c_w.l(rtexit.o)
    0x080002aa   0x080002aa   0x00000000   Code   RO         7003    .ARM.Collect$$rtexit$$00000002  c_w.l(rtexit2.o)
    0x080002aa   0x080002aa   0x00000004   Code   RO         7004    .ARM.Collect$$rtexit$$00000003  c_w.l(rtexit2.o)
    0x080002ae   0x080002ae   0x00000006   Code   RO         7005    .ARM.Collect$$rtexit$$00000004  c_w.l(rtexit2.o)
    0x080002b4   0x080002b4   0x000000be   Code   RO         5824    .emb_text           port.o
    0x08000372   0x08000372   0x00000002   PAD
    0x08000374   0x08000374   0x00000040   Code   RO         5030    .text               startup_at32f435_437.o
    0x080003b4   0x080003b4   0x00000002   Code   RO         6829    .text               c_w.l(use_no_semi_2.o)
    0x080003b6   0x080003b6   0x000000ee   Code   RO         6831    .text               c_w.l(lludivv7m.o)
    0x080004a4   0x080004a4   0x00000018   Code   RO         6837    .text               c_w.l(noretval__2printf.o)
    0x080004bc   0x080004bc   0x00000068   Code   RO         6841    .text               c_w.l(__printf.o)
    0x08000524   0x08000524   0x00000078   Code   RO         6845    .text               c_w.l(_printf_dec.o)
    0x0800059c   0x0800059c   0x0000008a   Code   RO         6875    .text               c_w.l(rt_memcpy_v6.o)
    0x08000626   0x08000626   0x00000010   Code   RO         6879    .text               c_w.l(aeabi_memset.o)
    0x08000636   0x08000636   0x0000004e   Code   RO         6881    .text               c_w.l(rt_memclr_w.o)
    0x08000684   0x08000684   0x00000006   Code   RO         6883    .text               c_w.l(heapauxi.o)
    0x0800068a   0x0800068a   0x00000002   Code   RO         6887    .text               c_w.l(use_no_semi.o)
    0x0800068c   0x0800068c   0x000000b2   Code   RO         6894    .text               c_w.l(_printf_intcommon.o)
    0x0800073e   0x0800073e   0x00000002   PAD
    0x08000740   0x08000740   0x00000030   Code   RO         6896    .text               c_w.l(_printf_char_common.o)
    0x08000770   0x08000770   0x00000024   Code   RO         6902    .text               c_w.l(_printf_char_file.o)
    0x08000794   0x08000794   0x00000064   Code   RO         6905    .text               c_w.l(rt_memcpy_w.o)
    0x080007f8   0x080007f8   0x00000044   Code   RO         6907    .text               c_w.l(rt_memclr.o)
    0x0800083c   0x0800083c   0x00000008   Code   RO         6928    .text               c_w.l(ferror.o)
    0x08000844   0x08000844   0x0000004a   Code   RO         6932    .text               c_w.l(sys_stackheap_outer.o)
    0x0800088e   0x0800088e   0x00000012   Code   RO         6934    .text               c_w.l(exit.o)
    0x080008a0   0x080008a0   0x00000008   Code   RO         6946    .text               c_w.l(libspace.o)
    0x080008a8   0x080008a8   0x0000001e   Code   RO            4    i.App_main          main.o
    0x080008c6   0x080008c6   0x00000004   Code   RO          247    i.BusFault_Handler  at32f435_437_int.o
    0x080008ca   0x080008ca   0x00000002   Code   RO          248    i.DebugMon_Handler  at32f435_437_int.o
    0x080008cc   0x080008cc   0x00000004   Code   RO          249    i.HardFault_Handler  at32f435_437_int.o
    0x080008d0   0x080008d0   0x0000003a   Code   RO          425    i.LCD_Address_Set   bsp_spi_lcd.o
    0x0800090a   0x0800090a   0x0000004a   Code   RO          426    i.LCD_Fill          bsp_spi_lcd.o
    0x08000954   0x08000954   0x000000d4   Code   RO          427    i.LCD_GPIO_Init     bsp_spi_lcd.o
    0x08000a28   0x08000a28   0x000001b0   Code   RO          428    i.LCD_Init          bsp_spi_lcd.o
    0x08000bd8   0x08000bd8   0x00000012   Code   RO          429    i.LCD_WR_DATA       bsp_spi_lcd.o
    0x08000bea   0x08000bea   0x0000000c   Code   RO          430    i.LCD_WR_DATA8      bsp_spi_lcd.o
    0x08000bf6   0x08000bf6   0x00000002   PAD
    0x08000bf8   0x08000bf8   0x00000020   Code   RO          431    i.LCD_WR_REG        bsp_spi_lcd.o
    0x08000c18   0x08000c18   0x0000003c   Code   RO          432    i.LCD_Writ_Bus      bsp_spi_lcd.o
    0x08000c54   0x08000c54   0x00000004   Code   RO          250    i.MemManage_Handler  at32f435_437_int.o
    0x08000c58   0x08000c58   0x00000002   Code   RO          251    i.NMI_Handler       at32f435_437_int.o
    0x08000c5a   0x08000c5a   0x00000002   PAD
    0x08000c5c   0x08000c5c   0x00000034   Code   RO         5825    i.SysTick_Handler   port.o
    0x08000c90   0x08000c90   0x00000090   Code   RO         5037    i.SystemInit        system_at32f435_437.o
    0x08000d20   0x08000d20   0x00000004   Code   RO          252    i.UsageFault_Handler  at32f435_437_int.o
    0x08000d24   0x08000d24   0x00000004   Code   RO          304    i._sys_exit         at32f435_437_board.o
    0x08000d28   0x08000d28   0x00000014   Code   RO         1130    i.crm_ahb_div_set   at32f435_437_crm.o
    0x08000d3c   0x08000d3c   0x00000014   Code   RO         1131    i.crm_apb1_div_set  at32f435_437_crm.o
    0x08000d50   0x08000d50   0x00000014   Code   RO         1132    i.crm_apb2_div_set  at32f435_437_crm.o
    0x08000d64   0x08000d64   0x00000028   Code   RO         1133    i.crm_auto_step_mode_enable  at32f435_437_crm.o
    0x08000d8c   0x08000d8c   0x00000068   Code   RO         1140    i.crm_clock_source_enable  at32f435_437_crm.o
    0x08000df4   0x08000df4   0x00000110   Code   RO         1141    i.crm_clocks_freq_get  at32f435_437_crm.o
    0x08000f04   0x08000f04   0x00000030   Code   RO         1146    i.crm_flag_get      at32f435_437_crm.o
    0x08000f34   0x08000f34   0x0000002e   Code   RO         1148    i.crm_hext_stable_wait  at32f435_437_crm.o
    0x08000f62   0x08000f62   0x00000002   PAD
    0x08000f64   0x08000f64   0x0000004c   Code   RO         1155    i.crm_periph_clock_enable  at32f435_437_crm.o
    0x08000fb0   0x08000fb0   0x00000048   Code   RO         1158    i.crm_pll_config    at32f435_437_crm.o
    0x08000ff8   0x08000ff8   0x00000078   Code   RO         1160    i.crm_reset         at32f435_437_crm.o
    0x08001070   0x08001070   0x00000014   Code   RO         1161    i.crm_sysclk_switch  at32f435_437_crm.o
    0x08001084   0x08001084   0x00000010   Code   RO         1162    i.crm_sysclk_switch_status_get  at32f435_437_crm.o
    0x08001094   0x08001094   0x00000038   Code   RO          314    i.delay_init        at32f435_437_board.o
    0x080010cc   0x080010cc   0x00000074   Code   RO          315    i.delay_ms          at32f435_437_board.o
    0x08001140   0x08001140   0x00000024   Code   RO          318    i.fputc             at32f435_437_board.o
    0x08001164   0x08001164   0x00000004   Code   RO         2788    i.gpio_bits_reset   at32f435_437_gpio.o
    0x08001168   0x08001168   0x00000004   Code   RO         2789    i.gpio_bits_set     at32f435_437_gpio.o
    0x0800116c   0x0800116c   0x00000014   Code   RO         2791    i.gpio_default_para_init  at32f435_437_gpio.o
    0x08001180   0x08001180   0x0000007a   Code   RO         2792    i.gpio_init         at32f435_437_gpio.o
    0x080011fa   0x080011fa   0x00000042   Code   RO         2797    i.gpio_pin_mux_config  at32f435_437_gpio.o
    0x0800123c   0x0800123c   0x000000fc   Code   RO            5    i.main              main.o
    0x08001338   0x08001338   0x00000098   Code   RO         6297    i.prvAddCurrentTaskToDelayedList  tasks.o
    0x080013d0   0x080013d0   0x000000b8   Code   RO         6298    i.prvAddNewTaskToReadyList  tasks.o
    0x08001488   0x08001488   0x0000004c   Code   RO         6682    i.prvCheckForValidListAndQueue  timers.o
    0x080014d4   0x080014d4   0x00000048   Code   RO         6299    i.prvCheckTasksWaitingTermination  tasks.o
    0x0800151c   0x0800151c   0x0000002a   Code   RO         5901    i.prvCopyDataFromQueue  queue.o
    0x08001546   0x08001546   0x0000007e   Code   RO         5902    i.prvCopyDataToQueue  queue.o
    0x080015c4   0x080015c4   0x00000012   Code   RO         6300    i.prvDeleteTCB      tasks.o
    0x080015d6   0x080015d6   0x00000002   PAD
    0x080015d8   0x080015d8   0x00000028   Code   RO         6683    i.prvGetNextExpireTime  timers.o
    0x08001600   0x08001600   0x0000007c   Code   RO         5757    i.prvHeapInit       heap_4.o
    0x0800167c   0x0800167c   0x00000028   Code   RO         6301    i.prvIdleTask       tasks.o
    0x080016a4   0x080016a4   0x0000002e   Code   RO         5905    i.prvInitialiseNewQueue  queue.o
    0x080016d2   0x080016d2   0x000000c0   Code   RO         6302    i.prvInitialiseNewTask  tasks.o
    0x08001792   0x08001792   0x00000002   PAD
    0x08001794   0x08001794   0x00000068   Code   RO         6303    i.prvInitialiseTaskLists  tasks.o
    0x080017fc   0x080017fc   0x00000068   Code   RO         5758    i.prvInsertBlockIntoFreeList  heap_4.o
    0x08001864   0x08001864   0x00000058   Code   RO         6685    i.prvInsertTimerInActiveList  timers.o
    0x080018bc   0x080018bc   0x0000001a   Code   RO         5906    i.prvIsQueueEmpty   queue.o
    0x080018d6   0x080018d6   0x0000001e   Code   RO         5907    i.prvIsQueueFull    queue.o
    0x080018f4   0x080018f4   0x000000ac   Code   RO         5908    i.prvNotifyQueueSetContainer  queue.o
    0x080019a0   0x080019a0   0x00000074   Code   RO         6686    i.prvProcessExpiredTimer  timers.o
    0x08001a14   0x08001a14   0x00000138   Code   RO         6687    i.prvProcessReceivedCommands  timers.o
    0x08001b4c   0x08001b4c   0x00000074   Code   RO         6688    i.prvProcessTimerOrBlockTask  timers.o
    0x08001bc0   0x08001bc0   0x00000030   Code   RO         6305    i.prvResetNextTaskUnblockTime  tasks.o
    0x08001bf0   0x08001bf0   0x0000002c   Code   RO         6689    i.prvSampleTimeNow  timers.o
    0x08001c1c   0x08001c1c   0x000000a4   Code   RO         6690    i.prvSwitchTimerLists  timers.o
    0x08001cc0   0x08001cc0   0x00000040   Code   RO         5826    i.prvTaskExitError  port.o
    0x08001d00   0x08001d00   0x0000001a   Code   RO         6691    i.prvTimerTask      timers.o
    0x08001d1a   0x08001d1a   0x00000090   Code   RO         5909    i.prvUnlockQueue    queue.o
    0x08001daa   0x08001daa   0x00000002   PAD
    0x08001dac   0x08001dac   0x0000016c   Code   RO         5759    i.pvPortMalloc      heap_4.o
    0x08001f18   0x08001f18   0x0000002c   Code   RO         5827    i.pxPortInitialiseStack  port.o
    0x08001f44   0x08001f44   0x00000016   Code   RO         3688    i.spi_default_para_init  at32f435_437_spi.o
    0x08001f5a   0x08001f5a   0x0000000a   Code   RO         3689    i.spi_enable        at32f435_437_spi.o
    0x08001f64   0x08001f64   0x0000000a   Code   RO         3690    i.spi_frame_bit_num_set  at32f435_437_spi.o
    0x08001f6e   0x08001f6e   0x00000004   Code   RO         3694    i.spi_i2s_data_transmit  at32f435_437_spi.o
    0x08001f72   0x08001f72   0x00000010   Code   RO         3698    i.spi_i2s_flag_get  at32f435_437_spi.o
    0x08001f82   0x08001f82   0x00000158   Code   RO         3701    i.spi_init          at32f435_437_spi.o
    0x080020da   0x080020da   0x00000002   PAD
    0x080020dc   0x080020dc   0x0000009c   Code   RO          223    i.system_clock_config  at32f435_437_clock.o
    0x08002178   0x08002178   0x000000f0   Code   RO         5038    i.system_core_clock_update  system_at32f435_437.o
    0x08002268   0x08002268   0x00000028   Code   RO         3154    i.systick_clock_source_config  at32f435_437_misc.o
    0x08002290   0x08002290   0x00000074   Code   RO          319    i.uart_print_init   at32f435_437_board.o
    0x08002304   0x08002304   0x00000008   Code   RO         4207    i.usart_data_transmit  at32f435_437_usart.o
    0x0800230c   0x0800230c   0x0000000a   Code   RO         4211    i.usart_enable      at32f435_437_usart.o
    0x08002316   0x08002316   0x00000010   Code   RO         4213    i.usart_flag_get    at32f435_437_usart.o
    0x08002326   0x08002326   0x00000002   PAD
    0x08002328   0x08002328   0x000000ac   Code   RO         4216    i.usart_init        at32f435_437_usart.o
    0x080023d4   0x080023d4   0x0000000a   Code   RO         4233    i.usart_transmitter_enable  at32f435_437_usart.o
    0x080023de   0x080023de   0x00000028   Code   RO         5716    i.uxListRemove      list.o
    0x08002406   0x08002406   0x0000001a   Code   RO         5717    i.vListInitialise   list.o
    0x08002420   0x08002420   0x00000006   Code   RO         5718    i.vListInitialiseItem  list.o
    0x08002426   0x08002426   0x00000034   Code   RO         5719    i.vListInsert       list.o
    0x0800245a   0x0800245a   0x00000018   Code   RO         5720    i.vListInsertEnd    list.o
    0x08002472   0x08002472   0x00000002   PAD
    0x08002474   0x08002474   0x00000054   Code   RO         5829    i.vPortEnterCritical  port.o
    0x080024c8   0x080024c8   0x0000003c   Code   RO         5830    i.vPortExitCritical  port.o
    0x08002504   0x08002504   0x000000a4   Code   RO         5760    i.vPortFree         heap_4.o
    0x080025a8   0x080025a8   0x00000028   Code   RO         5831    i.vPortSetupTimerInterrupt  port.o
    0x080025d0   0x080025d0   0x00000078   Code   RO         5832    i.vPortValidateInterruptPriority  port.o
    0x08002648   0x08002648   0x0000004a   Code   RO         5917    i.vQueueWaitForMessageRestricted  queue.o
    0x08002692   0x08002692   0x00000002   PAD
    0x08002694   0x08002694   0x0000005c   Code   RO         6318    i.vTaskDelay        tasks.o
    0x080026f0   0x080026f0   0x00000018   Code   RO         6324    i.vTaskInternalSetTimeOutState  tasks.o
    0x08002708   0x08002708   0x0000000c   Code   RO         6326    i.vTaskMissedYield  tasks.o
    0x08002714   0x08002714   0x00000038   Code   RO         6327    i.vTaskPlaceOnEventList  tasks.o
    0x0800274c   0x0800274c   0x00000040   Code   RO         6328    i.vTaskPlaceOnEventListRestricted  tasks.o
    0x0800278c   0x0800278c   0x000000a4   Code   RO         6336    i.vTaskStartScheduler  tasks.o
    0x08002830   0x08002830   0x00000010   Code   RO         6338    i.vTaskSuspendAll   tasks.o
    0x08002840   0x08002840   0x000000cc   Code   RO         6339    i.vTaskSwitchContext  tasks.o
    0x0800290c   0x0800290c   0x00000168   Code   RO         5833    i.xPortStartScheduler  port.o
    0x08002a74   0x08002a74   0x000000a2   Code   RO         5922    i.xQueueGenericCreate  queue.o
    0x08002b16   0x08002b16   0x00000002   PAD
    0x08002b18   0x08002b18   0x00000098   Code   RO         5923    i.xQueueGenericReset  queue.o
    0x08002bb0   0x08002bb0   0x000001d8   Code   RO         5924    i.xQueueGenericSend  queue.o
    0x08002d88   0x08002d88   0x00000136   Code   RO         5925    i.xQueueGenericSendFromISR  queue.o
    0x08002ebe   0x08002ebe   0x00000002   PAD
    0x08002ec0   0x08002ec0   0x00000168   Code   RO         5932    i.xQueueReceive     queue.o
    0x08003028   0x08003028   0x00000090   Code   RO         6341    i.xTaskCheckForTimeOut  tasks.o
    0x080030b8   0x080030b8   0x00000060   Code   RO         6342    i.xTaskCreate       tasks.o
    0x08003118   0x08003118   0x00000020   Code   RO         6349    i.xTaskGetSchedulerState  tasks.o
    0x08003138   0x08003138   0x0000000c   Code   RO         6350    i.xTaskGetTickCount  tasks.o
    0x08003144   0x08003144   0x00000148   Code   RO         6352    i.xTaskIncrementTick  tasks.o
    0x0800328c   0x0800328c   0x000000bc   Code   RO         6353    i.xTaskPriorityDisinherit  tasks.o
    0x08003348   0x08003348   0x00000098   Code   RO         6355    i.xTaskRemoveFromEventList  tasks.o
    0x080033e0   0x080033e0   0x00000104   Code   RO         6356    i.xTaskResumeAll    tasks.o
    0x080034e4   0x080034e4   0x00000054   Code   RO         6699    i.xTimerCreateTimerTask  timers.o
    0x08003538   0x08003538   0x00000084   Code   RO         6700    i.xTimerGenericCommand  timers.o
    0x080035bc   0x080035bc   0x0000000a   Code   RO         7015    x$fpl$fpinit        fz_wm.l(fpinit.o)
    0x080035c6   0x080035c6   0x00000026   Data   RO         1165    .constdata          at32f435_437_crm.o
    0x080035ec   0x080035ec   0x00000016   Data   RO         5039    .constdata          system_at32f435_437.o
    0x08003602   0x08003602   0x00000002   PAD
    0x08003604   0x08003604   0x00000020   Data   RO         7069    Region$$Table       anon$$obj.o


    Execution Region RW_IRAM1 (Exec base: 0x20000000, Load base: 0x08003624, Size: 0x00008248, Max: 0x00060000, ABSOLUTE)

    Exec Addr    Load Addr    Size         Type   Attr      Idx    E Section Name        Object

    0x20000000   0x08003624   0x0000000c   Data   RW            6    .data               main.o
    0x2000000c   0x08003630   0x0000002d   Data   RW          320    .data               at32f435_437_board.o
    0x20000039   0x0800365d   0x00000003   PAD
    0x2000003c   0x08003660   0x00000004   Data   RW         5040    .data               system_at32f435_437.o
    0x20000040   0x08003664   0x00000024   Data   RW         5766    .data               heap_4.o
    0x20000064   0x08003688   0x00000010   Data   RW         5834    .data               port.o
    0x20000074   0x08003698   0x0000004c   Data   RW         6359    .data               tasks.o
    0x200000c0   0x080036e4   0x00000018   Data   RW         6706    .data               timers.o
    0x200000d8        -       0x00007800   Zero   RW         5765    .bss                heap_4.o
    0x200078d8        -       0x000002e4   Zero   RW         6358    .bss                tasks.o
    0x20007bbc        -       0x00000028   Zero   RW         6705    .bss                timers.o
    0x20007be4        -       0x00000060   Zero   RW         6947    .bss                c_w.l(libspace.o)
    0x20007c44   0x080036fc   0x00000004   PAD
    0x20007c48        -       0x00000200   Zero   RW         5028    HEAP                startup_at32f435_437.o
    0x20007e48        -       0x00000400   Zero   RW         5027    STACK               startup_at32f435_437.o


==============================================================================

Image component sizes


      Code (inc. data)   RO Data    RW Data    ZI Data      Debug   Object Name

       328         40          0         45          0       5696   at32f435_437_board.o
       156         12          0          0          0        630   at32f435_437_clock.o
       874        106         38          0          0       9072   at32f435_437_crm.o
       216          0          0          0          0       3825   at32f435_437_gpio.o
        20          0          0          0          0       3069   at32f435_437_int.o
        40          0          0          0          0        622   at32f435_437_misc.o
       406          0          0          0          0       4371   at32f435_437_spi.o
       216         10          0          0          0       3898   at32f435_437_usart.o
       898         44          0          0          0       5329   bsp_spi_lcd.o
         0          0          0          0          0      13920   event_groups.o
       756         74          0         36      30720      16391   heap_4.o
       148          0          0          0          0       3686   list.o
       282        146          0         12          0      69257   main.o
      1014         92          0         16          0      12725   port.o
      2116         16          0          0          0      17323   queue.o
        64         26        524          0       1536        912   startup_at32f435_437.o
       384         42         22          4          0       2332   system_at32f435_437.o
      2654        368          0         76        740      29252   tasks.o
      1198        106          0         24         40      13051   timers.o

    ----------------------------------------------------------------------
     11796       1082        618        216      33036     215361   Object Totals
         0          0         32          0          0          0   (incl. Generated)
        26          0          2          3          0          0   (incl. Padding)

    ----------------------------------------------------------------------

      Code (inc. data)   RO Data    RW Data    ZI Data      Debug   Library Member Name

         8          0          0          0          0         68   __main.o
       104          0          0          0          0         84   __printf.o
         0          0          0          0          0          0   __rtentry.o
        12          0          0          0          0          0   __rtentry2.o
         6          0          0          0          0          0   __rtentry4.o
        52          8          0          0          0          0   __scatter.o
        26          0          0          0          0          0   __scatter_copy.o
        28          0          0          0          0          0   __scatter_zi.o
        48          6          0          0          0         96   _printf_char_common.o
        36          4          0          0          0         80   _printf_char_file.o
         6          0          0          0          0          0   _printf_d.o
       120         16          0          0          0         92   _printf_dec.o
       178          0          0          0          0         88   _printf_intcommon.o
         0          0          0          0          0          0   _printf_percent.o
         4          0          0          0          0          0   _printf_percent_end.o
        16          0          0          0          0         68   aeabi_memset.o
        18          0          0          0          0         80   exit.o
         8          0          0          0          0         68   ferror.o
         6          0          0          0          0        152   heapauxi.o
         2          0          0          0          0          0   libinit.o
         6          0          0          0          0          0   libinit2.o
         2          0          0          0          0          0   libshutdown.o
         2          0          0          0          0          0   libshutdown2.o
         8          4          0          0         96         68   libspace.o
       238          0          0          0          0        100   lludivv7m.o
        24          4          0          0          0         84   noretval__2printf.o
        68          0          0          0          0         68   rt_memclr.o
        78          0          0          0          0         80   rt_memclr_w.o
       138          0          0          0          0         68   rt_memcpy_v6.o
       100          0          0          0          0         80   rt_memcpy_w.o
         2          0          0          0          0          0   rtexit.o
        10          0          0          0          0          0   rtexit2.o
        74          0          0          0          0         80   sys_stackheap_outer.o
         2          0          0          0          0         68   use_no_semi.o
         2          0          0          0          0         68   use_no_semi_2.o
        10          0          0          0          0        116   fpinit.o

    ----------------------------------------------------------------------
      1446         42          0          0        100       1756   Library Totals
         4          0          0          0          4          0   (incl. Padding)

    ----------------------------------------------------------------------

      Code (inc. data)   RO Data    RW Data    ZI Data      Debug   Library Name

      1432         42          0          0         96       1640   c_w.l
        10          0          0          0          0        116   fz_wm.l

    ----------------------------------------------------------------------
      1446         42          0          0        100       1756   Library Totals

    ----------------------------------------------------------------------

==============================================================================


      Code (inc. data)   RO Data    RW Data    ZI Data      Debug   

     13242       1124        618        216      33136     204885   Grand Totals
     13242       1124        618        216      33136     204885   ELF Image Totals
     13242       1124        618        216          0          0   ROM Totals

==============================================================================

    Total RO  Size (Code + RO Data)                13860 (  13.54kB)
    Total RW  Size (RW Data + ZI Data)             33352 (  32.57kB)
    Total ROM Size (Code + RO Data + RW Data)      14076 (  13.75kB)

==============================================================================

