<html>
<body>
<pre>
<h1>µVision Build Log</h1>
<h2>Tool Versions:</h2>
IDE-Version: ¦ÌVision V5.38.0.0
Copyright (C) 2022 ARM Ltd and ARM Germany GmbH. All rights reserved.
License Information: tian tian, tian, LIC=EXJT4-F9THW-564Q2-90M8K-EMB3R-369X3
 
Tool Versions:
Toolchain:       MDK-ARM Plus  Version: 5.37.0.0
Toolchain Path:  D:\A_Sofoware\Stu_Soft\Keil\ARM\ARM_COM5\Bin
C Compiler:      Armcc.exe V5.06 update 7 (build 960)
Assembler:       Armasm.exe V5.06 update 7 (build 960)
Linker/Locator:  ArmLink.exe V5.06 update 7 (build 960)
Library Manager: ArmAr.exe V5.06 update 7 (build 960)
Hex Converter:   FromElf.exe V5.06 update 7 (build 960)
CPU DLL:         SARMCM3.DLL V5.37.0.0
Dialog DLL:      DCM.DLL V1.17.5.0
Target DLL:      CMSIS_AGDI.dll V1.33.12.0
Dialog DLL:      TCM.DLL V1.56.1.0
 
<h2>Project:</h2>
D:\C_Github\AT32F435_Demo\HEXT\freertos_Demo\AT32F435_freertos_lvgl_hspi_st7789\project\Project.uvprojx
Project File Date:  04/13/2023

<h2>Output:</h2>
*** Using Compiler 'V5.06 update 7 (build 960)', folder: 'D:\A_Sofoware\Stu_Soft\Keil\ARM\ARM_COM5\Bin'
Build target 'Project'
compiling lv_disp.c...
compiling lv_event.c...
..\lvgl\src\core\lv_event.c(120): warning:  #188-D: enumerated type mixed with another type
      return e->code & ~LV_EVENT_PREPROCESS;
..\lvgl\src\core\lv_event.c: 1 warning, 0 errors
compiling lv_group.c...
compiling lv_port_indev_template.c...
..\lvgl\examples\porting\lv_port_indev_template.c(217): warning:  #177-D: function "touchpad_is_pressed"  was declared but never referenced
  static bool touchpad_is_pressed(void)
..\lvgl\examples\porting\lv_port_indev_template.c(225): warning:  #177-D: function "touchpad_get_xy"  was declared but never referenced
  static void touchpad_get_xy(lv_coord_t * x, lv_coord_t * y)
..\lvgl\examples\porting\lv_port_indev_template.c(238): warning:  #177-D: function "mouse_init"  was declared but never referenced
  static void mouse_init(void)
..\lvgl\examples\porting\lv_port_indev_template.c(244): warning:  #177-D: function "mouse_read"  was declared but never referenced
  static void mouse_read(lv_indev_drv_t * indev_drv, lv_indev_data_t * data)
..\lvgl\examples\porting\lv_port_indev_template.c(280): warning:  #177-D: function "keypad_init"  was declared but never referenced
  static void keypad_init(void)
..\lvgl\examples\porting\lv_port_indev_template.c(286): warning:  #177-D: function "keypad_read"  was declared but never referenced
  static void keypad_read(lv_indev_drv_t * indev_drv, lv_indev_data_t * data)
..\lvgl\examples\porting\lv_port_indev_template.c(339): warning:  #177-D: function "encoder_init"  was declared but never referenced
  static void encoder_init(void)
..\lvgl\examples\porting\lv_port_indev_template.c(345): warning:  #177-D: function "encoder_read"  was declared but never referenced
  static void encoder_read(lv_indev_drv_t * indev_drv, lv_indev_data_t * data)
..\lvgl\examples\porting\lv_port_indev_template.c(353): warning:  #177-D: function "encoder_handler"  was declared but never referenced
  static void encoder_handler(void)
..\lvgl\examples\porting\lv_port_indev_template.c(366): warning:  #177-D: function "button_init"  was declared but never referenced
  static void button_init(void)
..\lvgl\examples\porting\lv_port_indev_template.c(372): warning:  #177-D: function "button_read"  was declared but never referenced
  static void button_read(lv_indev_drv_t * indev_drv, lv_indev_data_t * data)
..\lvgl\examples\porting\lv_port_indev_template.c: 11 warnings, 0 errors
compiling freertos_tick.c...
compiling lv_indev_scroll.c...
compiling lv_indev.c...
compiling lv_obj_class.c...
compiling lv_tick_custom.c...
compiling lv_obj.c...
compiling lv_port_disp_template.c...
compiling main.c...
..\user\main.c(27): warning:  #223-D: function "lv_demo_benchmark" declared implicitly
  	lv_demo_benchmark();	
..\user\main.c: 1 warning, 0 errors
compiling lv_obj_draw.c...
..\lvgl\src\core\lv_obj_draw.c(400): warning:  #188-D: enumerated type mixed with another type
      if(obj->spec_attr) return obj->spec_attr->layer_type;
..\lvgl\src\core\lv_obj_draw.c: 1 warning, 0 errors
compiling lv_obj_scroll.c...
compiling lv_obj_style.c...
compiling lv_obj_style_gen.c...
compiling lv_obj_tree.c...
compiling lv_obj_pos.c...
compiling lv_draw.c...
compiling lv_theme.c...
compiling lv_refr.c...
compiling lv_draw_arc.c...
compiling lv_draw_layer.c...
compiling lv_draw_label.c...
compiling lv_draw_img.c...
compiling lv_draw_line.c...
compiling lv_draw_rect.c...
compiling lv_draw_transform.c...
compiling lv_draw_triangle.c...
compiling lv_img_cache.c...
compiling lv_img_buf.c...
compiling lv_draw_mask.c...
compiling lv_img_decoder.c...
compiling lv_extra.c...
compiling lv_calendar_header_arrow.c...
compiling lv_animimg.c...
compiling lv_calendar_header_dropdown.c...
compiling lv_calendar.c...
compiling lv_keyboard.c...
compiling lv_colorwheel.c...
compiling lv_imgbtn.c...
compiling lv_list.c...
compiling lv_menu.c...
compiling lv_led.c...
compiling lv_chart.c...
compiling lv_meter.c...
compiling lv_msgbox.c...
compiling lv_spinner.c...
compiling lv_spinbox.c...
compiling lv_span.c...
..\lvgl\src\extra\widgets\span\lv_span.c(901): warning:  #546-D: transfer of control bypasses initialization of:
            variable "align"  (declared at line 905)
              goto Next_line_init;
              ^
..\lvgl\src\extra\widgets\span\lv_span.c: 1 warning, 0 errors
compiling lv_tileview.c...
compiling lv_win.c...
compiling lv_tabview.c...
compiling lv_flex.c...
compiling lv_bmp.c...
compiling lv_grid.c...
..\lvgl\src\extra\layouts\grid\lv_grid.c(591): warning:  #188-D: enumerated type mixed with another type
      lv_grid_align_t col_align = get_cell_col_align(item);
..\lvgl\src\extra\layouts\grid\lv_grid.c(592): warning:  #188-D: enumerated type mixed with another type
      lv_grid_align_t row_align = get_cell_row_align(item);
..\lvgl\src\extra\layouts\grid\lv_grid.c: 2 warnings, 0 errors
compiling lv_ffmpeg.c...
compiling lv_fs_fatfs.c...
compiling lv_freetype.c...
compiling lv_fs_posix.c...
compiling gifdec.c...
compiling lv_fs_stdio.c...
compiling lv_fs_win32.c...
compiling tjpgd.c...
compiling lv_gif.c...
compiling lv_png.c...
compiling lv_qrcode.c...
compiling lodepng.c...
compiling lv_font.c...
compiling lv_rlottie.c...
compiling lv_sjpg.c...
compiling lv_font_fmt_txt.c...
..\lvgl\src\font\lv_font_fmt_txt.c(137): warning:  #111-D: statement is unreachable
      return NULL;
..\lvgl\src\font\lv_font_fmt_txt.c: 1 warning, 0 errors
compiling lv_font_dejavu_16_persian_hebrew.c...
compiling lv_font_montserrat_10.c...
compiling lv_font_montserrat_8.c...
compiling lv_font_loader.c...
compiling lv_font_montserrat_12_subpx.c...
compiling lv_font_montserrat_12.c...
compiling lv_font_montserrat_14.c...
compiling lv_font_montserrat_16.c...
compiling lv_font_montserrat_18.c...
compiling lv_font_montserrat_20.c...
compiling lv_font_montserrat_24.c...
compiling lv_font_montserrat_22.c...
compiling lv_font_montserrat_26.c...
compiling lv_font_montserrat_28.c...
compiling lv_font_montserrat_28_compressed.c...
compiling lv_font_montserrat_30.c...
compiling lv_font_montserrat_32.c...
compiling lv_font_montserrat_34.c...
compiling lv_font_montserrat_38.c...
compiling lv_font_montserrat_36.c...
compiling lv_font_montserrat_40.c...
compiling lv_font_montserrat_42.c...
compiling lv_font_montserrat_44.c...
compiling lv_font_montserrat_46.c...
compiling lv_font_montserrat_48.c...
compiling lv_font_simsun_16_cjk.c...
compiling lv_font_unscii_8.c...
compiling lv_font_unscii_16.c...
compiling lv_hal_disp.c...
..\lvgl\src\hal\lv_hal_disp.c(575): warning:  #188-D: enumerated type mixed with another type
      return disp->driver->rotated;
..\lvgl\src\hal\lv_hal_disp.c: 1 warning, 0 errors
compiling lv_hal_indev.c...
compiling lv_bidi.c...
compiling lv_anim_timeline.c...
compiling lv_anim.c...
compiling lv_async.c...
compiling lv_area.c...
compiling lv_color.c...
compiling lv_fs.c...
compiling lv_hal_tick.c...
compiling lv_gc.c...
compiling lv_math.c...
compiling lv_log.c...
compiling lv_ll.c...
compiling lv_lru.c...
..\lvgl\src\misc\lv_lru.c(241): warning:  #68-D: integer conversion resulted in a change of sign
      uint32_t i = 0, min_index = -1;
..\lvgl\src\misc\lv_lru.c(242): warning:  #68-D: integer conversion resulted in a change of sign
      uint64_t min_access_count = -1;
..\lvgl\src\misc\lv_lru.c: 2 warnings, 0 errors
compiling lv_mem.c...
..\lvgl\src\misc\lv_mem.c(325): warning:  #111-D: statement is unreachable
      return NULL;
..\lvgl\src\misc\lv_mem.c: 1 warning, 0 errors
compiling lv_printf.c...
compiling lv_timer.c...
compiling lv_style.c...
..\lvgl\src\misc\lv_style.c(213): warning:  #188-D: enumerated type mixed with another type
      return last_custom_prop_id;
..\lvgl\src\misc\lv_style.c(218): warning:  #188-D: enumerated type mixed with another type
      return last_custom_prop_id - _LV_STYLE_LAST_BUILT_IN_PROP;
..\lvgl\src\misc\lv_style.c(289): warning:  #188-D: enumerated type mixed with another type
      lv_style_set_prop_internal(style, prop | meta, null_style_value, lv_style_set_prop_meta_helper);
..\lvgl\src\misc\lv_style.c: 3 warnings, 0 errors
compiling lv_txt_ap.c...
compiling lv_style_gen.c...
compiling lv_txt.c...
compiling lv_tlsf.c...
..\lvgl\src\misc\lv_tlsf.c(898): warning:  #68-D: integer conversion resulted in a change of sign
          offset_to_block(pool, -(int)block_header_overhead);
..\lvgl\src\misc\lv_tlsf.c(1000): warning:  #68-D: integer conversion resulted in a change of sign
      block = offset_to_block(mem, -(tlsfptr_t)block_header_overhead);
..\lvgl\src\misc\lv_tlsf.c(1018): warning:  #68-D: integer conversion resulted in a change of sign
      block_header_t * block = offset_to_block(pool, -(int)block_header_overhead);
..\lvgl\src\misc\lv_tlsf.c: 3 warnings, 0 errors
compiling lv_arc.c...
compiling lv_btn.c...
compiling lv_bar.c...
compiling lv_btnmatrix.c...
compiling lv_checkbox.c...
compiling lv_canvas.c...
compiling lv_line.c...
compiling lv_img.c...
compiling lv_dropdown.c...
compiling lv_roller.c...
compiling lv_label.c...
compiling lv_switch.c...
compiling lv_slider.c...
compiling lv_draw_sw.c...
compiling lv_table.c...
compiling lv_draw_sw_dither.c...
compiling lv_draw_sw_arc.c...
compiling lv_textarea.c...
compiling lv_draw_sw_gradient.c...
compiling lv_draw_sw_blend.c...
compiling lv_draw_sw_layer.c...
compiling lv_draw_sw_img.c...
compiling lv_draw_sw_letter.c...
compiling lv_draw_sw_line.c...
compiling lv_draw_sw_polygon.c...
compiling lv_draw_sw_transform.c...
compiling lv_font_bechmark_montserrat_12_compr_az.c.c...
compiling lv_draw_sw_rect.c...
..\lvgl\src\draw\sw\lv_draw_sw_rect.c(238): warning:  #546-D: transfer of control bypasses initialization of:
            variable "mask_any_center"  (declared at line 285)
          goto bg_clean_up;
          ^
..\lvgl\src\draw\sw\lv_draw_sw_rect.c: 1 warning, 0 errors
compiling lv_example_style_10.c...
..\lvgl\examples\styles\lv_example_style_10.c(9): warning:  #188-D: enumerated type mixed with another type
      static const lv_style_prop_t props[] = {LV_STYLE_BG_COLOR, LV_STYLE_BORDER_COLOR, LV_STYLE_BORDER_WIDTH, 0};
..\lvgl\examples\styles\lv_example_style_10.c: 1 warning, 0 errors
compiling img_benchmark_cogwheel_alpha16.c...
compiling img_benchmark_cogwheel_argb.c...
compiling img_benchmark_cogwheel_chroma_keyed.c...
compiling lv_demo_benchmark.c...
compiling img_benchmark_cogwheel_indexed16.c...
compiling img_benchmark_cogwheel_rgb.c...
compiling lv_font_bechmark_montserrat_16_compr_az.c.c...
compiling img_benchmark_cogwheel_rgb565a8.c...
compiling lv_font_bechmark_montserrat_28_compr_az.c.c...
linking...
Program Size: Code=136306 RO-data=101946 RW-data=2440 ZI-data=105712  
FromELF: creating hex file...
".\objects\AT32_Demo.axf" - 0 Error(s), 30 Warning(s).

<h2>Software Packages used:</h2>

Package Vendor: ArteryTek
                
                ArteryTek.AT32F435_437_DFP.2.1.3
                ArteryTek AT32F4 Series Device Support,Drivers

<h2>Collection of Component include folders:</h2>
  D:/A_Sofoware/Stu_Soft/Keil/pack/ArteryTek/AT32F435_437_DFP/2.1.3/Device/Include

<h2>Collection of Component Files used:</h2>
Build Time Elapsed:  00:00:25
</pre>
</body>
</html>
