<html>
<body>
<pre>
<h1>µVision Build Log</h1>
<h2>Tool Versions:</h2>
IDE-Version: ¦ÌVision V5.38.0.0
Copyright (C) 2022 ARM Ltd and ARM Germany GmbH. All rights reserved.
License Information: tian tian, tian, LIC=EXJT4-F9THW-564Q2-90M8K-EMB3R-369X3
 
Tool Versions:
Toolchain:       MDK-ARM Plus  Version: 5.37.0.0
Toolchain Path:  D:\A_Sofoware\Stu_Soft\Keil\ARM\ARM_COM5\Bin
C Compiler:      Armcc.exe V5.06 update 7 (build 960)
Assembler:       Armasm.exe V5.06 update 7 (build 960)
Linker/Locator:  ArmLink.exe V5.06 update 7 (build 960)
Library Manager: ArmAr.exe V5.06 update 7 (build 960)
Hex Converter:   FromElf.exe V5.06 update 7 (build 960)
CPU DLL:         SARMCM3.DLL V5.37.0.0
Dialog DLL:      DCM.DLL V1.17.5.0
Target DLL:      CMSIS_AGDI.dll V1.33.12.0
Dialog DLL:      TCM.DLL V1.56.1.0
 
<h2>Project:</h2>
D:\C_Github\AT32F435_Demo\HEXT\freertos_Demo\AT32F435_freertos_Demo_Rte\project\Project.uvprojx
Project File Date:  04/02/2023

<h2>Output:</h2>
*** Using Compiler 'V5.06 update 7 (build 960)', folder: 'D:\A_Sofoware\Stu_Soft\Keil\ARM\ARM_COM5\Bin'
Build target 'Project'
compiling main.c...
linking...
Program Size: Code=201970 RO-data=105198 RW-data=2712 ZI-data=112928  
FromELF: creating hex file...
".\objects\AT32_Demo.axf" - 0 Error(s), 0 Warning(s).

<h2>Software Packages used:</h2>

Package Vendor: ARM
                http://www.keil.com/pack/ARM.CMSIS-FreeRTOS.10.4.3.pack
                ARM.CMSIS-FreeRTOS.10.4.3
                Bundle of FreeRTOS for Cortex-M and Cortex-A
   * Component: Config Variant: FreeRTOS Version: 10.4.3
   * Component: Core Variant: Cortex-M Version: 10.4.3
   * Component: Coroutines Version: 10.4.3
   * Component: Event Groups Version: 10.4.3
   * Component: Heap Variant: Heap_4 Version: 10.4.3
   * Component: Message Buffer Version: 10.4.3
   * Component: Stream Buffer Version: 10.4.3
   * Component: Timers Version: 10.4.3

Package Vendor: ArteryTek
                
                ArteryTek.AT32F435_437_DFP.2.1.3
                ArteryTek AT32F4 Series Device Support,Drivers
   * Component: Startup Version: 2.0.0
   * Component: at32f435_437_conf Version: 2.0.0
   * Component: acc Version: 2.0.0
   * Component: adc Version: 2.0.0
   * Component: can Version: 2.0.0
   * Component: crc Version: 2.0.0
   * Component: crm Version: 2.0.0
   * Component: dac Version: 2.0.0
   * Component: debug Version: 2.0.0
   * Component: dma Version: 2.0.0
   * Component: dvp Version: 2.0.0
   * Component: edma Version: 2.0.0
   * Component: emac Version: 2.0.0
   * Component: ertc Version: 2.0.0
   * Component: exint Version: 2.0.0
   * Component: flash Version: 2.0.0
   * Component: gpio Version: 2.0.0
   * Component: i2c Version: 2.0.0
   * Component: misc Version: 2.0.0
   * Component: pwc Version: 2.0.0
   * Component: qspi Version: 2.0.0
   * Component: scfg Version: 2.0.0
   * Component: sdio Version: 2.0.0
   * Component: spi Version: 2.0.0
   * Component: tmr Version: 2.0.0
   * Component: usart Version: 2.0.0
   * Component: usb Version: 2.0.0
   * Component: wdt Version: 2.0.0
   * Component: wwdt Version: 2.0.0
   * Component: xmc Version: 2.0.0

Package Vendor: LVGL
                https://raw.githubusercontent.com/lvgl/lvgl/master/env_support/cmsis-pack/LVGL.lvgl.8.3.5.pack
                LVGL.lvgl.8.3.5
                LVGL (Light and Versatile Graphics Library) is a free and open-source graphics library providing everything you need to create an embedded GUI with easy-to-use graphical elements, beautiful visual effects and a low memory footprint.
   * Component: Benchmark Version: 8.3.5
   * Component: Essential Version: 8.3.5
   * Component: Extra Themes Version: 8.3.5
   * Component: Porting Version: 8.3.5

<h2>Collection of Component include folders:</h2>
  ./RTE/Device/-AT32F435RGT7
  ./RTE/LVGL
  ./RTE/RTOS
  ./RTE/_Project
  D:/A_Sofoware/Stu_Soft/Keil/pack/ARM/CMSIS-FreeRTOS/10.4.3/CMSIS/RTOS2/FreeRTOS/Include
  D:/A_Sofoware/Stu_Soft/Keil/pack/ARM/CMSIS-FreeRTOS/10.4.3/Source/include
  D:/A_Sofoware/Stu_Soft/Keil/pack/ARM/CMSIS-FreeRTOS/10.4.3/Source/portable/RVDS/ARM_CM4F
  D:/A_Sofoware/Stu_Soft/Keil/pack/ArteryTek/AT32F435_437_DFP/2.1.3/Device/Firmware/Peripherals/inc
  D:/A_Sofoware/Stu_Soft/Keil/pack/ArteryTek/AT32F435_437_DFP/2.1.3/Device/Include
  D:/A_Sofoware/Stu_Soft/Keil/pack/LVGL/lvgl/8.3.5
  D:/A_Sofoware/Stu_Soft/Keil/pack/LVGL/lvgl/8.3.5/demos/benchmark

<h2>Collection of Component Files used:</h2>

   * Component: ARM.FreeRTOS::RTOS:Config:FreeRTOS:10.4.3
      Include file:  Config/ARMCM/FreeRTOSConfig.h

   * Component: ARM.FreeRTOS::RTOS:Core:Cortex-M:10.4.3
      Include file:  Source/include/task.h
      Source file:   Source/tasks.c
      Include file:  Source/include/queue.h
      Include file:  Source/include/semphr.h
      Source file:   Source/portable/RVDS/ARM_CM4F/port.c
      Include file:  Source/include/FreeRTOS.h
      Source file:   Source/list.c
      Source file:   Source/queue.c
      Source file:   CMSIS/RTOS2/FreeRTOS/Source/freertos_evr.c

   * Component: ARM.FreeRTOS::RTOS:Coroutines:10.4.3
      Include file:  Source/include/croutine.h
      Source file:   Source/croutine.c

   * Component: ARM.FreeRTOS::RTOS:Event Groups:10.4.3
      Source file:   Source/event_groups.c
      Include file:  Source/include/event_groups.h

   * Component: ARM.FreeRTOS::RTOS:Heap:Heap_4:10.4.3
      Source file:   Source/portable/MemMang/heap_4.c

   * Component: ARM.FreeRTOS::RTOS:Message Buffer:10.4.3
      Include file:  Source/include/message_buffer.h
      Source file:   Source/stream_buffer.c

   * Component: ARM.FreeRTOS::RTOS:Stream Buffer:10.4.3
      Source file:   Source/stream_buffer.c
      Include file:  Source/include/stream_buffer.h

   * Component: ARM.FreeRTOS::RTOS:Timers:10.4.3
      Include file:  Source/include/timers.h
      Source file:   Source/timers.c

   * Component: ArteryTek::Device:Startup:2.0.0
      Source file:   Device/Source/system_at32f435_437.c
      Source file:   Device/Source/ARM/startup_at32f435_437.s
      Include file:  Device/Include/at32f435_437.h

   * Component: ArteryTek::Device:at32f435_437_conf:2.0.0
      Include file:  Device/Include/at32f435_437_conf.h

   * Component: ArteryTek::Device:at32f435_437_firmware_library:acc:2.0.0
      Source file:   Device/Firmware/Peripherals/src/at32f435_437_acc.c
      Include file:  Device/Firmware/Peripherals/inc/at32f435_437_acc.h

   * Component: ArteryTek::Device:at32f435_437_firmware_library:adc:2.0.0
      Include file:  Device/Firmware/Peripherals/inc/at32f435_437_adc.h
      Source file:   Device/Firmware/Peripherals/src/at32f435_437_adc.c

   * Component: ArteryTek::Device:at32f435_437_firmware_library:can:2.0.0
      Include file:  Device/Firmware/Peripherals/inc/at32f435_437_can.h
      Source file:   Device/Firmware/Peripherals/src/at32f435_437_can.c

   * Component: ArteryTek::Device:at32f435_437_firmware_library:crc:2.0.0
      Include file:  Device/Firmware/Peripherals/inc/at32f435_437_crc.h
      Source file:   Device/Firmware/Peripherals/src/at32f435_437_crc.c

   * Component: ArteryTek::Device:at32f435_437_firmware_library:crm:2.0.0
      Include file:  Device/Firmware/Peripherals/inc/at32f435_437_crm.h
      Source file:   Device/Firmware/Peripherals/src/at32f435_437_crm.c

   * Component: ArteryTek::Device:at32f435_437_firmware_library:dac:2.0.0
      Source file:   Device/Firmware/Peripherals/src/at32f435_437_dac.c
      Include file:  Device/Firmware/Peripherals/inc/at32f435_437_dac.h

   * Component: ArteryTek::Device:at32f435_437_firmware_library:debug:2.0.0
      Include file:  Device/Firmware/Peripherals/inc/at32f435_437_debug.h
      Source file:   Device/Firmware/Peripherals/src/at32f435_437_debug.c

   * Component: ArteryTek::Device:at32f435_437_firmware_library:dma:2.0.0
      Source file:   Device/Firmware/Peripherals/src/at32f435_437_dma.c
      Include file:  Device/Firmware/Peripherals/inc/at32f435_437_dma.h

   * Component: ArteryTek::Device:at32f435_437_firmware_library:dvp:2.0.0
      Include file:  Device/Firmware/Peripherals/inc/at32f435_437_dvp.h
      Source file:   Device/Firmware/Peripherals/src/at32f435_437_dvp.c

   * Component: ArteryTek::Device:at32f435_437_firmware_library:edma:2.0.0
      Include file:  Device/Firmware/Peripherals/inc/at32f435_437_edma.h
      Source file:   Device/Firmware/Peripherals/src/at32f435_437_edma.c

   * Component: ArteryTek::Device:at32f435_437_firmware_library:emac:2.0.0
      Include file:  Device/Firmware/Peripherals/inc/at32f435_437_emac.h
      Source file:   Device/Firmware/Peripherals/src/at32f435_437_emac.c

   * Component: ArteryTek::Device:at32f435_437_firmware_library:ertc:2.0.0
      Source file:   Device/Firmware/Peripherals/src/at32f435_437_ertc.c
      Include file:  Device/Firmware/Peripherals/inc/at32f435_437_ertc.h

   * Component: ArteryTek::Device:at32f435_437_firmware_library:exint:2.0.0
      Include file:  Device/Firmware/Peripherals/inc/at32f435_437_exint.h
      Source file:   Device/Firmware/Peripherals/src/at32f435_437_exint.c

   * Component: ArteryTek::Device:at32f435_437_firmware_library:flash:2.0.0
      Include file:  Device/Firmware/Peripherals/inc/at32f435_437_flash.h
      Source file:   Device/Firmware/Peripherals/src/at32f435_437_flash.c

   * Component: ArteryTek::Device:at32f435_437_firmware_library:gpio:2.0.0
      Source file:   Device/Firmware/Peripherals/src/at32f435_437_gpio.c
      Include file:  Device/Firmware/Peripherals/inc/at32f435_437_gpio.h

   * Component: ArteryTek::Device:at32f435_437_firmware_library:i2c:2.0.0
      Include file:  Device/Firmware/Peripherals/inc/at32f435_437_i2c.h
      Source file:   Device/Firmware/Peripherals/src/at32f435_437_i2c.c

   * Component: ArteryTek::Device:at32f435_437_firmware_library:misc:2.0.0
      Include file:  Device/Firmware/Peripherals/inc/at32f435_437_misc.h
      Source file:   Device/Firmware/Peripherals/src/at32f435_437_misc.c

   * Component: ArteryTek::Device:at32f435_437_firmware_library:pwc:2.0.0
      Include file:  Device/Firmware/Peripherals/inc/at32f435_437_pwc.h
      Source file:   Device/Firmware/Peripherals/src/at32f435_437_pwc.c

   * Component: ArteryTek::Device:at32f435_437_firmware_library:qspi:2.0.0
      Include file:  Device/Firmware/Peripherals/inc/at32f435_437_qspi.h
      Source file:   Device/Firmware/Peripherals/src/at32f435_437_qspi.c

   * Component: ArteryTek::Device:at32f435_437_firmware_library:scfg:2.0.0
      Include file:  Device/Firmware/Peripherals/inc/at32f435_437_scfg.h
      Source file:   Device/Firmware/Peripherals/src/at32f435_437_scfg.c

   * Component: ArteryTek::Device:at32f435_437_firmware_library:sdio:2.0.0
      Source file:   Device/Firmware/Peripherals/src/at32f435_437_sdio.c
      Include file:  Device/Firmware/Peripherals/inc/at32f435_437_sdio.h

   * Component: ArteryTek::Device:at32f435_437_firmware_library:spi:2.0.0
      Include file:  Device/Firmware/Peripherals/inc/at32f435_437_spi.h
      Source file:   Device/Firmware/Peripherals/src/at32f435_437_spi.c

   * Component: ArteryTek::Device:at32f435_437_firmware_library:tmr:2.0.0
      Source file:   Device/Firmware/Peripherals/src/at32f435_437_tmr.c
      Include file:  Device/Firmware/Peripherals/inc/at32f435_437_tmr.h

   * Component: ArteryTek::Device:at32f435_437_firmware_library:usart:2.0.0
      Include file:  Device/Firmware/Peripherals/inc/at32f435_437_usart.h
      Source file:   Device/Firmware/Peripherals/src/at32f435_437_usart.c

   * Component: ArteryTek::Device:at32f435_437_firmware_library:usb:2.0.0
      Include file:  Device/Firmware/Peripherals/inc/at32f435_437_usb.h
      Source file:   Device/Firmware/Peripherals/src/at32f435_437_usb.c

   * Component: ArteryTek::Device:at32f435_437_firmware_library:wdt:2.0.0
      Include file:  Device/Firmware/Peripherals/inc/at32f435_437_wdt.h
      Source file:   Device/Firmware/Peripherals/src/at32f435_437_wdt.c

   * Component: ArteryTek::Device:at32f435_437_firmware_library:wwdt:2.0.0
      Include file:  Device/Firmware/Peripherals/inc/at32f435_437_wwdt.h
      Source file:   Device/Firmware/Peripherals/src/at32f435_437_wwdt.c

   * Component: ArteryTek::Device:at32f435_437_firmware_library:xmc:2.0.0
      Include file:  Device/Firmware/Peripherals/inc/at32f435_437_xmc.h
      Source file:   Device/Firmware/Peripherals/src/at32f435_437_xmc.c

   * Component: LVGL.LVGL::LVGL:lvgl:Benchmark:8.3.5
      Include file:  demos/benchmark/lv_demo_benchmark.h
      Source file:   demos/benchmark/assets/img_benchmark_cogwheel_chroma_keyed.c
      Source file:   demos/benchmark/lv_demo_benchmark.c
      Source file:   demos/benchmark/assets/img_benchmark_cogwheel_alpha16.c
      Source file:   demos/benchmark/assets/img_benchmark_cogwheel_argb.c
      Source file:   demos/benchmark/assets/img_benchmark_cogwheel_indexed16.c
      Source file:   demos/benchmark/assets/lv_font_bechmark_montserrat_12_compr_az.c.c
      Source file:   demos/benchmark/assets/lv_font_bechmark_montserrat_16_compr_az.c.c
      Source file:   demos/benchmark/assets/img_benchmark_cogwheel_rgb565a8.c
      Source file:   demos/benchmark/assets/lv_font_bechmark_montserrat_28_compr_az.c.c
      Source file:   demos/benchmark/assets/img_benchmark_cogwheel_rgb.c

   * Component: LVGL.LVGL::LVGL:lvgl:Essential:8.3.5
      Source file:   src/draw/lv_draw_transform.c
      Source file:   src/core/lv_disp.c
      Source file:   src/core/lv_refr.c
      Source file:   src/core/lv_indev_scroll.c
      Source file:   src/core/lv_obj_class.c
      Source file:   src/core/lv_indev.c
      Source file:   src/core/lv_obj.c
      Source file:   src/core/lv_obj_draw.c
      Source file:   src/core/lv_theme.c
      Source file:   src/core/lv_obj_scroll.c
      Source file:   src/draw/lv_draw.c
      Source file:   src/draw/lv_draw_label.c
      Source file:   src/draw/lv_draw_mask.c
      Source file:   src/draw/lv_draw_triangle.c
      Source file:   src/core/lv_obj_style.c
      Source file:   src/draw/lv_draw_arc.c
      Source file:   src/core/lv_obj_style_gen.c
      Source file:   src/core/lv_obj_tree.c
      Source file:   src/draw/lv_draw_layer.c
      Source file:   src/draw/lv_draw_img.c
      Source file:   src/core/lv_obj_pos.c
      Source file:   src/draw/lv_draw_line.c
      Source file:   src/core/lv_group.c
      Source file:   src/draw/lv_draw_rect.c
      Source file:   src/core/lv_event.c
      Source file:   src/draw/sw/lv_draw_sw_layer.c
      Source file:   src/draw/sw/lv_draw_sw_rect.c
      Source file:   src/font/lv_font_montserrat_18.c
      Source file:   src/font/lv_font_dejavu_16_persian_hebrew.c
      Source file:   src/draw/sw/lv_draw_sw_letter.c
      Source file:   src/draw/sw/lv_draw_sw_gradient.c
      Source file:   src/draw/sw/lv_draw_sw_img.c
      Source file:   src/draw/sw/lv_draw_sw_transform.c
      Source file:   src/font/lv_font_loader.c
      Source file:   src/font/lv_font_montserrat_10.c
      Source file:   src/font/lv_font_montserrat_12.c
      Source file:   src/font/lv_font_montserrat_16.c
      Source file:   src/font/lv_font_montserrat_20.c
      Source file:   src/draw/sw/lv_draw_sw_arc.c
      Source file:   src/font/lv_font_montserrat_22.c
      Source file:   src/font/lv_font_montserrat_24.c
      Source file:   src/draw/sw/lv_draw_sw_blend.c
      Source file:   src/font/lv_font_montserrat_26.c
      Source file:   src/font/lv_font_montserrat_28.c
      Source file:   src/draw/sw/lv_draw_sw.c
      Source file:   src/font/lv_font_montserrat_28_compressed.c
      Source file:   src/draw/sw/lv_draw_sw_dither.c
      Source file:   src/draw/lv_img_buf.c
      Source file:   src/draw/sw/lv_draw_sw_polygon.c
      Source file:   src/draw/sw/lv_draw_sw_line.c
      Source file:   src/font/lv_font_fmt_txt.c
      Source file:   src/font/lv_font_montserrat_8.c
      Source file:   src/font/lv_font_montserrat_12_subpx.c
      Source file:   src/draw/lv_img_decoder.c
      Source file:   src/font/lv_font_montserrat_14.c
      Source file:   src/font/lv_font.c
      Source file:   src/draw/lv_img_cache.c
      Source file:   src/misc/lv_anim.c
      Source file:   src/font/lv_font_montserrat_38.c
      Source file:   src/font/lv_font_montserrat_42.c
      Source file:   src/font/lv_font_montserrat_40.c
      Source file:   src/misc/lv_bidi.c
      Source file:   src/font/lv_font_unscii_16.c
      Source file:   src/hal/lv_hal_disp.c
      Source file:   src/misc/lv_color.c
      Source file:   src/misc/lv_log.c
      Source file:   src/font/lv_font_montserrat_30.c
      Source file:   src/font/lv_font_montserrat_32.c
      Source file:   src/font/lv_font_simsun_16_cjk.c
      Source file:   src/misc/lv_gc.c
      Source file:   src/misc/lv_async.c
      Source file:   src/misc/lv_ll.c
      Source file:   src/misc/lv_anim_timeline.c
      Source file:   src/misc/lv_lru.c
      Source file:   src/misc/lv_mem.c
      Source file:   src/font/lv_font_montserrat_36.c
      Source file:   src/font/lv_font_montserrat_46.c
      Source file:   src/font/lv_font_unscii_8.c
      Source file:   src/font/lv_font_montserrat_34.c
      Source file:   src/hal/lv_hal_indev.c
      Source file:   src/misc/lv_printf.c
      Source file:   src/misc/lv_style.c
      Source file:   src/misc/lv_style_gen.c
      Source file:   src/font/lv_font_montserrat_44.c
      Source file:   src/font/lv_font_montserrat_48.c
      Source file:   src/misc/lv_area.c
      Source file:   src/misc/lv_fs.c
      Source file:   src/misc/lv_math.c
      Source file:   src/hal/lv_hal_tick.c
      Source file:   src/misc/lv_txt.c
      Source file:   src/widgets/lv_label.c
      Source file:   src/misc/lv_timer.c
      Source file:   src/widgets/lv_dropdown.c
      Source file:   src/widgets/lv_bar.c
      Source file:   src/widgets/lv_textarea.c
      Source file:   src/widgets/lv_canvas.c
      Source file:   src/misc/lv_tlsf.c
      Source file:   src/misc/lv_templ.c
      Source file:   src/widgets/lv_checkbox.c
      Source file:   src/widgets/lv_img.c
      Source file:   src/widgets/lv_btn.c
      Source file:   src/widgets/lv_roller.c
      Source file:   src/misc/lv_txt_ap.c
      Source file:   src/widgets/lv_line.c
      Source file:   src/widgets/lv_switch.c
      Source file:   src/widgets/lv_slider.c
      Source file:   src/widgets/lv_table.c
      Source file:   src/widgets/lv_objx_templ.c
      Include file:  lvgl.h
      Source file:   src/widgets/lv_arc.c
      Source file:   src/widgets/lv_btnmatrix.c
      Source file:   src/misc/lv_utils.c
      Source file:   lv_cmsis_pack.c

   * Component: LVGL.LVGL::LVGL:lvgl:Extra Themes:8.3.5
      Source file:   src/extra/themes/default/lv_theme_default.c
      Source file:   src/extra/themes/basic/lv_theme_basic.c
      Source file:   src/extra/lv_extra.c
      Source file:   src/extra/widgets/animimg/lv_animimg.c
      Source file:   src/extra/layouts/flex/lv_flex.c
      Source file:   src/extra/widgets/calendar/lv_calendar.c
      Source file:   src/extra/widgets/msgbox/lv_msgbox.c
      Source file:   src/extra/widgets/list/lv_list.c
      Source file:   src/extra/widgets/colorwheel/lv_colorwheel.c
      Source file:   src/extra/widgets/spinbox/lv_spinbox.c
      Source file:   src/extra/themes/mono/lv_theme_mono.c
      Source file:   src/extra/widgets/calendar/lv_calendar_header_dropdown.c
      Source file:   src/extra/widgets/calendar/lv_calendar_header_arrow.c
      Source file:   src/extra/widgets/spinner/lv_spinner.c
      Source file:   src/extra/widgets/tabview/lv_tabview.c
      Source file:   src/extra/widgets/win/lv_win.c
      Source file:   src/extra/widgets/keyboard/lv_keyboard.c
      Source file:   src/extra/widgets/led/lv_led.c
      Source file:   src/extra/layouts/grid/lv_grid.c
      Source file:   src/extra/widgets/chart/lv_chart.c
      Source file:   src/extra/widgets/tileview/lv_tileview.c
      Source file:   src/extra/widgets/meter/lv_meter.c
      Source file:   src/extra/widgets/menu/lv_menu.c
      Source file:   src/extra/widgets/span/lv_span.c
      Source file:   src/extra/widgets/imgbtn/lv_imgbtn.c

   * Component: LVGL.LVGL::LVGL:lvgl:Porting:8.3.5
      Include file:  examples/porting/lv_port_disp_template.h
      Source file:   examples/porting/lv_port_disp_template.c
      Include file:  examples/porting/lv_port_indev_template.h
      Source file:   examples/porting/lv_port_indev_template.c
      Include file:  examples/porting/lv_port_fs_template.h
      Source file:   examples/porting/lv_port_fs_template.c
Build Time Elapsed:  00:00:05
</pre>
</body>
</html>
