Component: ARM Compiler 5.06 update 7 (build 960) Tool: armlink [4d3601]

==============================================================================

Section Cross References

    main.o(i.main) refers to _printf_percent.o(.ARM.Collect$$_printf_percent$$00000000) for _printf_percent
    main.o(i.main) refers to _printf_u.o(.ARM.Collect$$_printf_percent$$0000000A) for _printf_u
    main.o(i.main) refers to _printf_dec.o(.text) for _printf_int_dec
    main.o(i.main) refers to at32f435_437_clock.o(i.system_clock_config) for system_clock_config
    main.o(i.main) refers to at32f435_437_board.o(i.at32_board_init) for at32_board_init
    main.o(i.main) refers to at32f435_437_board.o(i.uart_print_init) for uart_print_init
    main.o(i.main) refers to noretval__2printf.o(.text) for __2printf
    main.o(i.main) refers to at32f435_437_board.o(i.delay_sec) for delay_sec
    main.o(i.main) refers to main.o(.conststring) for .conststring
    main.o(i.main) refers to main.o(.data) for time_cnt
    at32f435_437_clock.o(i.system_clock_config) refers to at32f435_437_crm.o(i.crm_reset) for crm_reset
    at32f435_437_clock.o(i.system_clock_config) refers to at32f435_437_crm.o(i.crm_periph_clock_enable) for crm_periph_clock_enable
    at32f435_437_clock.o(i.system_clock_config) refers to at32f435_437_crm.o(i.crm_clock_source_enable) for crm_clock_source_enable
    at32f435_437_clock.o(i.system_clock_config) refers to at32f435_437_crm.o(i.crm_flag_get) for crm_flag_get
    at32f435_437_clock.o(i.system_clock_config) refers to at32f435_437_crm.o(i.crm_pll_config) for crm_pll_config
    at32f435_437_clock.o(i.system_clock_config) refers to at32f435_437_crm.o(i.crm_ahb_div_set) for crm_ahb_div_set
    at32f435_437_clock.o(i.system_clock_config) refers to at32f435_437_crm.o(i.crm_apb2_div_set) for crm_apb2_div_set
    at32f435_437_clock.o(i.system_clock_config) refers to at32f435_437_crm.o(i.crm_apb1_div_set) for crm_apb1_div_set
    at32f435_437_clock.o(i.system_clock_config) refers to at32f435_437_crm.o(i.crm_auto_step_mode_enable) for crm_auto_step_mode_enable
    at32f435_437_clock.o(i.system_clock_config) refers to at32f435_437_crm.o(i.crm_sysclk_switch) for crm_sysclk_switch
    at32f435_437_clock.o(i.system_clock_config) refers to at32f435_437_crm.o(i.crm_sysclk_switch_status_get) for crm_sysclk_switch_status_get
    at32f435_437_clock.o(i.system_clock_config) refers to system_at32f435_437.o(i.system_core_clock_update) for system_core_clock_update
    at32f435_437_board.o(.rev16_text) refers (Special) to use_no_semi_2.o(.text) for __use_no_semihosting
    at32f435_437_board.o(.revsh_text) refers (Special) to use_no_semi_2.o(.text) for __use_no_semihosting
    at32f435_437_board.o(.rrx_text) refers (Special) to use_no_semi_2.o(.text) for __use_no_semihosting
    at32f435_437_board.o(i._sys_exit) refers (Special) to use_no_semi_2.o(.text) for __use_no_semihosting
    at32f435_437_board.o(i._ttywrch) refers (Special) to use_no_semi_2.o(.text) for __use_no_semihosting
    at32f435_437_board.o(i.at32_board_init) refers (Special) to use_no_semi_2.o(.text) for __use_no_semihosting
    at32f435_437_board.o(i.at32_board_init) refers to at32f435_437_board.o(i.delay_init) for delay_init
    at32f435_437_board.o(i.at32_board_init) refers to at32f435_437_board.o(i.at32_led_init) for at32_led_init
    at32f435_437_board.o(i.at32_board_init) refers to at32f435_437_board.o(i.at32_led_off) for at32_led_off
    at32f435_437_board.o(i.at32_board_init) refers to at32f435_437_board.o(i.at32_button_init) for at32_button_init
    at32f435_437_board.o(i.at32_button_init) refers (Special) to use_no_semi_2.o(.text) for __use_no_semihosting
    at32f435_437_board.o(i.at32_button_init) refers to at32f435_437_crm.o(i.crm_periph_clock_enable) for crm_periph_clock_enable
    at32f435_437_board.o(i.at32_button_init) refers to at32f435_437_gpio.o(i.gpio_default_para_init) for gpio_default_para_init
    at32f435_437_board.o(i.at32_button_init) refers to at32f435_437_gpio.o(i.gpio_init) for gpio_init
    at32f435_437_board.o(i.at32_button_press) refers (Special) to use_no_semi_2.o(.text) for __use_no_semihosting
    at32f435_437_board.o(i.at32_button_press) refers to at32f435_437_board.o(i.at32_button_state) for at32_button_state
    at32f435_437_board.o(i.at32_button_press) refers to at32f435_437_board.o(i.delay_ms) for delay_ms
    at32f435_437_board.o(i.at32_button_press) refers to at32f435_437_board.o(.data) for pressed
    at32f435_437_board.o(i.at32_button_state) refers (Special) to use_no_semi_2.o(.text) for __use_no_semihosting
    at32f435_437_board.o(i.at32_button_state) refers to at32f435_437_gpio.o(i.gpio_input_data_bit_read) for gpio_input_data_bit_read
    at32f435_437_board.o(i.at32_led_init) refers (Special) to use_no_semi_2.o(.text) for __use_no_semihosting
    at32f435_437_board.o(i.at32_led_init) refers to at32f435_437_crm.o(i.crm_periph_clock_enable) for crm_periph_clock_enable
[...]
    Removing at32f435_437_tmr.o(i.tmr_channel_value_get), (50 bytes).
    Removing at32f435_437_tmr.o(i.tmr_channel_value_set), (46 bytes).
    Removing at32f435_437_tmr.o(i.tmr_clock_source_div_set), (10 bytes).
    Removing at32f435_437_tmr.o(i.tmr_cnt_dir_set), (10 bytes).
    Removing at32f435_437_tmr.o(i.tmr_counter_enable), (10 bytes).
    Removing at32f435_437_tmr.o(i.tmr_counter_value_get), (6 bytes).
    Removing at32f435_437_tmr.o(i.tmr_counter_value_set), (4 bytes).
    Removing at32f435_437_tmr.o(i.tmr_div_value_get), (6 bytes).
    Removing at32f435_437_tmr.o(i.tmr_div_value_set), (4 bytes).
    Removing at32f435_437_tmr.o(i.tmr_dma_control_config), (18 bytes).
    Removing at32f435_437_tmr.o(i.tmr_dma_request_enable), (22 bytes).
    Removing at32f435_437_tmr.o(i.tmr_encoder_mode_config), (70 bytes).
    Removing at32f435_437_tmr.o(i.tmr_event_sw_trigger), (8 bytes).
    Removing at32f435_437_tmr.o(i.tmr_external_clock_config), (28 bytes).
    Removing at32f435_437_tmr.o(i.tmr_external_clock_mode1_config), (44 bytes).
    Removing at32f435_437_tmr.o(i.tmr_external_clock_mode2_config), (36 bytes).
    Removing at32f435_437_tmr.o(i.tmr_flag_clear), (6 bytes).
    Removing at32f435_437_tmr.o(i.tmr_flag_get), (18 bytes).
    Removing at32f435_437_tmr.o(i.tmr_force_output_set), (76 bytes).
    Removing at32f435_437_tmr.o(i.tmr_hall_select), (10 bytes).
    Removing at32f435_437_tmr.o(i.tmr_input_channel_divider_set), (66 bytes).
    Removing at32f435_437_tmr.o(i.tmr_input_channel_filter_set), (66 bytes).
    Removing at32f435_437_tmr.o(i.tmr_input_channel_init), (304 bytes).
    Removing at32f435_437_tmr.o(i.tmr_input_default_para_init), (16 bytes).
    Removing at32f435_437_tmr.o(i.tmr_internal_clock_set), (10 bytes).
    Removing at32f435_437_tmr.o(i.tmr_interrupt_enable), (22 bytes).
    Removing at32f435_437_tmr.o(i.tmr_iremap_config), (36 bytes).
    Removing at32f435_437_tmr.o(i.tmr_one_cycle_mode_enable), (10 bytes).
    Removing at32f435_437_tmr.o(i.tmr_output_channel_buffer_enable), (76 bytes).
    Removing at32f435_437_tmr.o(i.tmr_output_channel_config), (434 bytes).
    Removing at32f435_437_tmr.o(i.tmr_output_channel_immediately_set), (76 bytes).
    Removing at32f435_437_tmr.o(i.tmr_output_channel_mode_select), (76 bytes).
    Removing at32f435_437_tmr.o(i.tmr_output_channel_polarity_set), (96 bytes).
    Removing at32f435_437_tmr.o(i.tmr_output_channel_switch_set), (76 bytes).
    Removing at32f435_437_tmr.o(i.tmr_output_default_para_init), (18 bytes).
    Removing at32f435_437_tmr.o(i.tmr_output_enable), (10 bytes).
    Removing at32f435_437_tmr.o(i.tmr_overflow_event_disable), (10 bytes).
    Removing at32f435_437_tmr.o(i.tmr_overflow_request_source_set), (10 bytes).
    Removing at32f435_437_tmr.o(i.tmr_period_buffer_enable), (10 bytes).
    Removing at32f435_437_tmr.o(i.tmr_period_value_get), (6 bytes).
    Removing at32f435_437_tmr.o(i.tmr_period_value_set), (4 bytes).
    Removing at32f435_437_tmr.o(i.tmr_primary_mode_select), (10 bytes).
    Removing at32f435_437_tmr.o(i.tmr_pwm_input_config), (350 bytes).
    Removing at32f435_437_tmr.o(i.tmr_repetition_counter_set), (10 bytes).
    Removing at32f435_437_tmr.o(i.tmr_reset), (480 bytes).
    Removing at32f435_437_tmr.o(i.tmr_sub_mode_select), (10 bytes).
    Removing at32f435_437_tmr.o(i.tmr_sub_sync_mode_set), (10 bytes).
    Removing at32f435_437_tmr.o(i.tmr_trgout2_enable), (10 bytes).
    Removing at32f435_437_tmr.o(i.tmr_trigger_input_select), (10 bytes).
    Removing at32f435_437_usb.o(.rev16_text), (4 bytes).
    Removing at32f435_437_usb.o(.revsh_text), (4 bytes).
    Removing at32f435_437_usb.o(.rrx_text), (6 bytes).
    Removing at32f435_437_usb.o(i.usb_connect), (18 bytes).
    Removing at32f435_437_usb.o(i.usb_disconnect), (20 bytes).
    Removing at32f435_437_usb.o(i.usb_ept0_setup), (34 bytes).
    Removing at32f435_437_usb.o(i.usb_ept0_start), (44 bytes).
    Removing at32f435_437_usb.o(i.usb_ept_clear_stall), (146 bytes).
    Removing at32f435_437_usb.o(i.usb_ept_close), (100 bytes).
    Removing at32f435_437_usb.o(i.usb_ept_in_clear), (12 bytes).
    Removing at32f435_437_usb.o(i.usb_ept_in_interrupt), (44 bytes).
    Removing at32f435_437_usb.o(i.usb_ept_open), (416 bytes).
    Removing at32f435_437_usb.o(i.usb_ept_out_clear), (12 bytes).
    Removing at32f435_437_usb.o(i.usb_ept_out_interrupt), (22 bytes).
    Removing at32f435_437_usb.o(i.usb_ept_stall), (146 bytes).
    Removing at32f435_437_usb.o(i.usb_flush_rx_fifo), (44 bytes).
    Removing at32f435_437_usb.o(i.usb_flush_tx_fifo), (56 bytes).
    Removing at32f435_437_usb.o(i.usb_get_all_in_interrupt), (18 bytes).
    Removing at32f435_437_usb.o(i.usb_get_all_out_interrupt), (18 bytes).
    Removing at32f435_437_usb.o(i.usb_global_clear_interrupt), (4 bytes).
    Removing at32f435_437_usb.o(i.usb_global_get_all_interrupt), (10 bytes).
    Removing at32f435_437_usb.o(i.usb_global_init), (24 bytes).
    Removing at32f435_437_usb.o(i.usb_global_interrupt_enable), (20 bytes).
    Removing at32f435_437_usb.o(i.usb_global_power_on), (36 bytes).
    Removing at32f435_437_usb.o(i.usb_global_reset), (76 bytes).
    Removing at32f435_437_usb.o(i.usb_global_select_core), (20 bytes).
    Removing at32f435_437_usb.o(i.usb_global_set_mode), (68 bytes).
    Removing at32f435_437_usb.o(i.usb_hc_enable), (276 bytes).
    Removing at32f435_437_usb.o(i.usb_hch_halt), (196 bytes).
    Removing at32f435_437_usb.o(i.usb_hch_read_interrupt), (12 bytes).
    Removing at32f435_437_usb.o(i.usb_host_disable), (180 bytes).
    Removing at32f435_437_usb.o(i.usb_interrupt_disable), (10 bytes).
    Removing at32f435_437_usb.o(i.usb_interrupt_enable), (12 bytes).
    Removing at32f435_437_usb.o(i.usb_open_phy_clk), (14 bytes).
    Removing at32f435_437_usb.o(i.usb_port_power_on), (36 bytes).
    Removing at32f435_437_usb.o(i.usb_read_packet), (42 bytes).
    Removing at32f435_437_usb.o(i.usb_remote_wkup_clear), (18 bytes).
    Removing at32f435_437_usb.o(i.usb_remote_wkup_set), (20 bytes).
    Removing at32f435_437_usb.o(i.usb_set_address), (14 bytes).
    Removing at32f435_437_usb.o(i.usb_set_rx_fifo), (4 bytes).
    Removing at32f435_437_usb.o(i.usb_set_tx_fifo), (66 bytes).
    Removing at32f435_437_usb.o(i.usb_stop_phy_clk), (16 bytes).
    Removing at32f435_437_usb.o(i.usb_suspend_status_get), (14 bytes).
    Removing at32f435_437_usb.o(i.usb_write_packet), (48 bytes).
    Removing at32f435_437_usb.o(i.usbh_fsls_clksel), (34 bytes).
    Removing at32f435_437_usb.o(i.usbh_get_frame), (12 bytes).
    Removing at32f435_437_wdt.o(.rev16_text), (4 bytes).
    Removing at32f435_437_wdt.o(.revsh_text), (4 bytes).
    Removing at32f435_437_wdt.o(.rrx_text), (6 bytes).
    Removing at32f435_437_wdt.o(i.wdt_counter_reload), (16 bytes).
    Removing at32f435_437_wdt.o(i.wdt_divider_set), (20 bytes).
    Removing at32f435_437_wdt.o(i.wdt_enable), (16 bytes).
    Removing at32f435_437_wdt.o(i.wdt_flag_get), (24 bytes).
    Removing at32f435_437_wdt.o(i.wdt_register_write_enable), (24 bytes).
    Removing at32f435_437_wdt.o(i.wdt_reload_value_set), (12 bytes).
    Removing at32f435_437_wdt.o(i.wdt_window_counter_set), (20 bytes).
    Removing at32f435_437_wwdt.o(.rev16_text), (4 bytes).
    Removing at32f435_437_wwdt.o(.revsh_text), (4 bytes).
    Removing at32f435_437_wwdt.o(.rrx_text), (6 bytes).
    Removing at32f435_437_wwdt.o(i.wwdt_counter_set), (20 bytes).
    Removing at32f435_437_wwdt.o(i.wwdt_divider_set), (20 bytes).
    Removing at32f435_437_wwdt.o(i.wwdt_enable), (16 bytes).
    Removing at32f435_437_wwdt.o(i.wwdt_flag_clear), (12 bytes).
    Removing at32f435_437_wwdt.o(i.wwdt_flag_get), (16 bytes).
    Removing at32f435_437_wwdt.o(i.wwdt_interrupt_enable), (24 bytes).
    Removing at32f435_437_wwdt.o(i.wwdt_reset), (24 bytes).
    Removing at32f435_437_wwdt.o(i.wwdt_window_counter_set), (20 bytes).
    Removing at32f435_437_xmc.o(.rev16_text), (4 bytes).
    Removing at32f435_437_xmc.o(.revsh_text), (4 bytes).
    Removing at32f435_437_xmc.o(.rrx_text), (6 bytes).
    Removing at32f435_437_xmc.o(i.xmc_ecc_get), (24 bytes).
    Removing at32f435_437_xmc.o(i.xmc_ext_timing_config), (40 bytes).
    Removing at32f435_437_xmc.o(i.xmc_flag_clear), (128 bytes).
    Removing at32f435_437_xmc.o(i.xmc_flag_status_get), (64 bytes).
    Removing at32f435_437_xmc.o(i.xmc_interrupt_enable), (164 bytes).
    Removing at32f435_437_xmc.o(i.xmc_nand_default_para_init), (18 bytes).
    Removing at32f435_437_xmc.o(i.xmc_nand_ecc_enable), (44 bytes).
    Removing at32f435_437_xmc.o(i.xmc_nand_enable), (44 bytes).
    Removing at32f435_437_xmc.o(i.xmc_nand_init), (56 bytes).
    Removing at32f435_437_xmc.o(i.xmc_nand_reset), (64 bytes).
    Removing at32f435_437_xmc.o(i.xmc_nand_timing_config), (80 bytes).
    Removing at32f435_437_xmc.o(i.xmc_nand_timing_default_para_init), (30 bytes).
    Removing at32f435_437_xmc.o(i.xmc_nor_sram_enable), (22 bytes).
    Removing at32f435_437_xmc.o(i.xmc_nor_sram_init), (90 bytes).
    Removing at32f435_437_xmc.o(i.xmc_nor_sram_reset), (56 bytes).
    Removing at32f435_437_xmc.o(i.xmc_nor_sram_timing_config), (124 bytes).
    Removing at32f435_437_xmc.o(i.xmc_norsram_default_para_init), (42 bytes).
    Removing at32f435_437_xmc.o(i.xmc_norsram_timing_default_para_init), (56 bytes).
    Removing at32f435_437_xmc.o(i.xmc_pccard_default_para_init), (10 bytes).
    Removing at32f435_437_xmc.o(i.xmc_pccard_enable), (24 bytes).
    Removing at32f435_437_xmc.o(i.xmc_pccard_init), (28 bytes).
    Removing at32f435_437_xmc.o(i.xmc_pccard_reset), (40 bytes).
    Removing at32f435_437_xmc.o(i.xmc_pccard_timing_config), (84 bytes).
    Removing at32f435_437_xmc.o(i.xmc_pccard_timing_default_para_init), (44 bytes).
    Removing at32f435_437_xmc.o(i.xmc_sdram_auto_refresh_set), (24 bytes).
    Removing at32f435_437_xmc.o(i.xmc_sdram_cmd), (28 bytes).
    Removing at32f435_437_xmc.o(i.xmc_sdram_default_para_init), (50 bytes).
    Removing at32f435_437_xmc.o(i.xmc_sdram_init), (608 bytes).
    Removing at32f435_437_xmc.o(i.xmc_sdram_refresh_counter_set), (24 bytes).
    Removing at32f435_437_xmc.o(i.xmc_sdram_reset), (52 bytes).
    Removing at32f435_437_xmc.o(i.xmc_sdram_status_get), (28 bytes).
    Removing at32f435_437_crm.o(.rev16_text), (4 bytes).
    Removing at32f435_437_crm.o(.revsh_text), (4 bytes).
    Removing at32f435_437_crm.o(.rrx_text), (6 bytes).
    Removing at32f435_437_crm.o(i.crm_battery_powered_domain_reset), (20 bytes).
    Removing at32f435_437_crm.o(i.crm_clkout_div_set), (68 bytes).
    Removing at32f435_437_crm.o(i.crm_clkout_to_tmr10_enable), (20 bytes).
    Removing at32f435_437_crm.o(i.crm_clock_failure_detection_enable), (20 bytes).
    Removing at32f435_437_crm.o(i.crm_clock_out1_set), (20 bytes).
    Removing at32f435_437_crm.o(i.crm_clock_out2_set), (56 bytes).
    Removing at32f435_437_crm.o(i.crm_emac_output_pulse_set), (20 bytes).
    Removing at32f435_437_crm.o(i.crm_ertc_clock_enable), (20 bytes).
    Removing at32f435_437_crm.o(i.crm_ertc_clock_select), (36 bytes).
    Removing at32f435_437_crm.o(i.crm_flag_clear), (236 bytes).
    Removing at32f435_437_crm.o(i.crm_hext_bypass), (20 bytes).
    Removing at32f435_437_crm.o(i.crm_hext_stable_wait), (46 bytes).
    Removing at32f435_437_crm.o(i.crm_hick_clock_calibration_set), (48 bytes).
    Removing at32f435_437_crm.o(i.crm_hick_clock_trimming_set), (20 bytes).
    Removing at32f435_437_crm.o(i.crm_hick_divider_select), (20 bytes).
    Removing at32f435_437_crm.o(i.crm_hick_sclk_frequency_select), (28 bytes).
    Removing at32f435_437_crm.o(i.crm_interrupt_enable), (32 bytes).
    Removing at32f435_437_crm.o(i.crm_lext_bypass), (20 bytes).
    Removing at32f435_437_crm.o(i.crm_periph_lowpower_mode_enable), (76 bytes).
    Removing at32f435_437_crm.o(i.crm_periph_reset), (76 bytes).
    Removing at32f435_437_crm.o(i.crm_pll_parameter_calculate), (224 bytes).
    Removing at32f435_437_crm.o(i.crm_usb_clock_div_set), (20 bytes).
    Removing at32f435_437_crm.o(i.crm_usb_clock_source_select), (32 bytes).
    Removing at32f435_437_gpio.o(.rev16_text), (4 bytes).
    Removing at32f435_437_gpio.o(.revsh_text), (4 bytes).
    Removing at32f435_437_gpio.o(.rrx_text), (6 bytes).
    Removing at32f435_437_gpio.o(i.gpio_bits_reset), (4 bytes).
    Removing at32f435_437_gpio.o(i.gpio_bits_set), (4 bytes).
    Removing at32f435_437_gpio.o(i.gpio_bits_write), (10 bytes).
    Removing at32f435_437_gpio.o(i.gpio_input_data_bit_read), (18 bytes).
    Removing at32f435_437_gpio.o(i.gpio_input_data_read), (8 bytes).
    Removing at32f435_437_gpio.o(i.gpio_output_data_bit_read), (18 bytes).
    Removing at32f435_437_gpio.o(i.gpio_output_data_read), (8 bytes).
    Removing at32f435_437_gpio.o(i.gpio_pin_wp_config), (18 bytes).
    Removing at32f435_437_gpio.o(i.gpio_pins_huge_driven_config), (18 bytes).
    Removing at32f435_437_gpio.o(i.gpio_port_write), (4 bytes).
    Removing at32f435_437_gpio.o(i.gpio_reset), (256 bytes).
    Removing at32f435_437_misc.o(.rev16_text), (4 bytes).
    Removing at32f435_437_misc.o(.revsh_text), (4 bytes).
    Removing at32f435_437_misc.o(.rrx_text), (6 bytes).
    Removing at32f435_437_misc.o(i.nvic_irq_disable), (44 bytes).
    Removing at32f435_437_misc.o(i.nvic_irq_enable), (200 bytes).
    Removing at32f435_437_misc.o(i.nvic_lowpower_mode_config), (32 bytes).
    Removing at32f435_437_misc.o(i.nvic_priority_group_config), (40 bytes).
    Removing at32f435_437_misc.o(i.nvic_system_reset), (44 bytes).
    Removing at32f435_437_misc.o(i.nvic_vector_table_set), (20 bytes).
    Removing at32f435_437_usart.o(.rev16_text), (4 bytes).
    Removing at32f435_437_usart.o(.revsh_text), (4 bytes).
    Removing at32f435_437_usart.o(.rrx_text), (6 bytes).
    Removing at32f435_437_usart.o(i.usart_break_bit_num_set), (10 bytes).
    Removing at32f435_437_usart.o(i.usart_break_send), (12 bytes).
    Removing at32f435_437_usart.o(i.usart_clock_config), (28 bytes).
    Removing at32f435_437_usart.o(i.usart_clock_enable), (10 bytes).
    Removing at32f435_437_usart.o(i.usart_data_receive), (8 bytes).
    Removing at32f435_437_usart.o(i.usart_de_polarity_set), (10 bytes).
    Removing at32f435_437_usart.o(i.usart_dma_receiver_enable), (10 bytes).
    Removing at32f435_437_usart.o(i.usart_dma_transmitter_enable), (10 bytes).
    Removing at32f435_437_usart.o(i.usart_flag_clear), (18 bytes).
    Removing at32f435_437_usart.o(i.usart_hardware_flow_control_set), (102 bytes).
    Removing at32f435_437_usart.o(i.usart_id_bit_num_set), (10 bytes).
    Removing at32f435_437_usart.o(i.usart_interrupt_enable), (54 bytes).
    Removing at32f435_437_usart.o(i.usart_irda_low_power_enable), (10 bytes).
    Removing at32f435_437_usart.o(i.usart_irda_mode_enable), (10 bytes).
    Removing at32f435_437_usart.o(i.usart_irda_smartcard_division_set), (10 bytes).
    Removing at32f435_437_usart.o(i.usart_lin_mode_enable), (10 bytes).
    Removing at32f435_437_usart.o(i.usart_parity_selection_config), (76 bytes).
    Removing at32f435_437_usart.o(i.usart_receiver_enable), (10 bytes).
    Removing at32f435_437_usart.o(i.usart_receiver_mute_enable), (10 bytes).
    Removing at32f435_437_usart.o(i.usart_reset), (260 bytes).
    Removing at32f435_437_usart.o(i.usart_rs485_delay_time_config), (18 bytes).
    Removing at32f435_437_usart.o(i.usart_rs485_mode_enable), (10 bytes).
    Removing at32f435_437_usart.o(i.usart_single_line_halfduplex_select), (10 bytes).
    Removing at32f435_437_usart.o(i.usart_smartcard_guard_time_set), (10 bytes).
    Removing at32f435_437_usart.o(i.usart_smartcard_mode_enable), (10 bytes).
    Removing at32f435_437_usart.o(i.usart_smartcard_nack_set), (10 bytes).
    Removing at32f435_437_usart.o(i.usart_transmit_receive_pin_swap), (10 bytes).
    Removing at32f435_437_usart.o(i.usart_wakeup_id_set), (46 bytes).
    Removing at32f435_437_usart.o(i.usart_wakeup_mode_set), (10 bytes).
    Removing system_at32f435_437.o(.rev16_text), (4 bytes).
    Removing system_at32f435_437.o(.revsh_text), (4 bytes).
    Removing system_at32f435_437.o(.rrx_text), (6 bytes).

755 unused section(s) (total 28910 bytes) removed from the image.

==============================================================================

Image Symbol Table

    Local Symbols

    Symbol Name                              Value     Ov Type        Size  Object(Section)

    ../clib/angel/boardlib.s                 0x00000000   Number         0  boardinit1.o ABSOLUTE
    ../clib/angel/boardlib.s                 0x00000000   Number         0  boardshut.o ABSOLUTE
    ../clib/angel/boardlib.s                 0x00000000   Number         0  boardinit2.o ABSOLUTE
    ../clib/angel/boardlib.s                 0x00000000   Number         0  boardinit3.o ABSOLUTE
    ../clib/angel/handlers.s                 0x00000000   Number         0  __scatter_zi.o ABSOLUTE
    ../clib/angel/handlers.s                 0x00000000   Number         0  __scatter_copy.o ABSOLUTE
    ../clib/angel/kernel.s                   0x00000000   Number         0  __rtentry2.o ABSOLUTE
    ../clib/angel/kernel.s                   0x00000000   Number         0  rtexit.o ABSOLUTE
    ../clib/angel/kernel.s                   0x00000000   Number         0  __rtentry.o ABSOLUTE
    ../clib/angel/kernel.s                   0x00000000   Number         0  rtexit2.o ABSOLUTE
    ../clib/angel/kernel.s                   0x00000000   Number         0  __rtentry4.o ABSOLUTE
    ../clib/angel/rt.s                       0x00000000   Number         0  aeabi_ldiv0.o ABSOLUTE
    ../clib/angel/rt.s                       0x00000000   Number         0  rt_div0.o ABSOLUTE
    ../clib/angel/rt.s                       0x00000000   Number         0  rt_raise.o ABSOLUTE
    ../clib/angel/rt.s                       0x00000000   Number         0  aeabi_ldiv0_sigfpe.o ABSOLUTE
    ../clib/angel/scatter.s                  0x00000000   Number         0  __scatter.o ABSOLUTE
    ../clib/angel/startup.s                  0x00000000   Number         0  __main.o ABSOLUTE
    ../clib/angel/sys.s                      0x00000000   Number         0  use_no_semi.o ABSOLUTE
    ../clib/angel/sys.s                      0x00000000   Number         0  use_no_semi_2.o ABSOLUTE
    ../clib/angel/sys.s                      0x00000000   Number         0  sys_stackheap_outer.o ABSOLUTE
    ../clib/angel/sys.s                      0x00000000   Number         0  indicate_semi.o ABSOLUTE
    ../clib/angel/sys.s                      0x00000000   Number         0  libspace.o ABSOLUTE
    ../clib/angel/sysapp.c                   0x00000000   Number         0  sys_command.o ABSOLUTE
    ../clib/armsys.c                         0x00000000   Number         0  argv_veneer.o ABSOLUTE
    ../clib/armsys.c                         0x00000000   Number         0  no_argv.o ABSOLUTE
    ../clib/armsys.c                         0x00000000   Number         0  _get_argv_nomalloc.o ABSOLUTE
    ../clib/armsys.c                         0x00000000   Number         0  argv_veneer.o ABSOLUTE
    ../clib/heapalloc.c                      0x00000000   Number         0  hrguard.o ABSOLUTE
    ../clib/heapaux.c                        0x00000000   Number         0  heapauxi.o ABSOLUTE
    ../clib/libinit.s                        0x00000000   Number         0  libinit2.o ABSOLUTE
    ../clib/libinit.s                        0x00000000   Number         0  libinit.o ABSOLUTE
    ../clib/libinit.s                        0x00000000   Number         0  libshutdown.o ABSOLUTE
    ../clib/libinit.s                        0x00000000   Number         0  libshutdown2.o ABSOLUTE
    ../clib/longlong.s                       0x00000000   Number         0  lludivv7m.o ABSOLUTE
    ../clib/printf.c                         0x00000000   Number         0  __printf_flags_wp.o ABSOLUTE
    ../clib/printf.c                         0x00000000   Number         0  __printf_wp.o ABSOLUTE
    ../clib/printf.c                         0x00000000   Number         0  __printf_flags_ss.o ABSOLUTE
    ../clib/printf.c                         0x00000000   Number         0  __printf_ss.o ABSOLUTE
    ../clib/printf.c                         0x00000000   Number         0  __printf_flags_ss_wp.o ABSOLUTE
    ../clib/printf.c                         0x00000000   Number         0  _printf_dec.o ABSOLUTE
    ../clib/printf.c                         0x00000000   Number         0  __printf.o ABSOLUTE
    ../clib/printf.c                         0x00000000   Number         0  noretval__2printf.o ABSOLUTE
    ../clib/printf.c                         0x00000000   Number         0  _printf_intcommon.o ABSOLUTE
    ../clib/printf.c                         0x00000000   Number         0  _printf_char_file.o ABSOLUTE
    ../clib/printf.c                         0x00000000   Number         0  __printf_flags.o ABSOLUTE
    ../clib/printf.c                         0x00000000   Number         0  __2printf.o ABSOLUTE
    ../clib/printf.c                         0x00000000   Number         0  __printf_nopercent.o ABSOLUTE
    ../clib/printf.c                         0x00000000   Number         0  __printf_ss_wp.o ABSOLUTE
    ../clib/printf.c                         0x00000000   Number         0  _printf_char_common.o ABSOLUTE
    ../clib/printf_percent.s                 0x00000000   Number         0  _printf_u.o ABSOLUTE
    ../clib/printf_percent.s                 0x00000000   Number         0  _printf_percent_end.o ABSOLUTE
    ../clib/printf_percent.s                 0x00000000   Number         0  _printf_percent.o ABSOLUTE
    ../clib/signal.c                         0x00000000   Number         0  defsig_other.o ABSOLUTE
    ../clib/signal.c                         0x00000000   Number         0  defsig_segv_inner.o ABSOLUTE
    ../clib/signal.c                         0x00000000   Number         0  defsig_cppl_inner.o ABSOLUTE
    ../clib/signal.c                         0x00000000   Number         0  defsig_pvfn_inner.o ABSOLUTE
    ../clib/signal.c                         0x00000000   Number         0  defsig_stak_inner.o ABSOLUTE
    ../clib/signal.c                         0x00000000   Number         0  defsig_rtmem_formal.o ABSOLUTE
    ../clib/signal.c                         0x00000000   Number         0  defsig_rtmem_outer.o ABSOLUTE
    ../clib/signal.c                         0x00000000   Number         0  defsig_rtmem_inner.o ABSOLUTE
    ../clib/signal.c                         0x00000000   Number         0  defsig_rtred_inner.o ABSOLUTE
    ../clib/signal.c                         0x00000000   Number         0  defsig_abrt_inner.o ABSOLUTE
    ../clib/signal.c                         0x00000000   Number         0  defsig_general.o ABSOLUTE
    ../clib/signal.c                         0x00000000   Number         0  defsig_fpe_outer.o ABSOLUTE
    ../clib/signal.c                         0x00000000   Number         0  __raise.o ABSOLUTE
    ../clib/signal.c                         0x00000000   Number         0  defsig_fpe_inner.o ABSOLUTE
    ../clib/signal.c                         0x00000000   Number         0  defsig_exit.o ABSOLUTE
    ../clib/signal.c                         0x00000000   Number         0  defsig_fpe_formal.o ABSOLUTE
    ../clib/signal.s                         0x00000000   Number         0  defsig.o ABSOLUTE
    ../clib/stdio.c                          0x00000000   Number         0  ferror.o ABSOLUTE
    ../clib/stdio.c                          0x00000000   Number         0  ferror_locked.o ABSOLUTE
    ../clib/stdlib.c                         0x00000000   Number         0  exit.o ABSOLUTE
    ../fplib/fpinit.s                        0x00000000   Number         0  fpinit.o ABSOLUTE
    ..\\libraries\\cmsis\\cm4\\device_support\\system_at32f435_437.c 0x00000000   Number         0  system_at32f435_437.o ABSOLUTE
    ..\\libraries\\drivers\\src\\at32f435_437_acc.c 0x00000000   Number         0  at32f435_437_acc.o ABSOLUTE
    ..\\libraries\\drivers\\src\\at32f435_437_adc.c 0x00000000   Number         0  at32f435_437_adc.o ABSOLUTE
    ..\\libraries\\drivers\\src\\at32f435_437_can.c 0x00000000   Number         0  at32f435_437_can.o ABSOLUTE
    ..\\libraries\\drivers\\src\\at32f435_437_crc.c 0x00000000   Number         0  at32f435_437_crc.o ABSOLUTE
    ..\\libraries\\drivers\\src\\at32f435_437_crm.c 0x00000000   Number         0  at32f435_437_crm.o ABSOLUTE
    ..\\libraries\\drivers\\src\\at32f435_437_dac.c 0x00000000   Number         0  at32f435_437_dac.o ABSOLUTE
    ..\\libraries\\drivers\\src\\at32f435_437_debug.c 0x00000000   Number         0  at32f435_437_debug.o ABSOLUTE
    ..\\libraries\\drivers\\src\\at32f435_437_dma.c 0x00000000   Number         0  at32f435_437_dma.o ABSOLUTE
    ..\\libraries\\drivers\\src\\at32f435_437_dvp.c 0x00000000   Number         0  at32f435_437_dvp.o ABSOLUTE
    ..\\libraries\\drivers\\src\\at32f435_437_edma.c 0x00000000   Number         0  at32f435_437_edma.o ABSOLUTE
    ..\\libraries\\drivers\\src\\at32f435_437_emac.c 0x00000000   Number         0  at32f435_437_emac.o ABSOLUTE
    ..\\libraries\\drivers\\src\\at32f435_437_ertc.c 0x00000000   Number         0  at32f435_437_ertc.o ABSOLUTE
    ..\\libraries\\drivers\\src\\at32f435_437_exint.c 0x00000000   Number         0  at32f435_437_exint.o ABSOLUTE
    ..\\libraries\\drivers\\src\\at32f435_437_flash.c 0x00000000   Number         0  at32f435_437_flash.o ABSOLUTE
    ..\\libraries\\drivers\\src\\at32f435_437_gpio.c 0x00000000   Number         0  at32f435_437_gpio.o ABSOLUTE
    ..\\libraries\\drivers\\src\\at32f435_437_i2c.c 0x00000000   Number         0  at32f435_437_i2c.o ABSOLUTE
    ..\\libraries\\drivers\\src\\at32f435_437_misc.c 0x00000000   Number         0  at32f435_437_misc.o ABSOLUTE
    ..\\libraries\\drivers\\src\\at32f435_437_pwc.c 0x00000000   Number         0  at32f435_437_pwc.o ABSOLUTE
    ..\\libraries\\drivers\\src\\at32f435_437_qspi.c 0x00000000   Number         0  at32f435_437_qspi.o ABSOLUTE
    ..\\libraries\\drivers\\src\\at32f435_437_scfg.c 0x00000000   Number         0  at32f435_437_scfg.o ABSOLUTE
    ..\\libraries\\drivers\\src\\at32f435_437_sdio.c 0x00000000   Number         0  at32f435_437_sdio.o ABSOLUTE
    ..\\libraries\\drivers\\src\\at32f435_437_spi.c 0x00000000   Number         0  at32f435_437_spi.o ABSOLUTE
    ..\\libraries\\drivers\\src\\at32f435_437_tmr.c 0x00000000   Number         0  at32f435_437_tmr.o ABSOLUTE
    ..\\libraries\\drivers\\src\\at32f435_437_usart.c 0x00000000   Number         0  at32f435_437_usart.o ABSOLUTE
    ..\\libraries\\drivers\\src\\at32f435_437_usb.c 0x00000000   Number         0  at32f435_437_usb.o ABSOLUTE
    ..\\libraries\\drivers\\src\\at32f435_437_wdt.c 0x00000000   Number         0  at32f435_437_wdt.o ABSOLUTE
    ..\\libraries\\drivers\\src\\at32f435_437_wwdt.c 0x00000000   Number         0  at32f435_437_wwdt.o ABSOLUTE
    ..\\libraries\\drivers\\src\\at32f435_437_xmc.c 0x00000000   Number         0  at32f435_437_xmc.o ABSOLUTE
    ..\\user\\at32f435_437_board.c           0x00000000   Number         0  at32f435_437_board.o ABSOLUTE
    ..\\user\\at32f435_437_clock.c           0x00000000   Number         0  at32f435_437_clock.o ABSOLUTE
    ..\\user\\at32f435_437_int.c             0x00000000   Number         0  at32f435_437_int.o ABSOLUTE
    ..\\user\\main.c                         0x00000000   Number         0  main.o ABSOLUTE
    ..\libraries\cmsis\cm4\device_support\startup\mdk\startup_at32f435_437.s 0x00000000   Number         0  startup_at32f435_437.o ABSOLUTE
    ..\libraries\cmsis\cm4\device_support\system_at32f435_437.c 0x00000000   Number         0  system_at32f435_437.o ABSOLUTE
    ..\libraries\drivers\src\at32f435_437_acc.c 0x00000000   Number         0  at32f435_437_acc.o ABSOLUTE
    ..\libraries\drivers\src\at32f435_437_adc.c 0x00000000   Number         0  at32f435_437_adc.o ABSOLUTE
    ..\libraries\drivers\src\at32f435_437_can.c 0x00000000   Number         0  at32f435_437_can.o ABSOLUTE
    ..\libraries\drivers\src\at32f435_437_crc.c 0x00000000   Number         0  at32f435_437_crc.o ABSOLUTE
    ..\libraries\drivers\src\at32f435_437_crm.c 0x00000000   Number         0  at32f435_437_crm.o ABSOLUTE
    ..\libraries\drivers\src\at32f435_437_dac.c 0x00000000   Number         0  at32f435_437_dac.o ABSOLUTE
    ..\libraries\drivers\src\at32f435_437_debug.c 0x00000000   Number         0  at32f435_437_debug.o ABSOLUTE
    ..\libraries\drivers\src\at32f435_437_dma.c 0x00000000   Number         0  at32f435_437_dma.o ABSOLUTE
    ..\libraries\drivers\src\at32f435_437_dvp.c 0x00000000   Number         0  at32f435_437_dvp.o ABSOLUTE
    ..\libraries\drivers\src\at32f435_437_edma.c 0x00000000   Number         0  at32f435_437_edma.o ABSOLUTE
    ..\libraries\drivers\src\at32f435_437_emac.c 0x00000000   Number         0  at32f435_437_emac.o ABSOLUTE
    ..\libraries\drivers\src\at32f435_437_ertc.c 0x00000000   Number         0  at32f435_437_ertc.o ABSOLUTE
    ..\libraries\drivers\src\at32f435_437_exint.c 0x00000000   Number         0  at32f435_437_exint.o ABSOLUTE
    ..\libraries\drivers\src\at32f435_437_flash.c 0x00000000   Number         0  at32f435_437_flash.o ABSOLUTE
    ..\libraries\drivers\src\at32f435_437_gpio.c 0x00000000   Number         0  at32f435_437_gpio.o ABSOLUTE
    ..\libraries\drivers\src\at32f435_437_i2c.c 0x00000000   Number         0  at32f435_437_i2c.o ABSOLUTE
    ..\libraries\drivers\src\at32f435_437_misc.c 0x00000000   Number         0  at32f435_437_misc.o ABSOLUTE
    ..\libraries\drivers\src\at32f435_437_pwc.c 0x00000000   Number         0  at32f435_437_pwc.o ABSOLUTE
    ..\libraries\drivers\src\at32f435_437_qspi.c 0x00000000   Number         0  at32f435_437_qspi.o ABSOLUTE
    ..\libraries\drivers\src\at32f435_437_scfg.c 0x00000000   Number         0  at32f435_437_scfg.o ABSOLUTE
    ..\libraries\drivers\src\at32f435_437_sdio.c 0x00000000   Number         0  at32f435_437_sdio.o ABSOLUTE
    ..\libraries\drivers\src\at32f435_437_spi.c 0x00000000   Number         0  at32f435_437_spi.o ABSOLUTE
    ..\libraries\drivers\src\at32f435_437_tmr.c 0x00000000   Number         0  at32f435_437_tmr.o ABSOLUTE
    ..\libraries\drivers\src\at32f435_437_usart.c 0x00000000   Number         0  at32f435_437_usart.o ABSOLUTE
    ..\libraries\drivers\src\at32f435_437_usb.c 0x00000000   Number         0  at32f435_437_usb.o ABSOLUTE
    ..\libraries\drivers\src\at32f435_437_wdt.c 0x00000000   Number         0  at32f435_437_wdt.o ABSOLUTE
    ..\libraries\drivers\src\at32f435_437_wwdt.c 0x00000000   Number         0  at32f435_437_wwdt.o ABSOLUTE
    ..\libraries\drivers\src\at32f435_437_xmc.c 0x00000000   Number         0  at32f435_437_xmc.o ABSOLUTE
    ..\user\at32f435_437_board.c             0x00000000   Number         0  at32f435_437_board.o ABSOLUTE
    ..\user\at32f435_437_clock.c             0x00000000   Number         0  at32f435_437_clock.o ABSOLUTE
    ..\user\at32f435_437_int.c               0x00000000   Number         0  at32f435_437_int.o ABSOLUTE
    ..\user\main.c                           0x00000000   Number         0  main.o ABSOLUTE
    dc.s                                     0x00000000   Number         0  dc.o ABSOLUTE
    RESET                                    0x08000000   Section      524  startup_at32f435_437.o(RESET)
    !!!main                                  0x0800020c   Section        8  __main.o(!!!main)
    !!!scatter                               0x08000214   Section       52  __scatter.o(!!!scatter)
    !!handler_copy                           0x08000248   Section       26  __scatter_copy.o(!!handler_copy)
    !!handler_zi                             0x08000264   Section       28  __scatter_zi.o(!!handler_zi)
    .ARM.Collect$$_printf_percent$$00000000  0x08000280   Section        0  _printf_percent.o(.ARM.Collect$$_printf_percent$$00000000)
    .ARM.Collect$$_printf_percent$$0000000A  0x08000280   Section        6  _printf_u.o(.ARM.Collect$$_printf_percent$$0000000A)
    .ARM.Collect$$_printf_percent$$00000017  0x08000286   Section        4  _printf_percent_end.o(.ARM.Collect$$_printf_percent$$00000017)
    .ARM.Collect$$libinit$$00000000          0x0800028a   Section        2  libinit.o(.ARM.Collect$$libinit$$00000000)
    .ARM.Collect$$libinit$$00000001          0x0800028c   Section        4  libinit2.o(.ARM.Collect$$libinit$$00000001)
    .ARM.Collect$$libinit$$00000004          0x08000290   Section        0  libinit2.o(.ARM.Collect$$libinit$$00000004)
    .ARM.Collect$$libinit$$0000000A          0x08000290   Section        0  libinit2.o(.ARM.Collect$$libinit$$0000000A)
    .ARM.Collect$$libinit$$0000000C          0x08000290   Section        0  libinit2.o(.ARM.Collect$$libinit$$0000000C)
    .ARM.Collect$$libinit$$0000000E          0x08000290   Section        0  libinit2.o(.ARM.Collect$$libinit$$0000000E)
    .ARM.Collect$$libinit$$00000011          0x08000290   Section        0  libinit2.o(.ARM.Collect$$libinit$$00000011)
    .ARM.Collect$$libinit$$00000013          0x08000290   Section        0  libinit2.o(.ARM.Collect$$libinit$$00000013)
    .ARM.Collect$$libinit$$00000015          0x08000290   Section        0  libinit2.o(.ARM.Collect$$libinit$$00000015)
    .ARM.Collect$$libinit$$00000017          0x08000290   Section        0  libinit2.o(.ARM.Collect$$libinit$$00000017)
    .ARM.Collect$$libinit$$00000019          0x08000290   Section        0  libinit2.o(.ARM.Collect$$libinit$$00000019)
    .ARM.Collect$$libinit$$0000001B          0x08000290   Section        0  libinit2.o(.ARM.Collect$$libinit$$0000001B)
    .ARM.Collect$$libinit$$0000001D          0x08000290   Section        0  libinit2.o(.ARM.Collect$$libinit$$0000001D)
    .ARM.Collect$$libinit$$0000001F          0x08000290   Section        0  libinit2.o(.ARM.Collect$$libinit$$0000001F)
    .ARM.Collect$$libinit$$00000021          0x08000290   Section        0  libinit2.o(.ARM.Collect$$libinit$$00000021)
    .ARM.Collect$$libinit$$00000023          0x08000290   Section        0  libinit2.o(.ARM.Collect$$libinit$$00000023)
    .ARM.Collect$$libinit$$00000025          0x08000290   Section        0  libinit2.o(.ARM.Collect$$libinit$$00000025)
    .ARM.Collect$$libinit$$0000002C          0x08000290   Section        0  libinit2.o(.ARM.Collect$$libinit$$0000002C)
    .ARM.Collect$$libinit$$0000002E          0x08000290   Section        0  libinit2.o(.ARM.Collect$$libinit$$0000002E)
    .ARM.Collect$$libinit$$00000030          0x08000290   Section        0  libinit2.o(.ARM.Collect$$libinit$$00000030)
    .ARM.Collect$$libinit$$00000032          0x08000290   Section        0  libinit2.o(.ARM.Collect$$libinit$$00000032)
    .ARM.Collect$$libinit$$00000033          0x08000290   Section        2  libinit2.o(.ARM.Collect$$libinit$$00000033)
    .ARM.Collect$$libshutdown$$00000000      0x08000292   Section        2  libshutdown.o(.ARM.Collect$$libshutdown$$00000000)
    .ARM.Collect$$libshutdown$$00000002      0x08000294   Section        0  libshutdown2.o(.ARM.Collect$$libshutdown$$00000002)
    .ARM.Collect$$libshutdown$$00000004      0x08000294   Section        0  libshutdown2.o(.ARM.Collect$$libshutdown$$00000004)
    .ARM.Collect$$libshutdown$$00000006      0x08000294   Section        0  libshutdown2.o(.ARM.Collect$$libshutdown$$00000006)
    .ARM.Collect$$libshutdown$$00000009      0x08000294   Section        0  libshutdown2.o(.ARM.Collect$$libshutdown$$00000009)
    .ARM.Collect$$libshutdown$$0000000C      0x08000294   Section        0  libshutdown2.o(.ARM.Collect$$libshutdown$$0000000C)
    .ARM.Collect$$libshutdown$$0000000E      0x08000294   Section        0  libshutdown2.o(.ARM.Collect$$libshutdown$$0000000E)
    .ARM.Collect$$libshutdown$$00000011      0x08000294   Section        0  libshutdown2.o(.ARM.Collect$$libshutdown$$00000011)
    .ARM.Collect$$libshutdown$$00000012      0x08000294   Section        2  libshutdown2.o(.ARM.Collect$$libshutdown$$00000012)
    .ARM.Collect$$rtentry$$00000000          0x08000296   Section        0  __rtentry.o(.ARM.Collect$$rtentry$$00000000)
    .ARM.Collect$$rtentry$$00000002          0x08000296   Section        0  __rtentry2.o(.ARM.Collect$$rtentry$$00000002)
    .ARM.Collect$$rtentry$$00000004          0x08000296   Section        6  __rtentry4.o(.ARM.Collect$$rtentry$$00000004)
    .ARM.Collect$$rtentry$$00000009          0x0800029c   Section        0  __rtentry2.o(.ARM.Collect$$rtentry$$00000009)
    .ARM.Collect$$rtentry$$0000000A          0x0800029c   Section        4  __rtentry2.o(.ARM.Collect$$rtentry$$0000000A)
    .ARM.Collect$$rtentry$$0000000C          0x080002a0   Section        0  __rtentry2.o(.ARM.Collect$$rtentry$$0000000C)
    .ARM.Collect$$rtentry$$0000000D          0x080002a0   Section        8  __rtentry2.o(.ARM.Collect$$rtentry$$0000000D)
    .ARM.Collect$$rtexit$$00000000           0x080002a8   Section        2  rtexit.o(.ARM.Collect$$rtexit$$00000000)
    .ARM.Collect$$rtexit$$00000002           0x080002aa   Section        0  rtexit2.o(.ARM.Collect$$rtexit$$00000002)
    .ARM.Collect$$rtexit$$00000003           0x080002aa   Section        4  rtexit2.o(.ARM.Collect$$rtexit$$00000003)
    .ARM.Collect$$rtexit$$00000004           0x080002ae   Section        6  rtexit2.o(.ARM.Collect$$rtexit$$00000004)
    .text                                    0x080002b4   Section       64  startup_at32f435_437.o(.text)
    $v0                                      0x080002b4   Number         0  startup_at32f435_437.o(.text)
    .text                                    0x080002f4   Section        2  use_no_semi_2.o(.text)
    .text                                    0x080002f6   Section      238  lludivv7m.o(.text)
    .text                                    0x080003e4   Section        0  noretval__2printf.o(.text)
    .text                                    0x080003fc   Section        0  __printf.o(.text)
    .text                                    0x08000464   Section        0  _printf_dec.o(.text)
    .text                                    0x080004dc   Section        0  heapauxi.o(.text)
    .text                                    0x080004e2   Section        2  use_no_semi.o(.text)
    .text                                    0x080004e4   Section        0  _printf_intcommon.o(.text)
    .text                                    0x08000598   Section        0  _printf_char_file.o(.text)
    .text                                    0x080005bc   Section        0  _printf_char_common.o(.text)
    _printf_input_char                       0x080005bd   Thumb Code    10  _printf_char_common.o(.text)
    .text                                    0x080005ec   Section        0  ferror.o(.text)
    .text                                    0x080005f4   Section       74  sys_stackheap_outer.o(.text)
    .text                                    0x0800063e   Section        0  exit.o(.text)
    .text                                    0x08000650   Section        8  libspace.o(.text)
    i.BusFault_Handler                       0x08000658   Section        0  at32f435_437_int.o(i.BusFault_Handler)
    i.DebugMon_Handler                       0x0800065c   Section        0  at32f435_437_int.o(i.DebugMon_Handler)
    i.HardFault_Handler                      0x0800065e   Section        0  at32f435_437_int.o(i.HardFault_Handler)
    i.MemManage_Handler                      0x08000662   Section        0  at32f435_437_int.o(i.MemManage_Handler)
    i.NMI_Handler                            0x08000666   Section        0  at32f435_437_int.o(i.NMI_Handler)
    i.PendSV_Handler                         0x08000668   Section        0  at32f435_437_int.o(i.PendSV_Handler)
    i.SVC_Handler                            0x0800066a   Section        0  at32f435_437_int.o(i.SVC_Handler)
    i.SysTick_Handler                        0x0800066c   Section        0  at32f435_437_int.o(i.SysTick_Handler)
    i.SystemInit                             0x08000670   Section        0  system_at32f435_437.o(i.SystemInit)
    i.UsageFault_Handler                     0x08000700   Section        0  at32f435_437_int.o(i.UsageFault_Handler)
    i._sys_exit                              0x08000704   Section        0  at32f435_437_board.o(i._sys_exit)
    i.at32_board_init                        0x08000708   Section        0  at32f435_437_board.o(i.at32_board_init)
    i.at32_button_init                       0x08000738   Section        0  at32f435_437_board.o(i.at32_button_init)
    i.at32_led_init                          0x08000774   Section        0  at32f435_437_board.o(i.at32_led_init)
    i.at32_led_off                           0x080007c4   Section        0  at32f435_437_board.o(i.at32_led_off)
    i.crm_ahb_div_set                        0x080007ec   Section        0  at32f435_437_crm.o(i.crm_ahb_div_set)
    i.crm_apb1_div_set                       0x08000800   Section        0  at32f435_437_crm.o(i.crm_apb1_div_set)
    i.crm_apb2_div_set                       0x08000814   Section        0  at32f435_437_crm.o(i.crm_apb2_div_set)
    i.crm_auto_step_mode_enable              0x08000828   Section        0  at32f435_437_crm.o(i.crm_auto_step_mode_enable)
    i.crm_clock_source_enable                0x08000850   Section        0  at32f435_437_crm.o(i.crm_clock_source_enable)
    i.crm_clocks_freq_get                    0x080008b8   Section        0  at32f435_437_crm.o(i.crm_clocks_freq_get)
    i.crm_flag_get                           0x080009c8   Section        0  at32f435_437_crm.o(i.crm_flag_get)
    i.crm_periph_clock_enable                0x080009f8   Section        0  at32f435_437_crm.o(i.crm_periph_clock_enable)
    i.crm_pll_config                         0x08000a44   Section        0  at32f435_437_crm.o(i.crm_pll_config)
    i.crm_reset                              0x08000a8c   Section        0  at32f435_437_crm.o(i.crm_reset)
    i.crm_sysclk_switch                      0x08000b04   Section        0  at32f435_437_crm.o(i.crm_sysclk_switch)
    i.crm_sysclk_switch_status_get           0x08000b18   Section        0  at32f435_437_crm.o(i.crm_sysclk_switch_status_get)
    i.delay_init                             0x08000b28   Section        0  at32f435_437_board.o(i.delay_init)
    i.delay_ms                               0x08000b60   Section        0  at32f435_437_board.o(i.delay_ms)
    i.delay_sec                              0x08000bd4   Section        0  at32f435_437_board.o(i.delay_sec)
    i.fputc                                  0x08000bf8   Section        0  at32f435_437_board.o(i.fputc)
    i.gpio_default_para_init                 0x08000c1c   Section        0  at32f435_437_gpio.o(i.gpio_default_para_init)
    i.gpio_init                              0x08000c30   Section        0  at32f435_437_gpio.o(i.gpio_init)
    i.gpio_pin_mux_config                    0x08000caa   Section        0  at32f435_437_gpio.o(i.gpio_pin_mux_config)
    i.main                                   0x08000cec   Section        0  main.o(i.main)
    i.system_clock_config                    0x08000d44   Section        0  at32f435_437_clock.o(i.system_clock_config)
    i.system_core_clock_update               0x08000de4   Section        0  system_at32f435_437.o(i.system_core_clock_update)
    i.systick_clock_source_config            0x08000ed4   Section        0  at32f435_437_misc.o(i.systick_clock_source_config)
    i.uart_print_init                        0x08000efc   Section        0  at32f435_437_board.o(i.uart_print_init)
    i.usart_data_transmit                    0x08000f70   Section        0  at32f435_437_usart.o(i.usart_data_transmit)
    i.usart_enable                           0x08000f78   Section        0  at32f435_437_usart.o(i.usart_enable)
    i.usart_flag_get                         0x08000f82   Section        0  at32f435_437_usart.o(i.usart_flag_get)
    i.usart_init                             0x08000f94   Section        0  at32f435_437_usart.o(i.usart_init)
    i.usart_transmitter_enable               0x08001040   Section        0  at32f435_437_usart.o(i.usart_transmitter_enable)
    x$fpl$fpinit                             0x0800104a   Section       10  fpinit.o(x$fpl$fpinit)
    $v0                                      0x0800104a   Number         0  fpinit.o(x$fpl$fpinit)
    .constdata                               0x08001054   Section       38  at32f435_437_crm.o(.constdata)
    sclk_ahb_div_table                       0x08001054   Data          16  at32f435_437_crm.o(.constdata)
    ahb_apb1_div_table                       0x08001064   Data           8  at32f435_437_crm.o(.constdata)
    ahb_apb2_div_table                       0x0800106c   Data           8  at32f435_437_crm.o(.constdata)
    pll_fr_table                             0x08001074   Data           6  at32f435_437_crm.o(.constdata)
    .constdata                               0x0800107a   Section       22  system_at32f435_437.o(.constdata)
    sys_ahb_div_table                        0x0800107a   Data          16  system_at32f435_437.o(.constdata)
    pll_fr_table                             0x0800108a   Data           6  system_at32f435_437.o(.constdata)
    .conststring                             0x08001090   Section       76  main.o(.conststring)
    .data                                    0x20000000   Section        4  main.o(.data)
    .data                                    0x20000004   Section       45  at32f435_437_board.o(.data)
    fac_us                                   0x20000024   Data           4  at32f435_437_board.o(.data)
    fac_ms                                   0x20000028   Data           4  at32f435_437_board.o(.data)
    pressed                                  0x20000030   Data           1  at32f435_437_board.o(.data)
    .data                                    0x20000034   Section        4  system_at32f435_437.o(.data)
    .bss                                     0x20000038   Section       96  libspace.o(.bss)
    HEAP                                     0x20000098   Section      512  startup_at32f435_437.o(HEAP)
    Heap_Mem                                 0x20000098   Data         512  startup_at32f435_437.o(HEAP)
    STACK                                    0x20000298   Section     1024  startup_at32f435_437.o(STACK)
    Stack_Mem                                0x20000298   Data        1024  startup_at32f435_437.o(STACK)
    __initial_sp                             0x20000698   Data           0  startup_at32f435_437.o(STACK)

    Global Symbols

    Symbol Name                              Value     Ov Type        Size  Object(Section)

    BuildAttributes$$THM_ISAv4$E$P$D$K$B$S$7EM$VFPi3$EXTD16$VFPS$VFMA$PE$A:L22UL41UL21$X:L11$S22US41US21$IEEE1$IW$USESV6$~STKCKD$USESV7$~SHL$OSPACE$ROPI$EBA8$UX$STANDARDLIB$REQ8$PRES8$EABIv2 0x00000000   Number         0  anon$$obj.o ABSOLUTE
    __ARM_use_no_argv                        0x00000000   Number         0  main.o ABSOLUTE
    __ARM_exceptions_init                     - Undefined Weak Reference
    __alloca_initialize                       - Undefined Weak Reference
    __arm_fini_                               - Undefined Weak Reference
    __arm_preinit_                            - Undefined Weak Reference
    __cpp_initialize__aeabi_                  - Undefined Weak Reference
    __cxa_finalize                            - Undefined Weak Reference
    __rt_locale                               - Undefined Weak Reference
    __sigvec_lookup                           - Undefined Weak Reference
    _atexit_init                              - Undefined Weak Reference
    _call_atexit_fns                          - Undefined Weak Reference
    _clock_init                               - Undefined Weak Reference
    _fp_trap_init                             - Undefined Weak Reference
    _fp_trap_shutdown                         - Undefined Weak Reference
    _get_lc_collate                           - Undefined Weak Reference
    _get_lc_ctype                             - Undefined Weak Reference
    _get_lc_monetary                          - Undefined Weak Reference
    _get_lc_numeric                           - Undefined Weak Reference
    _get_lc_time                              - Undefined Weak Reference
    _getenv_init                              - Undefined Weak Reference
    _handle_redirection                       - Undefined Weak Reference
    _init_alloc                               - Undefined Weak Reference
    _init_user_alloc                          - Undefined Weak Reference
    _initio                                   - Undefined Weak Reference
    _mutex_acquire                            - Undefined Weak Reference
    _mutex_release                            - Undefined Weak Reference
    _printf_post_padding                      - Undefined Weak Reference
    _printf_pre_padding                       - Undefined Weak Reference
    _printf_truncate_signed                   - Undefined Weak Reference
    _printf_truncate_unsigned                 - Undefined Weak Reference
    _rand_init                                - Undefined Weak Reference
    _signal_finish                            - Undefined Weak Reference
    _signal_init                              - Undefined Weak Reference
    _terminate_alloc                          - Undefined Weak Reference
    _terminate_user_alloc                     - Undefined Weak Reference
    _terminateio                              - Undefined Weak Reference
    __Vectors_Size                           0x0000020c   Number         0  startup_at32f435_437.o ABSOLUTE
    __Vectors                                0x08000000   Data           4  startup_at32f435_437.o(RESET)
    __Vectors_End                            0x0800020c   Data           0  startup_at32f435_437.o(RESET)
    __main                                   0x0800020d   Thumb Code     8  __main.o(!!!main)
    __scatterload                            0x08000215   Thumb Code     0  __scatter.o(!!!scatter)
    __scatterload_rt2                        0x08000215   Thumb Code    44  __scatter.o(!!!scatter)
    __scatterload_rt2_thumb_only             0x08000215   Thumb Code     0  __scatter.o(!!!scatter)
    __scatterload_null                       0x08000223   Thumb Code     0  __scatter.o(!!!scatter)
    __scatterload_copy                       0x08000249   Thumb Code    26  __scatter_copy.o(!!handler_copy)
    __scatterload_zeroinit                   0x08000265   Thumb Code    28  __scatter_zi.o(!!handler_zi)
    _printf_percent                          0x08000281   Thumb Code     0  _printf_percent.o(.ARM.Collect$$_printf_percent$$00000000)
    _printf_u                                0x08000281   Thumb Code     0  _printf_u.o(.ARM.Collect$$_printf_percent$$0000000A)
    _printf_percent_end                      0x08000287   Thumb Code     0  _printf_percent_end.o(.ARM.Collect$$_printf_percent$$00000017)
    __rt_lib_init                            0x0800028b   Thumb Code     0  libinit.o(.ARM.Collect$$libinit$$00000000)
    __rt_lib_init_fp_1                       0x0800028d   Thumb Code     0  libinit2.o(.ARM.Collect$$libinit$$00000001)
    __rt_lib_init_alloca_1                   0x08000291   Thumb Code     0  libinit2.o(.ARM.Collect$$libinit$$0000002E)
    __rt_lib_init_argv_1                     0x08000291   Thumb Code     0  libinit2.o(.ARM.Collect$$libinit$$0000002C)
    __rt_lib_init_atexit_1                   0x08000291   Thumb Code     0  libinit2.o(.ARM.Collect$$libinit$$0000001B)
    __rt_lib_init_clock_1                    0x08000291   Thumb Code     0  libinit2.o(.ARM.Collect$$libinit$$00000021)
    __rt_lib_init_cpp_1                      0x08000291   Thumb Code     0  libinit2.o(.ARM.Collect$$libinit$$00000032)
    __rt_lib_init_exceptions_1               0x08000291   Thumb Code     0  libinit2.o(.ARM.Collect$$libinit$$00000030)
    __rt_lib_init_fp_trap_1                  0x08000291   Thumb Code     0  libinit2.o(.ARM.Collect$$libinit$$0000001F)
    __rt_lib_init_getenv_1                   0x08000291   Thumb Code     0  libinit2.o(.ARM.Collect$$libinit$$00000023)
    __rt_lib_init_heap_1                     0x08000291   Thumb Code     0  libinit2.o(.ARM.Collect$$libinit$$0000000A)
    __rt_lib_init_lc_collate_1               0x08000291   Thumb Code     0  libinit2.o(.ARM.Collect$$libinit$$00000011)
    __rt_lib_init_lc_ctype_1                 0x08000291   Thumb Code     0  libinit2.o(.ARM.Collect$$libinit$$00000013)
    __rt_lib_init_lc_monetary_1              0x08000291   Thumb Code     0  libinit2.o(.ARM.Collect$$libinit$$00000015)
    __rt_lib_init_lc_numeric_1               0x08000291   Thumb Code     0  libinit2.o(.ARM.Collect$$libinit$$00000017)
    __rt_lib_init_lc_time_1                  0x08000291   Thumb Code     0  libinit2.o(.ARM.Collect$$libinit$$00000019)
    __rt_lib_init_preinit_1                  0x08000291   Thumb Code     0  libinit2.o(.ARM.Collect$$libinit$$00000004)
    __rt_lib_init_rand_1                     0x08000291   Thumb Code     0  libinit2.o(.ARM.Collect$$libinit$$0000000E)
    __rt_lib_init_return                     0x08000291   Thumb Code     0  libinit2.o(.ARM.Collect$$libinit$$00000033)
    __rt_lib_init_signal_1                   0x08000291   Thumb Code     0  libinit2.o(.ARM.Collect$$libinit$$0000001D)
    __rt_lib_init_stdio_1                    0x08000291   Thumb Code     0  libinit2.o(.ARM.Collect$$libinit$$00000025)
    __rt_lib_init_user_alloc_1               0x08000291   Thumb Code     0  libinit2.o(.ARM.Collect$$libinit$$0000000C)
    __rt_lib_shutdown                        0x08000293   Thumb Code     0  libshutdown.o(.ARM.Collect$$libshutdown$$00000000)
    __rt_lib_shutdown_cpp_1                  0x08000295   Thumb Code     0  libshutdown2.o(.ARM.Collect$$libshutdown$$00000004)
    __rt_lib_shutdown_fini_1                 0x08000295   Thumb Code     0  libshutdown2.o(.ARM.Collect$$libshutdown$$00000002)
    __rt_lib_shutdown_fp_trap_1              0x08000295   Thumb Code     0  libshutdown2.o(.ARM.Collect$$libshutdown$$00000009)
    __rt_lib_shutdown_heap_1                 0x08000295   Thumb Code     0  libshutdown2.o(.ARM.Collect$$libshutdown$$00000011)
    __rt_lib_shutdown_return                 0x08000295   Thumb Code     0  libshutdown2.o(.ARM.Collect$$libshutdown$$00000012)
    __rt_lib_shutdown_signal_1               0x08000295   Thumb Code     0  libshutdown2.o(.ARM.Collect$$libshutdown$$0000000C)
    __rt_lib_shutdown_stdio_1                0x08000295   Thumb Code     0  libshutdown2.o(.ARM.Collect$$libshutdown$$00000006)
    __rt_lib_shutdown_user_alloc_1           0x08000295   Thumb Code     0  libshutdown2.o(.ARM.Collect$$libshutdown$$0000000E)
    __rt_entry                               0x08000297   Thumb Code     0  __rtentry.o(.ARM.Collect$$rtentry$$00000000)
    __rt_entry_presh_1                       0x08000297   Thumb Code     0  __rtentry2.o(.ARM.Collect$$rtentry$$00000002)
    __rt_entry_sh                            0x08000297   Thumb Code     0  __rtentry4.o(.ARM.Collect$$rtentry$$00000004)
    __rt_entry_li                            0x0800029d   Thumb Code     0  __rtentry2.o(.ARM.Collect$$rtentry$$0000000A)
    __rt_entry_postsh_1                      0x0800029d   Thumb Code     0  __rtentry2.o(.ARM.Collect$$rtentry$$00000009)
    __rt_entry_main                          0x080002a1   Thumb Code     0  __rtentry2.o(.ARM.Collect$$rtentry$$0000000D)
    __rt_entry_postli_1                      0x080002a1   Thumb Code     0  __rtentry2.o(.ARM.Collect$$rtentry$$0000000C)
    __rt_exit                                0x080002a9   Thumb Code     0  rtexit.o(.ARM.Collect$$rtexit$$00000000)
    __rt_exit_ls                             0x080002ab   Thumb Code     0  rtexit2.o(.ARM.Collect$$rtexit$$00000003)
    __rt_exit_prels_1                        0x080002ab   Thumb Code     0  rtexit2.o(.ARM.Collect$$rtexit$$00000002)
    __rt_exit_exit                           0x080002af   Thumb Code     0  rtexit2.o(.ARM.Collect$$rtexit$$00000004)
    Reset_Handler                            0x080002b5   Thumb Code     8  startup_at32f435_437.o(.text)
    ACC_IRQHandler                           0x080002cf   Thumb Code     0  startup_at32f435_437.o(.text)
    ADC1_2_3_IRQHandler                      0x080002cf   Thumb Code     0  startup_at32f435_437.o(.text)
    CAN1_RX0_IRQHandler                      0x080002cf   Thumb Code     0  startup_at32f435_437.o(.text)
    CAN1_RX1_IRQHandler                      0x080002cf   Thumb Code     0  startup_at32f435_437.o(.text)
    CAN1_SE_IRQHandler                       0x080002cf   Thumb Code     0  startup_at32f435_437.o(.text)
    CAN1_TX_IRQHandler                       0x080002cf   Thumb Code     0  startup_at32f435_437.o(.text)
    CAN2_RX0_IRQHandler                      0x080002cf   Thumb Code     0  startup_at32f435_437.o(.text)
    CAN2_RX1_IRQHandler                      0x080002cf   Thumb Code     0  startup_at32f435_437.o(.text)
    CAN2_SE_IRQHandler                       0x080002cf   Thumb Code     0  startup_at32f435_437.o(.text)
    CAN2_TX_IRQHandler                       0x080002cf   Thumb Code     0  startup_at32f435_437.o(.text)
    CRM_IRQHandler                           0x080002cf   Thumb Code     0  startup_at32f435_437.o(.text)
    DMA1_Channel1_IRQHandler                 0x080002cf   Thumb Code     0  startup_at32f435_437.o(.text)
    DMA1_Channel2_IRQHandler                 0x080002cf   Thumb Code     0  startup_at32f435_437.o(.text)
    DMA1_Channel3_IRQHandler                 0x080002cf   Thumb Code     0  startup_at32f435_437.o(.text)
    DMA1_Channel4_IRQHandler                 0x080002cf   Thumb Code     0  startup_at32f435_437.o(.text)
    DMA1_Channel5_IRQHandler                 0x080002cf   Thumb Code     0  startup_at32f435_437.o(.text)
    DMA1_Channel6_IRQHandler                 0x080002cf   Thumb Code     0  startup_at32f435_437.o(.text)
    DMA1_Channel7_IRQHandler                 0x080002cf   Thumb Code     0  startup_at32f435_437.o(.text)
    DMA2_Channel1_IRQHandler                 0x080002cf   Thumb Code     0  startup_at32f435_437.o(.text)
    DMA2_Channel2_IRQHandler                 0x080002cf   Thumb Code     0  startup_at32f435_437.o(.text)
    DMA2_Channel3_IRQHandler                 0x080002cf   Thumb Code     0  startup_at32f435_437.o(.text)
    DMA2_Channel4_IRQHandler                 0x080002cf   Thumb Code     0  startup_at32f435_437.o(.text)
    DMA2_Channel5_IRQHandler                 0x080002cf   Thumb Code     0  startup_at32f435_437.o(.text)
    DMA2_Channel6_IRQHandler                 0x080002cf   Thumb Code     0  startup_at32f435_437.o(.text)
    DMA2_Channel7_IRQHandler                 0x080002cf   Thumb Code     0  startup_at32f435_437.o(.text)
    DMAMUX_IRQHandler                        0x080002cf   Thumb Code     0  startup_at32f435_437.o(.text)
    DVP_IRQHandler                           0x080002cf   Thumb Code     0  startup_at32f435_437.o(.text)
    EDMA_Stream1_IRQHandler                  0x080002cf   Thumb Code     0  startup_at32f435_437.o(.text)
    EDMA_Stream2_IRQHandler                  0x080002cf   Thumb Code     0  startup_at32f435_437.o(.text)
    EDMA_Stream3_IRQHandler                  0x080002cf   Thumb Code     0  startup_at32f435_437.o(.text)
    EDMA_Stream4_IRQHandler                  0x080002cf   Thumb Code     0  startup_at32f435_437.o(.text)
    EDMA_Stream5_IRQHandler                  0x080002cf   Thumb Code     0  startup_at32f435_437.o(.text)
    EDMA_Stream6_IRQHandler                  0x080002cf   Thumb Code     0  startup_at32f435_437.o(.text)
    EDMA_Stream7_IRQHandler                  0x080002cf   Thumb Code     0  startup_at32f435_437.o(.text)
    EDMA_Stream8_IRQHandler                  0x080002cf   Thumb Code     0  startup_at32f435_437.o(.text)
    EMAC_IRQHandler                          0x080002cf   Thumb Code     0  startup_at32f435_437.o(.text)
    EMAC_WKUP_IRQHandler                     0x080002cf   Thumb Code     0  startup_at32f435_437.o(.text)
    ERTCAlarm_IRQHandler                     0x080002cf   Thumb Code     0  startup_at32f435_437.o(.text)
    ERTC_WKUP_IRQHandler                     0x080002cf   Thumb Code     0  startup_at32f435_437.o(.text)
    EXINT0_IRQHandler                        0x080002cf   Thumb Code     0  startup_at32f435_437.o(.text)
    EXINT15_10_IRQHandler                    0x080002cf   Thumb Code     0  startup_at32f435_437.o(.text)
    EXINT1_IRQHandler                        0x080002cf   Thumb Code     0  startup_at32f435_437.o(.text)
    EXINT2_IRQHandler                        0x080002cf   Thumb Code     0  startup_at32f435_437.o(.text)
    EXINT3_IRQHandler                        0x080002cf   Thumb Code     0  startup_at32f435_437.o(.text)
    EXINT4_IRQHandler                        0x080002cf   Thumb Code     0  startup_at32f435_437.o(.text)
    EXINT9_5_IRQHandler                      0x080002cf   Thumb Code     0  startup_at32f435_437.o(.text)
    FLASH_IRQHandler                         0x080002cf   Thumb Code     0  startup_at32f435_437.o(.text)
    FPU_IRQHandler                           0x080002cf   Thumb Code     0  startup_at32f435_437.o(.text)
    I2C1_ERR_IRQHandler                      0x080002cf   Thumb Code     0  startup_at32f435_437.o(.text)
    I2C1_EVT_IRQHandler                      0x080002cf   Thumb Code     0  startup_at32f435_437.o(.text)
    I2C2_ERR_IRQHandler                      0x080002cf   Thumb Code     0  startup_at32f435_437.o(.text)
    I2C2_EVT_IRQHandler                      0x080002cf   Thumb Code     0  startup_at32f435_437.o(.text)
    I2C3_ERR_IRQHandler                      0x080002cf   Thumb Code     0  startup_at32f435_437.o(.text)
    I2C3_EVT_IRQHandler                      0x080002cf   Thumb Code     0  startup_at32f435_437.o(.text)
    OTGFS1_IRQHandler                        0x080002cf   Thumb Code     0  startup_at32f435_437.o(.text)
    OTGFS1_WKUP_IRQHandler                   0x080002cf   Thumb Code     0  startup_at32f435_437.o(.text)
    OTGFS2_IRQHandler                        0x080002cf   Thumb Code     0  startup_at32f435_437.o(.text)
    OTGFS2_WKUP_IRQHandler                   0x080002cf   Thumb Code     0  startup_at32f435_437.o(.text)
    PVM_IRQHandler                           0x080002cf   Thumb Code     0  startup_at32f435_437.o(.text)
    QSPI1_IRQHandler                         0x080002cf   Thumb Code     0  startup_at32f435_437.o(.text)
    QSPI2_IRQHandler                         0x080002cf   Thumb Code     0  startup_at32f435_437.o(.text)
    SDIO1_IRQHandler                         0x080002cf   Thumb Code     0  startup_at32f435_437.o(.text)
    SDIO2_IRQHandler                         0x080002cf   Thumb Code     0  startup_at32f435_437.o(.text)
    SPI1_IRQHandler                          0x080002cf   Thumb Code     0  startup_at32f435_437.o(.text)
    SPI2_I2S2EXT_IRQHandler                  0x080002cf   Thumb Code     0  startup_at32f435_437.o(.text)
    SPI3_I2S3EXT_IRQHandler                  0x080002cf   Thumb Code     0  startup_at32f435_437.o(.text)
    SPI4_IRQHandler                          0x080002cf   Thumb Code     0  startup_at32f435_437.o(.text)
    TAMP_STAMP_IRQHandler                    0x080002cf   Thumb Code     0  startup_at32f435_437.o(.text)
    TMR1_BRK_TMR9_IRQHandler                 0x080002cf   Thumb Code     0  startup_at32f435_437.o(.text)
    TMR1_CH_IRQHandler                       0x080002cf   Thumb Code     0  startup_at32f435_437.o(.text)
    TMR1_OVF_TMR10_IRQHandler                0x080002cf   Thumb Code     0  startup_at32f435_437.o(.text)
    TMR1_TRG_HALL_TMR11_IRQHandler           0x080002cf   Thumb Code     0  startup_at32f435_437.o(.text)
    TMR20_BRK_IRQHandler                     0x080002cf   Thumb Code     0  startup_at32f435_437.o(.text)
    TMR20_CH_IRQHandler                      0x080002cf   Thumb Code     0  startup_at32f435_437.o(.text)
    TMR20_OVF_IRQHandler                     0x080002cf   Thumb Code     0  startup_at32f435_437.o(.text)
    TMR20_TRG_HALL_IRQHandler                0x080002cf   Thumb Code     0  startup_at32f435_437.o(.text)
    TMR2_GLOBAL_IRQHandler                   0x080002cf   Thumb Code     0  startup_at32f435_437.o(.text)
    TMR3_GLOBAL_IRQHandler                   0x080002cf   Thumb Code     0  startup_at32f435_437.o(.text)
    TMR4_GLOBAL_IRQHandler                   0x080002cf   Thumb Code     0  startup_at32f435_437.o(.text)
    TMR5_GLOBAL_IRQHandler                   0x080002cf   Thumb Code     0  startup_at32f435_437.o(.text)
    TMR6_DAC_GLOBAL_IRQHandler               0x080002cf   Thumb Code     0  startup_at32f435_437.o(.text)
    TMR7_GLOBAL_IRQHandler                   0x080002cf   Thumb Code     0  startup_at32f435_437.o(.text)
    TMR8_BRK_TMR12_IRQHandler                0x080002cf   Thumb Code     0  startup_at32f435_437.o(.text)
    TMR8_CH_IRQHandler                       0x080002cf   Thumb Code     0  startup_at32f435_437.o(.text)
    TMR8_OVF_TMR13_IRQHandler                0x080002cf   Thumb Code     0  startup_at32f435_437.o(.text)
    TMR8_TRG_HALL_TMR14_IRQHandler           0x080002cf   Thumb Code     0  startup_at32f435_437.o(.text)
    UART4_IRQHandler                         0x080002cf   Thumb Code     0  startup_at32f435_437.o(.text)
    UART5_IRQHandler                         0x080002cf   Thumb Code     0  startup_at32f435_437.o(.text)
    UART7_IRQHandler                         0x080002cf   Thumb Code     0  startup_at32f435_437.o(.text)
    UART8_IRQHandler                         0x080002cf   Thumb Code     0  startup_at32f435_437.o(.text)
    USART1_IRQHandler                        0x080002cf   Thumb Code     0  startup_at32f435_437.o(.text)
    USART2_IRQHandler                        0x080002cf   Thumb Code     0  startup_at32f435_437.o(.text)
    USART3_IRQHandler                        0x080002cf   Thumb Code     0  startup_at32f435_437.o(.text)
    USART6_IRQHandler                        0x080002cf   Thumb Code     0  startup_at32f435_437.o(.text)
    WWDT_IRQHandler                          0x080002cf   Thumb Code     0  startup_at32f435_437.o(.text)
    XMC_IRQHandler                           0x080002cf   Thumb Code     0  startup_at32f435_437.o(.text)
    __user_initial_stackheap                 0x080002d1   Thumb Code     0  startup_at32f435_437.o(.text)
    __use_no_semihosting                     0x080002f5   Thumb Code     2  use_no_semi_2.o(.text)
    __aeabi_uldivmod                         0x080002f7   Thumb Code     0  lludivv7m.o(.text)
    _ll_udiv                                 0x080002f7   Thumb Code   238  lludivv7m.o(.text)
    __2printf                                0x080003e5   Thumb Code    20  noretval__2printf.o(.text)
    __printf                                 0x080003fd   Thumb Code   104  __printf.o(.text)
    _printf_int_dec                          0x08000465   Thumb Code   104  _printf_dec.o(.text)
    __use_two_region_memory                  0x080004dd   Thumb Code     2  heapauxi.o(.text)
    __rt_heap_escrow$2region                 0x080004df   Thumb Code     2  heapauxi.o(.text)
    __rt_heap_expand$2region                 0x080004e1   Thumb Code     2  heapauxi.o(.text)
    __I$use$semihosting                      0x080004e3   Thumb Code     0  use_no_semi.o(.text)
    __use_no_semihosting_swi                 0x080004e3   Thumb Code     2  use_no_semi.o(.text)
    _printf_int_common                       0x080004e5   Thumb Code   178  _printf_intcommon.o(.text)
    _printf_char_file                        0x08000599   Thumb Code    32  _printf_char_file.o(.text)
    _printf_char_common                      0x080005c7   Thumb Code    32  _printf_char_common.o(.text)
    ferror                                   0x080005ed   Thumb Code     8  ferror.o(.text)
    __user_setup_stackheap                   0x080005f5   Thumb Code    74  sys_stackheap_outer.o(.text)
    exit                                     0x0800063f   Thumb Code    18  exit.o(.text)
    __user_libspace                          0x08000651   Thumb Code     8  libspace.o(.text)
    __user_perproc_libspace                  0x08000651   Thumb Code     0  libspace.o(.text)
    __user_perthread_libspace                0x08000651   Thumb Code     0  libspace.o(.text)
    BusFault_Handler                         0x08000659   Thumb Code     4  at32f435_437_int.o(i.BusFault_Handler)
    DebugMon_Handler                         0x0800065d   Thumb Code     2  at32f435_437_int.o(i.DebugMon_Handler)
    HardFault_Handler                        0x0800065f   Thumb Code     4  at32f435_437_int.o(i.HardFault_Handler)
    MemManage_Handler                        0x08000663   Thumb Code     4  at32f435_437_int.o(i.MemManage_Handler)
    NMI_Handler                              0x08000667   Thumb Code     2  at32f435_437_int.o(i.NMI_Handler)
    PendSV_Handler                           0x08000669   Thumb Code     2  at32f435_437_int.o(i.PendSV_Handler)
    SVC_Handler                              0x0800066b   Thumb Code     2  at32f435_437_int.o(i.SVC_Handler)
    SysTick_Handler                          0x0800066d   Thumb Code     2  at32f435_437_int.o(i.SysTick_Handler)
    SystemInit                               0x08000671   Thumb Code   128  system_at32f435_437.o(i.SystemInit)
    UsageFault_Handler                       0x08000701   Thumb Code     4  at32f435_437_int.o(i.UsageFault_Handler)
    _sys_exit                                0x08000705   Thumb Code     4  at32f435_437_board.o(i._sys_exit)
    at32_board_init                          0x08000709   Thumb Code    48  at32f435_437_board.o(i.at32_board_init)
    at32_button_init                         0x08000739   Thumb Code    54  at32f435_437_board.o(i.at32_button_init)
    at32_led_init                            0x08000775   Thumb Code    68  at32f435_437_board.o(i.at32_led_init)
    at32_led_off                             0x080007c5   Thumb Code    32  at32f435_437_board.o(i.at32_led_off)
    crm_ahb_div_set                          0x080007ed   Thumb Code    14  at32f435_437_crm.o(i.crm_ahb_div_set)
    crm_apb1_div_set                         0x08000801   Thumb Code    14  at32f435_437_crm.o(i.crm_apb1_div_set)
    crm_apb2_div_set                         0x08000815   Thumb Code    14  at32f435_437_crm.o(i.crm_apb2_div_set)
    crm_auto_step_mode_enable                0x08000829   Thumb Code    34  at32f435_437_crm.o(i.crm_auto_step_mode_enable)
    crm_clock_source_enable                  0x08000851   Thumb Code    98  at32f435_437_crm.o(i.crm_clock_source_enable)
    crm_clocks_freq_get                      0x080008b9   Thumb Code   242  at32f435_437_crm.o(i.crm_clocks_freq_get)
    crm_flag_get                             0x080009c9   Thumb Code    44  at32f435_437_crm.o(i.crm_flag_get)
    crm_periph_clock_enable                  0x080009f9   Thumb Code    70  at32f435_437_crm.o(i.crm_periph_clock_enable)
    crm_pll_config                           0x08000a45   Thumb Code    68  at32f435_437_crm.o(i.crm_pll_config)
    crm_reset                                0x08000a8d   Thumb Code   106  at32f435_437_crm.o(i.crm_reset)
    crm_sysclk_switch                        0x08000b05   Thumb Code    14  at32f435_437_crm.o(i.crm_sysclk_switch)
    crm_sysclk_switch_status_get             0x08000b19   Thumb Code    10  at32f435_437_crm.o(i.crm_sysclk_switch_status_get)
    delay_init                               0x08000b29   Thumb Code    38  at32f435_437_board.o(i.delay_init)
    delay_ms                                 0x08000b61   Thumb Code   110  at32f435_437_board.o(i.delay_ms)
    delay_sec                                0x08000bd5   Thumb Code    34  at32f435_437_board.o(i.delay_sec)
    fputc                                    0x08000bf9   Thumb Code    32  at32f435_437_board.o(i.fputc)
    gpio_default_para_init                   0x08000c1d   Thumb Code    20  at32f435_437_gpio.o(i.gpio_default_para_init)
    gpio_init                                0x08000c31   Thumb Code   122  at32f435_437_gpio.o(i.gpio_init)
    gpio_pin_mux_config                      0x08000cab   Thumb Code    66  at32f435_437_gpio.o(i.gpio_pin_mux_config)
    main                                     0x08000ced   Thumb Code    50  main.o(i.main)
    system_clock_config                      0x08000d45   Thumb Code   146  at32f435_437_clock.o(i.system_clock_config)
    system_core_clock_update                 0x08000de5   Thumb Code   214  system_at32f435_437.o(i.system_core_clock_update)
    systick_clock_source_config              0x08000ed5   Thumb Code    40  at32f435_437_misc.o(i.systick_clock_source_config)
    uart_print_init                          0x08000efd   Thumb Code   104  at32f435_437_board.o(i.uart_print_init)
    usart_data_transmit                      0x08000f71   Thumb Code     8  at32f435_437_usart.o(i.usart_data_transmit)
    usart_enable                             0x08000f79   Thumb Code    10  at32f435_437_usart.o(i.usart_enable)
    usart_flag_get                           0x08000f83   Thumb Code    16  at32f435_437_usart.o(i.usart_flag_get)
    usart_init                               0x08000f95   Thumb Code   162  at32f435_437_usart.o(i.usart_init)
    usart_transmitter_enable                 0x08001041   Thumb Code    10  at32f435_437_usart.o(i.usart_transmitter_enable)
    _fp_init                                 0x0800104b   Thumb Code    10  fpinit.o(x$fpl$fpinit)
    __fplib_config_fpu_vfp                   0x08001053   Thumb Code     0  fpinit.o(x$fpl$fpinit)
    __fplib_config_pureend_doubles           0x08001053   Thumb Code     0  fpinit.o(x$fpl$fpinit)
    Region$$Table$$Base                      0x080010dc   Number         0  anon$$obj.o(Region$$Table)
    Region$$Table$$Limit                     0x080010fc   Number         0  anon$$obj.o(Region$$Table)
    time_cnt                                 0x20000000   Data           4  main.o(.data)
    led_gpio_port                            0x20000004   Data          12  at32f435_437_board.o(.data)
    led_gpio_pin                             0x20000010   Data           6  at32f435_437_board.o(.data)
    led_gpio_crm_clk                         0x20000018   Data          12  at32f435_437_board.o(.data)
    __stdout                                 0x2000002c   Data           4  at32f435_437_board.o(.data)
    system_core_clock                        0x20000034   Data           4  system_at32f435_437.o(.data)
    __libspace_start                         0x20000038   Data          96  libspace.o(.bss)
    __temporary_stack_top$libspace           0x20000098   Data           0  libspace.o(.bss)



==============================================================================

Memory Map of the image

  Image Entry point : 0x0800020d

  Load Region LR_IROM1 (Base: 0x08000000, Size: 0x00001134, Max: 0x00100000, ABSOLUTE)

    Execution Region ER_IROM1 (Exec base: 0x08000000, Load base: 0x08000000, Size: 0x000010fc, Max: 0x00100000, ABSOLUTE)

    Exec Addr    Load Addr    Size         Type   Attr      Idx    E Section Name        Object

    0x08000000   0x08000000   0x0000020c   Data   RO         4947    RESET               startup_at32f435_437.o
    0x0800020c   0x0800020c   0x00000008   Code   RO         4990  * !!!main             c_w.l(__main.o)
    0x08000214   0x08000214   0x00000034   Code   RO         5168    !!!scatter          c_w.l(__scatter.o)
    0x08000248   0x08000248   0x0000001a   Code   RO         5170    !!handler_copy      c_w.l(__scatter_copy.o)
    0x08000262   0x08000262   0x00000002   PAD
    0x08000264   0x08000264   0x0000001c   Code   RO         5172    !!handler_zi        c_w.l(__scatter_zi.o)
    0x08000280   0x08000280   0x00000000   Code   RO         4987    .ARM.Collect$$_printf_percent$$00000000  c_w.l(_printf_percent.o)
    0x08000280   0x08000280   0x00000006   Code   RO         4986    .ARM.Collect$$_printf_percent$$0000000A  c_w.l(_printf_u.o)
    0x08000286   0x08000286   0x00000004   Code   RO         5003    .ARM.Collect$$_printf_percent$$00000017  c_w.l(_printf_percent_end.o)
    0x0800028a   0x0800028a   0x00000002   Code   RO         5042    .ARM.Collect$$libinit$$00000000  c_w.l(libinit.o)
    0x0800028c   0x0800028c   0x00000004   Code   RO         5054    .ARM.Collect$$libinit$$00000001  c_w.l(libinit2.o)
    0x08000290   0x08000290   0x00000000   Code   RO         5057    .ARM.Collect$$libinit$$00000004  c_w.l(libinit2.o)
    0x08000290   0x08000290   0x00000000   Code   RO         5060    .ARM.Collect$$libinit$$0000000A  c_w.l(libinit2.o)
    0x08000290   0x08000290   0x00000000   Code   RO         5062    .ARM.Collect$$libinit$$0000000C  c_w.l(libinit2.o)
    0x08000290   0x08000290   0x00000000   Code   RO         5064    .ARM.Collect$$libinit$$0000000E  c_w.l(libinit2.o)
    0x08000290   0x08000290   0x00000000   Code   RO         5067    .ARM.Collect$$libinit$$00000011  c_w.l(libinit2.o)
    0x08000290   0x08000290   0x00000000   Code   RO         5069    .ARM.Collect$$libinit$$00000013  c_w.l(libinit2.o)
    0x08000290   0x08000290   0x00000000   Code   RO         5071    .ARM.Collect$$libinit$$00000015  c_w.l(libinit2.o)
    0x08000290   0x08000290   0x00000000   Code   RO         5073    .ARM.Collect$$libinit$$00000017  c_w.l(libinit2.o)
    0x08000290   0x08000290   0x00000000   Code   RO         5075    .ARM.Collect$$libinit$$00000019  c_w.l(libinit2.o)
    0x08000290   0x08000290   0x00000000   Code   RO         5077    .ARM.Collect$$libinit$$0000001B  c_w.l(libinit2.o)
    0x08000290   0x08000290   0x00000000   Code   RO         5079    .ARM.Collect$$libinit$$0000001D  c_w.l(libinit2.o)
    0x08000290   0x08000290   0x00000000   Code   RO         5081    .ARM.Collect$$libinit$$0000001F  c_w.l(libinit2.o)
    0x08000290   0x08000290   0x00000000   Code   RO         5083    .ARM.Collect$$libinit$$00000021  c_w.l(libinit2.o)
    0x08000290   0x08000290   0x00000000   Code   RO         5085    .ARM.Collect$$libinit$$00000023  c_w.l(libinit2.o)
    0x08000290   0x08000290   0x00000000   Code   RO         5087    .ARM.Collect$$libinit$$00000025  c_w.l(libinit2.o)
    0x08000290   0x08000290   0x00000000   Code   RO         5091    .ARM.Collect$$libinit$$0000002C  c_w.l(libinit2.o)
    0x08000290   0x08000290   0x00000000   Code   RO         5093    .ARM.Collect$$libinit$$0000002E  c_w.l(libinit2.o)
    0x08000290   0x08000290   0x00000000   Code   RO         5095    .ARM.Collect$$libinit$$00000030  c_w.l(libinit2.o)
    0x08000290   0x08000290   0x00000000   Code   RO         5097    .ARM.Collect$$libinit$$00000032  c_w.l(libinit2.o)
    0x08000290   0x08000290   0x00000002   Code   RO         5098    .ARM.Collect$$libinit$$00000033  c_w.l(libinit2.o)
    0x08000292   0x08000292   0x00000002   Code   RO         5122    .ARM.Collect$$libshutdown$$00000000  c_w.l(libshutdown.o)
    0x08000294   0x08000294   0x00000000   Code   RO         5148    .ARM.Collect$$libshutdown$$00000002  c_w.l(libshutdown2.o)
    0x08000294   0x08000294   0x00000000   Code   RO         5150    .ARM.Collect$$libshutdown$$00000004  c_w.l(libshutdown2.o)
    0x08000294   0x08000294   0x00000000   Code   RO         5152    .ARM.Collect$$libshutdown$$00000006  c_w.l(libshutdown2.o)
    0x08000294   0x08000294   0x00000000   Code   RO         5155    .ARM.Collect$$libshutdown$$00000009  c_w.l(libshutdown2.o)
    0x08000294   0x08000294   0x00000000   Code   RO         5158    .ARM.Collect$$libshutdown$$0000000C  c_w.l(libshutdown2.o)
    0x08000294   0x08000294   0x00000000   Code   RO         5160    .ARM.Collect$$libshutdown$$0000000E  c_w.l(libshutdown2.o)
    0x08000294   0x08000294   0x00000000   Code   RO         5163    .ARM.Collect$$libshutdown$$00000011  c_w.l(libshutdown2.o)
    0x08000294   0x08000294   0x00000002   Code   RO         5164    .ARM.Collect$$libshutdown$$00000012  c_w.l(libshutdown2.o)
    0x08000296   0x08000296   0x00000000   Code   RO         4994    .ARM.Collect$$rtentry$$00000000  c_w.l(__rtentry.o)
    0x08000296   0x08000296   0x00000000   Code   RO         5005    .ARM.Collect$$rtentry$$00000002  c_w.l(__rtentry2.o)
    0x08000296   0x08000296   0x00000006   Code   RO         5017    .ARM.Collect$$rtentry$$00000004  c_w.l(__rtentry4.o)
    0x0800029c   0x0800029c   0x00000000   Code   RO         5007    .ARM.Collect$$rtentry$$00000009  c_w.l(__rtentry2.o)
    0x0800029c   0x0800029c   0x00000004   Code   RO         5008    .ARM.Collect$$rtentry$$0000000A  c_w.l(__rtentry2.o)
    0x080002a0   0x080002a0   0x00000000   Code   RO         5010    .ARM.Collect$$rtentry$$0000000C  c_w.l(__rtentry2.o)
    0x080002a0   0x080002a0   0x00000008   Code   RO         5011    .ARM.Collect$$rtentry$$0000000D  c_w.l(__rtentry2.o)
    0x080002a8   0x080002a8   0x00000002   Code   RO         5046    .ARM.Collect$$rtexit$$00000000  c_w.l(rtexit.o)
    0x080002aa   0x080002aa   0x00000000   Code   RO         5100    .ARM.Collect$$rtexit$$00000002  c_w.l(rtexit2.o)
    0x080002aa   0x080002aa   0x00000004   Code   RO         5101    .ARM.Collect$$rtexit$$00000003  c_w.l(rtexit2.o)
    0x080002ae   0x080002ae   0x00000006   Code   RO         5102    .ARM.Collect$$rtexit$$00000004  c_w.l(rtexit2.o)
    0x080002b4   0x080002b4   0x00000040   Code   RO         4948    .text               startup_at32f435_437.o
    0x080002f4   0x080002f4   0x00000002   Code   RO         4954    .text               c_w.l(use_no_semi_2.o)
    0x080002f6   0x080002f6   0x000000ee   Code   RO         4956    .text               c_w.l(lludivv7m.o)
    0x080003e4   0x080003e4   0x00000018   Code   RO         4960    .text               c_w.l(noretval__2printf.o)
    0x080003fc   0x080003fc   0x00000068   Code   RO         4962    .text               c_w.l(__printf.o)
    0x08000464   0x08000464   0x00000078   Code   RO         4964    .text               c_w.l(_printf_dec.o)
    0x080004dc   0x080004dc   0x00000006   Code   RO         4988    .text               c_w.l(heapauxi.o)
    0x080004e2   0x080004e2   0x00000002   Code   RO         4992    .text               c_w.l(use_no_semi.o)
    0x080004e4   0x080004e4   0x000000b2   Code   RO         4999    .text               c_w.l(_printf_intcommon.o)
    0x08000596   0x08000596   0x00000002   PAD
    0x08000598   0x08000598   0x00000024   Code   RO         5001    .text               c_w.l(_printf_char_file.o)
    0x080005bc   0x080005bc   0x00000030   Code   RO         5021    .text               c_w.l(_printf_char_common.o)
    0x080005ec   0x080005ec   0x00000008   Code   RO         5023    .text               c_w.l(ferror.o)
    0x080005f4   0x080005f4   0x0000004a   Code   RO         5027    .text               c_w.l(sys_stackheap_outer.o)
    0x0800063e   0x0800063e   0x00000012   Code   RO         5031    .text               c_w.l(exit.o)
    0x08000650   0x08000650   0x00000008   Code   RO         5043    .text               c_w.l(libspace.o)
    0x08000658   0x08000658   0x00000004   Code   RO          185    i.BusFault_Handler  at32f435_437_int.o
    0x0800065c   0x0800065c   0x00000002   Code   RO          186    i.DebugMon_Handler  at32f435_437_int.o
    0x0800065e   0x0800065e   0x00000004   Code   RO          187    i.HardFault_Handler  at32f435_437_int.o
    0x08000662   0x08000662   0x00000004   Code   RO          188    i.MemManage_Handler  at32f435_437_int.o
    0x08000666   0x08000666   0x00000002   Code   RO          189    i.NMI_Handler       at32f435_437_int.o
    0x08000668   0x08000668   0x00000002   Code   RO          190    i.PendSV_Handler    at32f435_437_int.o
    0x0800066a   0x0800066a   0x00000002   Code   RO          191    i.SVC_Handler       at32f435_437_int.o
    0x0800066c   0x0800066c   0x00000002   Code   RO          192    i.SysTick_Handler   at32f435_437_int.o
    0x0800066e   0x0800066e   0x00000002   PAD
    0x08000670   0x08000670   0x00000090   Code   RO         4911    i.SystemInit        system_at32f435_437.o
    0x08000700   0x08000700   0x00000004   Code   RO          193    i.UsageFault_Handler  at32f435_437_int.o
    0x08000704   0x08000704   0x00000004   Code   RO          260    i._sys_exit         at32f435_437_board.o
    0x08000708   0x08000708   0x00000030   Code   RO          262    i.at32_board_init   at32f435_437_board.o
    0x08000738   0x08000738   0x0000003c   Code   RO          263    i.at32_button_init  at32f435_437_board.o
    0x08000774   0x08000774   0x00000050   Code   RO          266    i.at32_led_init     at32f435_437_board.o
    0x080007c4   0x080007c4   0x00000028   Code   RO          267    i.at32_led_off      at32f435_437_board.o
    0x080007ec   0x080007ec   0x00000014   Code   RO         4294    i.crm_ahb_div_set   at32f435_437_crm.o
    0x08000800   0x08000800   0x00000014   Code   RO         4295    i.crm_apb1_div_set  at32f435_437_crm.o
    0x08000814   0x08000814   0x00000014   Code   RO         4296    i.crm_apb2_div_set  at32f435_437_crm.o
    0x08000828   0x08000828   0x00000028   Code   RO         4297    i.crm_auto_step_mode_enable  at32f435_437_crm.o
    0x08000850   0x08000850   0x00000068   Code   RO         4304    i.crm_clock_source_enable  at32f435_437_crm.o
    0x080008b8   0x080008b8   0x00000110   Code   RO         4305    i.crm_clocks_freq_get  at32f435_437_crm.o
    0x080009c8   0x080009c8   0x00000030   Code   RO         4310    i.crm_flag_get      at32f435_437_crm.o
    0x080009f8   0x080009f8   0x0000004c   Code   RO         4319    i.crm_periph_clock_enable  at32f435_437_crm.o
    0x08000a44   0x08000a44   0x00000048   Code   RO         4322    i.crm_pll_config    at32f435_437_crm.o
    0x08000a8c   0x08000a8c   0x00000078   Code   RO         4324    i.crm_reset         at32f435_437_crm.o
    0x08000b04   0x08000b04   0x00000014   Code   RO         4325    i.crm_sysclk_switch  at32f435_437_crm.o
    0x08000b18   0x08000b18   0x00000010   Code   RO         4326    i.crm_sysclk_switch_status_get  at32f435_437_crm.o
    0x08000b28   0x08000b28   0x00000038   Code   RO          270    i.delay_init        at32f435_437_board.o
    0x08000b60   0x08000b60   0x00000074   Code   RO          271    i.delay_ms          at32f435_437_board.o
    0x08000bd4   0x08000bd4   0x00000022   Code   RO          272    i.delay_sec         at32f435_437_board.o
    0x08000bf6   0x08000bf6   0x00000002   PAD
    0x08000bf8   0x08000bf8   0x00000024   Code   RO          274    i.fputc             at32f435_437_board.o
    0x08000c1c   0x08000c1c   0x00000014   Code   RO         4526    i.gpio_default_para_init  at32f435_437_gpio.o
    0x08000c30   0x08000c30   0x0000007a   Code   RO         4527    i.gpio_init         at32f435_437_gpio.o
    0x08000caa   0x08000caa   0x00000042   Code   RO         4532    i.gpio_pin_mux_config  at32f435_437_gpio.o
    0x08000cec   0x08000cec   0x00000058   Code   RO            4    i.main              main.o
    0x08000d44   0x08000d44   0x000000a0   Code   RO          161    i.system_clock_config  at32f435_437_clock.o
    0x08000de4   0x08000de4   0x000000f0   Code   RO         4912    i.system_core_clock_update  system_at32f435_437.o
    0x08000ed4   0x08000ed4   0x00000028   Code   RO         4631    i.systick_clock_source_config  at32f435_437_misc.o
    0x08000efc   0x08000efc   0x00000074   Code   RO          275    i.uart_print_init   at32f435_437_board.o
    0x08000f70   0x08000f70   0x00000008   Code   RO         4694    i.usart_data_transmit  at32f435_437_usart.o
    0x08000f78   0x08000f78   0x0000000a   Code   RO         4698    i.usart_enable      at32f435_437_usart.o
    0x08000f82   0x08000f82   0x00000010   Code   RO         4700    i.usart_flag_get    at32f435_437_usart.o
    0x08000f92   0x08000f92   0x00000002   PAD
    0x08000f94   0x08000f94   0x000000ac   Code   RO         4703    i.usart_init        at32f435_437_usart.o
    0x08001040   0x08001040   0x0000000a   Code   RO         4720    i.usart_transmitter_enable  at32f435_437_usart.o
    0x0800104a   0x0800104a   0x0000000a   Code   RO         5112    x$fpl$fpinit        fz_wm.l(fpinit.o)
    0x08001054   0x08001054   0x00000026   Data   RO         4329    .constdata          at32f435_437_crm.o
    0x0800107a   0x0800107a   0x00000016   Data   RO         4913    .constdata          system_at32f435_437.o
    0x08001090   0x08001090   0x0000004c   Data   RO            5    .conststring        main.o
    0x080010dc   0x080010dc   0x00000020   Data   RO         5166    Region$$Table       anon$$obj.o


    Execution Region RW_IRAM1 (Exec base: 0x20000000, Load base: 0x080010fc, Size: 0x00000698, Max: 0x00060000, ABSOLUTE)

    Exec Addr    Load Addr    Size         Type   Attr      Idx    E Section Name        Object

    0x20000000   0x080010fc   0x00000004   Data   RW            6    .data               main.o
    0x20000004   0x08001100   0x0000002d   Data   RW          276    .data               at32f435_437_board.o
    0x20000031   0x0800112d   0x00000003   PAD
    0x20000034   0x08001130   0x00000004   Data   RW         4914    .data               system_at32f435_437.o
    0x20000038        -       0x00000060   Zero   RW         5044    .bss                c_w.l(libspace.o)
    0x20000098        -       0x00000200   Zero   RW         4946    HEAP                startup_at32f435_437.o
    0x20000298        -       0x00000400   Zero   RW         4945    STACK               startup_at32f435_437.o


==============================================================================

Image component sizes


      Code (inc. data)   RO Data    RW Data    ZI Data      Debug   Object Name

       590         66          0         45          0       8208   at32f435_437_board.o
       160         14          0          0          0        594   at32f435_437_clock.o
       828        106         38          0          0       7909   at32f435_437_crm.o
       208          0          0          0          0       2419   at32f435_437_gpio.o
        26          0          0          0          0       4246   at32f435_437_int.o
        40          0          0          0          0        582   at32f435_437_misc.o
       216         10          0          0          0       3658   at32f435_437_usart.o
        88         38         76          4          0      46426   main.o
        64         26        524          0       1536        916   startup_at32f435_437.o
       384         42         22          4          0       2236   system_at32f435_437.o

    ----------------------------------------------------------------------
      2610        302        692         56       1536      77194   Object Totals
         0          0         32          0          0          0   (incl. Generated)
         6          0          0          3          0          0   (incl. Padding)

    ----------------------------------------------------------------------

      Code (inc. data)   RO Data    RW Data    ZI Data      Debug   Library Member Name

         8          0          0          0          0         68   __main.o
       104          0          0          0          0         84   __printf.o
         0          0          0          0          0          0   __rtentry.o
        12          0          0          0          0          0   __rtentry2.o
         6          0          0          0          0          0   __rtentry4.o
        52          8          0          0          0          0   __scatter.o
        26          0          0          0          0          0   __scatter_copy.o
        28          0          0          0          0          0   __scatter_zi.o
        48          6          0          0          0         96   _printf_char_common.o
        36          4          0          0          0         80   _printf_char_file.o
       120         16          0          0          0         92   _printf_dec.o
       178          0          0          0          0         88   _printf_intcommon.o
         0          0          0          0          0          0   _printf_percent.o
         4          0          0          0          0          0   _printf_percent_end.o
         6          0          0          0          0          0   _printf_u.o
        18          0          0          0          0         80   exit.o
         8          0          0          0          0         68   ferror.o
         6          0          0          0          0        152   heapauxi.o
         2          0          0          0          0          0   libinit.o
         6          0          0          0          0          0   libinit2.o
         2          0          0          0          0          0   libshutdown.o
         2          0          0          0          0          0   libshutdown2.o
         8          4          0          0         96         68   libspace.o
       238          0          0          0          0        100   lludivv7m.o
        24          4          0          0          0         84   noretval__2printf.o
         2          0          0          0          0          0   rtexit.o
        10          0          0          0          0          0   rtexit2.o
        74          0          0          0          0         80   sys_stackheap_outer.o
         2          0          0          0          0         68   use_no_semi.o
         2          0          0          0          0         68   use_no_semi_2.o
        10          0          0          0          0        116   fpinit.o

    ----------------------------------------------------------------------
      1046         42          0          0         96       1392   Library Totals
         4          0          0          0          0          0   (incl. Padding)

    ----------------------------------------------------------------------

      Code (inc. data)   RO Data    RW Data    ZI Data      Debug   Library Name

      1032         42          0          0         96       1276   c_w.l
        10          0          0          0          0        116   fz_wm.l

    ----------------------------------------------------------------------
      1046         42          0          0         96       1392   Library Totals

    ----------------------------------------------------------------------

==============================================================================


      Code (inc. data)   RO Data    RW Data    ZI Data      Debug   

      3656        344        692         56       1632      74214   Grand Totals
      3656        344        692         56       1632      74214   ELF Image Totals
      3656        344        692         56          0          0   ROM Totals

==============================================================================

    Total RO  Size (Code + RO Data)                 4348 (   4.25kB)
    Total RW  Size (RW Data + ZI Data)              1688 (   1.65kB)
    Total ROM Size (Code + RO Data + RW Data)       4404 (   4.30kB)

==============================================================================

