Component: ARM Compiler 5.06 update 7 (build 960) Tool: armlink [4d3601]

==============================================================================

Section Cross References

    flashprg.o(i.EraseChip) refers to flashprg.o(i.custom_qspi_xip_enable) for custom_qspi_xip_enable
    flashprg.o(i.EraseChip) refers to flashprg.o(i.custom_qspi_write_enable) for custom_qspi_write_enable
    flashprg.o(i.EraseChip) refers to flashprg.o(i.custom_qspi_chip_erase) for custom_qspi_chip_erase
    flashprg.o(i.EraseChip) refers to flashprg.o(i.custom_qspi_busy_check) for custom_qspi_busy_check
    flashprg.o(i.EraseChip) refers to flashprg.o(i.custom_xip_enable_config) for custom_xip_enable_config
    flashprg.o(i.EraseSector) refers to flashprg.o(i.custom_qspi_xip_enable) for custom_qspi_xip_enable
    flashprg.o(i.EraseSector) refers to flashprg.o(i.custom_qspi_write_enable) for custom_qspi_write_enable
    flashprg.o(i.EraseSector) refers to flashprg.o(i.custom_qspi_sector_erase) for custom_qspi_sector_erase
    flashprg.o(i.EraseSector) refers to flashprg.o(i.custom_qspi_busy_check) for custom_qspi_busy_check
    flashprg.o(i.EraseSector) refers to flashprg.o(i.custom_xip_enable_config) for custom_xip_enable_config
    flashprg.o(i.Init) refers to flashprg.o(i.init_clk) for init_clk
    flashprg.o(i.Init) refers to flashprg.o(i.qspi_gpio_init) for qspi_gpio_init
    flashprg.o(i.Init) refers to flashprg.o(i.qspi_cmd_init) for qspi_cmd_init
    flashprg.o(i.Init) refers to flashprg.o(i.custom_xip_enable_config) for custom_xip_enable_config
    flashprg.o(i.ProgramPage) refers to flashprg.o(i.custom_qspi_xip_enable) for custom_qspi_xip_enable
    flashprg.o(i.ProgramPage) refers to flashprg.o(i.custom_qspi_write_enable) for custom_qspi_write_enable
    flashprg.o(i.ProgramPage) refers to flashprg.o(i.custom_qspi_busy_check) for custom_qspi_busy_check
    flashprg.o(i.ProgramPage) refers to flashprg.o(i.custom_xip_enable_config) for custom_xip_enable_config
    flashprg.o(i.UnInit) refers to flashprg.o(i.uninit_clk) for uninit_clk
    flashprg.o(i.UnInit) refers to flashprg.o(i.custom_xip_enable_config) for custom_xip_enable_config
    flashprg.o(i.custom_xip_enable_config) refers to flashprg.o(i.custom_qspi_xip_enable) for custom_qspi_xip_enable
    flashprg.o(i.qspi_cmd_init) refers to flashprg.o(i.custom_qspi_xip_enable) for custom_qspi_xip_enable
    flashprg.o(i.qspi_cmd_init) refers to flashprg.o(i.custom_qspi_rstqpi) for custom_qspi_rstqpi
    flashprg.o(i.qspi_cmd_init) refers to flashprg.o(i.custom_qspi_rsten) for custom_qspi_rsten
    flashprg.o(i.qspi_cmd_init) refers to flashprg.o(i.custom_qspi_rst) for custom_qspi_rst


==============================================================================

Image Symbol Table

    Local Symbols

    Symbol Name                              Value     Ov Type        Size  Object(Section)

    .rev16_text                              0x00000000   Section        4  flashprg.o(.rev16_text)
    $v0                                      0x00000000   Number         0  flashprg.o(.rev16_text)
    ..\\src\\FlashPrg.c                      0x00000000   Number         0  flashprg.o ABSOLUTE
    ..\src\FlashDev.c                        0x00000000   Number         0  flashdev.o ABSOLUTE
    ..\src\FlashPrg.c                        0x00000000   Number         0  flashprg.o ABSOLUTE
    .revsh_text                              0x00000004   Section        4  flashprg.o(.revsh_text)
    $v0                                      0x00000004   Number         0  flashprg.o(.revsh_text)
    .rrx_text                                0x00000008   Section        6  flashprg.o(.rrx_text)
    $v0                                      0x00000008   Number         0  flashprg.o(.rrx_text)
    i.EraseChip                              0x0000000e   Section        0  flashprg.o(i.EraseChip)
    i.EraseSector                            0x0000002a   Section        0  flashprg.o(i.EraseSector)
    i.Init                                   0x0000004c   Section        0  flashprg.o(i.Init)
    i.ProgramPage                            0x00000064   Section        0  flashprg.o(i.ProgramPage)
    i.UnInit                                 0x000000c4   Section        0  flashprg.o(i.UnInit)
    i.custom_qspi_busy_check                 0x000000d4   Section        0  flashprg.o(i.custom_qspi_busy_check)
    i.custom_qspi_chip_erase                 0x000000fc   Section        0  flashprg.o(i.custom_qspi_chip_erase)
    i.custom_qspi_rst                        0x00000124   Section        0  flashprg.o(i.custom_qspi_rst)
    i.custom_qspi_rsten                      0x0000014c   Section        0  flashprg.o(i.custom_qspi_rsten)
    i.custom_qspi_rstqpi                     0x00000174   Section        0  flashprg.o(i.custom_qspi_rstqpi)
    i.custom_qspi_sector_erase               0x0000019c   Section        0  flashprg.o(i.custom_qspi_sector_erase)
    i.custom_qspi_write_enable               0x000001c8   Section        0  flashprg.o(i.custom_qspi_write_enable)
    i.custom_qspi_xip_enable                 0x000001f0   Section        0  flashprg.o(i.custom_qspi_xip_enable)
    i.custom_xip_enable_config               0x00000240   Section        0  flashprg.o(i.custom_xip_enable_config)
    i.init_clk                               0x000002a8   Section        0  flashprg.o(i.init_clk)
    i.qspi_cmd_init                          0x000002e0   Section        0  flashprg.o(i.qspi_cmd_init)
    i.qspi_gpio_init                         0x00000328   Section        0  flashprg.o(i.qspi_gpio_init)
    i.uninit_clk                             0x0000038c   Section        0  flashprg.o(i.uninit_clk)
    .constdata                               0x000003b8   Section     4256  flashdev.o(.constdata)

    Global Symbols

    Symbol Name                              Value     Ov Type        Size  Object(Section)

    BuildAttributes$$THM_ISAv4$E$P$D$K$B$S$7EM$VFPi3$EXTD16$VFPS$VFMA$PE$A:L22UL41UL21$X:L11$S22US41US21$IEEE1$IW$RWPI$~STKCKD$USESV7$~SHL$OSPACE$ROPI$EBA8$STANDARDLIB$REQ8$PRES8$EABIv2 0x00000000   Number         0  anon$$obj.o ABSOLUTE
    __asm___10_FlashPrg_c_52eedaf1____REV16  0x00000001   Thumb Code     4  flashprg.o(.rev16_text)
    __asm___10_FlashPrg_c_52eedaf1____REVSH  0x00000005   Thumb Code     4  flashprg.o(.revsh_text)
    __asm___10_FlashPrg_c_52eedaf1____RRX    0x00000009   Thumb Code     6  flashprg.o(.rrx_text)
    EraseChip                                0x0000000f   Thumb Code    28  flashprg.o(i.EraseChip)
    EraseSector                              0x0000002b   Thumb Code    34  flashprg.o(i.EraseSector)
    Init                                     0x0000004d   Thumb Code    22  flashprg.o(i.Init)
    ProgramPage                              0x00000065   Thumb Code    84  flashprg.o(i.ProgramPage)
    UnInit                                   0x000000c5   Thumb Code    14  flashprg.o(i.UnInit)
    custom_qspi_busy_check                   0x000000d5   Thumb Code    32  flashprg.o(i.custom_qspi_busy_check)
    custom_qspi_chip_erase                   0x000000fd   Thumb Code    32  flashprg.o(i.custom_qspi_chip_erase)
    custom_qspi_rst                          0x00000125   Thumb Code    32  flashprg.o(i.custom_qspi_rst)
    custom_qspi_rsten                        0x0000014d   Thumb Code    32  flashprg.o(i.custom_qspi_rsten)
    custom_qspi_rstqpi                       0x00000175   Thumb Code    32  flashprg.o(i.custom_qspi_rstqpi)
    custom_qspi_sector_erase                 0x0000019d   Thumb Code    32  flashprg.o(i.custom_qspi_sector_erase)
    custom_qspi_write_enable                 0x000001c9   Thumb Code    32  flashprg.o(i.custom_qspi_write_enable)
    custom_qspi_xip_enable                   0x000001f1   Thumb Code    76  flashprg.o(i.custom_qspi_xip_enable)
    custom_xip_enable_config                 0x00000241   Thumb Code    94  flashprg.o(i.custom_xip_enable_config)
    init_clk                                 0x000002a9   Thumb Code    48  flashprg.o(i.init_clk)
    qspi_cmd_init                            0x000002e1   Thumb Code    66  flashprg.o(i.qspi_cmd_init)
    qspi_gpio_init                           0x00000329   Thumb Code    82  flashprg.o(i.qspi_gpio_init)
    uninit_clk                               0x0000038d   Thumb Code    32  flashprg.o(i.uninit_clk)
    FlashDevice                              0x000003b8   Data        4256  flashdev.o(.constdata)



==============================================================================

Memory Map of the image

  Image entry point : Not specified.

  Load Region PRG (Base: 0x00000000, Size: 0x000003b8, Max: 0xffffffff, PI)

    Execution Region PrgCode (Exec base: 0x00000000, Load base: 0x00000000, Size: 0x000003b4, Max: 0xffffffff, PI)

    Exec Addr    Load Addr    Size         Type   Attr      Idx    E Section Name        Object

    0x00000000   0x00000000   0x00000004   Code   RO            1    .rev16_text         flashprg.o
    0x00000004   0x00000004   0x00000004   Code   RO            2    .revsh_text         flashprg.o
    0x00000008   0x00000008   0x00000006   Code   RO            3    .rrx_text           flashprg.o
    0x0000000e   0x0000000e   0x0000001c   Code   RO            4    i.EraseChip         flashprg.o
    0x0000002a   0x0000002a   0x00000022   Code   RO            5    i.EraseSector       flashprg.o
    0x0000004c   0x0000004c   0x00000016   Code   RO            6    i.Init              flashprg.o
    0x00000062   0x00000062   0x00000002   PAD
    0x00000064   0x00000064   0x00000060   Code   RO            7    i.ProgramPage       flashprg.o
    0x000000c4   0x000000c4   0x0000000e   Code   RO            8    i.UnInit            flashprg.o
    0x000000d2   0x000000d2   0x00000002   PAD
    0x000000d4   0x000000d4   0x00000028   Code   RO            9    i.custom_qspi_busy_check  flashprg.o
    0x000000fc   0x000000fc   0x00000028   Code   RO           10    i.custom_qspi_chip_erase  flashprg.o
    0x00000124   0x00000124   0x00000028   Code   RO           11    i.custom_qspi_rst   flashprg.o
    0x0000014c   0x0000014c   0x00000028   Code   RO           12    i.custom_qspi_rsten  flashprg.o
    0x00000174   0x00000174   0x00000028   Code   RO           13    i.custom_qspi_rstqpi  flashprg.o
    0x0000019c   0x0000019c   0x0000002c   Code   RO           14    i.custom_qspi_sector_erase  flashprg.o
    0x000001c8   0x000001c8   0x00000028   Code   RO           15    i.custom_qspi_write_enable  flashprg.o
    0x000001f0   0x000001f0   0x00000050   Code   RO           16    i.custom_qspi_xip_enable  flashprg.o
    0x00000240   0x00000240   0x00000068   Code   RO           17    i.custom_xip_enable_config  flashprg.o
    0x000002a8   0x000002a8   0x00000038   Code   RO           18    i.init_clk          flashprg.o
    0x000002e0   0x000002e0   0x00000048   Code   RO           19    i.qspi_cmd_init     flashprg.o
    0x00000328   0x00000328   0x00000064   Code   RO           20    i.qspi_gpio_init    flashprg.o
    0x0000038c   0x0000038c   0x00000028   Code   RO           21    i.uninit_clk        flashprg.o


    Execution Region PrgData (Exec base: 0x000003b4, Load base: 0x000003b4, Size: 0x00000004, Max: 0xffffffff, PI)

    Exec Addr    Load Addr    Size         Type   Attr      Idx    E Section Name        Object

    0x000003b4   0x000003b4   0x00000004   Data   RW          258    PDT$$ptr            anon$$obj.o



  Load Region DSCR (Base: 0x000003b8, Size: 0x000010a0, Max: 0xffffffff, PI)

    Execution Region DevDscr (Exec base: 0x000003b8, Load base: 0x000003b8, Size: 0x000010a0, Max: 0xffffffff, PI)

    Exec Addr    Load Addr    Size         Type   Attr      Idx    E Section Name        Object

    0x000003b8   0x000003b8   0x000010a0   Data   RO          249    .constdata          flashdev.o


==============================================================================

Image component sizes


      Code (inc. data)   RO Data    RW Data    ZI Data      Debug   Object Name

         0          0       4256          0          0        626   flashdev.o
       944        126          0          0          0      34512   flashprg.o

    ----------------------------------------------------------------------
       948        126       4256          4          0      35138   Object Totals
         0          0          0          4          0          0   (incl. Generated)
         4          0          0          0          0          0   (incl. Padding)

    ----------------------------------------------------------------------
         0          0          0          0          0          0   Library Totals
         0          0          0          0          0          0   (incl. Padding)

    ----------------------------------------------------------------------

==============================================================================


      Code (inc. data)   RO Data    RW Data    ZI Data      Debug   

       948        126       4256          4          0      33446   Grand Totals
       948        126       4256          4          0      33446   ELF Image Totals
       948        126       4256          4          0          0   ROM Totals

==============================================================================

    Total RO  Size (Code + RO Data)                 5204 (   5.08kB)
    Total RW  Size (RW Data + ZI Data)                 4 (   0.00kB)
    Total ROM Size (Code + RO Data + RW Data)       5208 (   5.09kB)

==============================================================================

