<html>
<body>
<pre>
<h1>µVision Build Log</h1>
<h2>Tool Versions:</h2>
IDE-Version: ¦ÌVision V5.38.0.0
Copyright (C) 2022 ARM Ltd and ARM Germany GmbH. All rights reserved.
License Information: tian tian, tian, LIC=EXJT4-F9THW-564Q2-90M8K-EMB3R-369X3
 
Tool Versions:
Toolchain:       MDK-ARM Plus  Version: 5.37.0.0
Toolchain Path:  D:\A_Sofoware\Stu_Soft\Keil\ARM\ARM_COM5\Bin
C Compiler:      Armcc.exe V5.06 update 7 (build 960)
Assembler:       Armasm.exe V5.06 update 7 (build 960)
Linker/Locator:  ArmLink.exe V5.06 update 7 (build 960)
Library Manager: ArmAr.exe V5.06 update 7 (build 960)
Hex Converter:   FromElf.exe V5.06 update 7 (build 960)
CPU DLL:         SARMCM3.DLL V5.37.0.0
Dialog DLL:      DCM.DLL V1.17.5.0
Target DLL:      CMSIS_AGDI.dll V1.33.12.0
Dialog DLL:      TCM.DLL V1.56.1.0
 
<h2>Project:</h2>
D:\C_Github\AT32F435_Demo\HEXT\freertos_Demo\AT32F435_freertos_lvgl_hspi_dma_xxx\project\Project.uvprojx
Project File Date:  04/14/2023

<h2>Output:</h2>
*** Using Compiler 'V5.06 update 7 (build 960)', folder: 'D:\A_Sofoware\Stu_Soft\Keil\ARM\ARM_COM5\Bin'
Build target 'Project'
compiling lv_port_disp_template.c...
linking...
Program Size: Code=136866 RO-data=101946 RW-data=2436 ZI-data=105708  
FromELF: creating hex file...
".\objects\AT32_Demo.axf" - 0 Error(s), 0 Warning(s).

<h2>Software Packages used:</h2>

Package Vendor: ARM
                http://www.keil.com/pack/ARM.CMSIS-FreeRTOS.10.4.3.pack
                ARM.CMSIS-FreeRTOS.10.4.3
                Bundle of FreeRTOS for Cortex-M and Cortex-A
   * Component: Config Variant: CMSIS RTOS2 Version: 10.4.3
   * Component: Core Variant: Cortex-M Version: 10.4.3
   * Component: Coroutines Version: 10.4.3
   * Component: Event Groups Version: 10.4.3
   * Component: Heap Variant: Heap_4 Version: 10.4.3
   * Component: Message Buffer Version: 10.4.3
   * Component: Stream Buffer Version: 10.4.3
   * Component: Timers Version: 10.4.3

Package Vendor: ArteryTek
                
                ArteryTek.AT32F435_437_DFP.2.1.3
                ArteryTek AT32F4 Series Device Support,Drivers

<h2>Collection of Component include folders:</h2>
  ./RTE/RTOS
  ./RTE/_Project
  D:/A_Sofoware/Stu_Soft/Keil/pack/ARM/CMSIS-FreeRTOS/10.4.3/CMSIS/RTOS2/FreeRTOS/Include
  D:/A_Sofoware/Stu_Soft/Keil/pack/ARM/CMSIS-FreeRTOS/10.4.3/Source/include
  D:/A_Sofoware/Stu_Soft/Keil/pack/ARM/CMSIS-FreeRTOS/10.4.3/Source/portable/RVDS/ARM_CM4F
  D:/A_Sofoware/Stu_Soft/Keil/pack/ArteryTek/AT32F435_437_DFP/2.1.3/Device/Include

<h2>Collection of Component Files used:</h2>

   * Component: ARM.FreeRTOS::RTOS:Config:CMSIS RTOS2:10.4.3
      Include file:  CMSIS/RTOS2/FreeRTOS/Config/ARMCM/FreeRTOSConfig.h

   * Component: ARM.FreeRTOS::RTOS:Core:Cortex-M:10.4.3
      Source file:   Source/tasks.c
      Include file:  Source/include/FreeRTOS.h
      Source file:   Source/portable/RVDS/ARM_CM4F/port.c
      Include file:  Source/include/task.h
      Source file:   Source/list.c
      Include file:  Source/include/queue.h
      Include file:  Source/include/semphr.h
      Source file:   Source/queue.c
      Source file:   CMSIS/RTOS2/FreeRTOS/Source/freertos_evr.c

   * Component: ARM.FreeRTOS::RTOS:Coroutines:10.4.3
      Source file:   Source/croutine.c
      Include file:  Source/include/croutine.h

   * Component: ARM.FreeRTOS::RTOS:Event Groups:10.4.3
      Source file:   Source/event_groups.c
      Include file:  Source/include/event_groups.h

   * Component: ARM.FreeRTOS::RTOS:Heap:Heap_4:10.4.3
      Source file:   Source/portable/MemMang/heap_4.c

   * Component: ARM.FreeRTOS::RTOS:Message Buffer:10.4.3
      Source file:   Source/stream_buffer.c
      Include file:  Source/include/message_buffer.h

   * Component: ARM.FreeRTOS::RTOS:Stream Buffer:10.4.3
      Include file:  Source/include/stream_buffer.h
      Source file:   Source/stream_buffer.c

   * Component: ARM.FreeRTOS::RTOS:Timers:10.4.3
      Include file:  Source/include/timers.h
      Source file:   Source/timers.c
Build Time Elapsed:  00:00:06
</pre>
</body>
</html>
