<html>
<body>
<pre>
<h1>µVision Build Log</h1>
<h2>Tool Versions:</h2>
IDE-Version: ¦ÌVision V5.38.0.0
Copyright (C) 2022 ARM Ltd and ARM Germany GmbH. All rights reserved.
License Information: tian tian, tian, LIC=EXJT4-F9THW-564Q2-90M8K-EMB3R-369X3
 
Tool Versions:
Toolchain:       MDK-ARM Plus  Version: 5.37.0.0
Toolchain Path:  D:\A_Sofoware\Stu_Soft\Keil\ARM\ARM_COM5\Bin
C Compiler:      Armcc.exe V5.06 update 7 (build 960)
Assembler:       Armasm.exe V5.06 update 7 (build 960)
Linker/Locator:  ArmLink.exe V5.06 update 7 (build 960)
Library Manager: ArmAr.exe V5.06 update 7 (build 960)
Hex Converter:   FromElf.exe V5.06 update 7 (build 960)
CPU DLL:         SARMCM3.DLL V5.37.0.0
Dialog DLL:      DCM.DLL V1.17.5.0
Target DLL:      UL2CM3.DLL V1.164.7.0
Dialog DLL:      TCM.DLL V1.56.1.0
 
<h2>Project:</h2>
D:\C_Github\AT32F435_Demo\AT32F435_Base_Demo\project\Project.uvprojx
Project File Date:  03/30/2023

<h2>Output:</h2>
*** Using Compiler 'V5.06 update 7 (build 960)', folder: 'D:\A_Sofoware\Stu_Soft\Keil\ARM\ARM_COM5\Bin'
Build target 'Project'
compiling at32f435_437_acc.c...
compiling at32f435_437_adc.c...
compiling at32f435_437_crc.c...
compiling main.c...
compiling at32f435_437_clock.c...
compiling at32f435_437_int.c...
compiling at32f435_437_board.c...
compiling at32f435_437_can.c...
compiling at32f435_437_dac.c...
compiling at32f435_437_dma.c...
compiling at32f435_437_debug.c...
compiling at32f435_437_exint.c...
compiling at32f435_437_dvp.c...
compiling at32f435_437_emac.c...
compiling at32f435_437_edma.c...
compiling at32f435_437_ertc.c...
compiling at32f435_437_sdio.c...
compiling at32f435_437_i2c.c...
compiling at32f435_437_flash.c...
compiling at32f435_437_pwc.c...
compiling at32f435_437_spi.c...
compiling at32f435_437_scfg.c...
compiling at32f435_437_qspi.c...
compiling at32f435_437_tmr.c...
compiling at32f435_437_wdt.c...
compiling at32f435_437_wwdt.c...
compiling at32f435_437_misc.c...
compiling at32f435_437_gpio.c...
compiling at32f435_437_usb.c...
compiling at32f435_437_crm.c...
compiling at32f435_437_xmc.c...
compiling at32f435_437_usart.c...
compiling system_at32f435_437.c...
linking...
Program Size: Code=3656 RO-data=692 RW-data=56 ZI-data=1632  
FromELF: creating hex file...
".\objects\AT32_Demo.axf" - 0 Error(s), 0 Warning(s).

<h2>Software Packages used:</h2>

Package Vendor: ArteryTek
                
                ArteryTek.AT32F435_437_DFP.2.1.3
                ArteryTek AT32F4 Series Device Support,Drivers

<h2>Collection of Component include folders:</h2>
  D:/A_Sofoware/Stu_Soft/Keil/pack/ArteryTek/AT32F435_437_DFP/2.1.3/Device/Include

<h2>Collection of Component Files used:</h2>
Build Time Elapsed:  00:00:06
</pre>
</body>
</html>
