Component: ARM Compiler 5.06 update 7 (build 960) Tool: armlink [4d3601]

==============================================================================

Section Cross References

    main.o(i.App_main) refers to _printf_percent.o(.ARM.Collect$$_printf_percent$$00000000) for _printf_percent
    main.o(i.App_main) refers to _printf_d.o(.ARM.Collect$$_printf_percent$$00000009) for _printf_d
    main.o(i.App_main) refers to _printf_dec.o(.text) for _printf_int_dec
    main.o(i.App_main) refers to _printf_s.o(.ARM.Collect$$_printf_percent$$00000014) for _printf_s
    main.o(i.App_main) refers to _printf_str.o(.text) for _printf_str
    main.o(i.App_main) refers to at32f435_437_crm.o(i.crm_clocks_freq_get) for crm_clocks_freq_get
    main.o(i.App_main) refers to noretval__2printf.o(.text) for __2printf
    main.o(i.App_main) refers to ff.o(i.f_mount) for f_mount
    main.o(i.App_main) refers to ff.o(i.f_mkfs) for f_mkfs
    main.o(i.App_main) refers to ff.o(i.f_open) for f_open
    main.o(i.App_main) refers to strlen.o(.text) for strlen
    main.o(i.App_main) refers to ff.o(i.f_read) for f_read
    main.o(i.App_main) refers to ff.o(i.f_close) for f_close
    main.o(i.App_main) refers to tasks.o(i.vTaskDelay) for vTaskDelay
    main.o(i.App_main) refers to main.o(.bss) for fs
    main.o(i.App_main) refers to main.o(.data) for write_text
    main.o(i.main) refers to at32f435_437_misc.o(i.nvic_priority_group_config) for nvic_priority_group_config
    main.o(i.main) refers to at32f435_437_clock.o(i.system_clock_config) for system_clock_config
    main.o(i.main) refers to at32f435_437_board.o(i.uart_print_init) for uart_print_init
    main.o(i.main) refers to noretval__2printf.o(.text) for __2printf
    main.o(i.main) refers to drv_usbd.o(i.usb_drv_config) for usb_drv_config
    main.o(i.main) refers to port.o(i.vPortEnterCritical) for vPortEnterCritical
    main.o(i.main) refers to tasks.o(i.xTaskCreate) for xTaskCreate
    main.o(i.main) refers to port.o(i.vPortExitCritical) for vPortExitCritical
    main.o(i.main) refers to tasks.o(i.vTaskStartScheduler) for vTaskStartScheduler
    main.o(i.main) refers to main.o(.data) for App_main_Handler
    main.o(i.main) refers to main.o(i.App_main) for App_main
    main.o(.data) refers to main.o(.conststring) for .conststring
    at32f435_437_clock.o(i.system_clock_config) refers to at32f435_437_crm.o(i.crm_reset) for crm_reset
    at32f435_437_clock.o(i.system_clock_config) refers to at32f435_437_crm.o(i.crm_periph_clock_enable) for crm_periph_clock_enable
    at32f435_437_clock.o(i.system_clock_config) refers to at32f435_437_crm.o(i.crm_clock_source_enable) for crm_clock_source_enable
    at32f435_437_clock.o(i.system_clock_config) refers to at32f435_437_crm.o(i.crm_hext_stable_wait) for crm_hext_stable_wait
    at32f435_437_clock.o(i.system_clock_config) refers to at32f435_437_crm.o(i.crm_pll_config) for crm_pll_config
    at32f435_437_clock.o(i.system_clock_config) refers to at32f435_437_crm.o(i.crm_flag_get) for crm_flag_get
    at32f435_437_clock.o(i.system_clock_config) refers to at32f435_437_crm.o(i.crm_ahb_div_set) for crm_ahb_div_set
    at32f435_437_clock.o(i.system_clock_config) refers to at32f435_437_crm.o(i.crm_apb2_div_set) for crm_apb2_div_set
    at32f435_437_clock.o(i.system_clock_config) refers to at32f435_437_crm.o(i.crm_apb1_div_set) for crm_apb1_div_set
    at32f435_437_clock.o(i.system_clock_config) refers to at32f435_437_crm.o(i.crm_auto_step_mode_enable) for crm_auto_step_mode_enable
    at32f435_437_clock.o(i.system_clock_config) refers to at32f435_437_crm.o(i.crm_sysclk_switch) for crm_sysclk_switch
    at32f435_437_clock.o(i.system_clock_config) refers to at32f435_437_crm.o(i.crm_sysclk_switch_status_get) for crm_sysclk_switch_status_get
    at32f435_437_clock.o(i.system_clock_config) refers to system_at32f435_437.o(i.system_core_clock_update) for system_core_clock_update
    at32f435_437_board.o(.rev16_text) refers (Special) to use_no_semi_2.o(.text) for __use_no_semihosting
    at32f435_437_board.o(.revsh_text) refers (Special) to use_no_semi_2.o(.text) for __use_no_semihosting
    at32f435_437_board.o(.rrx_text) refers (Special) to use_no_semi_2.o(.text) for __use_no_semihosting
    at32f435_437_board.o(i._sys_exit) refers (Special) to use_no_semi_2.o(.text) for __use_no_semihosting
    at32f435_437_board.o(i._ttywrch) refers (Special) to use_no_semi_2.o(.text) for __use_no_semihosting
    at32f435_437_board.o(i.at32_board_init) refers (Special) to use_no_semi_2.o(.text) for __use_no_semihosting
    at32f435_437_board.o(i.at32_board_init) refers to at32f435_437_board.o(i.delay_init) for delay_init
    at32f435_437_board.o(i.at32_board_init) refers to at32f435_437_board.o(i.at32_led_init) for at32_led_init
    at32f435_437_board.o(i.at32_board_init) refers to at32f435_437_board.o(i.at32_led_off) for at32_led_off
    at32f435_437_board.o(i.at32_board_init) refers to at32f435_437_board.o(i.at32_button_init) for at32_button_init
[...]
    DVP_IRQHandler                           0x080003db   Thumb Code     0  startup_at32f435_437.o(.text)
    EDMA_Stream1_IRQHandler                  0x080003db   Thumb Code     0  startup_at32f435_437.o(.text)
    EDMA_Stream2_IRQHandler                  0x080003db   Thumb Code     0  startup_at32f435_437.o(.text)
    EDMA_Stream3_IRQHandler                  0x080003db   Thumb Code     0  startup_at32f435_437.o(.text)
    EDMA_Stream4_IRQHandler                  0x080003db   Thumb Code     0  startup_at32f435_437.o(.text)
    EDMA_Stream5_IRQHandler                  0x080003db   Thumb Code     0  startup_at32f435_437.o(.text)
    EDMA_Stream6_IRQHandler                  0x080003db   Thumb Code     0  startup_at32f435_437.o(.text)
    EDMA_Stream7_IRQHandler                  0x080003db   Thumb Code     0  startup_at32f435_437.o(.text)
    EDMA_Stream8_IRQHandler                  0x080003db   Thumb Code     0  startup_at32f435_437.o(.text)
    EMAC_IRQHandler                          0x080003db   Thumb Code     0  startup_at32f435_437.o(.text)
    EMAC_WKUP_IRQHandler                     0x080003db   Thumb Code     0  startup_at32f435_437.o(.text)
    ERTCAlarm_IRQHandler                     0x080003db   Thumb Code     0  startup_at32f435_437.o(.text)
    ERTC_WKUP_IRQHandler                     0x080003db   Thumb Code     0  startup_at32f435_437.o(.text)
    EXINT0_IRQHandler                        0x080003db   Thumb Code     0  startup_at32f435_437.o(.text)
    EXINT15_10_IRQHandler                    0x080003db   Thumb Code     0  startup_at32f435_437.o(.text)
    EXINT1_IRQHandler                        0x080003db   Thumb Code     0  startup_at32f435_437.o(.text)
    EXINT2_IRQHandler                        0x080003db   Thumb Code     0  startup_at32f435_437.o(.text)
    EXINT3_IRQHandler                        0x080003db   Thumb Code     0  startup_at32f435_437.o(.text)
    EXINT4_IRQHandler                        0x080003db   Thumb Code     0  startup_at32f435_437.o(.text)
    EXINT9_5_IRQHandler                      0x080003db   Thumb Code     0  startup_at32f435_437.o(.text)
    FLASH_IRQHandler                         0x080003db   Thumb Code     0  startup_at32f435_437.o(.text)
    FPU_IRQHandler                           0x080003db   Thumb Code     0  startup_at32f435_437.o(.text)
    I2C1_ERR_IRQHandler                      0x080003db   Thumb Code     0  startup_at32f435_437.o(.text)
    I2C1_EVT_IRQHandler                      0x080003db   Thumb Code     0  startup_at32f435_437.o(.text)
    I2C2_ERR_IRQHandler                      0x080003db   Thumb Code     0  startup_at32f435_437.o(.text)
    I2C2_EVT_IRQHandler                      0x080003db   Thumb Code     0  startup_at32f435_437.o(.text)
    I2C3_ERR_IRQHandler                      0x080003db   Thumb Code     0  startup_at32f435_437.o(.text)
    I2C3_EVT_IRQHandler                      0x080003db   Thumb Code     0  startup_at32f435_437.o(.text)
    OTGFS1_IRQHandler                        0x080003db   Thumb Code     0  startup_at32f435_437.o(.text)
    OTGFS1_WKUP_IRQHandler                   0x080003db   Thumb Code     0  startup_at32f435_437.o(.text)
    OTGFS2_WKUP_IRQHandler                   0x080003db   Thumb Code     0  startup_at32f435_437.o(.text)
    PVM_IRQHandler                           0x080003db   Thumb Code     0  startup_at32f435_437.o(.text)
    QSPI1_IRQHandler                         0x080003db   Thumb Code     0  startup_at32f435_437.o(.text)
    QSPI2_IRQHandler                         0x080003db   Thumb Code     0  startup_at32f435_437.o(.text)
    SDIO1_IRQHandler                         0x080003db   Thumb Code     0  startup_at32f435_437.o(.text)
    SDIO2_IRQHandler                         0x080003db   Thumb Code     0  startup_at32f435_437.o(.text)
    SPI1_IRQHandler                          0x080003db   Thumb Code     0  startup_at32f435_437.o(.text)
    SPI2_I2S2EXT_IRQHandler                  0x080003db   Thumb Code     0  startup_at32f435_437.o(.text)
    SPI3_I2S3EXT_IRQHandler                  0x080003db   Thumb Code     0  startup_at32f435_437.o(.text)
    SPI4_IRQHandler                          0x080003db   Thumb Code     0  startup_at32f435_437.o(.text)
    TAMP_STAMP_IRQHandler                    0x080003db   Thumb Code     0  startup_at32f435_437.o(.text)
    TMR1_BRK_TMR9_IRQHandler                 0x080003db   Thumb Code     0  startup_at32f435_437.o(.text)
    TMR1_CH_IRQHandler                       0x080003db   Thumb Code     0  startup_at32f435_437.o(.text)
    TMR1_OVF_TMR10_IRQHandler                0x080003db   Thumb Code     0  startup_at32f435_437.o(.text)
    TMR1_TRG_HALL_TMR11_IRQHandler           0x080003db   Thumb Code     0  startup_at32f435_437.o(.text)
    TMR20_BRK_IRQHandler                     0x080003db   Thumb Code     0  startup_at32f435_437.o(.text)
    TMR20_CH_IRQHandler                      0x080003db   Thumb Code     0  startup_at32f435_437.o(.text)
    TMR20_OVF_IRQHandler                     0x080003db   Thumb Code     0  startup_at32f435_437.o(.text)
    TMR20_TRG_HALL_IRQHandler                0x080003db   Thumb Code     0  startup_at32f435_437.o(.text)
    TMR2_GLOBAL_IRQHandler                   0x080003db   Thumb Code     0  startup_at32f435_437.o(.text)
    TMR3_GLOBAL_IRQHandler                   0x080003db   Thumb Code     0  startup_at32f435_437.o(.text)
    TMR4_GLOBAL_IRQHandler                   0x080003db   Thumb Code     0  startup_at32f435_437.o(.text)
    TMR5_GLOBAL_IRQHandler                   0x080003db   Thumb Code     0  startup_at32f435_437.o(.text)
    TMR6_DAC_GLOBAL_IRQHandler               0x080003db   Thumb Code     0  startup_at32f435_437.o(.text)
    TMR7_GLOBAL_IRQHandler                   0x080003db   Thumb Code     0  startup_at32f435_437.o(.text)
    TMR8_BRK_TMR12_IRQHandler                0x080003db   Thumb Code     0  startup_at32f435_437.o(.text)
    TMR8_CH_IRQHandler                       0x080003db   Thumb Code     0  startup_at32f435_437.o(.text)
    TMR8_OVF_TMR13_IRQHandler                0x080003db   Thumb Code     0  startup_at32f435_437.o(.text)
    TMR8_TRG_HALL_TMR14_IRQHandler           0x080003db   Thumb Code     0  startup_at32f435_437.o(.text)
    UART4_IRQHandler                         0x080003db   Thumb Code     0  startup_at32f435_437.o(.text)
    UART5_IRQHandler                         0x080003db   Thumb Code     0  startup_at32f435_437.o(.text)
    UART7_IRQHandler                         0x080003db   Thumb Code     0  startup_at32f435_437.o(.text)
    UART8_IRQHandler                         0x080003db   Thumb Code     0  startup_at32f435_437.o(.text)
    USART1_IRQHandler                        0x080003db   Thumb Code     0  startup_at32f435_437.o(.text)
    USART2_IRQHandler                        0x080003db   Thumb Code     0  startup_at32f435_437.o(.text)
    USART3_IRQHandler                        0x080003db   Thumb Code     0  startup_at32f435_437.o(.text)
    USART6_IRQHandler                        0x080003db   Thumb Code     0  startup_at32f435_437.o(.text)
    WWDT_IRQHandler                          0x080003db   Thumb Code     0  startup_at32f435_437.o(.text)
    XMC_IRQHandler                           0x080003db   Thumb Code     0  startup_at32f435_437.o(.text)
    __user_initial_stackheap                 0x080003dd   Thumb Code     0  startup_at32f435_437.o(.text)
    __use_no_semihosting                     0x08000401   Thumb Code     2  use_no_semi_2.o(.text)
    __aeabi_uldivmod                         0x08000403   Thumb Code     0  lludivv7m.o(.text)
    _ll_udiv                                 0x08000403   Thumb Code   238  lludivv7m.o(.text)
    __2printf                                0x080004f1   Thumb Code    20  noretval__2printf.o(.text)
    __printf                                 0x08000509   Thumb Code   104  __printf.o(.text)
    _printf_str                              0x08000571   Thumb Code    82  _printf_str.o(.text)
    _printf_int_dec                          0x080005c5   Thumb Code   104  _printf_dec.o(.text)
    _printf_int_hex                          0x0800063d   Thumb Code    84  _printf_hex_int.o(.text)
    _printf_longlong_hex                     0x0800063d   Thumb Code     0  _printf_hex_int.o(.text)
    strchr                                   0x08000695   Thumb Code    20  strchr.o(.text)
    memcmp                                   0x080006a9   Thumb Code    88  memcmp.o(.text)
    strlen                                   0x08000701   Thumb Code    62  strlen.o(.text)
    __aeabi_memcpy                           0x0800073f   Thumb Code     0  rt_memcpy_v6.o(.text)
    __rt_memcpy                              0x0800073f   Thumb Code   138  rt_memcpy_v6.o(.text)
    _memcpy_lastbytes                        0x080007a5   Thumb Code     0  rt_memcpy_v6.o(.text)
    __aeabi_memcpy4                          0x080007c9   Thumb Code     0  rt_memcpy_w.o(.text)
    __aeabi_memcpy8                          0x080007c9   Thumb Code     0  rt_memcpy_w.o(.text)
    __rt_memcpy_w                            0x080007c9   Thumb Code   100  rt_memcpy_w.o(.text)
    _memcpy_lastbytes_aligned                0x08000811   Thumb Code     0  rt_memcpy_w.o(.text)
    __aeabi_memset                           0x0800082d   Thumb Code    16  aeabi_memset.o(.text)
    __aeabi_memclr                           0x0800083d   Thumb Code     0  rt_memclr.o(.text)
    __rt_memclr                              0x0800083d   Thumb Code    68  rt_memclr.o(.text)
    _memset                                  0x08000841   Thumb Code     0  rt_memclr.o(.text)
    __aeabi_memclr4                          0x08000881   Thumb Code     0  rt_memclr_w.o(.text)
    __aeabi_memclr8                          0x08000881   Thumb Code     0  rt_memclr_w.o(.text)
    __rt_memclr_w                            0x08000881   Thumb Code    78  rt_memclr_w.o(.text)
    _memset_w                                0x08000885   Thumb Code     0  rt_memclr_w.o(.text)
    __use_two_region_memory                  0x080008cf   Thumb Code     2  heapauxi.o(.text)
    __rt_heap_escrow$2region                 0x080008d1   Thumb Code     2  heapauxi.o(.text)
    __rt_heap_expand$2region                 0x080008d3   Thumb Code     2  heapauxi.o(.text)
    __I$use$semihosting                      0x080008d5   Thumb Code     0  use_no_semi.o(.text)
    __use_no_semihosting_swi                 0x080008d5   Thumb Code     2  use_no_semi.o(.text)
    _printf_int_common                       0x080008d7   Thumb Code   178  _printf_intcommon.o(.text)
    _printf_char_common                      0x08000993   Thumb Code    32  _printf_char_common.o(.text)
    _printf_cs_common                        0x080009b9   Thumb Code    20  _printf_char.o(.text)
    _printf_char                             0x080009cd   Thumb Code    16  _printf_char.o(.text)
    _printf_string                           0x080009dd   Thumb Code     8  _printf_char.o(.text)
    _printf_char_file                        0x080009e5   Thumb Code    32  _printf_char_file.o(.text)
    ferror                                   0x08000a09   Thumb Code     8  ferror.o(.text)
    __user_setup_stackheap                   0x08000a11   Thumb Code    74  sys_stackheap_outer.o(.text)
    exit                                     0x08000a5b   Thumb Code    18  exit.o(.text)
    __user_libspace                          0x08000a6d   Thumb Code     8  libspace.o(.text)
    __user_perproc_libspace                  0x08000a6d   Thumb Code     0  libspace.o(.text)
    __user_perthread_libspace                0x08000a6d   Thumb Code     0  libspace.o(.text)
    App_main                                 0x08000a75   Thumb Code   272  main.o(i.App_main)
    BusFault_Handler                         0x08000d0d   Thumb Code     4  at32f435_437_int.o(i.BusFault_Handler)
    DebugMon_Handler                         0x08000d11   Thumb Code     2  at32f435_437_int.o(i.DebugMon_Handler)
    HardFault_Handler                        0x08000d13   Thumb Code     4  at32f435_437_int.o(i.HardFault_Handler)
    MemManage_Handler                        0x08000d17   Thumb Code     4  at32f435_437_int.o(i.MemManage_Handler)
    NMI_Handler                              0x08000d1b   Thumb Code     2  at32f435_437_int.o(i.NMI_Handler)
    OTGFS2_IRQHandler                        0x08000d1d   Thumb Code    10  drv_usbd.o(i.OTGFS2_IRQHandler)
    SysTick_Handler                          0x08000d2d   Thumb Code    46  port.o(i.SysTick_Handler)
    SystemInit                               0x08000d61   Thumb Code   128  system_at32f435_437.o(i.SystemInit)
    UsageFault_Handler                       0x08000df1   Thumb Code     4  at32f435_437_int.o(i.UsageFault_Handler)
    _sys_exit                                0x08000df5   Thumb Code     4  at32f435_437_board.o(i._sys_exit)
    acc_calibration_mode_enable              0x08000df9   Thumb Code    44  at32f435_437_acc.o(i.acc_calibration_mode_enable)
    acc_sof_select                           0x08000e29   Thumb Code    12  at32f435_437_acc.o(i.acc_sof_select)
    acc_write_c1                             0x08000e39   Thumb Code     6  at32f435_437_acc.o(i.acc_write_c1)
    acc_write_c2                             0x08000e45   Thumb Code     6  at32f435_437_acc.o(i.acc_write_c2)
    acc_write_c3                             0x08000e51   Thumb Code     6  at32f435_437_acc.o(i.acc_write_c3)
    bot_cbw_decode                           0x08000e5d   Thumb Code   176  msc_bot_scsi.o(i.bot_cbw_decode)
    bot_scsi_allow_medium_removal            0x08000f11   Thumb Code    18  msc_bot_scsi.o(i.bot_scsi_allow_medium_removal)
    bot_scsi_capacity                        0x08000f23   Thumb Code   150  msc_bot_scsi.o(i.bot_scsi_capacity)
    bot_scsi_check_address                   0x08000fb9   Thumb Code    56  msc_bot_scsi.o(i.bot_scsi_check_address)
    bot_scsi_clear_feature                   0x08000ff1   Thumb Code    60  msc_bot_scsi.o(i.bot_scsi_clear_feature)
    bot_scsi_cmd_process                     0x0800102d   Thumb Code   300  msc_bot_scsi.o(i.bot_scsi_cmd_process)
    bot_scsi_datain_handler                  0x08001159   Thumb Code    68  msc_bot_scsi.o(i.bot_scsi_datain_handler)
    bot_scsi_dataout_handler                 0x0800119d   Thumb Code    56  msc_bot_scsi.o(i.bot_scsi_dataout_handler)
    bot_scsi_format_capacity                 0x080011d5   Thumb Code   154  msc_bot_scsi.o(i.bot_scsi_format_capacity)
    bot_scsi_init                            0x08001271   Thumb Code    70  msc_bot_scsi.o(i.bot_scsi_init)
    bot_scsi_inquiry                         0x080012bd   Thumb Code    90  msc_bot_scsi.o(i.bot_scsi_inquiry)
    bot_scsi_mode_sense10                    0x0800131d   Thumb Code    42  msc_bot_scsi.o(i.bot_scsi_mode_sense10)
    bot_scsi_mode_sense6                     0x0800134d   Thumb Code    42  msc_bot_scsi.o(i.bot_scsi_mode_sense6)
    bot_scsi_read10                          0x0800137d   Thumb Code   274  msc_bot_scsi.o(i.bot_scsi_read10)
    bot_scsi_request_sense                   0x08001491   Thumb Code    60  msc_bot_scsi.o(i.bot_scsi_request_sense)
    bot_scsi_reset                           0x080014d1   Thumb Code    46  msc_bot_scsi.o(i.bot_scsi_reset)
    bot_scsi_send_csw                        0x08001501   Thumb Code    64  msc_bot_scsi.o(i.bot_scsi_send_csw)
    bot_scsi_send_data                       0x08001545   Thumb Code    80  msc_bot_scsi.o(i.bot_scsi_send_data)
    bot_scsi_sense_code                      0x08001595   Thumb Code     8  msc_bot_scsi.o(i.bot_scsi_sense_code)
    bot_scsi_stall                           0x080015a1   Thumb Code    68  msc_bot_scsi.o(i.bot_scsi_stall)
    bot_scsi_start_stop                      0x080015e5   Thumb Code    18  msc_bot_scsi.o(i.bot_scsi_start_stop)
    bot_scsi_test_unit                       0x080015f7   Thumb Code    48  msc_bot_scsi.o(i.bot_scsi_test_unit)
    bot_scsi_verify                          0x08001627   Thumb Code   112  msc_bot_scsi.o(i.bot_scsi_verify)
    bot_scsi_write10                         0x08001697   Thumb Code   326  msc_bot_scsi.o(i.bot_scsi_write10)
    crm_ahb_div_set                          0x08001e01   Thumb Code    14  at32f435_437_crm.o(i.crm_ahb_div_set)
    crm_apb1_div_set                         0x08001e15   Thumb Code    14  at32f435_437_crm.o(i.crm_apb1_div_set)
    crm_apb2_div_set                         0x08001e29   Thumb Code    14  at32f435_437_crm.o(i.crm_apb2_div_set)
    crm_auto_step_mode_enable                0x08001e3d   Thumb Code    34  at32f435_437_crm.o(i.crm_auto_step_mode_enable)
    crm_clock_source_enable                  0x08001e65   Thumb Code    98  at32f435_437_crm.o(i.crm_clock_source_enable)
    crm_clocks_freq_get                      0x08001ecd   Thumb Code   242  at32f435_437_crm.o(i.crm_clocks_freq_get)
    crm_flag_get                             0x08001fdd   Thumb Code    44  at32f435_437_crm.o(i.crm_flag_get)
    crm_hext_stable_wait                     0x0800200d   Thumb Code    46  at32f435_437_crm.o(i.crm_hext_stable_wait)
    crm_hick_divider_select                  0x0800203d   Thumb Code    14  at32f435_437_crm.o(i.crm_hick_divider_select)
    crm_hick_sclk_frequency_select           0x08002051   Thumb Code    24  at32f435_437_crm.o(i.crm_hick_sclk_frequency_select)
    crm_periph_clock_enable                  0x0800206d   Thumb Code    70  at32f435_437_crm.o(i.crm_periph_clock_enable)
    crm_pll_config                           0x080020b9   Thumb Code    68  at32f435_437_crm.o(i.crm_pll_config)
    crm_reset                                0x08002101   Thumb Code   106  at32f435_437_crm.o(i.crm_reset)
    crm_sysclk_switch                        0x08002179   Thumb Code    14  at32f435_437_crm.o(i.crm_sysclk_switch)
    crm_sysclk_switch_status_get             0x0800218d   Thumb Code    10  at32f435_437_crm.o(i.crm_sysclk_switch_status_get)
    crm_usb_clock_div_set                    0x0800219d   Thumb Code    14  at32f435_437_crm.o(i.crm_usb_clock_div_set)
    crm_usb_clock_source_select              0x080021b1   Thumb Code    26  at32f435_437_crm.o(i.crm_usb_clock_source_select)
    disk_initialize                          0x08002539   Thumb Code    32  diskio.o(i.disk_initialize)
    disk_ioctl                               0x08002575   Thumb Code    50  diskio.o(i.disk_ioctl)
    disk_read                                0x080025a7   Thumb Code    34  diskio.o(i.disk_read)
    disk_status                              0x080025c9   Thumb Code    12  diskio.o(i.disk_status)
    disk_write                               0x080025d5   Thumb Code    40  diskio.o(i.disk_write)
    f_close                                  0x080025fd   Thumb Code    34  ff.o(i.f_close)
    f_mkfs                                   0x08002621   Thumb Code  1726  ff.o(i.f_mkfs)
    f_mount                                  0x08002d15   Thumb Code    80  ff.o(i.f_mount)
    f_open                                   0x08002d69   Thumb Code   510  ff.o(i.f_open)
    f_read                                   0x08002f6d   Thumb Code   462  ff.o(i.f_read)
    f_sync                                   0x0800313d   Thumb Code   156  ff.o(i.f_sync)
    fputc                                    0x080032fd   Thumb Code    32  at32f435_437_board.o(i.fputc)
    get_inquiry                              0x0800354d   Thumb Code    22  msc_diskio.o(i.get_inquiry)
    gpio_default_para_init                   0x080035ed   Thumb Code    20  at32f435_437_gpio.o(i.gpio_default_para_init)
    gpio_init                                0x08003601   Thumb Code   122  at32f435_437_gpio.o(i.gpio_init)
    gpio_pin_mux_config                      0x0800367b   Thumb Code    66  at32f435_437_gpio.o(i.gpio_pin_mux_config)
    main                                     0x08003709   Thumb Code    66  main.o(i.main)
    msc_disk_capacity                        0x08003a9d   Thumb Code    50  msc_diskio.o(i.msc_disk_capacity)
    msc_disk_read                            0x08003ad9   Thumb Code    34  msc_diskio.o(i.msc_disk_read)
    msc_disk_write                           0x08003afb   Thumb Code    42  msc_diskio.o(i.msc_disk_write)
    nvic_irq_enable                          0x08003b25   Thumb Code   190  at32f435_437_misc.o(i.nvic_irq_enable)
    nvic_priority_group_config               0x08003bed   Thumb Code    32  at32f435_437_misc.o(i.nvic_priority_group_config)
    pvPortMalloc                             0x08004819   Thumb Code   338  heap_4.o(i.pvPortMalloc)
    pxPortInitialiseStack                    0x08004985   Thumb Code    38  port.o(i.pxPortInitialiseStack)
    qspi_busy_config                         0x080049b1   Thumb Code    10  at32f435_437_qspi.o(i.qspi_busy_config)
    qspi_byte_read                           0x080049bb   Thumb Code     8  at32f435_437_qspi.o(i.qspi_byte_read)
    qspi_byte_write                          0x080049c3   Thumb Code     6  at32f435_437_qspi.o(i.qspi_byte_write)
    qspi_clk_division_set                    0x080049c9   Thumb Code    10  at32f435_437_qspi.o(i.qspi_clk_division_set)
    qspi_cmd_operation_kick                  0x080049d3   Thumb Code    76  at32f435_437_qspi.o(i.qspi_cmd_operation_kick)
    qspi_flag_clear                          0x08004a1f   Thumb Code     6  at32f435_437_qspi.o(i.qspi_flag_clear)
    qspi_flag_get                            0x08004a25   Thumb Code    48  at32f435_437_qspi.o(i.qspi_flag_get)
    qspi_flash_busy_check                    0x08004a55   Thumb Code    40  drv_qspi.o(i.qspi_flash_busy_check)
    qspi_flash_cmd_erase_config              0x08004a85   Thumb Code    38  drv_qspi.o(i.qspi_flash_cmd_erase_config)
    qspi_flash_cmd_rdsr_config               0x08004aab   Thumb Code    38  drv_qspi.o(i.qspi_flash_cmd_rdsr_config)
    qspi_flash_cmd_read_config               0x08004ad1   Thumb Code    40  drv_qspi.o(i.qspi_flash_cmd_read_config)
    qspi_flash_cmd_wren_config               0x08004af9   Thumb Code    36  drv_qspi.o(i.qspi_flash_cmd_wren_config)
    qspi_flash_cmd_write_config              0x08004b1d   Thumb Code    42  drv_qspi.o(i.qspi_flash_cmd_write_config)
    qspi_flash_data_read                     0x08004b49   Thumb Code   114  drv_qspi.o(i.qspi_flash_data_read)
    qspi_flash_data_write                    0x08004bc5   Thumb Code   126  drv_qspi.o(i.qspi_flash_data_write)
    qspi_flash_erase                         0x08004c4d   Thumb Code    52  drv_qspi.o(i.qspi_flash_erase)
    qspi_flash_init                          0x08004c89   Thumb Code   264  drv_qspi.o(i.qspi_flash_init)
    qspi_flash_read_id                       0x08004da9   Thumb Code    82  drv_qspi.o(i.qspi_flash_read_id)
    qspi_flash_write_enable                  0x08004e05   Thumb Code    40  drv_qspi.o(i.qspi_flash_write_enable)
    qspi_sck_mode_set                        0x08004e35   Thumb Code    10  at32f435_437_qspi.o(i.qspi_sck_mode_set)
    qspi_xip_enable                          0x08004e3f   Thumb Code    88  at32f435_437_qspi.o(i.qspi_xip_enable)
    system_clock_config                      0x08005051   Thumb Code   144  at32f435_437_clock.o(i.system_clock_config)
    system_core_clock_update                 0x080050ed   Thumb Code   214  system_at32f435_437.o(i.system_core_clock_update)
    uart_print_init                          0x080051dd   Thumb Code   104  at32f435_437_board.o(i.uart_print_init)
    usart_data_transmit                      0x08005251   Thumb Code     8  at32f435_437_usart.o(i.usart_data_transmit)
    usart_enable                             0x08005259   Thumb Code    10  at32f435_437_usart.o(i.usart_enable)
    usart_flag_get                           0x08005263   Thumb Code    16  at32f435_437_usart.o(i.usart_flag_get)
    usart_init                               0x08005275   Thumb Code   162  at32f435_437_usart.o(i.usart_init)
    usart_transmitter_enable                 0x08005321   Thumb Code    10  at32f435_437_usart.o(i.usart_transmitter_enable)
    usb_clock48m_select                      0x0800532d   Thumb Code   254  drv_usbd.o(i.usb_clock48m_select)
    usb_connect                              0x08005449   Thumb Code    18  at32f435_437_usb.o(i.usb_connect)
    usb_core_config                          0x0800545b   Thumb Code    66  usb_core.o(i.usb_core_config)
    usb_disconnect                           0x0800549d   Thumb Code    20  at32f435_437_usb.o(i.usb_disconnect)
    usb_drv_config                           0x080054b1   Thumb Code    48  drv_usbd.o(i.usb_drv_config)
    usb_ept0_setup                           0x080054f1   Thumb Code    34  at32f435_437_usb.o(i.usb_ept0_setup)
    usb_ept0_start                           0x08005513   Thumb Code    44  at32f435_437_usb.o(i.usb_ept0_start)
    usb_ept_clear_stall                      0x0800553f   Thumb Code   146  at32f435_437_usb.o(i.usb_ept_clear_stall)
    usb_ept_close                            0x080055d1   Thumb Code   100  at32f435_437_usb.o(i.usb_ept_close)
    usb_ept_default_init                     0x08005635   Thumb Code   250  usbd_core.o(i.usb_ept_default_init)
    usb_ept_in_clear                         0x0800572f   Thumb Code    12  at32f435_437_usb.o(i.usb_ept_in_clear)
    usb_ept_in_interrupt                     0x0800573b   Thumb Code    44  at32f435_437_usb.o(i.usb_ept_in_interrupt)
    usb_ept_open                             0x08005767   Thumb Code   416  at32f435_437_usb.o(i.usb_ept_open)
    usb_ept_out_clear                        0x08005907   Thumb Code    12  at32f435_437_usb.o(i.usb_ept_out_clear)
    usb_ept_out_interrupt                    0x08005913   Thumb Code    22  at32f435_437_usb.o(i.usb_ept_out_interrupt)
    usb_ept_stall                            0x08005929   Thumb Code   146  at32f435_437_usb.o(i.usb_ept_stall)
    usb_flush_rx_fifo                        0x080059bd   Thumb Code    40  at32f435_437_usb.o(i.usb_flush_rx_fifo)
    usb_flush_tx_fifo                        0x080059e9   Thumb Code    50  at32f435_437_usb.o(i.usb_flush_tx_fifo)
    usb_get_all_in_interrupt                 0x08005a21   Thumb Code    18  at32f435_437_usb.o(i.usb_get_all_in_interrupt)
    usb_get_all_out_interrupt                0x08005a33   Thumb Code    18  at32f435_437_usb.o(i.usb_get_all_out_interrupt)
    usb_global_clear_interrupt               0x08005a45   Thumb Code     4  at32f435_437_usb.o(i.usb_global_clear_interrupt)
    usb_global_get_all_interrupt             0x08005a49   Thumb Code    10  at32f435_437_usb.o(i.usb_global_get_all_interrupt)
    usb_global_init                          0x08005a53   Thumb Code    24  at32f435_437_usb.o(i.usb_global_init)
    usb_global_interrupt_enable              0x08005a6b   Thumb Code    20  at32f435_437_usb.o(i.usb_global_interrupt_enable)
    usb_global_reset                         0x08005a81   Thumb Code    70  at32f435_437_usb.o(i.usb_global_reset)
    usb_global_select_core                   0x08005acd   Thumb Code    14  at32f435_437_usb.o(i.usb_global_select_core)
    usb_global_set_mode                      0x08005ae1   Thumb Code    68  at32f435_437_usb.o(i.usb_global_set_mode)
    usb_gpio_config                          0x08005b25   Thumb Code    76  drv_usbd.o(i.usb_gpio_config)
    usb_interrupt_disable                    0x08005b79   Thumb Code    10  at32f435_437_usb.o(i.usb_interrupt_disable)
    usb_interrupt_enable                     0x08005b83   Thumb Code    12  at32f435_437_usb.o(i.usb_interrupt_enable)
    usb_open_phy_clk                         0x08005b8f   Thumb Code    14  at32f435_437_usb.o(i.usb_open_phy_clk)
    usb_read_packet                          0x08005b9d   Thumb Code    42  at32f435_437_usb.o(i.usb_read_packet)
    usb_set_address                          0x08005bc7   Thumb Code    14  at32f435_437_usb.o(i.usb_set_address)
    usb_set_rx_fifo                          0x08005bd5   Thumb Code     4  at32f435_437_usb.o(i.usb_set_rx_fifo)
    usb_set_tx_fifo                          0x08005bd9   Thumb Code    66  at32f435_437_usb.o(i.usb_set_tx_fifo)
    usb_stop_phy_clk                         0x08005c1b   Thumb Code    16  at32f435_437_usb.o(i.usb_stop_phy_clk)
    usb_suspend_status_get                   0x08005c2b   Thumb Code    14  at32f435_437_usb.o(i.usb_suspend_status_get)
    usb_write_empty_txfifo                   0x08005c39   Thumb Code   152  usbd_int.o(i.usb_write_empty_txfifo)
    usb_write_packet                         0x08005cd1   Thumb Code    48  at32f435_437_usb.o(i.usb_write_packet)
    usbd_clear_stall                         0x08005d55   Thumb Code    74  usbd_core.o(i.usbd_clear_stall)
    usbd_connect                             0x08005d9f   Thumb Code    12  usbd_core.o(i.usbd_connect)
    usbd_core_in_handler                     0x08005dab   Thumb Code   194  usbd_core.o(i.usbd_core_in_handler)
    usbd_core_init                           0x08005e6d   Thumb Code   338  usbd_core.o(i.usbd_core_init)
    usbd_core_out_handler                    0x08005fc5   Thumb Code   128  usbd_core.o(i.usbd_core_out_handler)
    usbd_core_setup_handler                  0x08006045   Thumb Code    84  usbd_core.o(i.usbd_core_setup_handler)
    usbd_ctrl_recv_status                    0x08006099   Thumb Code    24  usbd_core.o(i.usbd_ctrl_recv_status)
    usbd_ctrl_send                           0x080060b1   Thumb Code    40  usbd_core.o(i.usbd_ctrl_send)
    usbd_ctrl_send_status                    0x080060d9   Thumb Code    24  usbd_core.o(i.usbd_ctrl_send_status)
    usbd_ctrl_unsupport                      0x080060f1   Thumb Code    22  usbd_core.o(i.usbd_ctrl_unsupport)
    usbd_device_request                      0x08006107   Thumb Code   128  usbd_sdr.o(i.usbd_device_request)
    usbd_disconnect                          0x08006187   Thumb Code    12  usbd_core.o(i.usbd_disconnect)
    usbd_endpoint_request                    0x08006193   Thumb Code   348  usbd_sdr.o(i.usbd_endpoint_request)
    usbd_enter_suspend                       0x080062ef   Thumb Code    22  usbd_core.o(i.usbd_enter_suspend)
    usbd_enumdone_handler                    0x08006305   Thumb Code    70  usbd_int.o(i.usbd_enumdone_handler)
    usbd_ept_close                           0x0800634b   Thumb Code    64  usbd_core.o(i.usbd_ept_close)
    usbd_ept_open                            0x0800638b   Thumb Code    90  usbd_core.o(i.usbd_ept_open)
    usbd_ept_recv                            0x080063e5   Thumb Code   276  usbd_core.o(i.usbd_ept_recv)
    usbd_ept_send                            0x080064f9   Thumb Code   298  usbd_core.o(i.usbd_ept_send)
    usbd_fifo_alloc                          0x08006625   Thumb Code   196  usbd_core.o(i.usbd_fifo_alloc)
    usbd_flush_tx_fifo                       0x080066ed   Thumb Code    18  usbd_core.o(i.usbd_flush_tx_fifo)
    usbd_get_recv_len                        0x08006847   Thumb Code    28  usbd_core.o(i.usbd_get_recv_len)
    usbd_incomisioin_handler                 0x080068a7   Thumb Code    22  usbd_int.o(i.usbd_incomisioin_handler)
    usbd_incomisoout_handler                 0x080068bd   Thumb Code    22  usbd_int.o(i.usbd_incomisoout_handler)
    usbd_inept_handler                       0x080068d3   Thumb Code   172  usbd_int.o(i.usbd_inept_handler)
    usbd_init                                0x0800697f   Thumb Code   104  usb_core.o(i.usbd_init)
    usbd_interface_request                   0x08006a25   Thumb Code    56  usbd_sdr.o(i.usbd_interface_request)
    usbd_irq_handler                         0x08006a5d   Thumb Code   234  usbd_int.o(i.usbd_irq_handler)
    usbd_outept_handler                      0x08006b47   Thumb Code   146  usbd_int.o(i.usbd_outept_handler)
    usbd_reset_handler                       0x08006bd9   Thumb Code   180  usbd_int.o(i.usbd_reset_handler)
    usbd_rxflvl_handler                      0x08006c8d   Thumb Code   130  usbd_int.o(i.usbd_rxflvl_handler)
    usbd_set_device_addr                     0x08006e35   Thumb Code    16  usbd_core.o(i.usbd_set_device_addr)
    usbd_set_stall                           0x08006e6f   Thumb Code    74  usbd_core.o(i.usbd_set_stall)
    usbd_setup_request_parse                 0x08006eb9   Thumb Code    40  usbd_sdr.o(i.usbd_setup_request_parse)
    usbd_sof_handler                         0x08006ee1   Thumb Code    20  usbd_int.o(i.usbd_sof_handler)
    usbd_suspend_handler                     0x08006ef5   Thumb Code    56  usbd_int.o(i.usbd_suspend_handler)
    usbd_wakeup_handler                      0x08006f69   Thumb Code    54  usbd_int.o(i.usbd_wakeup_handler)
    uxListRemove                             0x08006f9f   Thumb Code    40  list.o(i.uxListRemove)
    vListInitialise                          0x08006fc7   Thumb Code    26  list.o(i.vListInitialise)
    vListInitialiseItem                      0x08006fe1   Thumb Code     6  list.o(i.vListInitialiseItem)
    vListInsert                              0x08006fe7   Thumb Code    52  list.o(i.vListInsert)
    vListInsertEnd                           0x0800701b   Thumb Code    24  list.o(i.vListInsertEnd)
    vPortEnterCritical                       0x08007035   Thumb Code    76  port.o(i.vPortEnterCritical)
    vPortExitCritical                        0x08007089   Thumb Code    56  port.o(i.vPortExitCritical)
    vPortFree                                0x080070c5   Thumb Code   150  heap_4.o(i.vPortFree)
    vPortSetupTimerInterrupt                 0x08007169   Thumb Code    36  port.o(i.vPortSetupTimerInterrupt)
    vPortValidateInterruptPriority           0x08007191   Thumb Code   106  port.o(i.vPortValidateInterruptPriority)
    vQueueWaitForMessageRestricted           0x08007209   Thumb Code    74  queue.o(i.vQueueWaitForMessageRestricted)
    vTaskDelay                               0x08007255   Thumb Code    82  tasks.o(i.vTaskDelay)
    vTaskInternalSetTimeOutState             0x080072b1   Thumb Code    14  tasks.o(i.vTaskInternalSetTimeOutState)
    vTaskMissedYield                         0x080072c9   Thumb Code     8  tasks.o(i.vTaskMissedYield)
    vTaskPlaceOnEventList                    0x080072d5   Thumb Code    52  tasks.o(i.vTaskPlaceOnEventList)
    vTaskPlaceOnEventListRestricted          0x0800730d   Thumb Code    60  tasks.o(i.vTaskPlaceOnEventListRestricted)
    vTaskStartScheduler                      0x0800734d   Thumb Code   126  tasks.o(i.vTaskStartScheduler)
    vTaskSuspendAll                          0x080073f1   Thumb Code    12  tasks.o(i.vTaskSuspendAll)
    vTaskSwitchContext                       0x08007401   Thumb Code   170  tasks.o(i.vTaskSwitchContext)
    xPortStartScheduler                      0x08007509   Thumb Code   330  port.o(i.xPortStartScheduler)
    xQueueGenericCreate                      0x08007671   Thumb Code   162  queue.o(i.xQueueGenericCreate)
    xQueueGenericReset                       0x08007715   Thumb Code   146  queue.o(i.xQueueGenericReset)
    xQueueGenericSend                        0x080077ad   Thumb Code   466  queue.o(i.xQueueGenericSend)
    xQueueGenericSendFromISR                 0x08007985   Thumb Code   310  queue.o(i.xQueueGenericSendFromISR)
    xQueueReceive                            0x08007abd   Thumb Code   356  queue.o(i.xQueueReceive)
    xTaskCheckForTimeOut                     0x08007c25   Thumb Code   136  tasks.o(i.xTaskCheckForTimeOut)
    xTaskCreate                              0x08007cb5   Thumb Code    96  tasks.o(i.xTaskCreate)
    xTaskGetSchedulerState                   0x08007d15   Thumb Code    24  tasks.o(i.xTaskGetSchedulerState)
    xTaskGetTickCount                        0x08007d35   Thumb Code     6  tasks.o(i.xTaskGetTickCount)
    xTaskIncrementTick                       0x08007d41   Thumb Code   282  tasks.o(i.xTaskIncrementTick)
    xTaskPriorityDisinherit                  0x08007e89   Thumb Code   174  tasks.o(i.xTaskPriorityDisinherit)
    xTaskRemoveFromEventList                 0x08007f45   Thumb Code   128  tasks.o(i.xTaskRemoveFromEventList)
    xTaskResumeAll                           0x08007fdd   Thumb Code   224  tasks.o(i.xTaskResumeAll)
    xTimerCreateTimerTask                    0x080080e1   Thumb Code    64  timers.o(i.xTimerCreateTimerTask)
    xTimerGenericCommand                     0x08008135   Thumb Code   126  timers.o(i.xTimerGenericCommand)
    _fp_init                                 0x080081b9   Thumb Code    10  fpinit.o(x$fpl$fpinit)
    __fplib_config_fpu_vfp                   0x080081c1   Thumb Code     0  fpinit.o(x$fpl$fpinit)
    __fplib_config_pureend_doubles           0x080081c1   Thumb Code     0  fpinit.o(x$fpl$fpinit)
    Region$$Table$$Base                      0x08008280   Number         0  anon$$obj.o(Region$$Table)
    Region$$Table$$Limit                     0x080082a0   Number         0  anon$$obj.o(Region$$Table)
    debug_timerTick                          0x20000004   Data           4  main.o(.data)
    App_main_Handler                         0x20000008   Data           4  main.o(.data)
    a                                        0x2000000c   Data           2  main.o(.data)
    write_text                               0x20000010   Data           4  main.o(.data)
    write_bytes                              0x20000014   Data           4  main.o(.data)
    read_bytes                               0x20000018   Data           4  main.o(.data)
    led_gpio_port                            0x2000001c   Data          12  at32f435_437_board.o(.data)
    led_gpio_pin                             0x20000028   Data           6  at32f435_437_board.o(.data)
    led_gpio_crm_clk                         0x20000030   Data          12  at32f435_437_board.o(.data)
    __stdout                                 0x20000044   Data           4  at32f435_437_board.o(.data)
    sector_size                              0x2000004c   Data           4  msc_diskio.o(.data)
    msc_flash_size                           0x20000050   Data           4  msc_diskio.o(.data)
    scsi_inquiry                             0x20000054   Data          36  msc_diskio.o(.data)
    msc_class_handler                        0x20000080   Data          40  msc_class.o(.data)
    msc_desc_handler                         0x200000a8   Data          40  msc_desc.o(.data)
    page00_inquiry_data                      0x2000014c   Data           5  msc_bot_scsi.o(.data)
    sense_data                               0x20000154   Data          24  msc_bot_scsi.o(.data)
    mode_sense6_data                         0x2000016c   Data           8  msc_bot_scsi.o(.data)
    mode_sense10_data                        0x20000174   Data           8  msc_bot_scsi.o(.data)
    system_core_clock                        0x20000180   Data           4  system_at32f435_437.o(.data)
    pxCurrentTCB                             0x200001bc   Data           4  tasks.o(.data)
    uxTopUsedPriority                        0x200001f4   Data           4  tasks.o(.data)
    work                                     0x2000021c   Data        4096  main.o(.bss)
    fs                                       0x2000121c   Data        4148  main.o(.bss)
    fp                                       0x20002250   Data        4136  main.o(.bss)
    read_buff                                0x20003278   Data         512  main.o(.bss)
    qspi_flash_cmd_config                    0x20003478   Data          24  drv_qspi.o(.bss)
    otg_core_struct                          0x20003490   Data         772  drv_usbd.o(.bss)
    msc_struct                               0x20003794   Data        4176  msc_class.o(.bss)
    __libspace_start                         0x2000c3f0   Data          96  libspace.o(.bss)
    __temporary_stack_top$libspace           0x2000c450   Data           0  libspace.o(.bss)



==============================================================================

Memory Map of the image

  Image Entry point : 0x0800020d

  Load Region LR_IROM1 (Base: 0x08000000, Size: 0x000084bc, Max: 0x00100000, ABSOLUTE, COMPRESSED[0x0000838c])

    Execution Region ER_IROM1 (Exec base: 0x08000000, Load base: 0x08000000, Size: 0x000082a0, Max: 0x00100000, ABSOLUTE)

    Exec Addr    Load Addr    Size         Type   Attr      Idx    E Section Name        Object

    0x08000000   0x08000000   0x0000020c   Data   RO         6289    RESET               startup_at32f435_437.o
    0x0800020c   0x0800020c   0x00000008   Code   RO         8173  * !!!main             c_w.l(__main.o)
    0x08000214   0x08000214   0x00000034   Code   RO         8357    !!!scatter          c_w.l(__scatter.o)
    0x08000248   0x08000248   0x0000005a   Code   RO         8355    !!dczerorl2         c_w.l(__dczerorl2.o)
    0x080002a2   0x080002a2   0x00000002   PAD
    0x080002a4   0x080002a4   0x0000001c   Code   RO         8359    !!handler_zi        c_w.l(__scatter_zi.o)
    0x080002c0   0x080002c0   0x00000000   Code   RO         8150    .ARM.Collect$$_printf_percent$$00000000  c_w.l(_printf_percent.o)
    0x080002c0   0x080002c0   0x00000006   Code   RO         8148    .ARM.Collect$$_printf_percent$$00000009  c_w.l(_printf_d.o)
    0x080002c6   0x080002c6   0x00000006   Code   RO         8147    .ARM.Collect$$_printf_percent$$0000000C  c_w.l(_printf_x.o)
    0x080002cc   0x080002cc   0x00000006   Code   RO         8146    .ARM.Collect$$_printf_percent$$00000014  c_w.l(_printf_s.o)
    0x080002d2   0x080002d2   0x00000004   Code   RO         8192    .ARM.Collect$$_printf_percent$$00000017  c_w.l(_printf_percent_end.o)
    0x080002d6   0x080002d6   0x00000002   Code   RO         8229    .ARM.Collect$$libinit$$00000000  c_w.l(libinit.o)
    0x080002d8   0x080002d8   0x00000004   Code   RO         8241    .ARM.Collect$$libinit$$00000001  c_w.l(libinit2.o)
    0x080002dc   0x080002dc   0x00000000   Code   RO         8244    .ARM.Collect$$libinit$$00000004  c_w.l(libinit2.o)
    0x080002dc   0x080002dc   0x00000000   Code   RO         8247    .ARM.Collect$$libinit$$0000000A  c_w.l(libinit2.o)
    0x080002dc   0x080002dc   0x00000000   Code   RO         8249    .ARM.Collect$$libinit$$0000000C  c_w.l(libinit2.o)
    0x080002dc   0x080002dc   0x00000000   Code   RO         8251    .ARM.Collect$$libinit$$0000000E  c_w.l(libinit2.o)
    0x080002dc   0x080002dc   0x00000000   Code   RO         8254    .ARM.Collect$$libinit$$00000011  c_w.l(libinit2.o)
    0x080002dc   0x080002dc   0x00000000   Code   RO         8256    .ARM.Collect$$libinit$$00000013  c_w.l(libinit2.o)
    0x080002dc   0x080002dc   0x00000000   Code   RO         8258    .ARM.Collect$$libinit$$00000015  c_w.l(libinit2.o)
    0x080002dc   0x080002dc   0x00000000   Code   RO         8260    .ARM.Collect$$libinit$$00000017  c_w.l(libinit2.o)
    0x080002dc   0x080002dc   0x00000000   Code   RO         8262    .ARM.Collect$$libinit$$00000019  c_w.l(libinit2.o)
    0x080002dc   0x080002dc   0x00000000   Code   RO         8264    .ARM.Collect$$libinit$$0000001B  c_w.l(libinit2.o)
    0x080002dc   0x080002dc   0x00000000   Code   RO         8266    .ARM.Collect$$libinit$$0000001D  c_w.l(libinit2.o)
    0x080002dc   0x080002dc   0x00000000   Code   RO         8268    .ARM.Collect$$libinit$$0000001F  c_w.l(libinit2.o)
    0x080002dc   0x080002dc   0x00000000   Code   RO         8270    .ARM.Collect$$libinit$$00000021  c_w.l(libinit2.o)
    0x080002dc   0x080002dc   0x00000000   Code   RO         8272    .ARM.Collect$$libinit$$00000023  c_w.l(libinit2.o)
    0x080002dc   0x080002dc   0x00000000   Code   RO         8274    .ARM.Collect$$libinit$$00000025  c_w.l(libinit2.o)
    0x080002dc   0x080002dc   0x00000000   Code   RO         8278    .ARM.Collect$$libinit$$0000002C  c_w.l(libinit2.o)
    0x080002dc   0x080002dc   0x00000000   Code   RO         8280    .ARM.Collect$$libinit$$0000002E  c_w.l(libinit2.o)
    0x080002dc   0x080002dc   0x00000000   Code   RO         8282    .ARM.Collect$$libinit$$00000030  c_w.l(libinit2.o)
    0x080002dc   0x080002dc   0x00000000   Code   RO         8284    .ARM.Collect$$libinit$$00000032  c_w.l(libinit2.o)
    0x080002dc   0x080002dc   0x00000002   Code   RO         8285    .ARM.Collect$$libinit$$00000033  c_w.l(libinit2.o)
    0x080002de   0x080002de   0x00000002   Code   RO         8309    .ARM.Collect$$libshutdown$$00000000  c_w.l(libshutdown.o)
    0x080002e0   0x080002e0   0x00000000   Code   RO         8335    .ARM.Collect$$libshutdown$$00000002  c_w.l(libshutdown2.o)
    0x080002e0   0x080002e0   0x00000000   Code   RO         8337    .ARM.Collect$$libshutdown$$00000004  c_w.l(libshutdown2.o)
    0x080002e0   0x080002e0   0x00000000   Code   RO         8339    .ARM.Collect$$libshutdown$$00000006  c_w.l(libshutdown2.o)
    0x080002e0   0x080002e0   0x00000000   Code   RO         8342    .ARM.Collect$$libshutdown$$00000009  c_w.l(libshutdown2.o)
    0x080002e0   0x080002e0   0x00000000   Code   RO         8345    .ARM.Collect$$libshutdown$$0000000C  c_w.l(libshutdown2.o)
    0x080002e0   0x080002e0   0x00000000   Code   RO         8347    .ARM.Collect$$libshutdown$$0000000E  c_w.l(libshutdown2.o)
    0x080002e0   0x080002e0   0x00000000   Code   RO         8350    .ARM.Collect$$libshutdown$$00000011  c_w.l(libshutdown2.o)
    0x080002e0   0x080002e0   0x00000002   Code   RO         8351    .ARM.Collect$$libshutdown$$00000012  c_w.l(libshutdown2.o)
    0x080002e2   0x080002e2   0x00000000   Code   RO         8177    .ARM.Collect$$rtentry$$00000000  c_w.l(__rtentry.o)
    0x080002e2   0x080002e2   0x00000000   Code   RO         8194    .ARM.Collect$$rtentry$$00000002  c_w.l(__rtentry2.o)
    0x080002e2   0x080002e2   0x00000006   Code   RO         8206    .ARM.Collect$$rtentry$$00000004  c_w.l(__rtentry4.o)
    0x080002e8   0x080002e8   0x00000000   Code   RO         8196    .ARM.Collect$$rtentry$$00000009  c_w.l(__rtentry2.o)
    0x080002e8   0x080002e8   0x00000004   Code   RO         8197    .ARM.Collect$$rtentry$$0000000A  c_w.l(__rtentry2.o)
    0x080002ec   0x080002ec   0x00000000   Code   RO         8199    .ARM.Collect$$rtentry$$0000000C  c_w.l(__rtentry2.o)
    0x080002ec   0x080002ec   0x00000008   Code   RO         8200    .ARM.Collect$$rtentry$$0000000D  c_w.l(__rtentry2.o)
    0x080002f4   0x080002f4   0x00000002   Code   RO         8233    .ARM.Collect$$rtexit$$00000000  c_w.l(rtexit.o)
    0x080002f6   0x080002f6   0x00000000   Code   RO         8287    .ARM.Collect$$rtexit$$00000002  c_w.l(rtexit2.o)
    0x080002f6   0x080002f6   0x00000004   Code   RO         8288    .ARM.Collect$$rtexit$$00000003  c_w.l(rtexit2.o)
    0x080002fa   0x080002fa   0x00000006   Code   RO         8289    .ARM.Collect$$rtexit$$00000004  c_w.l(rtexit2.o)
    0x08000300   0x08000300   0x000000be   Code   RO         7084    .emb_text           port.o
    0x080003be   0x080003be   0x00000002   PAD
    0x080003c0   0x080003c0   0x00000040   Code   RO         6290    .text               startup_at32f435_437.o
    0x08000400   0x08000400   0x00000002   Code   RO         8086    .text               c_w.l(use_no_semi_2.o)
    0x08000402   0x08000402   0x000000ee   Code   RO         8088    .text               c_w.l(lludivv7m.o)
    0x080004f0   0x080004f0   0x00000018   Code   RO         8094    .text               c_w.l(noretval__2printf.o)
    0x08000508   0x08000508   0x00000068   Code   RO         8098    .text               c_w.l(__printf.o)
    0x08000570   0x08000570   0x00000052   Code   RO         8100    .text               c_w.l(_printf_str.o)
    0x080005c2   0x080005c2   0x00000002   PAD
    0x080005c4   0x080005c4   0x00000078   Code   RO         8102    .text               c_w.l(_printf_dec.o)
    0x0800063c   0x0800063c   0x00000058   Code   RO         8107    .text               c_w.l(_printf_hex_int.o)
    0x08000694   0x08000694   0x00000014   Code   RO         8151    .text               c_w.l(strchr.o)
    0x080006a8   0x080006a8   0x00000058   Code   RO         8153    .text               c_w.l(memcmp.o)
    0x08000700   0x08000700   0x0000003e   Code   RO         8157    .text               c_w.l(strlen.o)
    0x0800073e   0x0800073e   0x0000008a   Code   RO         8159    .text               c_w.l(rt_memcpy_v6.o)
    0x080007c8   0x080007c8   0x00000064   Code   RO         8161    .text               c_w.l(rt_memcpy_w.o)
    0x0800082c   0x0800082c   0x00000010   Code   RO         8165    .text               c_w.l(aeabi_memset.o)
    0x0800083c   0x0800083c   0x00000044   Code   RO         8167    .text               c_w.l(rt_memclr.o)
    0x08000880   0x08000880   0x0000004e   Code   RO         8169    .text               c_w.l(rt_memclr_w.o)
    0x080008ce   0x080008ce   0x00000006   Code   RO         8171    .text               c_w.l(heapauxi.o)
    0x080008d4   0x080008d4   0x00000002   Code   RO         8175    .text               c_w.l(use_no_semi.o)
    0x080008d6   0x080008d6   0x000000b2   Code   RO         8182    .text               c_w.l(_printf_intcommon.o)
    0x08000988   0x08000988   0x00000030   Code   RO         8184    .text               c_w.l(_printf_char_common.o)
    0x080009b8   0x080009b8   0x0000002c   Code   RO         8188    .text               c_w.l(_printf_char.o)
    0x080009e4   0x080009e4   0x00000024   Code   RO         8190    .text               c_w.l(_printf_char_file.o)
    0x08000a08   0x08000a08   0x00000008   Code   RO         8212    .text               c_w.l(ferror.o)
    0x08000a10   0x08000a10   0x0000004a   Code   RO         8216    .text               c_w.l(sys_stackheap_outer.o)
    0x08000a5a   0x08000a5a   0x00000012   Code   RO         8218    .text               c_w.l(exit.o)
    0x08000a6c   0x08000a6c   0x00000008   Code   RO         8230    .text               c_w.l(libspace.o)
    0x08000a74   0x08000a74   0x00000298   Code   RO            4    i.App_main          main.o
    0x08000d0c   0x08000d0c   0x00000004   Code   RO          287    i.BusFault_Handler  at32f435_437_int.o
    0x08000d10   0x08000d10   0x00000002   Code   RO          288    i.DebugMon_Handler  at32f435_437_int.o
    0x08000d12   0x08000d12   0x00000004   Code   RO          289    i.HardFault_Handler  at32f435_437_int.o
    0x08000d16   0x08000d16   0x00000004   Code   RO          290    i.MemManage_Handler  at32f435_437_int.o
    0x08000d1a   0x08000d1a   0x00000002   Code   RO          291    i.NMI_Handler       at32f435_437_int.o
    0x08000d1c   0x08000d1c   0x00000010   Code   RO          618    i.OTGFS2_IRQHandler  drv_usbd.o
    0x08000d2c   0x08000d2c   0x00000034   Code   RO         7085    i.SysTick_Handler   port.o
    0x08000d60   0x08000d60   0x00000090   Code   RO         6297    i.SystemInit        system_at32f435_437.o
    0x08000df0   0x08000df0   0x00000004   Code   RO          292    i.UsageFault_Handler  at32f435_437_int.o
    0x08000df4   0x08000df4   0x00000004   Code   RO          344    i._sys_exit         at32f435_437_board.o
    0x08000df8   0x08000df8   0x00000030   Code   RO         1757    i.acc_calibration_mode_enable  at32f435_437_acc.o
    0x08000e28   0x08000e28   0x00000010   Code   RO         1766    i.acc_sof_select    at32f435_437_acc.o
    0x08000e38   0x08000e38   0x0000000c   Code   RO         1768    i.acc_write_c1      at32f435_437_acc.o
    0x08000e44   0x08000e44   0x0000000c   Code   RO         1769    i.acc_write_c2      at32f435_437_acc.o
    0x08000e50   0x08000e50   0x0000000c   Code   RO         1770    i.acc_write_c3      at32f435_437_acc.o
    0x08000e5c   0x08000e5c   0x000000b4   Code   RO         1218    i.bot_cbw_decode    msc_bot_scsi.o
    0x08000f10   0x08000f10   0x00000012   Code   RO         1219    i.bot_scsi_allow_medium_removal  msc_bot_scsi.o
    0x08000f22   0x08000f22   0x00000096   Code   RO         1220    i.bot_scsi_capacity  msc_bot_scsi.o
    0x08000fb8   0x08000fb8   0x00000038   Code   RO         1221    i.bot_scsi_check_address  msc_bot_scsi.o
    0x08000ff0   0x08000ff0   0x0000003c   Code   RO         1222    i.bot_scsi_clear_feature  msc_bot_scsi.o
    0x0800102c   0x0800102c   0x0000012c   Code   RO         1223    i.bot_scsi_cmd_process  msc_bot_scsi.o
    0x08001158   0x08001158   0x00000044   Code   RO         1224    i.bot_scsi_datain_handler  msc_bot_scsi.o
    0x0800119c   0x0800119c   0x00000038   Code   RO         1225    i.bot_scsi_dataout_handler  msc_bot_scsi.o
    0x080011d4   0x080011d4   0x0000009a   Code   RO         1226    i.bot_scsi_format_capacity  msc_bot_scsi.o
    0x0800126e   0x0800126e   0x00000002   PAD
    0x08001270   0x08001270   0x0000004c   Code   RO         1227    i.bot_scsi_init     msc_bot_scsi.o
    0x080012bc   0x080012bc   0x00000060   Code   RO         1228    i.bot_scsi_inquiry  msc_bot_scsi.o
    0x0800131c   0x0800131c   0x00000030   Code   RO         1229    i.bot_scsi_mode_sense10  msc_bot_scsi.o
    0x0800134c   0x0800134c   0x00000030   Code   RO         1230    i.bot_scsi_mode_sense6  msc_bot_scsi.o
    0x0800137c   0x0800137c   0x00000112   Code   RO         1231    i.bot_scsi_read10   msc_bot_scsi.o
    0x0800148e   0x0800148e   0x00000002   PAD
    0x08001490   0x08001490   0x00000040   Code   RO         1232    i.bot_scsi_request_sense  msc_bot_scsi.o
    0x080014d0   0x080014d0   0x0000002e   Code   RO         1233    i.bot_scsi_reset    msc_bot_scsi.o
    0x080014fe   0x080014fe   0x00000002   PAD
    0x08001500   0x08001500   0x00000044   Code   RO         1234    i.bot_scsi_send_csw  msc_bot_scsi.o
    0x08001544   0x08001544   0x00000050   Code   RO         1235    i.bot_scsi_send_data  msc_bot_scsi.o
    0x08001594   0x08001594   0x0000000c   Code   RO         1236    i.bot_scsi_sense_code  msc_bot_scsi.o
    0x080015a0   0x080015a0   0x00000044   Code   RO         1237    i.bot_scsi_stall    msc_bot_scsi.o
    0x080015e4   0x080015e4   0x00000012   Code   RO         1238    i.bot_scsi_start_stop  msc_bot_scsi.o
    0x080015f6   0x080015f6   0x00000030   Code   RO         1239    i.bot_scsi_test_unit  msc_bot_scsi.o
    0x08001626   0x08001626   0x00000070   Code   RO         1240    i.bot_scsi_verify   msc_bot_scsi.o
    0x08001696   0x08001696   0x00000146   Code   RO         1241    i.bot_scsi_write10  msc_bot_scsi.o
    0x080017dc   0x080017dc   0x000000e0   Code   RO          719    i.check_fs          ff.o
    0x080018bc   0x080018bc   0x0000001c   Code   RO         1055    i.class_clear_handler  msc_class.o
    0x080018d8   0x080018d8   0x0000001a   Code   RO         1056    i.class_ept0_rx_handler  msc_class.o
    0x080018f2   0x080018f2   0x00000006   Code   RO         1057    i.class_ept0_tx_handler  msc_class.o
    0x080018f8   0x080018f8   0x0000001e   Code   RO         1058    i.class_event_handler  msc_class.o
    0x08001916   0x08001916   0x00000024   Code   RO         1059    i.class_in_handler  msc_class.o
    0x0800193a   0x0800193a   0x0000002a   Code   RO         1060    i.class_init_handler  msc_class.o
    0x08001964   0x08001964   0x00000014   Code   RO         1061    i.class_out_handler  msc_class.o
    0x08001978   0x08001978   0x000000de   Code   RO         1062    i.class_setup_handler  msc_class.o
    0x08001a56   0x08001a56   0x00000006   Code   RO         1063    i.class_sof_handler  msc_class.o
    0x08001a5c   0x08001a5c   0x0000001a   Code   RO          720    i.clst2sect         ff.o
    0x08001a76   0x08001a76   0x00000120   Code   RO          721    i.create_chain      ff.o
    0x08001b96   0x08001b96   0x00000002   PAD
    0x08001b98   0x08001b98   0x0000010c   Code   RO          722    i.create_name       ff.o
    0x08001ca4   0x08001ca4   0x0000015a   Code   RO          723    i.create_partition  ff.o
    0x08001dfe   0x08001dfe   0x00000002   PAD
    0x08001e00   0x08001e00   0x00000014   Code   RO         2390    i.crm_ahb_div_set   at32f435_437_crm.o
    0x08001e14   0x08001e14   0x00000014   Code   RO         2391    i.crm_apb1_div_set  at32f435_437_crm.o
    0x08001e28   0x08001e28   0x00000014   Code   RO         2392    i.crm_apb2_div_set  at32f435_437_crm.o
    0x08001e3c   0x08001e3c   0x00000028   Code   RO         2393    i.crm_auto_step_mode_enable  at32f435_437_crm.o
    0x08001e64   0x08001e64   0x00000068   Code   RO         2400    i.crm_clock_source_enable  at32f435_437_crm.o
    0x08001ecc   0x08001ecc   0x00000110   Code   RO         2401    i.crm_clocks_freq_get  at32f435_437_crm.o
    0x08001fdc   0x08001fdc   0x00000030   Code   RO         2406    i.crm_flag_get      at32f435_437_crm.o
    0x0800200c   0x0800200c   0x0000002e   Code   RO         2408    i.crm_hext_stable_wait  at32f435_437_crm.o
    0x0800203a   0x0800203a   0x00000002   PAD
    0x0800203c   0x0800203c   0x00000014   Code   RO         2411    i.crm_hick_divider_select  at32f435_437_crm.o
    0x08002050   0x08002050   0x0000001c   Code   RO         2412    i.crm_hick_sclk_frequency_select  at32f435_437_crm.o
    0x0800206c   0x0800206c   0x0000004c   Code   RO         2415    i.crm_periph_clock_enable  at32f435_437_crm.o
    0x080020b8   0x080020b8   0x00000048   Code   RO         2418    i.crm_pll_config    at32f435_437_crm.o
    0x08002100   0x08002100   0x00000078   Code   RO         2420    i.crm_reset         at32f435_437_crm.o
    0x08002178   0x08002178   0x00000014   Code   RO         2421    i.crm_sysclk_switch  at32f435_437_crm.o
    0x0800218c   0x0800218c   0x00000010   Code   RO         2422    i.crm_sysclk_switch_status_get  at32f435_437_crm.o
    0x0800219c   0x0800219c   0x00000014   Code   RO         2423    i.crm_usb_clock_div_set  at32f435_437_crm.o
    0x080021b0   0x080021b0   0x00000020   Code   RO         2424    i.crm_usb_clock_source_select  at32f435_437_crm.o
    0x080021d0   0x080021d0   0x00000034   Code   RO          724    i.dbc_1st           ff.o
    0x08002204   0x08002204   0x00000048   Code   RO          725    i.dbc_2nd           ff.o
    0x0800224c   0x0800224c   0x00000060   Code   RO          726    i.dir_alloc         ff.o
    0x080022ac   0x080022ac   0x0000005e   Code   RO          727    i.dir_clear         ff.o
    0x0800230a   0x0800230a   0x0000006c   Code   RO          728    i.dir_find          ff.o
    0x08002376   0x08002376   0x000000da   Code   RO          729    i.dir_next          ff.o
    0x08002450   0x08002450   0x00000042   Code   RO          731    i.dir_register      ff.o
    0x08002492   0x08002492   0x000000a6   Code   RO          733    i.dir_sdi           ff.o
    0x08002538   0x08002538   0x0000003c   Code   RO          674    i.disk_initialize   diskio.o
    0x08002574   0x08002574   0x00000032   Code   RO          675    i.disk_ioctl        diskio.o
    0x080025a6   0x080025a6   0x00000022   Code   RO          676    i.disk_read         diskio.o
    0x080025c8   0x080025c8   0x0000000c   Code   RO          677    i.disk_status       diskio.o
    0x080025d4   0x080025d4   0x00000028   Code   RO          678    i.disk_write        diskio.o
    0x080025fc   0x080025fc   0x00000022   Code   RO          734    i.f_close           ff.o
    0x0800261e   0x0800261e   0x00000002   PAD
    0x08002620   0x08002620   0x000006f4   Code   RO          740    i.f_mkfs            ff.o
    0x08002d14   0x08002d14   0x00000054   Code   RO          741    i.f_mount           ff.o
    0x08002d68   0x08002d68   0x00000204   Code   RO          742    i.f_open            ff.o
    0x08002f6c   0x08002f6c   0x000001ce   Code   RO          747    i.f_read            ff.o
    0x0800313a   0x0800313a   0x00000002   PAD
    0x0800313c   0x0800313c   0x000000a0   Code   RO          751    i.f_sync            ff.o
    0x080031dc   0x080031dc   0x00000078   Code   RO          755    i.find_volume       ff.o
    0x08003254   0x08003254   0x000000a8   Code   RO          756    i.follow_path       ff.o
    0x080032fc   0x080032fc   0x00000024   Code   RO          358    i.fputc             at32f435_437_board.o
    0x08003320   0x08003320   0x00000034   Code   RO         1125    i.get_device_config_string  msc_desc.o
    0x08003354   0x08003354   0x00000008   Code   RO         1126    i.get_device_configuration  msc_desc.o
    0x0800335c   0x0800335c   0x00000008   Code   RO         1127    i.get_device_descriptor  msc_desc.o
    0x08003364   0x08003364   0x00000038   Code   RO         1128    i.get_device_interface_string  msc_desc.o
    0x0800339c   0x0800339c   0x00000008   Code   RO         1129    i.get_device_lang_id  msc_desc.o
    0x080033a4   0x080033a4   0x00000028   Code   RO         1130    i.get_device_manufacturer_string  msc_desc.o
    0x080033cc   0x080033cc   0x00000004   Code   RO         1131    i.get_device_other_speed  msc_desc.o
    0x080033d0   0x080033d0   0x00000034   Code   RO         1132    i.get_device_product_string  msc_desc.o
    0x08003404   0x08003404   0x00000004   Code   RO         1133    i.get_device_qualifier  msc_desc.o
    0x08003408   0x08003408   0x00000010   Code   RO         1134    i.get_device_serial_string  msc_desc.o
    0x08003418   0x08003418   0x00000132   Code   RO          757    i.get_fat           ff.o
    0x0800354a   0x0800354a   0x00000002   PAD
    0x0800354c   0x0800354c   0x0000001c   Code   RO          465    i.get_inquiry       msc_diskio.o
    0x08003568   0x08003568   0x0000004e   Code   RO          759    i.get_ldnumber      ff.o
    0x080035b6   0x080035b6   0x00000002   PAD
    0x080035b8   0x080035b8   0x00000034   Code   RO         1135    i.get_serial_num    msc_desc.o
    0x080035ec   0x080035ec   0x00000014   Code   RO         4051    i.gpio_default_para_init  at32f435_437_gpio.o
    0x08003600   0x08003600   0x0000007a   Code   RO         4052    i.gpio_init         at32f435_437_gpio.o
    0x0800367a   0x0800367a   0x00000042   Code   RO         4057    i.gpio_pin_mux_config  at32f435_437_gpio.o
    0x080036bc   0x080036bc   0x00000026   Code   RO          760    i.ld_clust          ff.o
    0x080036e2   0x080036e2   0x00000018   Code   RO          761    i.ld_dword          ff.o
    0x080036fa   0x080036fa   0x0000000c   Code   RO          762    i.ld_word           ff.o
    0x08003706   0x08003706   0x00000002   PAD
    0x08003708   0x08003708   0x0000006c   Code   RO            5    i.main              main.o
    0x08003774   0x08003774   0x000002f4   Code   RO          763    i.mount_volume      ff.o
    0x08003a68   0x08003a68   0x00000034   Code   RO          764    i.move_window       ff.o
    0x08003a9c   0x08003a9c   0x0000003c   Code   RO          466    i.msc_disk_capacity  msc_diskio.o
    0x08003ad8   0x08003ad8   0x00000022   Code   RO          467    i.msc_disk_read     msc_diskio.o
    0x08003afa   0x08003afa   0x0000002a   Code   RO          468    i.msc_disk_write    msc_diskio.o
    0x08003b24   0x08003b24   0x000000c8   Code   RO         4409    i.nvic_irq_enable   at32f435_437_misc.o
    0x08003bec   0x08003bec   0x00000028   Code   RO         4411    i.nvic_priority_group_config  at32f435_437_misc.o
    0x08003c14   0x08003c14   0x00000098   Code   RO         7554    i.prvAddCurrentTaskToDelayedList  tasks.o
    0x08003cac   0x08003cac   0x000000b8   Code   RO         7555    i.prvAddNewTaskToReadyList  tasks.o
    0x08003d64   0x08003d64   0x0000004c   Code   RO         7939    i.prvCheckForValidListAndQueue  timers.o
    0x08003db0   0x08003db0   0x00000048   Code   RO         7556    i.prvCheckTasksWaitingTermination  tasks.o
    0x08003df8   0x08003df8   0x0000002a   Code   RO         7161    i.prvCopyDataFromQueue  queue.o
    0x08003e22   0x08003e22   0x0000007e   Code   RO         7162    i.prvCopyDataToQueue  queue.o
    0x08003ea0   0x08003ea0   0x00000012   Code   RO         7557    i.prvDeleteTCB      tasks.o
    0x08003eb2   0x08003eb2   0x00000002   PAD
    0x08003eb4   0x08003eb4   0x00000028   Code   RO         7940    i.prvGetNextExpireTime  timers.o
    0x08003edc   0x08003edc   0x0000007c   Code   RO         7017    i.prvHeapInit       heap_4.o
    0x08003f58   0x08003f58   0x00000028   Code   RO         7558    i.prvIdleTask       tasks.o
    0x08003f80   0x08003f80   0x0000002e   Code   RO         7165    i.prvInitialiseNewQueue  queue.o
    0x08003fae   0x08003fae   0x000000c0   Code   RO         7559    i.prvInitialiseNewTask  tasks.o
    0x0800406e   0x0800406e   0x00000002   PAD
    0x08004070   0x08004070   0x00000068   Code   RO         7560    i.prvInitialiseTaskLists  tasks.o
    0x080040d8   0x080040d8   0x00000068   Code   RO         7018    i.prvInsertBlockIntoFreeList  heap_4.o
    0x08004140   0x08004140   0x00000058   Code   RO         7942    i.prvInsertTimerInActiveList  timers.o
    0x08004198   0x08004198   0x0000001a   Code   RO         7166    i.prvIsQueueEmpty   queue.o
    0x080041b2   0x080041b2   0x0000001e   Code   RO         7167    i.prvIsQueueFull    queue.o
    0x080041d0   0x080041d0   0x000000ac   Code   RO         7168    i.prvNotifyQueueSetContainer  queue.o
    0x0800427c   0x0800427c   0x00000074   Code   RO         7943    i.prvProcessExpiredTimer  timers.o
    0x080042f0   0x080042f0   0x00000138   Code   RO         7944    i.prvProcessReceivedCommands  timers.o
    0x08004428   0x08004428   0x00000074   Code   RO         7945    i.prvProcessTimerOrBlockTask  timers.o
    0x0800449c   0x0800449c   0x00000030   Code   RO         7562    i.prvResetNextTaskUnblockTime  tasks.o
    0x080044cc   0x080044cc   0x0000002c   Code   RO         7946    i.prvSampleTimeNow  timers.o
    0x080044f8   0x080044f8   0x000000a4   Code   RO         7947    i.prvSwitchTimerLists  timers.o
    0x0800459c   0x0800459c   0x00000040   Code   RO         7086    i.prvTaskExitError  port.o
    0x080045dc   0x080045dc   0x0000001a   Code   RO         7948    i.prvTimerTask      timers.o
    0x080045f6   0x080045f6   0x00000090   Code   RO         7169    i.prvUnlockQueue    queue.o
    0x08004686   0x08004686   0x00000190   Code   RO          765    i.put_fat           ff.o
    0x08004816   0x08004816   0x00000002   PAD
    0x08004818   0x08004818   0x0000016c   Code   RO         7019    i.pvPortMalloc      heap_4.o
    0x08004984   0x08004984   0x0000002c   Code   RO         7087    i.pxPortInitialiseStack  port.o
    0x080049b0   0x080049b0   0x0000000a   Code   RO         4556    i.qspi_busy_config  at32f435_437_qspi.o
    0x080049ba   0x080049ba   0x00000008   Code   RO         4557    i.qspi_byte_read    at32f435_437_qspi.o
    0x080049c2   0x080049c2   0x00000006   Code   RO         4558    i.qspi_byte_write   at32f435_437_qspi.o
    0x080049c8   0x080049c8   0x0000000a   Code   RO         4559    i.qspi_clk_division_set  at32f435_437_qspi.o
    0x080049d2   0x080049d2   0x0000004c   Code   RO         4560    i.qspi_cmd_operation_kick  at32f435_437_qspi.o
    0x08004a1e   0x08004a1e   0x00000006   Code   RO         4565    i.qspi_flag_clear   at32f435_437_qspi.o
    0x08004a24   0x08004a24   0x00000030   Code   RO         4566    i.qspi_flag_get     at32f435_437_qspi.o
    0x08004a54   0x08004a54   0x00000030   Code   RO          513    i.qspi_flash_busy_check  drv_qspi.o
    0x08004a84   0x08004a84   0x00000026   Code   RO          515    i.qspi_flash_cmd_erase_config  drv_qspi.o
    0x08004aaa   0x08004aaa   0x00000026   Code   RO          516    i.qspi_flash_cmd_rdsr_config  drv_qspi.o
    0x08004ad0   0x08004ad0   0x00000028   Code   RO          517    i.qspi_flash_cmd_read_config  drv_qspi.o
    0x08004af8   0x08004af8   0x00000024   Code   RO          518    i.qspi_flash_cmd_wren_config  drv_qspi.o
    0x08004b1c   0x08004b1c   0x0000002a   Code   RO          519    i.qspi_flash_cmd_write_config  drv_qspi.o
    0x08004b46   0x08004b46   0x00000002   PAD
    0x08004b48   0x08004b48   0x0000007c   Code   RO          520    i.qspi_flash_data_read  drv_qspi.o
    0x08004bc4   0x08004bc4   0x00000088   Code   RO          521    i.qspi_flash_data_write  drv_qspi.o
    0x08004c4c   0x08004c4c   0x0000003c   Code   RO          522    i.qspi_flash_erase  drv_qspi.o
    0x08004c88   0x08004c88   0x00000120   Code   RO          524    i.qspi_flash_init   drv_qspi.o
    0x08004da8   0x08004da8   0x0000005c   Code   RO          525    i.qspi_flash_read_id  drv_qspi.o
    0x08004e04   0x08004e04   0x00000030   Code   RO          526    i.qspi_flash_write_enable  drv_qspi.o
    0x08004e34   0x08004e34   0x0000000a   Code   RO         4570    i.qspi_sck_mode_set  at32f435_437_qspi.o
    0x08004e3e   0x08004e3e   0x00000058   Code   RO         4574    i.qspi_xip_enable   at32f435_437_qspi.o
    0x08004e96   0x08004e96   0x0000009a   Code   RO          769    i.remove_chain      ff.o
    0x08004f30   0x08004f30   0x00000024   Code   RO          770    i.st_clust          ff.o
    0x08004f54   0x08004f54   0x00000018   Code   RO          771    i.st_dword          ff.o
    0x08004f6c   0x08004f6c   0x0000000c   Code   RO          772    i.st_word           ff.o
    0x08004f78   0x08004f78   0x0000008c   Code   RO          773    i.sync_fs           ff.o
    0x08005004   0x08005004   0x0000004a   Code   RO          774    i.sync_window       ff.o
    0x0800504e   0x0800504e   0x00000002   PAD
    0x08005050   0x08005050   0x0000009c   Code   RO          263    i.system_clock_config  at32f435_437_clock.o
    0x080050ec   0x080050ec   0x000000f0   Code   RO         6298    i.system_core_clock_update  system_at32f435_437.o
    0x080051dc   0x080051dc   0x00000074   Code   RO          359    i.uart_print_init   at32f435_437_board.o
    0x08005250   0x08005250   0x00000008   Code   RO         5467    i.usart_data_transmit  at32f435_437_usart.o
    0x08005258   0x08005258   0x0000000a   Code   RO         5471    i.usart_enable      at32f435_437_usart.o
    0x08005262   0x08005262   0x00000010   Code   RO         5473    i.usart_flag_get    at32f435_437_usart.o
    0x08005272   0x08005272   0x00000002   PAD
    0x08005274   0x08005274   0x000000ac   Code   RO         5476    i.usart_init        at32f435_437_usart.o
    0x08005320   0x08005320   0x0000000a   Code   RO         5493    i.usart_transmitter_enable  at32f435_437_usart.o
    0x0800532a   0x0800532a   0x00000002   PAD
    0x0800532c   0x0800532c   0x0000011c   Code   RO          619    i.usb_clock48m_select  drv_usbd.o
    0x08005448   0x08005448   0x00000012   Code   RO         5684    i.usb_connect       at32f435_437_usb.o
    0x0800545a   0x0800545a   0x00000042   Code   RO         1383    i.usb_core_config   usb_core.o
    0x0800549c   0x0800549c   0x00000014   Code   RO         5685    i.usb_disconnect    at32f435_437_usb.o
    0x080054b0   0x080054b0   0x00000040   Code   RO          621    i.usb_drv_config    drv_usbd.o
    0x080054f0   0x080054f0   0x00000022   Code   RO         5686    i.usb_ept0_setup    at32f435_437_usb.o
    0x08005512   0x08005512   0x0000002c   Code   RO         5687    i.usb_ept0_start    at32f435_437_usb.o
    0x0800553e   0x0800553e   0x00000092   Code   RO         5688    i.usb_ept_clear_stall  at32f435_437_usb.o
    0x080055d0   0x080055d0   0x00000064   Code   RO         5689    i.usb_ept_close     at32f435_437_usb.o
    0x08005634   0x08005634   0x000000fa   Code   RO         1413    i.usb_ept_default_init  usbd_core.o
    0x0800572e   0x0800572e   0x0000000c   Code   RO         5690    i.usb_ept_in_clear  at32f435_437_usb.o
    0x0800573a   0x0800573a   0x0000002c   Code   RO         5691    i.usb_ept_in_interrupt  at32f435_437_usb.o
    0x08005766   0x08005766   0x000001a0   Code   RO         5692    i.usb_ept_open      at32f435_437_usb.o
    0x08005906   0x08005906   0x0000000c   Code   RO         5693    i.usb_ept_out_clear  at32f435_437_usb.o
    0x08005912   0x08005912   0x00000016   Code   RO         5694    i.usb_ept_out_interrupt  at32f435_437_usb.o
    0x08005928   0x08005928   0x00000092   Code   RO         5695    i.usb_ept_stall     at32f435_437_usb.o
    0x080059ba   0x080059ba   0x00000002   PAD
    0x080059bc   0x080059bc   0x0000002c   Code   RO         5696    i.usb_flush_rx_fifo  at32f435_437_usb.o
    0x080059e8   0x080059e8   0x00000038   Code   RO         5697    i.usb_flush_tx_fifo  at32f435_437_usb.o
    0x08005a20   0x08005a20   0x00000012   Code   RO         5698    i.usb_get_all_in_interrupt  at32f435_437_usb.o
    0x08005a32   0x08005a32   0x00000012   Code   RO         5699    i.usb_get_all_out_interrupt  at32f435_437_usb.o
    0x08005a44   0x08005a44   0x00000004   Code   RO         5700    i.usb_global_clear_interrupt  at32f435_437_usb.o
    0x08005a48   0x08005a48   0x0000000a   Code   RO         5701    i.usb_global_get_all_interrupt  at32f435_437_usb.o
    0x08005a52   0x08005a52   0x00000018   Code   RO         5702    i.usb_global_init   at32f435_437_usb.o
    0x08005a6a   0x08005a6a   0x00000014   Code   RO         5703    i.usb_global_interrupt_enable  at32f435_437_usb.o
    0x08005a7e   0x08005a7e   0x00000002   PAD
    0x08005a80   0x08005a80   0x0000004c   Code   RO         5705    i.usb_global_reset  at32f435_437_usb.o
    0x08005acc   0x08005acc   0x00000014   Code   RO         5706    i.usb_global_select_core  at32f435_437_usb.o
    0x08005ae0   0x08005ae0   0x00000044   Code   RO         5707    i.usb_global_set_mode  at32f435_437_usb.o
    0x08005b24   0x08005b24   0x00000054   Code   RO          622    i.usb_gpio_config   drv_usbd.o
    0x08005b78   0x08005b78   0x0000000a   Code   RO         5712    i.usb_interrupt_disable  at32f435_437_usb.o
    0x08005b82   0x08005b82   0x0000000c   Code   RO         5713    i.usb_interrupt_enable  at32f435_437_usb.o
    0x08005b8e   0x08005b8e   0x0000000e   Code   RO         5714    i.usb_open_phy_clk  at32f435_437_usb.o
    0x08005b9c   0x08005b9c   0x0000002a   Code   RO         5716    i.usb_read_packet   at32f435_437_usb.o
    0x08005bc6   0x08005bc6   0x0000000e   Code   RO         5719    i.usb_set_address   at32f435_437_usb.o
    0x08005bd4   0x08005bd4   0x00000004   Code   RO         5720    i.usb_set_rx_fifo   at32f435_437_usb.o
    0x08005bd8   0x08005bd8   0x00000042   Code   RO         5721    i.usb_set_tx_fifo   at32f435_437_usb.o
    0x08005c1a   0x08005c1a   0x00000010   Code   RO         5722    i.usb_stop_phy_clk  at32f435_437_usb.o
    0x08005c2a   0x08005c2a   0x0000000e   Code   RO         5723    i.usb_suspend_status_get  at32f435_437_usb.o
    0x08005c38   0x08005c38   0x00000098   Code   RO         1581    i.usb_write_empty_txfifo  usbd_int.o
    0x08005cd0   0x08005cd0   0x00000030   Code   RO         5724    i.usb_write_packet  at32f435_437_usb.o
    0x08005d00   0x08005d00   0x00000054   Code   RO         1679    i.usbd_clear_feature  usbd_sdr.o
    0x08005d54   0x08005d54   0x0000004a   Code   RO         1414    i.usbd_clear_stall  usbd_core.o
    0x08005d9e   0x08005d9e   0x0000000c   Code   RO         1415    i.usbd_connect      usbd_core.o
    0x08005daa   0x08005daa   0x000000c2   Code   RO         1417    i.usbd_core_in_handler  usbd_core.o
    0x08005e6c   0x08005e6c   0x00000158   Code   RO         1418    i.usbd_core_init    usbd_core.o
    0x08005fc4   0x08005fc4   0x00000080   Code   RO         1419    i.usbd_core_out_handler  usbd_core.o
    0x08006044   0x08006044   0x00000054   Code   RO         1420    i.usbd_core_setup_handler  usbd_core.o
    0x08006098   0x08006098   0x00000018   Code   RO         1422    i.usbd_ctrl_recv_status  usbd_core.o
    0x080060b0   0x080060b0   0x00000028   Code   RO         1423    i.usbd_ctrl_send    usbd_core.o
    0x080060d8   0x080060d8   0x00000018   Code   RO         1424    i.usbd_ctrl_send_status  usbd_core.o
    0x080060f0   0x080060f0   0x00000016   Code   RO         1425    i.usbd_ctrl_unsupport  usbd_core.o
    0x08006106   0x08006106   0x00000080   Code   RO         1680    i.usbd_device_request  usbd_sdr.o
    0x08006186   0x08006186   0x0000000c   Code   RO         1426    i.usbd_disconnect   usbd_core.o
    0x08006192   0x08006192   0x0000015c   Code   RO         1681    i.usbd_endpoint_request  usbd_sdr.o
    0x080062ee   0x080062ee   0x00000016   Code   RO         1427    i.usbd_enter_suspend  usbd_core.o
    0x08006304   0x08006304   0x00000046   Code   RO         1583    i.usbd_enumdone_handler  usbd_int.o
    0x0800634a   0x0800634a   0x00000040   Code   RO         1428    i.usbd_ept_close    usbd_core.o
    0x0800638a   0x0800638a   0x0000005a   Code   RO         1429    i.usbd_ept_open     usbd_core.o
    0x080063e4   0x080063e4   0x00000114   Code   RO         1430    i.usbd_ept_recv     usbd_core.o
    0x080064f8   0x080064f8   0x0000012a   Code   RO         1431    i.usbd_ept_send     usbd_core.o
    0x08006622   0x08006622   0x00000002   PAD
    0x08006624   0x08006624   0x000000c8   Code   RO         1432    i.usbd_fifo_alloc   usbd_core.o
    0x080066ec   0x080066ec   0x00000012   Code   RO         1433    i.usbd_flush_tx_fifo  usbd_core.o
    0x080066fe   0x080066fe   0x00000056   Code   RO         1682    i.usbd_get_configuration  usbd_sdr.o
    0x08006754   0x08006754   0x000000f2   Code   RO         1683    i.usbd_get_descriptor  usbd_sdr.o
    0x08006846   0x08006846   0x0000001c   Code   RO         1434    i.usbd_get_recv_len  usbd_core.o
    0x08006862   0x08006862   0x00000044   Code   RO         1684    i.usbd_get_status   usbd_sdr.o
    0x080068a6   0x080068a6   0x00000016   Code   RO         1584    i.usbd_incomisioin_handler  usbd_int.o
    0x080068bc   0x080068bc   0x00000016   Code   RO         1585    i.usbd_incomisoout_handler  usbd_int.o
    0x080068d2   0x080068d2   0x000000ac   Code   RO         1586    i.usbd_inept_handler  usbd_int.o
    0x0800697e   0x0800697e   0x00000068   Code   RO         1384    i.usbd_init         usb_core.o
    0x080069e6   0x080069e6   0x0000003e   Code   RO         1136    i.usbd_int_to_unicode  msc_desc.o
    0x08006a24   0x08006a24   0x00000038   Code   RO         1685    i.usbd_interface_request  usbd_sdr.o
    0x08006a5c   0x08006a5c   0x000000ea   Code   RO         1587    i.usbd_irq_handler  usbd_int.o
    0x08006b46   0x08006b46   0x00000092   Code   RO         1588    i.usbd_outept_handler  usbd_int.o
    0x08006bd8   0x08006bd8   0x000000b4   Code   RO         1589    i.usbd_reset_handler  usbd_int.o
    0x08006c8c   0x08006c8c   0x00000082   Code   RO         1590    i.usbd_rxflvl_handler  usbd_int.o
    0x08006d0e   0x08006d0e   0x0000005c   Code   RO         1686    i.usbd_set_address  usbd_sdr.o
    0x08006d6a   0x08006d6a   0x00000002   PAD
    0x08006d6c   0x08006d6c   0x000000c8   Code   RO         1687    i.usbd_set_configuration  usbd_sdr.o
    0x08006e34   0x08006e34   0x00000010   Code   RO         1436    i.usbd_set_device_addr  usbd_core.o
    0x08006e44   0x08006e44   0x0000002a   Code   RO         1688    i.usbd_set_feature  usbd_sdr.o
    0x08006e6e   0x08006e6e   0x0000004a   Code   RO         1437    i.usbd_set_stall    usbd_core.o
    0x08006eb8   0x08006eb8   0x00000028   Code   RO         1689    i.usbd_setup_request_parse  usbd_sdr.o
    0x08006ee0   0x08006ee0   0x00000014   Code   RO         1591    i.usbd_sof_handler  usbd_int.o
    0x08006ef4   0x08006ef4   0x00000038   Code   RO         1592    i.usbd_suspend_handler  usbd_int.o
    0x08006f2c   0x08006f2c   0x0000003c   Code   RO         1137    i.usbd_unicode_convert  msc_desc.o
    0x08006f68   0x08006f68   0x00000036   Code   RO         1593    i.usbd_wakeup_handler  usbd_int.o
    0x08006f9e   0x08006f9e   0x00000028   Code   RO         6976    i.uxListRemove      list.o
    0x08006fc6   0x08006fc6   0x0000001a   Code   RO         6977    i.vListInitialise   list.o
    0x08006fe0   0x08006fe0   0x00000006   Code   RO         6978    i.vListInitialiseItem  list.o
    0x08006fe6   0x08006fe6   0x00000034   Code   RO         6979    i.vListInsert       list.o
    0x0800701a   0x0800701a   0x00000018   Code   RO         6980    i.vListInsertEnd    list.o
    0x08007032   0x08007032   0x00000002   PAD
    0x08007034   0x08007034   0x00000054   Code   RO         7089    i.vPortEnterCritical  port.o
    0x08007088   0x08007088   0x0000003c   Code   RO         7090    i.vPortExitCritical  port.o
    0x080070c4   0x080070c4   0x000000a4   Code   RO         7020    i.vPortFree         heap_4.o
    0x08007168   0x08007168   0x00000028   Code   RO         7091    i.vPortSetupTimerInterrupt  port.o
    0x08007190   0x08007190   0x00000078   Code   RO         7092    i.vPortValidateInterruptPriority  port.o
    0x08007208   0x08007208   0x0000004a   Code   RO         7177    i.vQueueWaitForMessageRestricted  queue.o
    0x08007252   0x08007252   0x00000002   PAD
    0x08007254   0x08007254   0x0000005c   Code   RO         7575    i.vTaskDelay        tasks.o
    0x080072b0   0x080072b0   0x00000018   Code   RO         7581    i.vTaskInternalSetTimeOutState  tasks.o
    0x080072c8   0x080072c8   0x0000000c   Code   RO         7583    i.vTaskMissedYield  tasks.o
    0x080072d4   0x080072d4   0x00000038   Code   RO         7584    i.vTaskPlaceOnEventList  tasks.o
    0x0800730c   0x0800730c   0x00000040   Code   RO         7585    i.vTaskPlaceOnEventListRestricted  tasks.o
    0x0800734c   0x0800734c   0x000000a4   Code   RO         7593    i.vTaskStartScheduler  tasks.o
    0x080073f0   0x080073f0   0x00000010   Code   RO         7595    i.vTaskSuspendAll   tasks.o
    0x08007400   0x08007400   0x000000cc   Code   RO         7596    i.vTaskSwitchContext  tasks.o
    0x080074cc   0x080074cc   0x0000003c   Code   RO          775    i.validate          ff.o
    0x08007508   0x08007508   0x00000168   Code   RO         7093    i.xPortStartScheduler  port.o
    0x08007670   0x08007670   0x000000a2   Code   RO         7182    i.xQueueGenericCreate  queue.o
    0x08007712   0x08007712   0x00000002   PAD
    0x08007714   0x08007714   0x00000098   Code   RO         7183    i.xQueueGenericReset  queue.o
    0x080077ac   0x080077ac   0x000001d8   Code   RO         7184    i.xQueueGenericSend  queue.o
    0x08007984   0x08007984   0x00000136   Code   RO         7185    i.xQueueGenericSendFromISR  queue.o
    0x08007aba   0x08007aba   0x00000002   PAD
    0x08007abc   0x08007abc   0x00000168   Code   RO         7192    i.xQueueReceive     queue.o
    0x08007c24   0x08007c24   0x00000090   Code   RO         7598    i.xTaskCheckForTimeOut  tasks.o
    0x08007cb4   0x08007cb4   0x00000060   Code   RO         7599    i.xTaskCreate       tasks.o
    0x08007d14   0x08007d14   0x00000020   Code   RO         7606    i.xTaskGetSchedulerState  tasks.o
    0x08007d34   0x08007d34   0x0000000c   Code   RO         7607    i.xTaskGetTickCount  tasks.o
    0x08007d40   0x08007d40   0x00000148   Code   RO         7609    i.xTaskIncrementTick  tasks.o
    0x08007e88   0x08007e88   0x000000bc   Code   RO         7610    i.xTaskPriorityDisinherit  tasks.o
    0x08007f44   0x08007f44   0x00000098   Code   RO         7612    i.xTaskRemoveFromEventList  tasks.o
    0x08007fdc   0x08007fdc   0x00000104   Code   RO         7613    i.xTaskResumeAll    tasks.o
    0x080080e0   0x080080e0   0x00000054   Code   RO         7956    i.xTimerCreateTimerTask  timers.o
    0x08008134   0x08008134   0x00000084   Code   RO         7957    i.xTimerGenericCommand  timers.o
    0x080081b8   0x080081b8   0x0000000a   Code   RO         8299    x$fpl$fpinit        fz_wm.l(fpinit.o)
    0x080081c2   0x080081c2   0x00000002   PAD
    0x080081c4   0x080081c4   0x00000038   Data   RO          776    .constdata          ff.o
    0x080081fc   0x080081fc   0x00000026   Data   RO         2425    .constdata          at32f435_437_crm.o
    0x08008222   0x08008222   0x00000016   Data   RO         6299    .constdata          system_at32f435_437.o
    0x08008238   0x08008238   0x00000028   Data   RO         8108    .constdata          c_w.l(_printf_hex_int.o)
    0x08008260   0x08008260   0x00000020   Data   RO            7    .conststring        main.o
    0x08008280   0x08008280   0x00000020   Data   RO         8353    Region$$Table       anon$$obj.o


    Execution Region RW_IRAM1 (Exec base: 0x20000000, Load base: 0x080082a0, Size: 0x0000ca50, Max: 0x00060000, ABSOLUTE, COMPRESSED[0x000000ec])

    Exec Addr    Load Addr    Size         Type   Attr      Idx    E Section Name        Object

    0x20000000   COMPRESSED   0x0000001c   Data   RW            8    .data               main.o
    0x2000001c   COMPRESSED   0x0000002d   Data   RW          360    .data               at32f435_437_board.o
    0x20000049   COMPRESSED   0x00000003   PAD
    0x2000004c   COMPRESSED   0x0000002c   Data   RW          469    .data               msc_diskio.o
    0x20000078   COMPRESSED   0x00000006   Data   RW          777    .data               ff.o
    0x2000007e   COMPRESSED   0x00000002   PAD
    0x20000080   COMPRESSED   0x00000028   Data   RW         1065    .data               msc_class.o
    0x200000a8   COMPRESSED   0x000000a4   Data   RW         1139    .data               msc_desc.o
    0x2000014c   COMPRESSED   0x00000030   Data   RW         1242    .data               msc_bot_scsi.o
    0x2000017c   COMPRESSED   0x00000001   Data   RW         1690    .data               usbd_sdr.o
    0x2000017d   COMPRESSED   0x00000003   PAD
    0x20000180   COMPRESSED   0x00000004   Data   RW         6300    .data               system_at32f435_437.o
    0x20000184   COMPRESSED   0x00000024   Data   RW         7026    .data               heap_4.o
    0x200001a8   COMPRESSED   0x00000010   Data   RW         7094    .data               port.o
    0x200001b8   COMPRESSED   0x0000004c   Data   RW         7616    .data               tasks.o
    0x20000204   COMPRESSED   0x00000018   Data   RW         7963    .data               timers.o
    0x2000021c        -       0x0000325c   Zero   RW            6    .bss                main.o
    0x20003478        -       0x00000018   Zero   RW          527    .bss                drv_qspi.o
    0x20003490        -       0x00000304   Zero   RW          623    .bss                drv_usbd.o
    0x20003794        -       0x00001050   Zero   RW         1064    .bss                msc_class.o
    0x200047e4        -       0x00000100   Zero   RW         1138    .bss                msc_desc.o
    0x200048e4        -       0x00007800   Zero   RW         7025    .bss                heap_4.o
    0x2000c0e4        -       0x000002e4   Zero   RW         7615    .bss                tasks.o
    0x2000c3c8        -       0x00000028   Zero   RW         7962    .bss                timers.o
    0x2000c3f0        -       0x00000060   Zero   RW         8231    .bss                c_w.l(libspace.o)
    0x2000c450        -       0x00000200   Zero   RW         6288    HEAP                startup_at32f435_437.o
    0x2000c650        -       0x00000400   Zero   RW         6287    STACK               startup_at32f435_437.o


==============================================================================

Image component sizes


      Code (inc. data)   RO Data    RW Data    ZI Data      Debug   Object Name

       100         26          0          0          0       3012   at32f435_437_acc.o
       156         16          0         45          0       4536   at32f435_437_board.o
       156         12          0          0          0        630   at32f435_437_clock.o
       974        128         38          0          0      11597   at32f435_437_crm.o
       208          0          0          0          0       2591   at32f435_437_gpio.o
        20          0          0          0          0       3073   at32f435_437_int.o
       240         18          0          0          0      32198   at32f435_437_misc.o
       262          0          0          0          0       6332   at32f435_437_qspi.o
       216         10          0          0          0       3902   at32f435_437_usart.o
      1612         22          0          0          0      22398   at32f435_437_usb.o
       196         28          0          0          0       3970   diskio.o
       990         78          0          0         24       8386   drv_qspi.o
       448         60          0          0        772       2639   drv_usbd.o
         0          0          0          0          0      13920   event_groups.o
      7514        176         56          6          0      48148   ff.o
       756         74          0         36      30720      16391   heap_4.o
       148          0          0          0          0       3686   list.o
       772        434         32         28      12892      98518   main.o
      2426         40          0         48          0      19556   msc_bot_scsi.o
       416          0          0         40       4176       6531   msc_class.o
       422        140          0        164        256       8251   msc_desc.o
       164         16          0         44          0       6789   msc_diskio.o
      1014         92          0         16          0      12725   port.o
      2116         16          0          0          0      17323   queue.o
        64         26        524          0       1536        912   startup_at32f435_437.o
       384         42         22          4          0       2336   system_at32f435_437.o
      2654        368          0         76        740      29252   tasks.o
      1198        106          0         24         40      13051   timers.o
       170          0          0          0          0       1914   usb_core.o
      2294         10          0          0          0      16793   usbd_core.o
      1258          0          0          0          0       9248   usbd_int.o
      1386         30          0          1          0       8610   usbd_sdr.o

    ----------------------------------------------------------------------
     30788       1968        704        540      51156     439218   Object Totals
         0          0         32          0          0          0   (incl. Generated)
        54          0          0          8          0          0   (incl. Padding)

    ----------------------------------------------------------------------

      Code (inc. data)   RO Data    RW Data    ZI Data      Debug   Library Member Name

        90          0          0          0          0          0   __dczerorl2.o
         8          0          0          0          0         68   __main.o
       104          0          0          0          0         84   __printf.o
         0          0          0          0          0          0   __rtentry.o
        12          0          0          0          0          0   __rtentry2.o
         6          0          0          0          0          0   __rtentry4.o
        52          8          0          0          0          0   __scatter.o
        28          0          0          0          0          0   __scatter_zi.o
        44          0          0          0          0        108   _printf_char.o
        48          6          0          0          0         96   _printf_char_common.o
        36          4          0          0          0         80   _printf_char_file.o
         6          0          0          0          0          0   _printf_d.o
       120         16          0          0          0         92   _printf_dec.o
        88          4         40          0          0         88   _printf_hex_int.o
       178          0          0          0          0         88   _printf_intcommon.o
         0          0          0          0          0          0   _printf_percent.o
         4          0          0          0          0          0   _printf_percent_end.o
         6          0          0          0          0          0   _printf_s.o
        82          0          0          0          0         80   _printf_str.o
         6          0          0          0          0          0   _printf_x.o
        16          0          0          0          0         68   aeabi_memset.o
        18          0          0          0          0         80   exit.o
         8          0          0          0          0         68   ferror.o
         6          0          0          0          0        152   heapauxi.o
         2          0          0          0          0          0   libinit.o
         6          0          0          0          0          0   libinit2.o
         2          0          0          0          0          0   libshutdown.o
         2          0          0          0          0          0   libshutdown2.o
         8          4          0          0         96         68   libspace.o
       238          0          0          0          0        100   lludivv7m.o
        88          0          0          0          0         76   memcmp.o
        24          4          0          0          0         84   noretval__2printf.o
        68          0          0          0          0         68   rt_memclr.o
        78          0          0          0          0         80   rt_memclr_w.o
       138          0          0          0          0         68   rt_memcpy_v6.o
       100          0          0          0          0         80   rt_memcpy_w.o
         2          0          0          0          0          0   rtexit.o
        10          0          0          0          0          0   rtexit2.o
        20          0          0          0          0         68   strchr.o
        62          0          0          0          0         76   strlen.o
        74          0          0          0          0         80   sys_stackheap_outer.o
         2          0          0          0          0         68   use_no_semi.o
         2          0          0          0          0         68   use_no_semi_2.o
        10          0          0          0          0        116   fpinit.o

    ----------------------------------------------------------------------
      1908         46         40          0         96       2252   Library Totals
         6          0          0          0          0          0   (incl. Padding)

    ----------------------------------------------------------------------

      Code (inc. data)   RO Data    RW Data    ZI Data      Debug   Library Name

      1892         46         40          0         96       2136   c_w.l
        10          0          0          0          0        116   fz_wm.l

    ----------------------------------------------------------------------
      1908         46         40          0         96       2252   Library Totals

    ----------------------------------------------------------------------

==============================================================================


      Code (inc. data)   RO Data    RW Data    ZI Data      Debug   

     32696       2014        744        540      51252     410126   Grand Totals
     32696       2014        744        236      51252     410126   ELF Image Totals (compressed)
     32696       2014        744        236          0          0   ROM Totals

==============================================================================

    Total RO  Size (Code + RO Data)                33440 (  32.66kB)
    Total RW  Size (RW Data + ZI Data)             51792 (  50.58kB)
    Total ROM Size (Code + RO Data + RW Data)      33676 (  32.89kB)

==============================================================================

